Component: ARM Compiler 5.06 update 6 (build 750) Tool: armlink [4d35ed]

==============================================================================

Section Cross References

    ft32f0xx_it.o(i.EXTI4_15_IRQHandler) refers to ft32f0xx_exti.o(i.EXTI_GetITStatus) for EXTI_GetITStatus
    ft32f0xx_it.o(i.EXTI4_15_IRQHandler) refers to ft32f0xx_gpio.o(i.GPIO_ReadInputDataBit) for GPIO_ReadInputDataBit
    ft32f0xx_it.o(i.EXTI4_15_IRQHandler) refers to ft32f0xx_exti.o(i.EXTI_ClearITPendingBit) for EXTI_ClearITPendingBit
    ft32f0xx_it.o(i.EXTI4_15_IRQHandler) refers to ft32f0xx_it.o(.data) for KEY1_Flg
    ft32f0xx_it.o(i.SysTick_Handler) refers to bsp_systick.o(i.TimingDelay_Decrement) for TimingDelay_Decrement
    ft32f0xx_it.o(i.TIM17_IRQHandler) refers to ft32f0xx_tim.o(i.TIM_GetITStatus) for TIM_GetITStatus
    ft32f0xx_it.o(i.TIM17_IRQHandler) refers to ft32f0xx_tim.o(i.TIM_ClearITPendingBit) for TIM_ClearITPendingBit
    ft32f0xx_it.o(i.TIM17_IRQHandler) refers to ft32f0xx_it.o(.data) for GREEN_Count
    main.o(i.ADC_DMA_Config) refers to ft32f0xx_adc.o(i.ADC_DeInit) for ADC_DeInit
    main.o(i.ADC_DMA_Config) refers to ft32f0xx_rcc.o(i.RCC_AHBPeriphClockCmd) for RCC_AHBPeriphClockCmd
    main.o(i.ADC_DMA_Config) refers to ft32f0xx_rcc.o(i.RCC_APB2PeriphClockCmd) for RCC_APB2PeriphClockCmd
    main.o(i.ADC_DMA_Config) refers to ft32f0xx_gpio.o(i.GPIO_Init) for GPIO_Init
    main.o(i.ADC_DMA_Config) refers to ft32f0xx_adc.o(i.ADC_StructInit) for ADC_StructInit
    main.o(i.ADC_DMA_Config) refers to ft32f0xx_adc.o(i.ADC_Init) for ADC_Init
    main.o(i.ADC_DMA_Config) refers to ft32f0xx_adc.o(i.ADC_ChannelConfig) for ADC_ChannelConfig
    main.o(i.ADC_DMA_Config) refers to ft32f0xx_adc.o(i.ADC_GetCalibrationFactor) for ADC_GetCalibrationFactor
    main.o(i.ADC_DMA_Config) refers to ft32f0xx_adc.o(i.ADC_DMARequestModeConfig) for ADC_DMARequestModeConfig
    main.o(i.ADC_DMA_Config) refers to ft32f0xx_adc.o(i.ADC_DMACmd) for ADC_DMACmd
    main.o(i.ADC_DMA_Config) refers to ft32f0xx_adc.o(i.ADC_Cmd) for ADC_Cmd
    main.o(i.ADC_DMA_Config) refers to ft32f0xx_adc.o(i.ADC_GetFlagStatus) for ADC_GetFlagStatus
    main.o(i.ADC_DMA_Config) refers to ft32f0xx_dma.o(i.DMA_DeInit) for DMA_DeInit
    main.o(i.ADC_DMA_Config) refers to ft32f0xx_dma.o(i.DMA_Init) for DMA_Init
    main.o(i.ADC_DMA_Config) refers to ft32f0xx_dma.o(i.DMA_Cmd) for DMA_Cmd
    main.o(i.ADC_DMA_Config) refers to ft32f0xx_adc.o(i.ADC_StartOfConversion) for ADC_StartOfConversion
    main.o(i.ADC_DMA_Config) refers to main.o(.data) for DMA_DualConvertedValue
    main.o(i.FT32_EXIT_Init) refers to ft32f0xx_rcc.o(i.RCC_AHBPeriphClockCmd) for RCC_AHBPeriphClockCmd
    main.o(i.FT32_EXIT_Init) refers to ft32f0xx_rcc.o(i.RCC_APB2PeriphClockCmd) for RCC_APB2PeriphClockCmd
    main.o(i.FT32_EXIT_Init) refers to ft32f0xx_gpio.o(i.GPIO_Init) for GPIO_Init
    main.o(i.FT32_EXIT_Init) refers to ft32f0xx_syscfg.o(i.SYSCFG_EXTILineConfig) for SYSCFG_EXTILineConfig
    main.o(i.FT32_EXIT_Init) refers to ft32f0xx_exti.o(i.EXTI_Init) for EXTI_Init
    main.o(i.FT32_EXIT_Init) refers to ft32f0xx_misc.o(i.NVIC_Init) for NVIC_Init
    main.o(i.FT32_GPIOA_Init) refers to ft32f0xx_rcc.o(i.RCC_AHBPeriphClockCmd) for RCC_AHBPeriphClockCmd
    main.o(i.FT32_GPIOA_Init) refers to ft32f0xx_gpio.o(i.GPIO_Init) for GPIO_Init
    main.o(i.FT32_GPIOA_Init) refers to dev_gpio.o(i.DevGpio_SetOutPut) for DevGpio_SetOutPut
    main.o(i.FT32_GPIOB_Init) refers to ft32f0xx_rcc.o(i.RCC_AHBPeriphClockCmd) for RCC_AHBPeriphClockCmd
    main.o(i.FT32_GPIOB_Init) refers to ft32f0xx_gpio.o(i.GPIO_Init) for GPIO_Init
    main.o(i.IWDG_Config) refers to ft32f0xx_iwdg.o(i.IWDG_WriteAccessCmd) for IWDG_WriteAccessCmd
    main.o(i.IWDG_Config) refers to ft32f0xx_iwdg.o(i.IWDG_SetPrescaler) for IWDG_SetPrescaler
    main.o(i.IWDG_Config) refers to ft32f0xx_iwdg.o(i.IWDG_SetReload) for IWDG_SetReload
    main.o(i.IWDG_Config) refers to ft32f0xx_iwdg.o(i.IWDG_ReloadCounter) for IWDG_ReloadCounter
    main.o(i.IWDG_Config) refers to ft32f0xx_iwdg.o(i.IWDG_Enable) for IWDG_Enable
    main.o(i.IWDG_Config) refers to main.o(.data) for lsi_freq
    main.o(i.Tim14BaseInit) refers to ft32f0xx_rcc.o(i.RCC_AHBPeriphClockCmd) for RCC_AHBPeriphClockCmd
    main.o(i.Tim14BaseInit) refers to ft32f0xx_rcc.o(i.RCC_APB1PeriphClockCmd) for RCC_APB1PeriphClockCmd
    main.o(i.Tim14BaseInit) refers to ft32f0xx_gpio.o(i.GPIO_Init) for GPIO_Init
    main.o(i.Tim14BaseInit) refers to ft32f0xx_gpio.o(i.GPIO_PinAFConfig) for GPIO_PinAFConfig
    main.o(i.Tim14BaseInit) refers to ft32f0xx_tim.o(i.TIM_TimeBaseInit) for TIM_TimeBaseInit
    main.o(i.Tim14BaseInit) refers to ft32f0xx_tim.o(i.TIM_OC1Init) for TIM_OC1Init
    main.o(i.Tim14BaseInit) refers to ft32f0xx_tim.o(i.TIM_Cmd) for TIM_Cmd
    main.o(i.Tim14BaseInit) refers to ft32f0xx_tim.o(i.TIM_CtrlPWMOutputs) for TIM_CtrlPWMOutputs
    main.o(i.Tim16BaseInit) refers to ft32f0xx_rcc.o(i.RCC_AHBPeriphClockCmd) for RCC_AHBPeriphClockCmd
[...]
    Removing ft32f0xx_crs.o(.revsh_text), (4 bytes).
    Removing ft32f0xx_crs.o(i.CRS_AdjustHSI48CalibrationValue), (32 bytes).
    Removing ft32f0xx_crs.o(i.CRS_AutomaticCalibrationCmd), (36 bytes).
    Removing ft32f0xx_crs.o(i.CRS_ClearFlag), (40 bytes).
    Removing ft32f0xx_crs.o(i.CRS_ClearITPendingBit), (40 bytes).
    Removing ft32f0xx_crs.o(i.CRS_DeInit), (22 bytes).
    Removing ft32f0xx_crs.o(i.CRS_FrequencyErrorCounterCmd), (36 bytes).
    Removing ft32f0xx_crs.o(i.CRS_FrequencyErrorCounterReload), (28 bytes).
    Removing ft32f0xx_crs.o(i.CRS_FrequencyErrorLimitConfig), (32 bytes).
    Removing ft32f0xx_crs.o(i.CRS_GetFlagStatus), (16 bytes).
    Removing ft32f0xx_crs.o(i.CRS_GetFrequencyErrorDirection), (16 bytes).
    Removing ft32f0xx_crs.o(i.CRS_GetFrequencyErrorValue), (16 bytes).
    Removing ft32f0xx_crs.o(i.CRS_GetHSI48CalibrationValue), (20 bytes).
    Removing ft32f0xx_crs.o(i.CRS_GetITStatus), (16 bytes).
    Removing ft32f0xx_crs.o(i.CRS_GetReloadValue), (12 bytes).
    Removing ft32f0xx_crs.o(i.CRS_ITConfig), (32 bytes).
    Removing ft32f0xx_crs.o(i.CRS_SoftwareSynchronizationGenerate), (20 bytes).
    Removing ft32f0xx_crs.o(i.CRS_SynchronizationPolarityConfig), (28 bytes).
    Removing ft32f0xx_crs.o(i.CRS_SynchronizationPrescalerConfig), (28 bytes).
    Removing ft32f0xx_crs.o(i.CRS_SynchronizationSourceConfig), (28 bytes).
    Removing ft32f0xx_dac.o(.rev16_text), (4 bytes).
    Removing ft32f0xx_dac.o(.revsh_text), (4 bytes).
    Removing ft32f0xx_dac.o(i.DAC_Cmd), (36 bytes).
    Removing ft32f0xx_dac.o(i.DAC_Read_Reg), (32 bytes).
    Removing ft32f0xx_dac.o(i.DAC_Ref_Config), (40 bytes).
    Removing ft32f0xx_dac.o(i.DAC_SetChannel1Data), (12 bytes).
    Removing ft32f0xx_dac.o(i.DAC_SetChannel2Data), (12 bytes).
    Removing ft32f0xx_debug.o(.rev16_text), (4 bytes).
    Removing ft32f0xx_debug.o(.revsh_text), (4 bytes).
    Removing ft32f0xx_debug.o(i.DBGMCU_APB1PeriphConfig), (32 bytes).
    Removing ft32f0xx_debug.o(i.DBGMCU_APB2PeriphConfig), (32 bytes).
    Removing ft32f0xx_debug.o(i.DBGMCU_Config), (32 bytes).
    Removing ft32f0xx_debug.o(i.DBGMCU_GetDEVID), (16 bytes).
    Removing ft32f0xx_debug.o(i.DBGMCU_GetREVID), (12 bytes).
    Removing ft32f0xx_dma.o(.rev16_text), (4 bytes).
    Removing ft32f0xx_dma.o(.revsh_text), (4 bytes).
    Removing ft32f0xx_dma.o(i.DMA_ClearITPendingBit), (20 bytes).
    Removing ft32f0xx_dma.o(i.DMA_GetCurrDataCounter), (8 bytes).
    Removing ft32f0xx_dma.o(i.DMA_GetITStatus), (40 bytes).
    Removing ft32f0xx_dma.o(i.DMA_ITConfig), (20 bytes).
    Removing ft32f0xx_dma.o(i.DMA_SetCurrDataCounter), (4 bytes).
    Removing ft32f0xx_dma.o(i.DMA_StructInit), (26 bytes).
    Removing ft32f0xx_exti.o(.rev16_text), (4 bytes).
    Removing ft32f0xx_exti.o(.revsh_text), (4 bytes).
    Removing ft32f0xx_exti.o(i.EXTI_ClearFlag), (12 bytes).
    Removing ft32f0xx_exti.o(i.EXTI_DeInit), (32 bytes).
    Removing ft32f0xx_exti.o(i.EXTI_GenerateSWInterrupt), (16 bytes).
    Removing ft32f0xx_exti.o(i.EXTI_GetFlagStatus), (28 bytes).
    Removing ft32f0xx_exti.o(i.EXTI_StructInit), (16 bytes).
    Removing ft32f0xx_flash.o(.rev16_text), (4 bytes).
    Removing ft32f0xx_flash.o(.revsh_text), (4 bytes).
    Removing ft32f0xx_flash.o(i.FLASH_ClearFlag), (12 bytes).
    Removing ft32f0xx_flash.o(i.FLASH_EraseAllPages), (88 bytes).
    Removing ft32f0xx_flash.o(i.FLASH_ErasePage), (92 bytes).
    Removing ft32f0xx_flash.o(i.FLASH_GetFlagStatus), (28 bytes).
    Removing ft32f0xx_flash.o(i.FLASH_GetPrefetchBufferStatus), (28 bytes).
    Removing ft32f0xx_flash.o(i.FLASH_GetStatus), (60 bytes).
    Removing ft32f0xx_flash.o(i.FLASH_ITConfig), (32 bytes).
    Removing ft32f0xx_flash.o(i.FLASH_Lock), (20 bytes).
    Removing ft32f0xx_flash.o(i.FLASH_OB_BOOTConfig), (176 bytes).
    Removing ft32f0xx_flash.o(i.FLASH_OB_EnableWRP), (212 bytes).
    Removing ft32f0xx_flash.o(i.FLASH_OB_Erase), (172 bytes).
    Removing ft32f0xx_flash.o(i.FLASH_OB_GetRDP), (28 bytes).
    Removing ft32f0xx_flash.o(i.FLASH_OB_GetUser), (16 bytes).
    Removing ft32f0xx_flash.o(i.FLASH_OB_GetWRP), (12 bytes).
    Removing ft32f0xx_flash.o(i.FLASH_OB_Launch), (20 bytes).
    Removing ft32f0xx_flash.o(i.FLASH_OB_Lock), (20 bytes).
    Removing ft32f0xx_flash.o(i.FLASH_OB_ProgramData), (72 bytes).
    Removing ft32f0xx_flash.o(i.FLASH_OB_RDPConfig), (172 bytes).
    Removing ft32f0xx_flash.o(i.FLASH_OB_SRAMParityConfig), (176 bytes).
    Removing ft32f0xx_flash.o(i.FLASH_OB_Unlock), (40 bytes).
    Removing ft32f0xx_flash.o(i.FLASH_OB_UserConfig), (188 bytes).
    Removing ft32f0xx_flash.o(i.FLASH_OB_VDDAConfig), (176 bytes).
    Removing ft32f0xx_flash.o(i.FLASH_OB_WriteUser), (168 bytes).
    Removing ft32f0xx_flash.o(i.FLASH_PrefetchBufferCmd), (36 bytes).
    Removing ft32f0xx_flash.o(i.FLASH_ProgramWord), (84 bytes).
    Removing ft32f0xx_flash.o(i.FLASH_SetLatency), (28 bytes).
    Removing ft32f0xx_flash.o(i.FLASH_Unlock), (36 bytes).
    Removing ft32f0xx_flash.o(i.FLASH_WaitForLastOperation), (40 bytes).
    Removing ft32f0xx_gpio.o(.rev16_text), (4 bytes).
    Removing ft32f0xx_gpio.o(.revsh_text), (4 bytes).
    Removing ft32f0xx_gpio.o(i.GPIO_DeInit), (148 bytes).
    Removing ft32f0xx_gpio.o(i.GPIO_LedmConfig), (8 bytes).
    Removing ft32f0xx_gpio.o(i.GPIO_PinLockConfig), (34 bytes).
    Removing ft32f0xx_gpio.o(i.GPIO_ReadInputData), (6 bytes).
    Removing ft32f0xx_gpio.o(i.GPIO_ReadOutputData), (6 bytes).
    Removing ft32f0xx_gpio.o(i.GPIO_ReadOutputDataBit), (20 bytes).
    Removing ft32f0xx_gpio.o(i.GPIO_ResetBits), (4 bytes).
    Removing ft32f0xx_gpio.o(i.GPIO_SetBits), (4 bytes).
    Removing ft32f0xx_gpio.o(i.GPIO_StructInit), (24 bytes).
    Removing ft32f0xx_gpio.o(i.GPIO_Write), (4 bytes).
    Removing ft32f0xx_i2c.o(.rev16_text), (4 bytes).
    Removing ft32f0xx_i2c.o(.revsh_text), (4 bytes).
    Removing ft32f0xx_i2c.o(i.I2C_10BitAddressHeaderCmd), (28 bytes).
    Removing ft32f0xx_i2c.o(i.I2C_10BitAddressingModeCmd), (28 bytes).
    Removing ft32f0xx_i2c.o(i.I2C_AcknowledgeConfig), (28 bytes).
    Removing ft32f0xx_i2c.o(i.I2C_AutoEndCmd), (28 bytes).
    Removing ft32f0xx_i2c.o(i.I2C_CalculatePEC), (28 bytes).
    Removing ft32f0xx_i2c.o(i.I2C_ClearFlag), (4 bytes).
    Removing ft32f0xx_i2c.o(i.I2C_ClearITPendingBit), (4 bytes).
    Removing ft32f0xx_i2c.o(i.I2C_ClockTimeoutCmd), (28 bytes).
    Removing ft32f0xx_i2c.o(i.I2C_Cmd), (24 bytes).
    Removing ft32f0xx_i2c.o(i.I2C_DMACmd), (20 bytes).
    Removing ft32f0xx_i2c.o(i.I2C_DeInit), (56 bytes).
    Removing ft32f0xx_i2c.o(i.I2C_DualAddressCmd), (28 bytes).
    Removing ft32f0xx_i2c.o(i.I2C_ExtendedClockTimeoutCmd), (26 bytes).
    Removing ft32f0xx_i2c.o(i.I2C_GeneralCallCmd), (28 bytes).
    Removing ft32f0xx_i2c.o(i.I2C_GenerateSTART), (28 bytes).
    Removing ft32f0xx_i2c.o(i.I2C_GenerateSTOP), (28 bytes).
    Removing ft32f0xx_i2c.o(i.I2C_GetAddressMatched), (14 bytes).
    Removing ft32f0xx_i2c.o(i.I2C_GetFlagStatus), (28 bytes).
    Removing ft32f0xx_i2c.o(i.I2C_GetITStatus), (78 bytes).
    Removing ft32f0xx_i2c.o(i.I2C_GetPEC), (8 bytes).
    Removing ft32f0xx_i2c.o(i.I2C_GetTransferDirection), (30 bytes).
    Removing ft32f0xx_i2c.o(i.I2C_ITConfig), (20 bytes).
    Removing ft32f0xx_i2c.o(i.I2C_IdleClockTimeoutCmd), (28 bytes).
    Removing ft32f0xx_i2c.o(i.I2C_Init), (108 bytes).
    Removing ft32f0xx_i2c.o(i.I2C_MasterRequestConfig), (28 bytes).
    Removing ft32f0xx_i2c.o(i.I2C_NumberOfBytesConfig), (28 bytes).
    Removing ft32f0xx_i2c.o(i.I2C_OwnAddress2Config), (36 bytes).
    Removing ft32f0xx_i2c.o(i.I2C_PECRequestCmd), (28 bytes).
    Removing ft32f0xx_i2c.o(i.I2C_ReadRegister), (22 bytes).
    Removing ft32f0xx_i2c.o(i.I2C_ReceiveData), (8 bytes).
    Removing ft32f0xx_i2c.o(i.I2C_ReloadCmd), (28 bytes).
    Removing ft32f0xx_i2c.o(i.I2C_SMBusAlertCmd), (28 bytes).
    Removing ft32f0xx_i2c.o(i.I2C_SendData), (4 bytes).
    Removing ft32f0xx_i2c.o(i.I2C_SlaveAddressConfig), (20 bytes).
    Removing ft32f0xx_i2c.o(i.I2C_SlaveByteControlCmd), (28 bytes).
    Removing ft32f0xx_i2c.o(i.I2C_SoftwareResetCmd), (20 bytes).
    Removing ft32f0xx_i2c.o(i.I2C_StretchClockCmd), (28 bytes).
    Removing ft32f0xx_i2c.o(i.I2C_StructInit), (24 bytes).
    Removing ft32f0xx_i2c.o(i.I2C_TimeoutAConfig), (20 bytes).
    Removing ft32f0xx_i2c.o(i.I2C_TimeoutBConfig), (32 bytes).
    Removing ft32f0xx_i2c.o(i.I2C_TransferHandling), (44 bytes).
    Removing ft32f0xx_iwdg.o(.rev16_text), (4 bytes).
    Removing ft32f0xx_iwdg.o(.revsh_text), (4 bytes).
    Removing ft32f0xx_iwdg.o(i.IWDG_Enable), (16 bytes).
    Removing ft32f0xx_iwdg.o(i.IWDG_GetFlagStatus), (28 bytes).
    Removing ft32f0xx_iwdg.o(i.IWDG_ReloadCounter), (16 bytes).
    Removing ft32f0xx_iwdg.o(i.IWDG_SetPrescaler), (12 bytes).
    Removing ft32f0xx_iwdg.o(i.IWDG_SetReload), (12 bytes).
    Removing ft32f0xx_iwdg.o(i.IWDG_SetWindowValue), (12 bytes).
    Removing ft32f0xx_iwdg.o(i.IWDG_WriteAccessCmd), (12 bytes).
    Removing ft32f0xx_misc.o(.rev16_text), (4 bytes).
    Removing ft32f0xx_misc.o(.revsh_text), (4 bytes).
    Removing ft32f0xx_misc.o(i.NVIC_SystemLPConfig), (32 bytes).
    Removing ft32f0xx_misc.o(i.SysTick_CLKSourceConfig), (36 bytes).
    Removing ft32f0xx_pwr.o(.rev16_text), (4 bytes).
    Removing ft32f0xx_pwr.o(.revsh_text), (4 bytes).
    Removing ft32f0xx_pwr.o(i.PWR_BackupAccessCmd), (40 bytes).
    Removing ft32f0xx_pwr.o(i.PWR_ClearFlag), (20 bytes).
    Removing ft32f0xx_pwr.o(i.PWR_DeInit), (22 bytes).
    Removing ft32f0xx_pwr.o(i.PWR_EnterSTANDBYMode), (36 bytes).
    Removing ft32f0xx_pwr.o(i.PWR_EnterSTOPMode), (104 bytes).
    Removing ft32f0xx_pwr.o(i.PWR_EnterSleepMode), (32 bytes).
    Removing ft32f0xx_pwr.o(i.PWR_GetFlagStatus), (28 bytes).
    Removing ft32f0xx_pwr.o(i.PWR_PVDCmd), (36 bytes).
    Removing ft32f0xx_pwr.o(i.PWR_PVDLevelConfig), (36 bytes).
    Removing ft32f0xx_pwr.o(i.PWR_WakeUpPinCmd), (32 bytes).
    Removing ft32f0xx_rcc.o(.rev16_text), (4 bytes).
    Removing ft32f0xx_rcc.o(.revsh_text), (4 bytes).
    Removing ft32f0xx_rcc.o(i.RCC_ADCCLKConfig), (56 bytes).
    Removing ft32f0xx_rcc.o(i.RCC_AHBPeriphResetCmd), (32 bytes).
    Removing ft32f0xx_rcc.o(i.RCC_APB1PeriphResetCmd), (32 bytes).
    Removing ft32f0xx_rcc.o(i.RCC_AdjustHSI14CalibrationValue), (32 bytes).
    Removing ft32f0xx_rcc.o(i.RCC_AdjustHSICalibrationValue), (32 bytes).
    Removing ft32f0xx_rcc.o(i.RCC_BackupResetCmd), (40 bytes).
    Removing ft32f0xx_rcc.o(i.RCC_ClearFlag), (20 bytes).
    Removing ft32f0xx_rcc.o(i.RCC_ClearITPendingBit), (12 bytes).
    Removing ft32f0xx_rcc.o(i.RCC_ClockSecuritySystemCmd), (40 bytes).
    Removing ft32f0xx_rcc.o(i.RCC_DeInit), (120 bytes).
    Removing ft32f0xx_rcc.o(i.RCC_GetClocksFreq), (388 bytes).
    Removing ft32f0xx_rcc.o(i.RCC_GetFlagStatus), (72 bytes).
    Removing ft32f0xx_rcc.o(i.RCC_GetITStatus), (28 bytes).
    Removing ft32f0xx_rcc.o(i.RCC_GetSYSCLKSource), (16 bytes).
    Removing ft32f0xx_rcc.o(i.RCC_HCLKConfig), (32 bytes).
    Removing ft32f0xx_rcc.o(i.RCC_HSEConfig), (16 bytes).
    Removing ft32f0xx_rcc.o(i.RCC_HSI14ADCRequestCmd), (36 bytes).
    Removing ft32f0xx_rcc.o(i.RCC_HSI14Cmd), (36 bytes).
    Removing ft32f0xx_rcc.o(i.RCC_HSI48Cmd), (40 bytes).
    Removing ft32f0xx_rcc.o(i.RCC_HSICmd), (36 bytes).
    Removing ft32f0xx_rcc.o(i.RCC_I2CCLKConfig), (28 bytes).
    Removing ft32f0xx_rcc.o(i.RCC_ITConfig), (32 bytes).
    Removing ft32f0xx_rcc.o(i.RCC_LSEConfig), (40 bytes).
    Removing ft32f0xx_rcc.o(i.RCC_LSEDriveConfig), (28 bytes).
    Removing ft32f0xx_rcc.o(i.RCC_LSICmd), (36 bytes).
    Removing ft32f0xx_rcc.o(i.RCC_MCOConfig), (28 bytes).
    Removing ft32f0xx_rcc.o(i.RCC_PCLKConfig), (36 bytes).
    Removing ft32f0xx_rcc.o(i.RCC_PLLCmd), (40 bytes).
    Removing ft32f0xx_rcc.o(i.RCC_PLLConfig), (36 bytes).
    Removing ft32f0xx_rcc.o(i.RCC_PREDIV1Config), (28 bytes).
    Removing ft32f0xx_rcc.o(i.RCC_RTCCLKCmd), (40 bytes).
    Removing ft32f0xx_rcc.o(i.RCC_RTCCLKConfig), (16 bytes).
    Removing ft32f0xx_rcc.o(i.RCC_SYSCLKConfig), (28 bytes).
    Removing ft32f0xx_rcc.o(i.RCC_USARTCLKConfig), (36 bytes).
    Removing ft32f0xx_rcc.o(i.RCC_USBCLKConfig), (28 bytes).
    Removing ft32f0xx_rcc.o(i.RCC_WaitForHSEStartUp), (60 bytes).
    Removing ft32f0xx_rcc.o(.data), (16 bytes).
    Removing ft32f0xx_rtc.o(.rev16_text), (4 bytes).
    Removing ft32f0xx_rtc.o(.revsh_text), (4 bytes).
    Removing ft32f0xx_rtc.o(i.RTC_AlarmCmd), (112 bytes).
    Removing ft32f0xx_rtc.o(i.RTC_AlarmStructInit), (22 bytes).
    Removing ft32f0xx_rtc.o(i.RTC_AlarmSubSecondConfig), (40 bytes).
    Removing ft32f0xx_rtc.o(i.RTC_Bcd2ToByte), (26 bytes).
    Removing ft32f0xx_rtc.o(i.RTC_BypassShadowCmd), (52 bytes).
    Removing ft32f0xx_rtc.o(i.RTC_ByteToBcd2), (28 bytes).
    Removing ft32f0xx_rtc.o(i.RTC_CalibOutputCmd), (56 bytes).
    Removing ft32f0xx_rtc.o(i.RTC_CalibOutputConfig), (44 bytes).
    Removing ft32f0xx_rtc.o(i.RTC_ClearFlag), (32 bytes).
    Removing ft32f0xx_rtc.o(i.RTC_ClearITPendingBit), (36 bytes).
    Removing ft32f0xx_rtc.o(i.RTC_DateStructInit), (14 bytes).
    Removing ft32f0xx_rtc.o(i.RTC_DayLightSavingConfig), (48 bytes).
    Removing ft32f0xx_rtc.o(i.RTC_DeInit), (108 bytes).
    Removing ft32f0xx_rtc.o(i.RTC_EnterInitMode), (88 bytes).
    Removing ft32f0xx_rtc.o(i.RTC_ExitInitMode), (32 bytes).
    Removing ft32f0xx_rtc.o(i.RTC_GetAlarm), (120 bytes).
    Removing ft32f0xx_rtc.o(i.RTC_GetAlarmSubSecond), (20 bytes).
    Removing ft32f0xx_rtc.o(i.RTC_GetDate), (96 bytes).
    Removing ft32f0xx_rtc.o(i.RTC_GetFlagStatus), (44 bytes).
    Removing ft32f0xx_rtc.o(i.RTC_GetITStatus), (76 bytes).
    Removing ft32f0xx_rtc.o(i.RTC_GetStoreOperation), (16 bytes).
    Removing ft32f0xx_rtc.o(i.RTC_GetSubSecond), (16 bytes).
    Removing ft32f0xx_rtc.o(i.RTC_GetTime), (92 bytes).
    Removing ft32f0xx_rtc.o(i.RTC_GetTimeStamp), (164 bytes).
    Removing ft32f0xx_rtc.o(i.RTC_GetTimeStampSubSecond), (12 bytes).
    Removing ft32f0xx_rtc.o(i.RTC_ITConfig), (100 bytes).
    Removing ft32f0xx_rtc.o(i.RTC_Init), (88 bytes).
    Removing ft32f0xx_rtc.o(i.RTC_OutputConfig), (48 bytes).
    Removing ft32f0xx_rtc.o(i.RTC_OutputTypeConfig), (28 bytes).
    Removing ft32f0xx_rtc.o(i.RTC_RefClockCmd), (76 bytes).
    Removing ft32f0xx_rtc.o(i.RTC_SetAlarm), (216 bytes).
    Removing ft32f0xx_rtc.o(i.RTC_SetDate), (208 bytes).
    Removing ft32f0xx_rtc.o(i.RTC_SetTime), (216 bytes).
    Removing ft32f0xx_rtc.o(i.RTC_SmoothCalibConfig), (96 bytes).
    Removing ft32f0xx_rtc.o(i.RTC_StructInit), (14 bytes).
    Removing ft32f0xx_rtc.o(i.RTC_SynchroShiftConfig), (124 bytes).
    Removing ft32f0xx_rtc.o(i.RTC_TamperCmd), (32 bytes).
    Removing ft32f0xx_rtc.o(i.RTC_TamperFilterConfig), (28 bytes).
    Removing ft32f0xx_rtc.o(i.RTC_TamperPinsPrechargeDuration), (28 bytes).
    Removing ft32f0xx_rtc.o(i.RTC_TamperPullUpCmd), (40 bytes).
    Removing ft32f0xx_rtc.o(i.RTC_TamperSamplingFreqConfig), (28 bytes).
    Removing ft32f0xx_rtc.o(i.RTC_TamperTriggerConfig), (36 bytes).
    Removing ft32f0xx_rtc.o(i.RTC_TimeStampCmd), (64 bytes).
    Removing ft32f0xx_rtc.o(i.RTC_TimeStampOnTamperDetectionCmd), (36 bytes).
    Removing ft32f0xx_rtc.o(i.RTC_TimeStructInit), (12 bytes).
    Removing ft32f0xx_rtc.o(i.RTC_WaitForSynchro), (108 bytes).
    Removing ft32f0xx_rtc.o(i.RTC_WriteProtectionCmd), (28 bytes).
    Removing ft32f0xx_spi.o(.rev16_text), (4 bytes).
    Removing ft32f0xx_spi.o(.revsh_text), (4 bytes).
    Removing ft32f0xx_spi.o(i.SPI_BiDirectionalLineConfig), (32 bytes).
    Removing ft32f0xx_spi.o(i.SPI_CRCLengthConfig), (20 bytes).
    Removing ft32f0xx_spi.o(i.SPI_CalculateCRC), (32 bytes).
    Removing ft32f0xx_spi.o(i.SPI_Cmd), (28 bytes).
    Removing ft32f0xx_spi.o(i.SPI_DataSizeConfig), (24 bytes).
    Removing ft32f0xx_spi.o(i.SPI_GetCRC), (16 bytes).
    Removing ft32f0xx_spi.o(i.SPI_GetCRCPolynomial), (6 bytes).
    Removing ft32f0xx_spi.o(i.SPI_GetReceptionFIFOStatus), (12 bytes).
    Removing ft32f0xx_spi.o(i.SPI_GetTransmissionFIFOStatus), (12 bytes).
    Removing ft32f0xx_spi.o(i.SPI_I2S_ClearFlag), (6 bytes).
    Removing ft32f0xx_spi.o(i.SPI_I2S_DMACmd), (20 bytes).
    Removing ft32f0xx_spi.o(i.SPI_I2S_DeInit), (60 bytes).
    Removing ft32f0xx_spi.o(i.SPI_I2S_GetFlagStatus), (20 bytes).
    Removing ft32f0xx_spi.o(i.SPI_I2S_GetITStatus), (56 bytes).
    Removing ft32f0xx_spi.o(i.SPI_I2S_ITConfig), (34 bytes).
    Removing ft32f0xx_spi.o(i.SPI_I2S_ReceiveData16), (6 bytes).
    Removing ft32f0xx_spi.o(i.SPI_I2S_SendData16), (4 bytes).
    Removing ft32f0xx_spi.o(i.SPI_Init), (80 bytes).
    Removing ft32f0xx_spi.o(i.SPI_LastDMATransferCmd), (20 bytes).
    Removing ft32f0xx_spi.o(i.SPI_NSSInternalSoftwareConfig), (32 bytes).
    Removing ft32f0xx_spi.o(i.SPI_NSSPulseModeCmd), (28 bytes).
    Removing ft32f0xx_spi.o(i.SPI_ReceiveData8), (12 bytes).
    Removing ft32f0xx_spi.o(i.SPI_RxFIFOThresholdConfig), (20 bytes).
    Removing ft32f0xx_spi.o(i.SPI_SSOutputCmd), (28 bytes).
    Removing ft32f0xx_spi.o(i.SPI_SendData8), (10 bytes).
    Removing ft32f0xx_spi.o(i.SPI_StructInit), (30 bytes).
    Removing ft32f0xx_spi.o(i.SPI_TIModeCmd), (28 bytes).
    Removing ft32f0xx_spi.o(i.SPI_TransmitCRC), (12 bytes).
    Removing ft32f0xx_syscfg.o(.rev16_text), (4 bytes).
    Removing ft32f0xx_syscfg.o(.revsh_text), (4 bytes).
    Removing ft32f0xx_syscfg.o(i.SYSCFG_BreakConfig), (16 bytes).
    Removing ft32f0xx_syscfg.o(i.SYSCFG_DMAChannelRemapConfig), (32 bytes).
    Removing ft32f0xx_syscfg.o(i.SYSCFG_DeInit), (40 bytes).
    Removing ft32f0xx_syscfg.o(i.SYSCFG_I2CFastModePlusConfig), (32 bytes).
    Removing ft32f0xx_syscfg.o(i.SYSCFG_IRDAEnvSelection), (28 bytes).
    Removing ft32f0xx_syscfg.o(i.SYSCFG_MemoryRemapConfig), (28 bytes).
    Removing ft32f0xx_tim.o(.rev16_text), (4 bytes).
    Removing ft32f0xx_tim.o(.revsh_text), (4 bytes).
    Removing ft32f0xx_tim.o(i.TI1_Config), (56 bytes).
    Removing ft32f0xx_tim.o(i.TI2_Config), (76 bytes).
    Removing ft32f0xx_tim.o(i.TI3_Config), (72 bytes).
    Removing ft32f0xx_tim.o(i.TI4_Config), (80 bytes).
    Removing ft32f0xx_tim.o(i.TIM_ARRPreloadConfig), (48 bytes).
    Removing ft32f0xx_tim.o(i.TIM_BDTRConfig), (32 bytes).
    Removing ft32f0xx_tim.o(i.TIM_BDTRStructInit), (18 bytes).
    Removing ft32f0xx_tim.o(i.TIM_CCPreloadControl), (28 bytes).
    Removing ft32f0xx_tim.o(i.TIM_CCxCmd), (30 bytes).
    Removing ft32f0xx_tim.o(i.TIM_CCxNCmd), (30 bytes).
    Removing ft32f0xx_tim.o(i.TIM_ClearFlag), (6 bytes).
    Removing ft32f0xx_tim.o(i.TIM_ClearOC1Ref), (24 bytes).
    Removing ft32f0xx_tim.o(i.TIM_ClearOC2Ref), (20 bytes).
    Removing ft32f0xx_tim.o(i.TIM_ClearOC3Ref), (24 bytes).
    Removing ft32f0xx_tim.o(i.TIM_ClearOC4Ref), (20 bytes).
    Removing ft32f0xx_tim.o(i.TIM_CounterModeConfig), (24 bytes).
    Removing ft32f0xx_tim.o(i.TIM_DMACmd), (20 bytes).
    Removing ft32f0xx_tim.o(i.TIM_DMAConfig), (12 bytes).
    Removing ft32f0xx_tim.o(i.TIM_DeInit), (208 bytes).
    Removing ft32f0xx_tim.o(i.TIM_ETRClockMode1Config), (52 bytes).
    Removing ft32f0xx_tim.o(i.TIM_ETRClockMode2Config), (34 bytes).
    Removing ft32f0xx_tim.o(i.TIM_ETRConfig), (24 bytes).
    Removing ft32f0xx_tim.o(i.TIM_EncoderInterfaceConfig), (68 bytes).
    Removing ft32f0xx_tim.o(i.TIM_ForcedOC1Config), (24 bytes).
    Removing ft32f0xx_tim.o(i.TIM_ForcedOC2Config), (24 bytes).
    Removing ft32f0xx_tim.o(i.TIM_ForcedOC3Config), (24 bytes).
    Removing ft32f0xx_tim.o(i.TIM_ForcedOC4Config), (24 bytes).
    Removing ft32f0xx_tim.o(i.TIM_GenerateEvent), (4 bytes).
    Removing ft32f0xx_tim.o(i.TIM_GetCapture1), (6 bytes).
    Removing ft32f0xx_tim.o(i.TIM_GetCapture2), (6 bytes).
    Removing ft32f0xx_tim.o(i.TIM_GetCapture3), (6 bytes).
    Removing ft32f0xx_tim.o(i.TIM_GetCapture4), (6 bytes).
    Removing ft32f0xx_tim.o(i.TIM_GetCounter), (6 bytes).
    Removing ft32f0xx_tim.o(i.TIM_GetFlagStatus), (20 bytes).
    Removing ft32f0xx_tim.o(i.TIM_GetPrescaler), (6 bytes).
    Removing ft32f0xx_tim.o(i.TIM_ICInit), (112 bytes).
    Removing ft32f0xx_tim.o(i.TIM_ICStructInit), (18 bytes).
    Removing ft32f0xx_tim.o(i.TIM_ITRxExternalClockConfig), (24 bytes).
    Removing ft32f0xx_tim.o(i.TIM_InternalClockConfig), (16 bytes).
    Removing ft32f0xx_tim.o(i.TIM_OC1FastConfig), (24 bytes).
    Removing ft32f0xx_tim.o(i.TIM_OC1NPolarityConfig), (24 bytes).
    Removing ft32f0xx_tim.o(i.TIM_OC1PolarityConfig), (24 bytes).
    Removing ft32f0xx_tim.o(i.TIM_OC1PreloadConfig), (24 bytes).
    Removing ft32f0xx_tim.o(i.TIM_OC2FastConfig), (24 bytes).
    Removing ft32f0xx_tim.o(i.TIM_OC2Init), (172 bytes).
    Removing ft32f0xx_tim.o(i.TIM_OC2NPolarityConfig), (24 bytes).
    Removing ft32f0xx_tim.o(i.TIM_OC2PolarityConfig), (24 bytes).
    Removing ft32f0xx_tim.o(i.TIM_OC2PreloadConfig), (24 bytes).
    Removing ft32f0xx_tim.o(i.TIM_OC3FastConfig), (24 bytes).
    Removing ft32f0xx_tim.o(i.TIM_OC3Init), (152 bytes).
    Removing ft32f0xx_tim.o(i.TIM_OC3NPolarityConfig), (24 bytes).
    Removing ft32f0xx_tim.o(i.TIM_OC3PolarityConfig), (24 bytes).
    Removing ft32f0xx_tim.o(i.TIM_OC3PreloadConfig), (24 bytes).
    Removing ft32f0xx_tim.o(i.TIM_OC4FastConfig), (24 bytes).
    Removing ft32f0xx_tim.o(i.TIM_OC4Init), (112 bytes).
    Removing ft32f0xx_tim.o(i.TIM_OC4PolarityConfig), (24 bytes).
    Removing ft32f0xx_tim.o(i.TIM_OC4PreloadConfig), (24 bytes).
    Removing ft32f0xx_tim.o(i.TIM_OCStructInit), (20 bytes).
    Removing ft32f0xx_tim.o(i.TIM_PWMIConfig), (124 bytes).
    Removing ft32f0xx_tim.o(i.TIM_PrescalerConfig), (6 bytes).
    Removing ft32f0xx_tim.o(i.TIM_RemapConfig), (6 bytes).
    Removing ft32f0xx_tim.o(i.TIM_SelectCCDMA), (28 bytes).
    Removing ft32f0xx_tim.o(i.TIM_SelectCOM), (28 bytes).
    Removing ft32f0xx_tim.o(i.TIM_SelectHallSensor), (28 bytes).
    Removing ft32f0xx_tim.o(i.TIM_SelectInputTrigger), (24 bytes).
    Removing ft32f0xx_tim.o(i.TIM_SelectMasterSlaveMode), (20 bytes).
    Removing ft32f0xx_tim.o(i.TIM_SelectOCREFClear), (20 bytes).
    Removing ft32f0xx_tim.o(i.TIM_SelectOCxM), (82 bytes).
    Removing ft32f0xx_tim.o(i.TIM_SelectOnePulseMode), (20 bytes).
    Removing ft32f0xx_tim.o(i.TIM_SelectOutputTrigger), (20 bytes).
    Removing ft32f0xx_tim.o(i.TIM_SelectSlaveMode), (20 bytes).
    Removing ft32f0xx_tim.o(i.TIM_SetAutoreload), (4 bytes).
    Removing ft32f0xx_tim.o(i.TIM_SetClockDivision), (20 bytes).
    Removing ft32f0xx_tim.o(i.TIM_SetCompare2), (4 bytes).
    Removing ft32f0xx_tim.o(i.TIM_SetCompare3), (4 bytes).
    Removing ft32f0xx_tim.o(i.TIM_SetCompare4), (4 bytes).
    Removing ft32f0xx_tim.o(i.TIM_SetCounter), (4 bytes).
    Removing ft32f0xx_tim.o(i.TIM_SetIC1Prescaler), (20 bytes).
    Removing ft32f0xx_tim.o(i.TIM_SetIC2Prescaler), (24 bytes).
    Removing ft32f0xx_tim.o(i.TIM_SetIC3Prescaler), (20 bytes).
    Removing ft32f0xx_tim.o(i.TIM_SetIC4Prescaler), (24 bytes).
    Removing ft32f0xx_tim.o(i.TIM_TIxExternalClockConfig), (58 bytes).
    Removing ft32f0xx_tim.o(i.TIM_TimeBaseStructInit), (18 bytes).
    Removing ft32f0xx_tim.o(i.TIM_UpdateDisableConfig), (28 bytes).
    Removing ft32f0xx_tim.o(i.TIM_UpdateRequestConfig), (28 bytes).
    Removing ft32f0xx_usart.o(.rev16_text), (4 bytes).
    Removing ft32f0xx_usart.o(.revsh_text), (4 bytes).
    Removing ft32f0xx_usart.o(i.USART_AddressDetectionConfig), (16 bytes).
    Removing ft32f0xx_usart.o(i.USART_AutoBaudRateCmd), (28 bytes).
    Removing ft32f0xx_usart.o(i.USART_AutoBaudRateConfig), (18 bytes).
    Removing ft32f0xx_usart.o(i.USART_ClearFlag), (4 bytes).
    Removing ft32f0xx_usart.o(i.USART_ClearITPendingBit), (18 bytes).
    Removing ft32f0xx_usart.o(i.USART_ClockInit), (36 bytes).
    Removing ft32f0xx_usart.o(i.USART_ClockStructInit), (12 bytes).
    Removing ft32f0xx_usart.o(i.USART_Cmd), (24 bytes).
    Removing ft32f0xx_usart.o(i.USART_DECmd), (28 bytes).
    Removing ft32f0xx_usart.o(i.USART_DEPolarityConfig), (18 bytes).
    Removing ft32f0xx_usart.o(i.USART_DMACmd), (20 bytes).
    Removing ft32f0xx_usart.o(i.USART_DMAReceptionErrorConfig), (18 bytes).
    Removing ft32f0xx_usart.o(i.USART_DataInvCmd), (28 bytes).
    Removing ft32f0xx_usart.o(i.USART_DeInit), (64 bytes).
    Removing ft32f0xx_usart.o(i.USART_DirectionModeCmd), (20 bytes).
    Removing ft32f0xx_usart.o(i.USART_GetFlagStatus), (20 bytes).
    Removing ft32f0xx_usart.o(i.USART_GetITStatus), (78 bytes).
    Removing ft32f0xx_usart.o(i.USART_HalfDuplexCmd), (24 bytes).
    Removing ft32f0xx_usart.o(i.USART_ITConfig), (66 bytes).
    Removing ft32f0xx_usart.o(i.USART_Init), (224 bytes).
    Removing ft32f0xx_usart.o(i.USART_InvPinCmd), (20 bytes).
    Removing ft32f0xx_usart.o(i.USART_MSBFirstCmd), (28 bytes).
    Removing ft32f0xx_usart.o(i.USART_MuteModeCmd), (28 bytes).
    Removing ft32f0xx_usart.o(i.USART_MuteModeWakeUpConfig), (18 bytes).
    Removing ft32f0xx_usart.o(i.USART_OneBitMethodCmd), (28 bytes).
    Removing ft32f0xx_usart.o(i.USART_OverSampling8Cmd), (28 bytes).
    Removing ft32f0xx_usart.o(i.USART_OverrunDetectionConfig), (18 bytes).
    Removing ft32f0xx_usart.o(i.USART_ReceiveData), (10 bytes).
    Removing ft32f0xx_usart.o(i.USART_ReceiverTimeOutCmd), (28 bytes).
    Removing ft32f0xx_usart.o(i.USART_RequestCmd), (20 bytes).
    Removing ft32f0xx_usart.o(i.USART_SWAPPinCmd), (28 bytes).
    Removing ft32f0xx_usart.o(i.USART_SendData), (8 bytes).
    Removing ft32f0xx_usart.o(i.USART_SetAddress), (18 bytes).
    Removing ft32f0xx_usart.o(i.USART_SetDEAssertionTime), (20 bytes).
    Removing ft32f0xx_usart.o(i.USART_SetDEDeassertionTime), (20 bytes).
    Removing ft32f0xx_usart.o(i.USART_SetReceiverTimeOut), (16 bytes).
    Removing ft32f0xx_usart.o(i.USART_StructInit), (24 bytes).
    Removing ft32f0xx_wwdg.o(.rev16_text), (4 bytes).
    Removing ft32f0xx_wwdg.o(.revsh_text), (4 bytes).
    Removing ft32f0xx_wwdg.o(i.WWDG_ClearFlag), (12 bytes).
    Removing ft32f0xx_wwdg.o(i.WWDG_DeInit), (22 bytes).
    Removing ft32f0xx_wwdg.o(i.WWDG_Enable), (16 bytes).
    Removing ft32f0xx_wwdg.o(i.WWDG_EnableIT), (20 bytes).
    Removing ft32f0xx_wwdg.o(i.WWDG_GetFlagStatus), (24 bytes).
    Removing ft32f0xx_wwdg.o(i.WWDG_SetCounter), (16 bytes).
    Removing ft32f0xx_wwdg.o(i.WWDG_SetPrescaler), (32 bytes).
    Removing ft32f0xx_wwdg.o(i.WWDG_SetWindowValue), (40 bytes).
    Removing startup_ft32f030x8.o(HEAP), (512 bytes).
    Removing system_ft32f0xx.o(.rev16_text), (4 bytes).
    Removing system_ft32f0xx.o(.revsh_text), (4 bytes).

483 unused section(s) (total 16532 bytes) removed from the image.

==============================================================================

Image Symbol Table

    Local Symbols

    Symbol Name                              Value     Ov Type        Size  Object(Section)

    ../clib/microlib/division.c              0x00000000   Number         0  uidiv.o ABSOLUTE
    ../clib/microlib/init/entry.s            0x00000000   Number         0  entry2.o ABSOLUTE
    ../clib/microlib/init/entry.s            0x00000000   Number         0  entry9b.o ABSOLUTE
    ../clib/microlib/init/entry.s            0x00000000   Number         0  entry7a.o ABSOLUTE
    ../clib/microlib/init/entry.s            0x00000000   Number         0  entry10a.o ABSOLUTE
    ../clib/microlib/init/entry.s            0x00000000   Number         0  entry8a.o ABSOLUTE
    ../clib/microlib/init/entry.s            0x00000000   Number         0  entry9a.o ABSOLUTE
    ../clib/microlib/init/entry.s            0x00000000   Number         0  entry10b.o ABSOLUTE
    ../clib/microlib/init/entry.s            0x00000000   Number         0  entry11a.o ABSOLUTE
    ../clib/microlib/init/entry.s            0x00000000   Number         0  entry11b.o ABSOLUTE
    ../clib/microlib/init/entry.s            0x00000000   Number         0  entry8b.o ABSOLUTE
    ../clib/microlib/init/entry.s            0x00000000   Number         0  entry5.o ABSOLUTE
    ../clib/microlib/init/entry.s            0x00000000   Number         0  entry7b.o ABSOLUTE
    ../clib/microlib/init/entry.s            0x00000000   Number         0  entry.o ABSOLUTE
    ../clib/microlib/longlong.c              0x00000000   Number         0  llshl.o ABSOLUTE
    ../clib/microlib/longlong.c              0x00000000   Number         0  llushr.o ABSOLUTE
    ../clib/microlib/longlong.c              0x00000000   Number         0  llsshr.o ABSOLUTE
    ../clib/microlib/stubs.s                 0x00000000   Number         0  iusefp.o ABSOLUTE
    ../fplib/microlib/d2f.c                  0x00000000   Number         0  d2f.o ABSOLUTE
    ../fplib/microlib/f2d.c                  0x00000000   Number         0  f2d.o ABSOLUTE
    ../fplib/microlib/fpadd.c                0x00000000   Number         0  dadd.o ABSOLUTE
    ../fplib/microlib/fpadd.c                0x00000000   Number         0  fadd.o ABSOLUTE
    ../fplib/microlib/fpdiv.c                0x00000000   Number         0  fdiv.o ABSOLUTE
    ../fplib/microlib/fpdiv.c                0x00000000   Number         0  ddiv.o ABSOLUTE
    ../fplib/microlib/fpepilogue.c           0x00000000   Number         0  depilogue.o ABSOLUTE
    ../fplib/microlib/fpepilogue.c           0x00000000   Number         0  fepilogue.o ABSOLUTE
    ../fplib/microlib/fpfix.c                0x00000000   Number         0  dfixi.o ABSOLUTE
    ../fplib/microlib/fpfix.c                0x00000000   Number         0  dfixui.o ABSOLUTE
    ../fplib/microlib/fpflt.c                0x00000000   Number         0  dfltui.o ABSOLUTE
    ../fplib/microlib/fpflt.c                0x00000000   Number         0  fflti.o ABSOLUTE
    ../fplib/microlib/fpmul.c                0x00000000   Number         0  fmul.o ABSOLUTE
    ../fplib/microlib/fpmul.c                0x00000000   Number         0  dmul.o ABSOLUTE
    ..\..\Devices\dev_ad9877.c               0x00000000   Number         0  dev_ad9877.o ABSOLUTE
    ..\..\Devices\dev_adc.c                  0x00000000   Number         0  dev_adc.o ABSOLUTE
    ..\..\Devices\dev_exit.c                 0x00000000   Number         0  dev_exit.o ABSOLUTE
    ..\..\Devices\dev_gpio.c                 0x00000000   Number         0  dev_gpio.o ABSOLUTE
    ..\..\Devices\dev_pwm.c                  0x00000000   Number         0  dev_pwm.o ABSOLUTE
    ..\USER\Sourse\bsp_systick.c             0x00000000   Number         0  bsp_systick.o ABSOLUTE
    ..\USER\Sourse\ft32f0xx_it.c             0x00000000   Number         0  ft32f0xx_it.o ABSOLUTE
    ..\USER\Sourse\main.c                    0x00000000   Number         0  main.o ABSOLUTE
    ..\\..\\Devices\\dev_ad9877.c            0x00000000   Number         0  dev_ad9877.o ABSOLUTE
    ..\\..\\Devices\\dev_adc.c               0x00000000   Number         0  dev_adc.o ABSOLUTE
    ..\\..\\Devices\\dev_gpio.c              0x00000000   Number         0  dev_gpio.o ABSOLUTE
    ..\\..\\Devices\\dev_pwm.c               0x00000000   Number         0  dev_pwm.o ABSOLUTE
    ..\\USER\\Sourse\\bsp_systick.c          0x00000000   Number         0  bsp_systick.o ABSOLUTE
    ..\\USER\\Sourse\\ft32f0xx_it.c          0x00000000   Number         0  ft32f0xx_it.o ABSOLUTE
    ..\\USER\\Sourse\\main.c                 0x00000000   Number         0  main.o ABSOLUTE
    App.c                                    0x00000000   Number         0  app.o ABSOLUTE
    App.c                                    0x00000000   Number         0  app.o ABSOLUTE
    D:\Arm\Packs\FMD\FT32F0xx_DFP\1.1.0\Drivers\FT32F0xx_Driver\Src\ft32f0xx_adc.c 0x00000000   Number         0  ft32f0xx_adc.o ABSOLUTE
    D:\Arm\Packs\FMD\FT32F0xx_DFP\1.1.0\Drivers\FT32F0xx_Driver\Src\ft32f0xx_crc.c 0x00000000   Number         0  ft32f0xx_crc.o ABSOLUTE
    D:\Arm\Packs\FMD\FT32F0xx_DFP\1.1.0\Drivers\FT32F0xx_Driver\Src\ft32f0xx_crs.c 0x00000000   Number         0  ft32f0xx_crs.o ABSOLUTE
    D:\Arm\Packs\FMD\FT32F0xx_DFP\1.1.0\Drivers\FT32F0xx_Driver\Src\ft32f0xx_dac.c 0x00000000   Number         0  ft32f0xx_dac.o ABSOLUTE
    D:\Arm\Packs\FMD\FT32F0xx_DFP\1.1.0\Drivers\FT32F0xx_Driver\Src\ft32f0xx_debug.c 0x00000000   Number         0  ft32f0xx_debug.o ABSOLUTE
    D:\Arm\Packs\FMD\FT32F0xx_DFP\1.1.0\Drivers\FT32F0xx_Driver\Src\ft32f0xx_dma.c 0x00000000   Number         0  ft32f0xx_dma.o ABSOLUTE
    D:\Arm\Packs\FMD\FT32F0xx_DFP\1.1.0\Drivers\FT32F0xx_Driver\Src\ft32f0xx_exti.c 0x00000000   Number         0  ft32f0xx_exti.o ABSOLUTE
    D:\Arm\Packs\FMD\FT32F0xx_DFP\1.1.0\Drivers\FT32F0xx_Driver\Src\ft32f0xx_flash.c 0x00000000   Number         0  ft32f0xx_flash.o ABSOLUTE
    D:\Arm\Packs\FMD\FT32F0xx_DFP\1.1.0\Drivers\FT32F0xx_Driver\Src\ft32f0xx_gpio.c 0x00000000   Number         0  ft32f0xx_gpio.o ABSOLUTE
    D:\Arm\Packs\FMD\FT32F0xx_DFP\1.1.0\Drivers\FT32F0xx_Driver\Src\ft32f0xx_i2c.c 0x00000000   Number         0  ft32f0xx_i2c.o ABSOLUTE
    D:\Arm\Packs\FMD\FT32F0xx_DFP\1.1.0\Drivers\FT32F0xx_Driver\Src\ft32f0xx_iwdg.c 0x00000000   Number         0  ft32f0xx_iwdg.o ABSOLUTE
    D:\Arm\Packs\FMD\FT32F0xx_DFP\1.1.0\Drivers\FT32F0xx_Driver\Src\ft32f0xx_misc.c 0x00000000   Number         0  ft32f0xx_misc.o ABSOLUTE
    D:\Arm\Packs\FMD\FT32F0xx_DFP\1.1.0\Drivers\FT32F0xx_Driver\Src\ft32f0xx_pwr.c 0x00000000   Number         0  ft32f0xx_pwr.o ABSOLUTE
    D:\Arm\Packs\FMD\FT32F0xx_DFP\1.1.0\Drivers\FT32F0xx_Driver\Src\ft32f0xx_rcc.c 0x00000000   Number         0  ft32f0xx_rcc.o ABSOLUTE
    D:\Arm\Packs\FMD\FT32F0xx_DFP\1.1.0\Drivers\FT32F0xx_Driver\Src\ft32f0xx_rtc.c 0x00000000   Number         0  ft32f0xx_rtc.o ABSOLUTE
    D:\Arm\Packs\FMD\FT32F0xx_DFP\1.1.0\Drivers\FT32F0xx_Driver\Src\ft32f0xx_spi.c 0x00000000   Number         0  ft32f0xx_spi.o ABSOLUTE
    D:\Arm\Packs\FMD\FT32F0xx_DFP\1.1.0\Drivers\FT32F0xx_Driver\Src\ft32f0xx_syscfg.c 0x00000000   Number         0  ft32f0xx_syscfg.o ABSOLUTE
    D:\Arm\Packs\FMD\FT32F0xx_DFP\1.1.0\Drivers\FT32F0xx_Driver\Src\ft32f0xx_tim.c 0x00000000   Number         0  ft32f0xx_tim.o ABSOLUTE
    D:\Arm\Packs\FMD\FT32F0xx_DFP\1.1.0\Drivers\FT32F0xx_Driver\Src\ft32f0xx_usart.c 0x00000000   Number         0  ft32f0xx_usart.o ABSOLUTE
    D:\Arm\Packs\FMD\FT32F0xx_DFP\1.1.0\Drivers\FT32F0xx_Driver\Src\ft32f0xx_wwdg.c 0x00000000   Number         0  ft32f0xx_wwdg.o ABSOLUTE
    D:\\Arm\\Packs\\FMD\\FT32F0xx_DFP\\1.1.0\\Drivers\\FT32F0xx_Driver\\Src\\ft32f0xx_adc.c 0x00000000   Number         0  ft32f0xx_adc.o ABSOLUTE
    D:\\Arm\\Packs\\FMD\\FT32F0xx_DFP\\1.1.0\\Drivers\\FT32F0xx_Driver\\Src\\ft32f0xx_crc.c 0x00000000   Number         0  ft32f0xx_crc.o ABSOLUTE
    D:\\Arm\\Packs\\FMD\\FT32F0xx_DFP\\1.1.0\\Drivers\\FT32F0xx_Driver\\Src\\ft32f0xx_crs.c 0x00000000   Number         0  ft32f0xx_crs.o ABSOLUTE
    D:\\Arm\\Packs\\FMD\\FT32F0xx_DFP\\1.1.0\\Drivers\\FT32F0xx_Driver\\Src\\ft32f0xx_dac.c 0x00000000   Number         0  ft32f0xx_dac.o ABSOLUTE
    D:\\Arm\\Packs\\FMD\\FT32F0xx_DFP\\1.1.0\\Drivers\\FT32F0xx_Driver\\Src\\ft32f0xx_debug.c 0x00000000   Number         0  ft32f0xx_debug.o ABSOLUTE
    D:\\Arm\\Packs\\FMD\\FT32F0xx_DFP\\1.1.0\\Drivers\\FT32F0xx_Driver\\Src\\ft32f0xx_dma.c 0x00000000   Number         0  ft32f0xx_dma.o ABSOLUTE
    D:\\Arm\\Packs\\FMD\\FT32F0xx_DFP\\1.1.0\\Drivers\\FT32F0xx_Driver\\Src\\ft32f0xx_exti.c 0x00000000   Number         0  ft32f0xx_exti.o ABSOLUTE
    D:\\Arm\\Packs\\FMD\\FT32F0xx_DFP\\1.1.0\\Drivers\\FT32F0xx_Driver\\Src\\ft32f0xx_flash.c 0x00000000   Number         0  ft32f0xx_flash.o ABSOLUTE
    D:\\Arm\\Packs\\FMD\\FT32F0xx_DFP\\1.1.0\\Drivers\\FT32F0xx_Driver\\Src\\ft32f0xx_gpio.c 0x00000000   Number         0  ft32f0xx_gpio.o ABSOLUTE
    D:\\Arm\\Packs\\FMD\\FT32F0xx_DFP\\1.1.0\\Drivers\\FT32F0xx_Driver\\Src\\ft32f0xx_i2c.c 0x00000000   Number         0  ft32f0xx_i2c.o ABSOLUTE
    D:\\Arm\\Packs\\FMD\\FT32F0xx_DFP\\1.1.0\\Drivers\\FT32F0xx_Driver\\Src\\ft32f0xx_iwdg.c 0x00000000   Number         0  ft32f0xx_iwdg.o ABSOLUTE
    D:\\Arm\\Packs\\FMD\\FT32F0xx_DFP\\1.1.0\\Drivers\\FT32F0xx_Driver\\Src\\ft32f0xx_misc.c 0x00000000   Number         0  ft32f0xx_misc.o ABSOLUTE
    D:\\Arm\\Packs\\FMD\\FT32F0xx_DFP\\1.1.0\\Drivers\\FT32F0xx_Driver\\Src\\ft32f0xx_pwr.c 0x00000000   Number         0  ft32f0xx_pwr.o ABSOLUTE
    D:\\Arm\\Packs\\FMD\\FT32F0xx_DFP\\1.1.0\\Drivers\\FT32F0xx_Driver\\Src\\ft32f0xx_rcc.c 0x00000000   Number         0  ft32f0xx_rcc.o ABSOLUTE
    D:\\Arm\\Packs\\FMD\\FT32F0xx_DFP\\1.1.0\\Drivers\\FT32F0xx_Driver\\Src\\ft32f0xx_rtc.c 0x00000000   Number         0  ft32f0xx_rtc.o ABSOLUTE
    D:\\Arm\\Packs\\FMD\\FT32F0xx_DFP\\1.1.0\\Drivers\\FT32F0xx_Driver\\Src\\ft32f0xx_spi.c 0x00000000   Number         0  ft32f0xx_spi.o ABSOLUTE
    D:\\Arm\\Packs\\FMD\\FT32F0xx_DFP\\1.1.0\\Drivers\\FT32F0xx_Driver\\Src\\ft32f0xx_syscfg.c 0x00000000   Number         0  ft32f0xx_syscfg.o ABSOLUTE
    D:\\Arm\\Packs\\FMD\\FT32F0xx_DFP\\1.1.0\\Drivers\\FT32F0xx_Driver\\Src\\ft32f0xx_tim.c 0x00000000   Number         0  ft32f0xx_tim.o ABSOLUTE
    D:\\Arm\\Packs\\FMD\\FT32F0xx_DFP\\1.1.0\\Drivers\\FT32F0xx_Driver\\Src\\ft32f0xx_usart.c 0x00000000   Number         0  ft32f0xx_usart.o ABSOLUTE
    D:\\Arm\\Packs\\FMD\\FT32F0xx_DFP\\1.1.0\\Drivers\\FT32F0xx_Driver\\Src\\ft32f0xx_wwdg.c 0x00000000   Number         0  ft32f0xx_wwdg.o ABSOLUTE
    RTE\Device\FT32F030G8BUx\startup_ft32f030x8.s 0x00000000   Number         0  startup_ft32f030x8.o ABSOLUTE
    RTE\Device\FT32F030G8BUx\system_ft32f0xx.c 0x00000000   Number         0  system_ft32f0xx.o ABSOLUTE
    RTE\\Device\\FT32F030G8BUx\\system_ft32f0xx.c 0x00000000   Number         0  system_ft32f0xx.o ABSOLUTE
    cfcmple.s                                0x00000000   Number         0  cfcmple.o ABSOLUTE
    dc.s                                     0x00000000   Number         0  dc.o ABSOLUTE
    handlers.s                               0x00000000   Number         0  handlers.o ABSOLUTE
    init.s                                   0x00000000   Number         0  init.o ABSOLUTE
    RESET                                    0x08000000   Section      192  startup_ft32f030x8.o(RESET)
    .ARM.Collect$$$$00000000                 0x080000c0   Section        0  entry.o(.ARM.Collect$$$$00000000)
    .ARM.Collect$$$$00000001                 0x080000c0   Section        4  entry2.o(.ARM.Collect$$$$00000001)
    .ARM.Collect$$$$00000004                 0x080000c4   Section        4  entry5.o(.ARM.Collect$$$$00000004)
    .ARM.Collect$$$$00000008                 0x080000c8   Section        0  entry7b.o(.ARM.Collect$$$$00000008)
    .ARM.Collect$$$$0000000A                 0x080000c8   Section        0  entry8b.o(.ARM.Collect$$$$0000000A)
    .ARM.Collect$$$$0000000B                 0x080000c8   Section        8  entry9a.o(.ARM.Collect$$$$0000000B)
    .ARM.Collect$$$$0000000D                 0x080000d0   Section        0  entry10a.o(.ARM.Collect$$$$0000000D)
    .ARM.Collect$$$$0000000F                 0x080000d0   Section        0  entry11a.o(.ARM.Collect$$$$0000000F)
    .ARM.Collect$$$$00002712                 0x080000d0   Section        4  entry2.o(.ARM.Collect$$$$00002712)
    __lit__00000000                          0x080000d0   Data           4  entry2.o(.ARM.Collect$$$$00002712)
    .text                                    0x080000d4   Section       88  startup_ft32f030x8.o(.text)
    .text                                    0x0800012c   Section        0  uidiv.o(.text)
    .text                                    0x08000158   Section        0  fadd.o(.text)
    .text                                    0x0800020a   Section        0  fmul.o(.text)
    .text                                    0x08000284   Section        0  fdiv.o(.text)
    .text                                    0x08000300   Section        0  dadd.o(.text)
    .text                                    0x08000464   Section        0  dmul.o(.text)
    .text                                    0x08000534   Section        0  ddiv.o(.text)
    .text                                    0x08000624   Section        0  fflti.o(.text)
    .text                                    0x0800063c   Section        0  dfltui.o(.text)
    .text                                    0x08000658   Section        0  dfixi.o(.text)
    .text                                    0x080006a0   Section        0  dfixui.o(.text)
    .text                                    0x080006dc   Section        0  f2d.o(.text)
    .text                                    0x08000704   Section        0  d2f.o(.text)
    .text                                    0x0800073c   Section       20  cfcmple.o(.text)
    .text                                    0x08000750   Section        0  llshl.o(.text)
    .text                                    0x08000770   Section        0  llushr.o(.text)
    .text                                    0x08000792   Section        0  llsshr.o(.text)
    .text                                    0x080007b8   Section        0  iusefp.o(.text)
    .text                                    0x080007b8   Section        0  fepilogue.o(.text)
    .text                                    0x0800083a   Section        0  depilogue.o(.text)
    .text                                    0x080008f8   Section       36  init.o(.text)
    i.AD9833_Delay                           0x0800091c   Section        0  dev_ad9877.o(i.AD9833_Delay)
    AD9833_Delay                             0x0800091d   Thumb Code    14  dev_ad9877.o(i.AD9833_Delay)
    i.AD9833_FSYNC_Set                       0x0800092a   Section        0  dev_ad9877.o(i.AD9833_FSYNC_Set)
    AD9833_FSYNC_Set                         0x0800092b   Thumb Code    16  dev_ad9877.o(i.AD9833_FSYNC_Set)
    i.AD9833_InitIo                          0x0800093a   Section        0  dev_ad9877.o(i.AD9833_InitIo)
    i.AD9833_SCLK_Set                        0x08000958   Section        0  dev_ad9877.o(i.AD9833_SCLK_Set)
    AD9833_SCLK_Set                          0x08000959   Thumb Code    16  dev_ad9877.o(i.AD9833_SCLK_Set)
    i.AD9833_SDATA_Set                       0x08000968   Section        0  dev_ad9877.o(i.AD9833_SDATA_Set)
    AD9833_SDATA_Set                         0x08000969   Thumb Code    16  dev_ad9877.o(i.AD9833_SDATA_Set)
    i.AD9833_SendData                        0x08000978   Section        0  dev_ad9877.o(i.AD9833_SendData)
    AD9833_SendData                          0x08000979   Thumb Code   108  dev_ad9877.o(i.AD9833_SendData)
    i.AD9833_SendFrequency                   0x080009e4   Section        0  dev_ad9877.o(i.AD9833_SendFrequency)
    AD9833_SendFrequency                     0x080009e5   Thumb Code   136  dev_ad9877.o(i.AD9833_SendFrequency)
    i.AD9833_SendPhase                       0x08000a78   Section        0  dev_ad9877.o(i.AD9833_SendPhase)
    AD9833_SendPhase                         0x08000a79   Thumb Code    26  dev_ad9877.o(i.AD9833_SendPhase)
    i.AD9833_SendWave                        0x08000a92   Section        0  dev_ad9877.o(i.AD9833_SendWave)
    AD9833_SendWave                          0x08000a93   Thumb Code    34  dev_ad9877.o(i.AD9833_SendWave)
    i.AD9833_SetPara                         0x08000ab4   Section        0  dev_ad9877.o(i.AD9833_SetPara)
    i.ADC_ChannelConfig                      0x08000b18   Section        0  ft32f0xx_adc.o(i.ADC_ChannelConfig)
    i.ADC_Cmd                                0x08000b30   Section        0  ft32f0xx_adc.o(i.ADC_Cmd)
    i.ADC_DMACmd                             0x08000b48   Section        0  ft32f0xx_adc.o(i.ADC_DMACmd)
    i.ADC_DMARequestModeConfig               0x08000b60   Section        0  ft32f0xx_adc.o(i.ADC_DMARequestModeConfig)
    i.ADC_DMA_Config                         0x08000b70   Section        0  main.o(i.ADC_DMA_Config)
    i.ADC_DeInit                             0x08000c68   Section        0  ft32f0xx_adc.o(i.ADC_DeInit)
    i.ADC_GetCalibrationFactor               0x08000c88   Section        0  ft32f0xx_adc.o(i.ADC_GetCalibrationFactor)
    i.ADC_GetFlagStatus                      0x08000cc4   Section        0  ft32f0xx_adc.o(i.ADC_GetFlagStatus)
    i.ADC_Init                               0x08000cf4   Section        0  ft32f0xx_adc.o(i.ADC_Init)
    i.ADC_MainFunc                           0x08000d20   Section        0  dev_adc.o(i.ADC_MainFunc)
    i.ADC_StartOfConversion                  0x08000e58   Section        0  ft32f0xx_adc.o(i.ADC_StartOfConversion)
    i.ADC_StructInit                         0x08000e62   Section        0  ft32f0xx_adc.o(i.ADC_StructInit)
    i.APP_Start                              0x08000e72   Section        0  app.o(i.APP_Start)
    i.Beep_MainFunc                          0x08000e8c   Section        0  app.o(i.Beep_MainFunc)
    i.Beep_OFF                               0x08000f1c   Section        0  app.o(i.Beep_OFF)
    Beep_OFF                                 0x08000f1d   Thumb Code    12  app.o(i.Beep_OFF)
    i.Beep_ON                                0x08000f28   Section        0  app.o(i.Beep_ON)
    Beep_ON                                  0x08000f29   Thumb Code    12  app.o(i.Beep_ON)
    i.DMA_ClearFlag                          0x08000f34   Section        0  ft32f0xx_dma.o(i.DMA_ClearFlag)
    i.DMA_Cmd                                0x08000f48   Section        0  ft32f0xx_dma.o(i.DMA_Cmd)
    i.DMA_DeInit                             0x08000f64   Section        0  ft32f0xx_dma.o(i.DMA_DeInit)
    i.DMA_GetFlagStatus                      0x08001004   Section        0  ft32f0xx_dma.o(i.DMA_GetFlagStatus)
    i.DMA_Init                               0x0800102c   Section        0  ft32f0xx_dma.o(i.DMA_Init)
    i.Delay                                  0x0800106c   Section        0  bsp_systick.o(i.Delay)
    i.DevGpio_ReadInPut                      0x08001084   Section        0  dev_gpio.o(i.DevGpio_ReadInPut)
    i.DevGpio_SetOutPut                      0x080010a8   Section        0  dev_gpio.o(i.DevGpio_SetOutPut)
    i.Devpwm_SetDuty                         0x080010cc   Section        0  dev_pwm.o(i.Devpwm_SetDuty)
    i.EXTI4_15_IRQHandler                    0x080010e4   Section        0  ft32f0xx_it.o(i.EXTI4_15_IRQHandler)
    i.EXTI_ClearITPendingBit                 0x08001160   Section        0  ft32f0xx_exti.o(i.EXTI_ClearITPendingBit)
    i.EXTI_GetITStatus                       0x0800116c   Section        0  ft32f0xx_exti.o(i.EXTI_GetITStatus)
    i.EXTI_Init                              0x08001188   Section        0  ft32f0xx_exti.o(i.EXTI_Init)
    i.FT32_EXIT_Init                         0x08001210   Section        0  main.o(i.FT32_EXIT_Init)
    i.FT32_GPIOA_Init                        0x0800127a   Section        0  main.o(i.FT32_GPIOA_Init)
    i.FT32_GPIOB_Init                        0x080012d8   Section        0  main.o(i.FT32_GPIOB_Init)
    i.GPIO_Init                              0x08001320   Section        0  ft32f0xx_gpio.o(i.GPIO_Init)
    i.GPIO_PinAFConfig                       0x080013b0   Section        0  ft32f0xx_gpio.o(i.GPIO_PinAFConfig)
    i.GPIO_ReadInputDataBit                  0x080013f4   Section        0  ft32f0xx_gpio.o(i.GPIO_ReadInputDataBit)
    i.GPIO_ReadMainFunc                      0x08001408   Section        0  dev_gpio.o(i.GPIO_ReadMainFunc)
    i.GPIO_ToggleBit                         0x08001430   Section        0  dev_gpio.o(i.GPIO_ToggleBit)
    i.GPIO_WriteBit                          0x08001454   Section        0  ft32f0xx_gpio.o(i.GPIO_WriteBit)
    i.HardFault_Handler                      0x08001460   Section        0  ft32f0xx_it.o(i.HardFault_Handler)
    i.LED_Init                               0x08001464   Section        0  app.o(i.LED_Init)
    i.LED_MainFunc                           0x08001478   Section        0  app.o(i.LED_MainFunc)
    i.Lipus_MainFunc                         0x08001520   Section        0  app.o(i.Lipus_MainFunc)
    i.NMI_Handler                            0x080015b8   Section        0  ft32f0xx_it.o(i.NMI_Handler)
    i.NVIC_Init                              0x080015bc   Section        0  ft32f0xx_misc.o(i.NVIC_Init)
    i.NVIC_SetPriority                       0x0800162c   Section        0  bsp_systick.o(i.NVIC_SetPriority)
    NVIC_SetPriority                         0x0800162d   Thumb Code   110  bsp_systick.o(i.NVIC_SetPriority)
    i.PendSV_Handler                         0x080016a4   Section        0  ft32f0xx_it.o(i.PendSV_Handler)
    i.Power_Init                             0x080016a6   Section        0  app.o(i.Power_Init)
    i.RCC_AHBPeriphClockCmd                  0x080016a8   Section        0  ft32f0xx_rcc.o(i.RCC_AHBPeriphClockCmd)
    i.RCC_APB1PeriphClockCmd                 0x080016c8   Section        0  ft32f0xx_rcc.o(i.RCC_APB1PeriphClockCmd)
    i.RCC_APB2PeriphClockCmd                 0x080016e8   Section        0  ft32f0xx_rcc.o(i.RCC_APB2PeriphClockCmd)
    i.RCC_APB2PeriphResetCmd                 0x08001708   Section        0  ft32f0xx_rcc.o(i.RCC_APB2PeriphResetCmd)
    i.SVC_Handler                            0x08001728   Section        0  ft32f0xx_it.o(i.SVC_Handler)
    i.SYSCFG_EXTILineConfig                  0x0800172c   Section        0  ft32f0xx_syscfg.o(i.SYSCFG_EXTILineConfig)
    i.SetSysClock                            0x0800176c   Section        0  system_ft32f0xx.o(i.SetSysClock)
    SetSysClock                              0x0800176d   Thumb Code     8  system_ft32f0xx.o(i.SetSysClock)
    i.SetSysClockTo72                        0x08001774   Section        0  system_ft32f0xx.o(i.SetSysClockTo72)
    SetSysClockTo72                          0x08001775   Thumb Code   200  system_ft32f0xx.o(i.SetSysClockTo72)
    i.Set_PWM1_Duty                          0x08001844   Section        0  dev_pwm.o(i.Set_PWM1_Duty)
    Set_PWM1_Duty                            0x08001845   Thumb Code    22  dev_pwm.o(i.Set_PWM1_Duty)
    i.Set_PWM2_Duty                          0x08001860   Section        0  dev_pwm.o(i.Set_PWM2_Duty)
    Set_PWM2_Duty                            0x08001861   Thumb Code    42  dev_pwm.o(i.Set_PWM2_Duty)
    i.Set_PWM3_Duty                          0x08001894   Section        0  dev_pwm.o(i.Set_PWM3_Duty)
    Set_PWM3_Duty                            0x08001895   Thumb Code    42  dev_pwm.o(i.Set_PWM3_Duty)
    i.SysTick_Handler                        0x080018cc   Section        0  ft32f0xx_it.o(i.SysTick_Handler)
    i.SystemCoreClockUpdate                  0x080018d4   Section        0  system_ft32f0xx.o(i.SystemCoreClockUpdate)
    i.SystemInit                             0x08001984   Section        0  system_ft32f0xx.o(i.SystemInit)
    i.SystickInit                            0x08001a00   Section        0  bsp_systick.o(i.SystickInit)
    i.TIM17_IRQHandler                       0x08001a50   Section        0  ft32f0xx_it.o(i.TIM17_IRQHandler)
    i.TIM_ClearITPendingBit                  0x08001af4   Section        0  ft32f0xx_tim.o(i.TIM_ClearITPendingBit)
    i.TIM_Cmd                                0x08001afc   Section        0  ft32f0xx_tim.o(i.TIM_Cmd)
    i.TIM_CtrlPWMOutputs                     0x08001b18   Section        0  ft32f0xx_tim.o(i.TIM_CtrlPWMOutputs)
    i.TIM_GetITStatus                        0x08001b3a   Section        0  ft32f0xx_tim.o(i.TIM_GetITStatus)
    i.TIM_ITConfig                           0x08001b60   Section        0  ft32f0xx_tim.o(i.TIM_ITConfig)
    i.TIM_OC1Init                            0x08001b74   Section        0  ft32f0xx_tim.o(i.TIM_OC1Init)
    i.TIM_SetCompare1                        0x08001c08   Section        0  ft32f0xx_tim.o(i.TIM_SetCompare1)
    i.TIM_TimeBaseInit                       0x08001c0c   Section        0  ft32f0xx_tim.o(i.TIM_TimeBaseInit)
    i.Tim14BaseInit                          0x08001c88   Section        0  main.o(i.Tim14BaseInit)
    i.Tim16BaseInit                          0x08001d24   Section        0  main.o(i.Tim16BaseInit)
    i.Tim17BaseInit                          0x08001dc0   Section        0  main.o(i.Tim17BaseInit)
    i.Tim3BaseInit                           0x08001e1c   Section        0  main.o(i.Tim3BaseInit)
    i.TimingDelay_Decrement                  0x08001ec0   Section        0  bsp_systick.o(i.TimingDelay_Decrement)
    i.__ARM_clz                              0x08001ed8   Section        0  depilogue.o(i.__ARM_clz)
    i.__scatterload_copy                     0x08001f06   Section       14  handlers.o(i.__scatterload_copy)
    i.__scatterload_null                     0x08001f14   Section        2  handlers.o(i.__scatterload_null)
    i.__scatterload_zeroinit                 0x08001f16   Section       14  handlers.o(i.__scatterload_zeroinit)
    i.look1_iflf_binlxpw                     0x08001f24   Section        0  dev_adc.o(i.look1_iflf_binlxpw)
    i.main                                   0x0800200c   Section        0  main.o(i.main)
    .constdata                               0x0800206c   Section     1280  dev_adc.o(.constdata)
    .constdata                               0x0800256c   Section       12  dev_pwm.o(.constdata)
    set_pwm_duty                             0x0800256c   Data          12  dev_pwm.o(.constdata)
    .data                                    0x20000000   Section       24  ft32f0xx_it.o(.data)
    Status                                   0x20000017   Data           1  ft32f0xx_it.o(.data)
    .data                                    0x20000018   Section       16  main.o(.data)
    .data                                    0x20000028   Section        4  bsp_systick.o(.data)
    TimingDelay                              0x20000028   Data           4  bsp_systick.o(.data)
    .data                                    0x2000002c   Section        5  app.o(.data)
    BeepStart                                0x2000002e   Data           1  app.o(.data)
    BeepCount                                0x2000002f   Data           1  app.o(.data)
    WorkStart_Flg_old                        0x20000030   Data           1  app.o(.data)
    .data                                    0x20000034   Section       20  dev_adc.o(.data)
    Vol                                      0x20000038   Data           4  dev_adc.o(.data)
    Temp_V                                   0x2000003c   Data           4  dev_adc.o(.data)
    Temp_R                                   0x20000040   Data           4  dev_adc.o(.data)
    Temp_T                                   0x20000044   Data           4  dev_adc.o(.data)
    .data                                    0x20000048   Section       92  dev_gpio.o(.data)
    dev_gpio_handle                          0x2000004c   Data          88  dev_gpio.o(.data)
    .data                                    0x200000a4   Section       20  system_ft32f0xx.o(.data)
    STACK                                    0x200000b8   Section     1024  startup_ft32f030x8.o(STACK)

    Global Symbols

    Symbol Name                              Value     Ov Type        Size  Object(Section)

    BuildAttributes$$THM_ISAv3M$S$PE$A:L22$X:L11$S22$IEEE1$IW$USESV6$~STKCKD$USESV7$~SHL$OTIME$ROPI$EBA8$MICROLIB$REQ8$PRES8$EABIv2 0x00000000   Number         0  anon$$obj.o ABSOLUTE
    __ARM_use_no_argv                        0x00000000   Number         0  main.o ABSOLUTE
    __cpp_initialize__aeabi_                  - Undefined Weak Reference
    __cxa_finalize                            - Undefined Weak Reference
    __decompress                              - Undefined Weak Reference
    _clock_init                               - Undefined Weak Reference
    _microlib_exit                            - Undefined Weak Reference
    __Vectors_Size                           0x000000c0   Number         0  startup_ft32f030x8.o ABSOLUTE
    __Vectors                                0x08000000   Data           4  startup_ft32f030x8.o(RESET)
    __Vectors_End                            0x080000c0   Data           0  startup_ft32f030x8.o(RESET)
    __main                                   0x080000c1   Thumb Code     0  entry.o(.ARM.Collect$$$$00000000)
    _main_stk                                0x080000c1   Thumb Code     0  entry2.o(.ARM.Collect$$$$00000001)
    _main_scatterload                        0x080000c5   Thumb Code     0  entry5.o(.ARM.Collect$$$$00000004)
    __main_after_scatterload                 0x080000c9   Thumb Code     0  entry5.o(.ARM.Collect$$$$00000004)
    _main_clock                              0x080000c9   Thumb Code     0  entry7b.o(.ARM.Collect$$$$00000008)
    _main_cpp_init                           0x080000c9   Thumb Code     0  entry8b.o(.ARM.Collect$$$$0000000A)
    _main_init                               0x080000c9   Thumb Code     0  entry9a.o(.ARM.Collect$$$$0000000B)
    __rt_final_cpp                           0x080000d1   Thumb Code     0  entry10a.o(.ARM.Collect$$$$0000000D)
    __rt_final_exit                          0x080000d1   Thumb Code     0  entry11a.o(.ARM.Collect$$$$0000000F)
    Reset_Handler                            0x080000d5   Thumb Code    38  startup_ft32f030x8.o(.text)
    ADC1_IRQHandler                          0x08000105   Thumb Code     0  startup_ft32f030x8.o(.text)
    DMA1_Channel1_IRQHandler                 0x08000105   Thumb Code     0  startup_ft32f030x8.o(.text)
    DMA1_Channel2_3_IRQHandler               0x08000105   Thumb Code     0  startup_ft32f030x8.o(.text)
    DMA1_Channel4_5_IRQHandler               0x08000105   Thumb Code     0  startup_ft32f030x8.o(.text)
    EXTI0_1_IRQHandler                       0x08000105   Thumb Code     0  startup_ft32f030x8.o(.text)
    EXTI2_3_IRQHandler                       0x08000105   Thumb Code     0  startup_ft32f030x8.o(.text)
    FLASH_IRQHandler                         0x08000105   Thumb Code     0  startup_ft32f030x8.o(.text)
    I2C1_IRQHandler                          0x08000105   Thumb Code     0  startup_ft32f030x8.o(.text)
    I2C2_IRQHandler                          0x08000105   Thumb Code     0  startup_ft32f030x8.o(.text)
    PVD_VDDIO_IRQHandler                     0x08000105   Thumb Code     0  startup_ft32f030x8.o(.text)
    RCC_IRQHandler                           0x08000105   Thumb Code     0  startup_ft32f030x8.o(.text)
    RTC_IRQHandler                           0x08000105   Thumb Code     0  startup_ft32f030x8.o(.text)
    SPI1_IRQHandler                          0x08000105   Thumb Code     0  startup_ft32f030x8.o(.text)
    SPI2_IRQHandler                          0x08000105   Thumb Code     0  startup_ft32f030x8.o(.text)
    TIM14_IRQHandler                         0x08000105   Thumb Code     0  startup_ft32f030x8.o(.text)
    TIM15_IRQHandler                         0x08000105   Thumb Code     0  startup_ft32f030x8.o(.text)
    TIM16_IRQHandler                         0x08000105   Thumb Code     0  startup_ft32f030x8.o(.text)
    TIM1_BRK_UP_TRG_COM_IRQHandler           0x08000105   Thumb Code     0  startup_ft32f030x8.o(.text)
    TIM1_CC_IRQHandler                       0x08000105   Thumb Code     0  startup_ft32f030x8.o(.text)
    TIM3_IRQHandler                          0x08000105   Thumb Code     0  startup_ft32f030x8.o(.text)
    TIM6_IRQHandler                          0x08000105   Thumb Code     0  startup_ft32f030x8.o(.text)
    USART1_IRQHandler                        0x08000105   Thumb Code     0  startup_ft32f030x8.o(.text)
    USART2_IRQHandler                        0x08000105   Thumb Code     0  startup_ft32f030x8.o(.text)
    USB_IRQHandler                           0x08000105   Thumb Code     0  startup_ft32f030x8.o(.text)
    WWDG_IRQHandler                          0x08000105   Thumb Code     0  startup_ft32f030x8.o(.text)
    __aeabi_uidiv                            0x0800012d   Thumb Code     0  uidiv.o(.text)
    __aeabi_uidivmod                         0x0800012d   Thumb Code    44  uidiv.o(.text)
    __aeabi_fadd                             0x08000159   Thumb Code   162  fadd.o(.text)
    __aeabi_fsub                             0x080001fb   Thumb Code     8  fadd.o(.text)
    __aeabi_frsub                            0x08000203   Thumb Code     8  fadd.o(.text)
    __aeabi_fmul                             0x0800020b   Thumb Code   122  fmul.o(.text)
    __aeabi_fdiv                             0x08000285   Thumb Code   124  fdiv.o(.text)
    __aeabi_dadd                             0x08000301   Thumb Code   328  dadd.o(.text)
    __aeabi_dsub                             0x08000449   Thumb Code    12  dadd.o(.text)
    __aeabi_drsub                            0x08000455   Thumb Code    12  dadd.o(.text)
    __aeabi_dmul                             0x08000465   Thumb Code   202  dmul.o(.text)
    __aeabi_ddiv                             0x08000535   Thumb Code   234  ddiv.o(.text)
    __aeabi_i2f                              0x08000625   Thumb Code    22  fflti.o(.text)
    __aeabi_ui2d                             0x0800063d   Thumb Code    24  dfltui.o(.text)
    __aeabi_d2iz                             0x08000659   Thumb Code    62  dfixi.o(.text)
    __aeabi_d2uiz                            0x080006a1   Thumb Code    50  dfixui.o(.text)
    __aeabi_f2d                              0x080006dd   Thumb Code    40  f2d.o(.text)
    __aeabi_d2f                              0x08000705   Thumb Code    56  d2f.o(.text)
    __aeabi_cfcmpeq                          0x0800073d   Thumb Code     0  cfcmple.o(.text)
    __aeabi_cfcmple                          0x0800073d   Thumb Code    20  cfcmple.o(.text)
    __aeabi_llsl                             0x08000751   Thumb Code    32  llshl.o(.text)
    _ll_shift_l                              0x08000751   Thumb Code     0  llshl.o(.text)
    __aeabi_llsr                             0x08000771   Thumb Code    34  llushr.o(.text)
    _ll_ushift_r                             0x08000771   Thumb Code     0  llushr.o(.text)
    __aeabi_lasr                             0x08000793   Thumb Code    38  llsshr.o(.text)
    _ll_sshift_r                             0x08000793   Thumb Code     0  llsshr.o(.text)
    __I$use$fp                               0x080007b9   Thumb Code     0  iusefp.o(.text)
    _float_round                             0x080007b9   Thumb Code    16  fepilogue.o(.text)
    _float_epilogue                          0x080007c9   Thumb Code   114  fepilogue.o(.text)
    _double_round                            0x0800083b   Thumb Code    26  depilogue.o(.text)
    _double_epilogue                         0x08000855   Thumb Code   164  depilogue.o(.text)
    __scatterload                            0x080008f9   Thumb Code    28  init.o(.text)
    __scatterload_rt2                        0x080008f9   Thumb Code     0  init.o(.text)
    AD9833_InitIo                            0x0800093b   Thumb Code    30  dev_ad9877.o(i.AD9833_InitIo)
    AD9833_SetPara                           0x08000ab5   Thumb Code   100  dev_ad9877.o(i.AD9833_SetPara)
    ADC_ChannelConfig                        0x08000b19   Thumb Code    24  ft32f0xx_adc.o(i.ADC_ChannelConfig)
    ADC_Cmd                                  0x08000b31   Thumb Code    24  ft32f0xx_adc.o(i.ADC_Cmd)
    ADC_DMACmd                               0x08000b49   Thumb Code    24  ft32f0xx_adc.o(i.ADC_DMACmd)
    ADC_DMARequestModeConfig                 0x08000b61   Thumb Code    16  ft32f0xx_adc.o(i.ADC_DMARequestModeConfig)
    ADC_DMA_Config                           0x08000b71   Thumb Code   234  main.o(i.ADC_DMA_Config)
    ADC_DeInit                               0x08000c69   Thumb Code    28  ft32f0xx_adc.o(i.ADC_DeInit)
    ADC_GetCalibrationFactor                 0x08000c89   Thumb Code    60  ft32f0xx_adc.o(i.ADC_GetCalibrationFactor)
    ADC_GetFlagStatus                        0x08000cc5   Thumb Code    48  ft32f0xx_adc.o(i.ADC_GetFlagStatus)
    ADC_Init                                 0x08000cf5   Thumb Code    40  ft32f0xx_adc.o(i.ADC_Init)
    ADC_MainFunc                             0x08000d21   Thumb Code   234  dev_adc.o(i.ADC_MainFunc)
    ADC_StartOfConversion                    0x08000e59   Thumb Code    10  ft32f0xx_adc.o(i.ADC_StartOfConversion)
    ADC_StructInit                           0x08000e63   Thumb Code    16  ft32f0xx_adc.o(i.ADC_StructInit)
    APP_Start                                0x08000e73   Thumb Code    24  app.o(i.APP_Start)
    Beep_MainFunc                            0x08000e8d   Thumb Code   126  app.o(i.Beep_MainFunc)
    DMA_ClearFlag                            0x08000f35   Thumb Code    16  ft32f0xx_dma.o(i.DMA_ClearFlag)
    DMA_Cmd                                  0x08000f49   Thumb Code    24  ft32f0xx_dma.o(i.DMA_Cmd)
    DMA_DeInit                               0x08000f65   Thumb Code   152  ft32f0xx_dma.o(i.DMA_DeInit)
    DMA_GetFlagStatus                        0x08001005   Thumb Code    36  ft32f0xx_dma.o(i.DMA_GetFlagStatus)
    DMA_Init                                 0x0800102d   Thumb Code    58  ft32f0xx_dma.o(i.DMA_Init)
    Delay                                    0x0800106d   Thumb Code    20  bsp_systick.o(i.Delay)
    DevGpio_ReadInPut                        0x08001085   Thumb Code    30  dev_gpio.o(i.DevGpio_ReadInPut)
    DevGpio_SetOutPut                        0x080010a9   Thumb Code    30  dev_gpio.o(i.DevGpio_SetOutPut)
    Devpwm_SetDuty                           0x080010cd   Thumb Code    18  dev_pwm.o(i.Devpwm_SetDuty)
    EXTI4_15_IRQHandler                      0x080010e5   Thumb Code   110  ft32f0xx_it.o(i.EXTI4_15_IRQHandler)
    EXTI_ClearITPendingBit                   0x08001161   Thumb Code     6  ft32f0xx_exti.o(i.EXTI_ClearITPendingBit)
    EXTI_GetITStatus                         0x0800116d   Thumb Code    22  ft32f0xx_exti.o(i.EXTI_GetITStatus)
    EXTI_Init                                0x08001189   Thumb Code   132  ft32f0xx_exti.o(i.EXTI_Init)
    FT32_EXIT_Init                           0x08001211   Thumb Code   106  main.o(i.FT32_EXIT_Init)
    FT32_GPIOA_Init                          0x0800127b   Thumb Code    94  main.o(i.FT32_GPIOA_Init)
    FT32_GPIOB_Init                          0x080012d9   Thumb Code    64  main.o(i.FT32_GPIOB_Init)
    GPIO_Init                                0x08001321   Thumb Code   144  ft32f0xx_gpio.o(i.GPIO_Init)
    GPIO_PinAFConfig                         0x080013b1   Thumb Code    68  ft32f0xx_gpio.o(i.GPIO_PinAFConfig)
    GPIO_ReadInputDataBit                    0x080013f5   Thumb Code    20  ft32f0xx_gpio.o(i.GPIO_ReadInputDataBit)
    GPIO_ReadMainFunc                        0x08001409   Thumb Code    32  dev_gpio.o(i.GPIO_ReadMainFunc)
    GPIO_ToggleBit                           0x08001431   Thumb Code    30  dev_gpio.o(i.GPIO_ToggleBit)
    GPIO_WriteBit                            0x08001455   Thumb Code    12  ft32f0xx_gpio.o(i.GPIO_WriteBit)
    HardFault_Handler                        0x08001461   Thumb Code     4  ft32f0xx_it.o(i.HardFault_Handler)
    LED_Init                                 0x08001465   Thumb Code    20  app.o(i.LED_Init)
    LED_MainFunc                             0x08001479   Thumb Code   146  app.o(i.LED_MainFunc)
    Lipus_MainFunc                           0x08001521   Thumb Code   142  app.o(i.Lipus_MainFunc)
    NMI_Handler                              0x080015b9   Thumb Code     2  ft32f0xx_it.o(i.NMI_Handler)
    NVIC_Init                                0x080015bd   Thumb Code   106  ft32f0xx_misc.o(i.NVIC_Init)
    PendSV_Handler                           0x080016a5   Thumb Code     2  ft32f0xx_it.o(i.PendSV_Handler)
    Power_Init                               0x080016a7   Thumb Code     2  app.o(i.Power_Init)
    RCC_AHBPeriphClockCmd                    0x080016a9   Thumb Code    28  ft32f0xx_rcc.o(i.RCC_AHBPeriphClockCmd)
    RCC_APB1PeriphClockCmd                   0x080016c9   Thumb Code    28  ft32f0xx_rcc.o(i.RCC_APB1PeriphClockCmd)
    RCC_APB2PeriphClockCmd                   0x080016e9   Thumb Code    28  ft32f0xx_rcc.o(i.RCC_APB2PeriphClockCmd)
    RCC_APB2PeriphResetCmd                   0x08001709   Thumb Code    28  ft32f0xx_rcc.o(i.RCC_APB2PeriphResetCmd)
    SVC_Handler                              0x08001729   Thumb Code     2  ft32f0xx_it.o(i.SVC_Handler)
    SYSCFG_EXTILineConfig                    0x0800172d   Thumb Code    60  ft32f0xx_syscfg.o(i.SYSCFG_EXTILineConfig)
    SysTick_Handler                          0x080018cd   Thumb Code     8  ft32f0xx_it.o(i.SysTick_Handler)
    SystemCoreClockUpdate                    0x080018d5   Thumb Code   154  system_ft32f0xx.o(i.SystemCoreClockUpdate)
    SystemInit                               0x08001985   Thumb Code   110  system_ft32f0xx.o(i.SystemInit)
    SystickInit                              0x08001a01   Thumb Code    68  bsp_systick.o(i.SystickInit)
    TIM17_IRQHandler                         0x08001a51   Thumb Code   126  ft32f0xx_it.o(i.TIM17_IRQHandler)
    TIM_ClearITPendingBit                    0x08001af5   Thumb Code     6  ft32f0xx_tim.o(i.TIM_ClearITPendingBit)
    TIM_Cmd                                  0x08001afd   Thumb Code    24  ft32f0xx_tim.o(i.TIM_Cmd)
    TIM_CtrlPWMOutputs                       0x08001b19   Thumb Code    34  ft32f0xx_tim.o(i.TIM_CtrlPWMOutputs)
    TIM_GetITStatus                          0x08001b3b   Thumb Code    38  ft32f0xx_tim.o(i.TIM_GetITStatus)
    TIM_ITConfig                             0x08001b61   Thumb Code    20  ft32f0xx_tim.o(i.TIM_ITConfig)
    TIM_OC1Init                              0x08001b75   Thumb Code   122  ft32f0xx_tim.o(i.TIM_OC1Init)
    TIM_SetCompare1                          0x08001c09   Thumb Code     4  ft32f0xx_tim.o(i.TIM_SetCompare1)
    TIM_TimeBaseInit                         0x08001c0d   Thumb Code    90  ft32f0xx_tim.o(i.TIM_TimeBaseInit)
    Tim14BaseInit                            0x08001c89   Thumb Code   146  main.o(i.Tim14BaseInit)
    Tim16BaseInit                            0x08001d25   Thumb Code   148  main.o(i.Tim16BaseInit)
    Tim17BaseInit                            0x08001dc1   Thumb Code    84  main.o(i.Tim17BaseInit)
    Tim3BaseInit                             0x08001e1d   Thumb Code   148  main.o(i.Tim3BaseInit)
    TimingDelay_Decrement                    0x08001ec1   Thumb Code    20  bsp_systick.o(i.TimingDelay_Decrement)
    __ARM_clz                                0x08001ed9   Thumb Code    46  depilogue.o(i.__ARM_clz)
    __scatterload_copy                       0x08001f07   Thumb Code    14  handlers.o(i.__scatterload_copy)
    __scatterload_null                       0x08001f15   Thumb Code     2  handlers.o(i.__scatterload_null)
    __scatterload_zeroinit                   0x08001f17   Thumb Code    14  handlers.o(i.__scatterload_zeroinit)
    look1_iflf_binlxpw                       0x08001f25   Thumb Code   232  dev_adc.o(i.look1_iflf_binlxpw)
    main                                     0x0800200d   Thumb Code    92  main.o(i.main)
    INP_HWTemp1_R                            0x0800206c   Data         640  dev_adc.o(.constdata)
    OUT_HWTemp1_T                            0x080022ec   Data         640  dev_adc.o(.constdata)
    Region$$Table$$Base                      0x08002578   Number         0  anon$$obj.o(Region$$Table)
    Region$$Table$$Limit                     0x08002598   Number         0  anon$$obj.o(Region$$Table)
    KEY1_Count                               0x20000000   Data           4  ft32f0xx_it.o(.data)
    Beep_Count                               0x20000004   Data           4  ft32f0xx_it.o(.data)
    KEY2_Count                               0x20000008   Data           4  ft32f0xx_it.o(.data)
    KEY1_Flg                                 0x2000000c   Data           1  ft32f0xx_it.o(.data)
    KEY2_Flg                                 0x2000000d   Data           1  ft32f0xx_it.o(.data)
    Beep_Flg                                 0x2000000e   Data           1  ft32f0xx_it.o(.data)
    Beep_SatrtFlg                            0x2000000f   Data           1  ft32f0xx_it.o(.data)
    LED_RED_Flg                              0x20000010   Data           1  ft32f0xx_it.o(.data)
    LED_GREEN_Flg                            0x20000011   Data           1  ft32f0xx_it.o(.data)
    RED_Count                                0x20000012   Data           2  ft32f0xx_it.o(.data)
    GREEN_Count                              0x20000014   Data           2  ft32f0xx_it.o(.data)
    WorkStart_Flg                            0x20000016   Data           1  ft32f0xx_it.o(.data)
    step                                     0x20000018   Data           1  main.o(.data)
    ch_gpio                                  0x20000019   Data           1  main.o(.data)
    ch_pwm                                   0x2000001a   Data           1  main.o(.data)
    Bat_Stdby                                0x2000001b   Data           1  main.o(.data)
    Bat_Charge                               0x2000001c   Data           1  main.o(.data)
    duty                                     0x2000001d   Data           1  main.o(.data)
    Monitoring                               0x2000001e   Data           1  main.o(.data)
    Val                                      0x2000001f   Data           1  main.o(.data)
    DMA_DualConvertedValue                   0x20000020   Data           4  main.o(.data)
    lsi_freq                                 0x20000024   Data           4  main.o(.data)
    Led_RedFlg                               0x2000002c   Data           1  app.o(.data)
    Led_GreenFlg                             0x2000002d   Data           1  app.o(.data)
    Battery_vol                              0x20000034   Data           4  dev_adc.o(.data)
    Chrg_Flg                                 0x20000048   Data           1  dev_gpio.o(.data)
    Stdby_Flg                                0x20000049   Data           1  dev_gpio.o(.data)
    SystemCoreClock                          0x200000a4   Data           4  system_ft32f0xx.o(.data)
    AHBPrescTable                            0x200000a8   Data          16  system_ft32f0xx.o(.data)
    __initial_sp                             0x200004b8   Data           0  startup_ft32f030x8.o(STACK)



==============================================================================

Memory Map of the image

  Image Entry point : 0x080000d5

  Load Region LR_1 (Base: 0x08000000, Size: 0x00002650, Max: 0xffffffff, ABSOLUTE)

    Execution Region ER_RO (Exec base: 0x08000000, Load base: 0x08000000, Size: 0x00002598, Max: 0xffffffff, ABSOLUTE)

    Exec Addr    Load Addr    Size         Type   Attr      Idx    E Section Name        Object

    0x08000000   0x08000000   0x000000c0   Data   RO         3686    RESET               startup_ft32f030x8.o
    0x080000c0   0x080000c0   0x00000000   Code   RO         3740  * .ARM.Collect$$$$00000000  mc_p.l(entry.o)
    0x080000c0   0x080000c0   0x00000004   Code   RO         3771    .ARM.Collect$$$$00000001  mc_p.l(entry2.o)
    0x080000c4   0x080000c4   0x00000004   Code   RO         3774    .ARM.Collect$$$$00000004  mc_p.l(entry5.o)
    0x080000c8   0x080000c8   0x00000000   Code   RO         3776    .ARM.Collect$$$$00000008  mc_p.l(entry7b.o)
    0x080000c8   0x080000c8   0x00000000   Code   RO         3778    .ARM.Collect$$$$0000000A  mc_p.l(entry8b.o)
    0x080000c8   0x080000c8   0x00000008   Code   RO         3779    .ARM.Collect$$$$0000000B  mc_p.l(entry9a.o)
    0x080000d0   0x080000d0   0x00000000   Code   RO         3781    .ARM.Collect$$$$0000000D  mc_p.l(entry10a.o)
    0x080000d0   0x080000d0   0x00000000   Code   RO         3783    .ARM.Collect$$$$0000000F  mc_p.l(entry11a.o)
    0x080000d0   0x080000d0   0x00000004   Code   RO         3772    .ARM.Collect$$$$00002712  mc_p.l(entry2.o)
    0x080000d4   0x080000d4   0x00000058   Code   RO         3687  * .text               startup_ft32f030x8.o
    0x0800012c   0x0800012c   0x0000002c   Code   RO         3743    .text               mc_p.l(uidiv.o)
    0x08000158   0x08000158   0x000000b2   Code   RO         3745    .text               mf_p.l(fadd.o)
    0x0800020a   0x0800020a   0x0000007a   Code   RO         3747    .text               mf_p.l(fmul.o)
    0x08000284   0x08000284   0x0000007c   Code   RO         3749    .text               mf_p.l(fdiv.o)
    0x08000300   0x08000300   0x00000164   Code   RO         3751    .text               mf_p.l(dadd.o)
    0x08000464   0x08000464   0x000000d0   Code   RO         3753    .text               mf_p.l(dmul.o)
    0x08000534   0x08000534   0x000000f0   Code   RO         3755    .text               mf_p.l(ddiv.o)
    0x08000624   0x08000624   0x00000016   Code   RO         3757    .text               mf_p.l(fflti.o)
    0x0800063a   0x0800063a   0x00000002   PAD
    0x0800063c   0x0800063c   0x0000001c   Code   RO         3759    .text               mf_p.l(dfltui.o)
    0x08000658   0x08000658   0x00000048   Code   RO         3761    .text               mf_p.l(dfixi.o)
    0x080006a0   0x080006a0   0x0000003c   Code   RO         3763    .text               mf_p.l(dfixui.o)
    0x080006dc   0x080006dc   0x00000028   Code   RO         3765    .text               mf_p.l(f2d.o)
    0x08000704   0x08000704   0x00000038   Code   RO         3767    .text               mf_p.l(d2f.o)
    0x0800073c   0x0800073c   0x00000014   Code   RO         3769    .text               mf_p.l(cfcmple.o)
    0x08000750   0x08000750   0x00000020   Code   RO         3785    .text               mc_p.l(llshl.o)
    0x08000770   0x08000770   0x00000022   Code   RO         3787    .text               mc_p.l(llushr.o)
    0x08000792   0x08000792   0x00000026   Code   RO         3789    .text               mc_p.l(llsshr.o)
    0x080007b8   0x080007b8   0x00000000   Code   RO         3791    .text               mc_p.l(iusefp.o)
    0x080007b8   0x080007b8   0x00000082   Code   RO         3792    .text               mf_p.l(fepilogue.o)
    0x0800083a   0x0800083a   0x000000be   Code   RO         3794    .text               mf_p.l(depilogue.o)
    0x080008f8   0x080008f8   0x00000024   Code   RO         3798    .text               mc_p.l(init.o)
    0x0800091c   0x0800091c   0x0000000e   Code   RO          386    i.AD9833_Delay      dev_ad9877.o
    0x0800092a   0x0800092a   0x00000010   Code   RO          387    i.AD9833_FSYNC_Set  dev_ad9877.o
    0x0800093a   0x0800093a   0x0000001e   Code   RO          388    i.AD9833_InitIo     dev_ad9877.o
    0x08000958   0x08000958   0x00000010   Code   RO          389    i.AD9833_SCLK_Set   dev_ad9877.o
    0x08000968   0x08000968   0x00000010   Code   RO          390    i.AD9833_SDATA_Set  dev_ad9877.o
    0x08000978   0x08000978   0x0000006c   Code   RO          391    i.AD9833_SendData   dev_ad9877.o
    0x080009e4   0x080009e4   0x00000094   Code   RO          392    i.AD9833_SendFrequency  dev_ad9877.o
    0x08000a78   0x08000a78   0x0000001a   Code   RO          393    i.AD9833_SendPhase  dev_ad9877.o
    0x08000a92   0x08000a92   0x00000022   Code   RO          394    i.AD9833_SendWave   dev_ad9877.o
    0x08000ab4   0x08000ab4   0x00000064   Code   RO          395    i.AD9833_SetPara    dev_ad9877.o
    0x08000b18   0x08000b18   0x00000018   Code   RO          587    i.ADC_ChannelConfig  ft32f0xx_adc.o
    0x08000b30   0x08000b30   0x00000018   Code   RO          591    i.ADC_Cmd           ft32f0xx_adc.o
    0x08000b48   0x08000b48   0x00000018   Code   RO          593    i.ADC_DMACmd        ft32f0xx_adc.o
    0x08000b60   0x08000b60   0x00000010   Code   RO          594    i.ADC_DMARequestModeConfig  ft32f0xx_adc.o
    0x08000b70   0x08000b70   0x000000f8   Code   RO          172    i.ADC_DMA_Config    main.o
    0x08000c68   0x08000c68   0x00000020   Code   RO          595    i.ADC_DeInit        ft32f0xx_adc.o
    0x08000c88   0x08000c88   0x0000003c   Code   RO          597    i.ADC_GetCalibrationFactor  ft32f0xx_adc.o
    0x08000cc4   0x08000cc4   0x00000030   Code   RO          599    i.ADC_GetFlagStatus  ft32f0xx_adc.o
    0x08000cf4   0x08000cf4   0x0000002c   Code   RO          602    i.ADC_Init          ft32f0xx_adc.o
    0x08000d20   0x08000d20   0x00000138   Code   RO          456    i.ADC_MainFunc      dev_adc.o
    0x08000e58   0x08000e58   0x0000000a   Code   RO          607    i.ADC_StartOfConversion  ft32f0xx_adc.o
    0x08000e62   0x08000e62   0x00000010   Code   RO          609    i.ADC_StructInit    ft32f0xx_adc.o
    0x08000e72   0x08000e72   0x00000018   Code   RO          315    i.APP_Start         app.o
    0x08000e8a   0x08000e8a   0x00000002   PAD
    0x08000e8c   0x08000e8c   0x00000090   Code   RO          316    i.Beep_MainFunc     app.o
    0x08000f1c   0x08000f1c   0x0000000c   Code   RO          317    i.Beep_OFF          app.o
    0x08000f28   0x08000f28   0x0000000c   Code   RO          318    i.Beep_ON           app.o
    0x08000f34   0x08000f34   0x00000014   Code   RO         1128    i.DMA_ClearFlag     ft32f0xx_dma.o
    0x08000f48   0x08000f48   0x0000001c   Code   RO         1130    i.DMA_Cmd           ft32f0xx_dma.o
    0x08000f64   0x08000f64   0x000000a0   Code   RO         1131    i.DMA_DeInit        ft32f0xx_dma.o
    0x08001004   0x08001004   0x00000028   Code   RO         1133    i.DMA_GetFlagStatus  ft32f0xx_dma.o
    0x0800102c   0x0800102c   0x00000040   Code   RO         1136    i.DMA_Init          ft32f0xx_dma.o
    0x0800106c   0x0800106c   0x00000018   Code   RO          269    i.Delay             bsp_systick.o
    0x08001084   0x08001084   0x00000024   Code   RO          496    i.DevGpio_ReadInPut  dev_gpio.o
    0x080010a8   0x080010a8   0x00000024   Code   RO          497    i.DevGpio_SetOutPut  dev_gpio.o
    0x080010cc   0x080010cc   0x00000018   Code   RO          541    i.Devpwm_SetDuty    dev_pwm.o
    0x080010e4   0x080010e4   0x0000007c   Code   RO            3    i.EXTI4_15_IRQHandler  ft32f0xx_it.o
    0x08001160   0x08001160   0x0000000c   Code   RO         1213    i.EXTI_ClearITPendingBit  ft32f0xx_exti.o
    0x0800116c   0x0800116c   0x0000001c   Code   RO         1217    i.EXTI_GetITStatus  ft32f0xx_exti.o
    0x08001188   0x08001188   0x00000088   Code   RO         1218    i.EXTI_Init         ft32f0xx_exti.o
    0x08001210   0x08001210   0x0000006a   Code   RO          173    i.FT32_EXIT_Init    main.o
    0x0800127a   0x0800127a   0x0000005e   Code   RO          174    i.FT32_GPIOA_Init   main.o
    0x080012d8   0x080012d8   0x00000048   Code   RO          175    i.FT32_GPIOB_Init   main.o
    0x08001320   0x08001320   0x00000090   Code   RO         1465    i.GPIO_Init         ft32f0xx_gpio.o
    0x080013b0   0x080013b0   0x00000044   Code   RO         1467    i.GPIO_PinAFConfig  ft32f0xx_gpio.o
    0x080013f4   0x080013f4   0x00000014   Code   RO         1470    i.GPIO_ReadInputDataBit  ft32f0xx_gpio.o
    0x08001408   0x08001408   0x00000028   Code   RO          498    i.GPIO_ReadMainFunc  dev_gpio.o
    0x08001430   0x08001430   0x00000024   Code   RO          499    i.GPIO_ToggleBit    dev_gpio.o
    0x08001454   0x08001454   0x0000000c   Code   RO         1477    i.GPIO_WriteBit     ft32f0xx_gpio.o
    0x08001460   0x08001460   0x00000004   Code   RO            4    i.HardFault_Handler  ft32f0xx_it.o
    0x08001464   0x08001464   0x00000014   Code   RO          319    i.LED_Init          app.o
    0x08001478   0x08001478   0x000000a8   Code   RO          320    i.LED_MainFunc      app.o
    0x08001520   0x08001520   0x00000098   Code   RO          321    i.Lipus_MainFunc    app.o
    0x080015b8   0x080015b8   0x00000002   Code   RO            5    i.NMI_Handler       ft32f0xx_it.o
    0x080015ba   0x080015ba   0x00000002   PAD
    0x080015bc   0x080015bc   0x00000070   Code   RO         1890    i.NVIC_Init         ft32f0xx_misc.o
    0x0800162c   0x0800162c   0x00000078   Code   RO          270    i.NVIC_SetPriority  bsp_systick.o
    0x080016a4   0x080016a4   0x00000002   Code   RO            6    i.PendSV_Handler    ft32f0xx_it.o
    0x080016a6   0x080016a6   0x00000002   Code   RO          322    i.Power_Init        app.o
    0x080016a8   0x080016a8   0x00000020   Code   RO         2005    i.RCC_AHBPeriphClockCmd  ft32f0xx_rcc.o
    0x080016c8   0x080016c8   0x00000020   Code   RO         2007    i.RCC_APB1PeriphClockCmd  ft32f0xx_rcc.o
    0x080016e8   0x080016e8   0x00000020   Code   RO         2009    i.RCC_APB2PeriphClockCmd  ft32f0xx_rcc.o
    0x08001708   0x08001708   0x00000020   Code   RO         2010    i.RCC_APB2PeriphResetCmd  ft32f0xx_rcc.o
    0x08001728   0x08001728   0x00000002   Code   RO            7    i.SVC_Handler       ft32f0xx_it.o
    0x0800172a   0x0800172a   0x00000002   PAD
    0x0800172c   0x0800172c   0x00000040   Code   RO         2751    i.SYSCFG_EXTILineConfig  ft32f0xx_syscfg.o
    0x0800176c   0x0800176c   0x00000008   Code   RO         3693    i.SetSysClock       system_ft32f0xx.o
    0x08001774   0x08001774   0x000000d0   Code   RO         3694    i.SetSysClockTo72   system_ft32f0xx.o
    0x08001844   0x08001844   0x0000001c   Code   RO          542    i.Set_PWM1_Duty     dev_pwm.o
    0x08001860   0x08001860   0x00000034   Code   RO          543    i.Set_PWM2_Duty     dev_pwm.o
    0x08001894   0x08001894   0x00000038   Code   RO          544    i.Set_PWM3_Duty     dev_pwm.o
    0x080018cc   0x080018cc   0x00000008   Code   RO            8    i.SysTick_Handler   ft32f0xx_it.o
    0x080018d4   0x080018d4   0x000000b0   Code   RO         3695    i.SystemCoreClockUpdate  system_ft32f0xx.o
    0x08001984   0x08001984   0x0000007c   Code   RO         3696    i.SystemInit        system_ft32f0xx.o
    0x08001a00   0x08001a00   0x00000050   Code   RO          271    i.SystickInit       bsp_systick.o
    0x08001a50   0x08001a50   0x000000a4   Code   RO            9    i.TIM17_IRQHandler  ft32f0xx_it.o
    0x08001af4   0x08001af4   0x00000006   Code   RO         2819    i.TIM_ClearITPendingBit  ft32f0xx_tim.o
    0x08001afa   0x08001afa   0x00000002   PAD
    0x08001afc   0x08001afc   0x0000001c   Code   RO         2824    i.TIM_Cmd           ft32f0xx_tim.o
    0x08001b18   0x08001b18   0x00000022   Code   RO         2826    i.TIM_CtrlPWMOutputs  ft32f0xx_tim.o
    0x08001b3a   0x08001b3a   0x00000026   Code   RO         2845    i.TIM_GetITStatus   ft32f0xx_tim.o
    0x08001b60   0x08001b60   0x00000014   Code   RO         2849    i.TIM_ITConfig      ft32f0xx_tim.o
    0x08001b74   0x08001b74   0x00000094   Code   RO         2853    i.TIM_OC1Init       ft32f0xx_tim.o
    0x08001c08   0x08001c08   0x00000004   Code   RO         2887    i.TIM_SetCompare1   ft32f0xx_tim.o
    0x08001c0c   0x08001c0c   0x0000007c   Code   RO         2897    i.TIM_TimeBaseInit  ft32f0xx_tim.o
    0x08001c88   0x08001c88   0x0000009c   Code   RO          177    i.Tim14BaseInit     main.o
    0x08001d24   0x08001d24   0x0000009c   Code   RO          178    i.Tim16BaseInit     main.o
    0x08001dc0   0x08001dc0   0x0000005c   Code   RO          179    i.Tim17BaseInit     main.o
    0x08001e1c   0x08001e1c   0x000000a4   Code   RO          180    i.Tim3BaseInit      main.o
    0x08001ec0   0x08001ec0   0x00000018   Code   RO          272    i.TimingDelay_Decrement  bsp_systick.o
    0x08001ed8   0x08001ed8   0x0000002e   Code   RO         3796    i.__ARM_clz         mf_p.l(depilogue.o)
    0x08001f06   0x08001f06   0x0000000e   Code   RO         3802    i.__scatterload_copy  mc_p.l(handlers.o)
    0x08001f14   0x08001f14   0x00000002   Code   RO         3803    i.__scatterload_null  mc_p.l(handlers.o)
    0x08001f16   0x08001f16   0x0000000e   Code   RO         3804    i.__scatterload_zeroinit  mc_p.l(handlers.o)
    0x08001f24   0x08001f24   0x000000e8   Code   RO          457    i.look1_iflf_binlxpw  dev_adc.o
    0x0800200c   0x0800200c   0x00000060   Code   RO          181    i.main              main.o
    0x0800206c   0x0800206c   0x00000500   Data   RO          458    .constdata          dev_adc.o
    0x0800256c   0x0800256c   0x0000000c   Data   RO          545    .constdata          dev_pwm.o
    0x08002578   0x08002578   0x00000020   Data   RO         3800    Region$$Table       anon$$obj.o


    Execution Region ER_RW (Exec base: 0x20000000, Load base: 0x08002598, Size: 0x000000b8, Max: 0xffffffff, ABSOLUTE)

    Exec Addr    Load Addr    Size         Type   Attr      Idx    E Section Name        Object

    0x20000000   0x08002598   0x00000018   Data   RW           10    .data               ft32f0xx_it.o
    0x20000018   0x080025b0   0x00000010   Data   RW          182    .data               main.o
    0x20000028   0x080025c0   0x00000004   Data   RW          273    .data               bsp_systick.o
    0x2000002c   0x080025c4   0x00000005   Data   RW          323    .data               app.o
    0x20000031   0x080025c9   0x00000003   PAD
    0x20000034   0x080025cc   0x00000014   Data   RW          459    .data               dev_adc.o
    0x20000048   0x080025e0   0x0000005c   Data   RW          500    .data               dev_gpio.o
    0x200000a4   0x0800263c   0x00000014   Data   RW         3697    .data               system_ft32f0xx.o


    Execution Region ER_ZI (Exec base: 0x200000b8, Load base: 0x08002650, Size: 0x00000400, Max: 0xffffffff, ABSOLUTE)

    Exec Addr    Load Addr    Size         Type   Attr      Idx    E Section Name        Object

    0x200000b8        -       0x00000400   Zero   RW         3684    STACK               startup_ft32f030x8.o


==============================================================================

Image component sizes


      Code (inc. data)   RO Data    RW Data    ZI Data      Debug   Object Name

       534         50          0          5          0       3594   app.o
       248         30          0          4          0       8318   bsp_systick.o
       508         12          0          0          0       5789   dev_ad9877.o
       544         78       1280         20          0       2395   dev_adc.o
       148         26          0         92          0       3182   dev_gpio.o
       160         36         12          0          0       2625   dev_pwm.o
       298          8          0          0          0       6502   ft32f0xx_adc.o
       312         26          0          0          0       4650   ft32f0xx_dma.o
       176         16          0          0          0       2272   ft32f0xx_exti.o
       244          0          0          0          0       3171   ft32f0xx_gpio.o
       306         52          0         24          0     167098   ft32f0xx_it.o
       112          6          0          0          0       1096   ft32f0xx_misc.o
       128         16          0          0          0       2319   ft32f0xx_rcc.o
        64          4          0          0          0        640   ft32f0xx_syscfg.o
       402         64          0          0          0       5579   ft32f0xx_tim.o
      1184         68          0         16          0       6403   main.o
        88         38        192          0       1024        648   startup_ft32f030x8.o
       516         44          0         20          0       2977   system_ft32f0xx.o

    ----------------------------------------------------------------------
      5980        574       1516        184       1024     229258   Object Totals
         0          0         32          0          0          0   (incl. Generated)
         8          0          0          3          0          0   (incl. Padding)

    ----------------------------------------------------------------------

      Code (inc. data)   RO Data    RW Data    ZI Data      Debug   Library Member Name

         0          0          0          0          0          0   entry.o
         0          0          0          0          0          0   entry10a.o
         0          0          0          0          0          0   entry11a.o
         8          4          0          0          0          0   entry2.o
         4          0          0          0          0          0   entry5.o
         0          0          0          0          0          0   entry7b.o
         0          0          0          0          0          0   entry8b.o
         8          4          0          0          0          0   entry9a.o
        30          0          0          0          0          0   handlers.o
        36          8          0          0          0         68   init.o
         0          0          0          0          0          0   iusefp.o
        32          0          0          0          0         68   llshl.o
        38          0          0          0          0         68   llsshr.o
        34          0          0          0          0         68   llushr.o
        44          0          0          0          0         72   uidiv.o
        20          0          0          0          0         68   cfcmple.o
        56          0          0          0          0         68   d2f.o
       356          4          0          0          0        140   dadd.o
       240          6          0          0          0         84   ddiv.o
       236          0          0          0          0        216   depilogue.o
        72         10          0          0          0         72   dfixi.o
        60         10          0          0          0         68   dfixui.o
        28          4          0          0          0         68   dfltui.o
       208          6          0          0          0         88   dmul.o
        40          0          0          0          0         60   f2d.o
       178          0          0          0          0        108   fadd.o
       124          0          0          0          0         72   fdiv.o
       130          0          0          0          0        144   fepilogue.o
        22          0          0          0          0         68   fflti.o
       122          0          0          0          0         72   fmul.o

    ----------------------------------------------------------------------
      2128         56          0          0          0       1740   Library Totals
         2          0          0          0          0          0   (incl. Padding)

    ----------------------------------------------------------------------

      Code (inc. data)   RO Data    RW Data    ZI Data      Debug   Library Name

       234         16          0          0          0        344   mc_p.l
      1892         40          0          0          0       1396   mf_p.l

    ----------------------------------------------------------------------
      2128         56          0          0          0       1740   Library Totals

    ----------------------------------------------------------------------

==============================================================================


      Code (inc. data)   RO Data    RW Data    ZI Data      Debug   

      8108        630       1516        184       1024     226610   Grand Totals
      8108        630       1516        184       1024     226610   ELF Image Totals
      8108        630       1516        184          0          0   ROM Totals

==============================================================================

    Total RO  Size (Code + RO Data)                 9624 (   9.40kB)
    Total RW  Size (RW Data + ZI Data)              1208 (   1.18kB)
    Total ROM Size (Code + RO Data + RW Data)       9808 (   9.58kB)

==============================================================================

