Component: ARM Compiler 5.06 update 6 (build 750) Tool: armlink [4d35ed]

==============================================================================

Section Cross References

    ft32f0xx_it.o(i.EXTI4_15_IRQHandler) refers to ft32f0xx_exti.o(i.EXTI_GetITStatus) for EXTI_GetITStatus
    ft32f0xx_it.o(i.EXTI4_15_IRQHandler) refers to ft32f0xx_gpio.o(i.GPIO_ReadInputDataBit) for GPIO_ReadInputDataBit
    ft32f0xx_it.o(i.EXTI4_15_IRQHandler) refers to ft32f0xx_exti.o(i.EXTI_ClearITPendingBit) for EXTI_ClearITPendingBit
    ft32f0xx_it.o(i.EXTI4_15_IRQHandler) refers to ft32f0xx_it.o(.data) for KEY1_Flg
    ft32f0xx_it.o(i.SysTick_Handler) refers to bsp_systick.o(i.TimingDelay_Decrement) for TimingDelay_Decrement
    ft32f0xx_it.o(i.TIM14_IRQHandler) refers to ft32f0xx_tim.o(i.TIM_GetITStatus) for TIM_GetITStatus
    ft32f0xx_it.o(i.TIM14_IRQHandler) refers to main.o(i.Task_Count) for Task_Count
    ft32f0xx_it.o(i.TIM14_IRQHandler) refers to ft32f0xx_tim.o(i.TIM_ClearITPendingBit) for TIM_ClearITPendingBit
    ft32f0xx_it.o(i.TIM17_IRQHandler) refers to ft32f0xx_tim.o(i.TIM_GetITStatus) for TIM_GetITStatus
    ft32f0xx_it.o(i.TIM17_IRQHandler) refers to ft32f0xx_gpio.o(i.GPIO_ReadInputDataBit) for GPIO_ReadInputDataBit
    ft32f0xx_it.o(i.TIM17_IRQHandler) refers to ft32f0xx_tim.o(i.TIM_ClearITPendingBit) for TIM_ClearITPendingBit
    ft32f0xx_it.o(i.TIM17_IRQHandler) refers to ft32f0xx_it.o(.data) for KEY1_Flg
    ft32f0xx_it.o(i.TIM17_IRQHandler) refers to main.o(.data) for Power_Flg
    main.o(i.ADC_DMA_Config) refers to ft32f0xx_adc.o(i.ADC_DeInit) for ADC_DeInit
    main.o(i.ADC_DMA_Config) refers to ft32f0xx_rcc.o(i.RCC_AHBPeriphClockCmd) for RCC_AHBPeriphClockCmd
    main.o(i.ADC_DMA_Config) refers to ft32f0xx_rcc.o(i.RCC_APB2PeriphClockCmd) for RCC_APB2PeriphClockCmd
    main.o(i.ADC_DMA_Config) refers to ft32f0xx_gpio.o(i.GPIO_Init) for GPIO_Init
    main.o(i.ADC_DMA_Config) refers to ft32f0xx_adc.o(i.ADC_StructInit) for ADC_StructInit
    main.o(i.ADC_DMA_Config) refers to ft32f0xx_adc.o(i.ADC_Init) for ADC_Init
    main.o(i.ADC_DMA_Config) refers to ft32f0xx_adc.o(i.ADC_ChannelConfig) for ADC_ChannelConfig
    main.o(i.ADC_DMA_Config) refers to ft32f0xx_adc.o(i.ADC_GetCalibrationFactor) for ADC_GetCalibrationFactor
    main.o(i.ADC_DMA_Config) refers to ft32f0xx_adc.o(i.ADC_DMARequestModeConfig) for ADC_DMARequestModeConfig
    main.o(i.ADC_DMA_Config) refers to ft32f0xx_adc.o(i.ADC_DMACmd) for ADC_DMACmd
    main.o(i.ADC_DMA_Config) refers to ft32f0xx_adc.o(i.ADC_Cmd) for ADC_Cmd
    main.o(i.ADC_DMA_Config) refers to ft32f0xx_adc.o(i.ADC_GetFlagStatus) for ADC_GetFlagStatus
    main.o(i.ADC_DMA_Config) refers to ft32f0xx_dma.o(i.DMA_DeInit) for DMA_DeInit
    main.o(i.ADC_DMA_Config) refers to ft32f0xx_dma.o(i.DMA_Init) for DMA_Init
    main.o(i.ADC_DMA_Config) refers to ft32f0xx_dma.o(i.DMA_Cmd) for DMA_Cmd
    main.o(i.ADC_DMA_Config) refers to ft32f0xx_adc.o(i.ADC_StartOfConversion) for ADC_StartOfConversion
    main.o(i.ADC_DMA_Config) refers to main.o(.data) for DMA_DualConvertedValue
    main.o(i.FT32_EXIT_Init) refers to ft32f0xx_rcc.o(i.RCC_AHBPeriphClockCmd) for RCC_AHBPeriphClockCmd
    main.o(i.FT32_EXIT_Init) refers to ft32f0xx_rcc.o(i.RCC_APB2PeriphClockCmd) for RCC_APB2PeriphClockCmd
    main.o(i.FT32_EXIT_Init) refers to ft32f0xx_gpio.o(i.GPIO_Init) for GPIO_Init
    main.o(i.FT32_EXIT_Init) refers to ft32f0xx_syscfg.o(i.SYSCFG_EXTILineConfig) for SYSCFG_EXTILineConfig
    main.o(i.FT32_EXIT_Init) refers to ft32f0xx_exti.o(i.EXTI_Init) for EXTI_Init
    main.o(i.FT32_EXIT_Init) refers to ft32f0xx_misc.o(i.NVIC_Init) for NVIC_Init
    main.o(i.FT32_GPIOA_Init) refers to ft32f0xx_rcc.o(i.RCC_AHBPeriphClockCmd) for RCC_AHBPeriphClockCmd
    main.o(i.FT32_GPIOA_Init) refers to ft32f0xx_gpio.o(i.GPIO_Init) for GPIO_Init
    main.o(i.FT32_GPIOB_Init) refers to ft32f0xx_rcc.o(i.RCC_AHBPeriphClockCmd) for RCC_AHBPeriphClockCmd
    main.o(i.FT32_GPIOB_Init) refers to ft32f0xx_gpio.o(i.GPIO_WriteBit) for GPIO_WriteBit
    main.o(i.FT32_GPIOB_Init) refers to ft32f0xx_gpio.o(i.GPIO_Init) for GPIO_Init
    main.o(i.IWDG_Config) refers to ft32f0xx_iwdg.o(i.IWDG_WriteAccessCmd) for IWDG_WriteAccessCmd
    main.o(i.IWDG_Config) refers to ft32f0xx_iwdg.o(i.IWDG_SetPrescaler) for IWDG_SetPrescaler
    main.o(i.IWDG_Config) refers to ft32f0xx_iwdg.o(i.IWDG_SetReload) for IWDG_SetReload
    main.o(i.IWDG_Config) refers to ft32f0xx_iwdg.o(i.IWDG_ReloadCounter) for IWDG_ReloadCounter
    main.o(i.IWDG_Config) refers to ft32f0xx_iwdg.o(i.IWDG_Enable) for IWDG_Enable
    main.o(i.IWDG_Config) refers to main.o(.data) for lsi_freq
    main.o(i.Task_Count) refers to idiv.o(.text) for __aeabi_idivmod
    main.o(i.Task_Count) refers to main.o(.data) for TaskCounter
    main.o(i.Tim14BaseInit) refers to ft32f0xx_rcc.o(i.RCC_APB1PeriphClockCmd) for RCC_APB1PeriphClockCmd
    main.o(i.Tim14BaseInit) refers to ft32f0xx_tim.o(i.TIM_TimeBaseInit) for TIM_TimeBaseInit
[...]
    Removing ft32f0xx_rtc.o(.rev16_text), (4 bytes).
    Removing ft32f0xx_rtc.o(.revsh_text), (4 bytes).
    Removing ft32f0xx_rtc.o(i.RTC_AlarmCmd), (112 bytes).
    Removing ft32f0xx_rtc.o(i.RTC_AlarmStructInit), (22 bytes).
    Removing ft32f0xx_rtc.o(i.RTC_AlarmSubSecondConfig), (40 bytes).
    Removing ft32f0xx_rtc.o(i.RTC_Bcd2ToByte), (26 bytes).
    Removing ft32f0xx_rtc.o(i.RTC_BypassShadowCmd), (52 bytes).
    Removing ft32f0xx_rtc.o(i.RTC_ByteToBcd2), (28 bytes).
    Removing ft32f0xx_rtc.o(i.RTC_CalibOutputCmd), (56 bytes).
    Removing ft32f0xx_rtc.o(i.RTC_CalibOutputConfig), (44 bytes).
    Removing ft32f0xx_rtc.o(i.RTC_ClearFlag), (32 bytes).
    Removing ft32f0xx_rtc.o(i.RTC_ClearITPendingBit), (36 bytes).
    Removing ft32f0xx_rtc.o(i.RTC_DateStructInit), (14 bytes).
    Removing ft32f0xx_rtc.o(i.RTC_DayLightSavingConfig), (48 bytes).
    Removing ft32f0xx_rtc.o(i.RTC_DeInit), (108 bytes).
    Removing ft32f0xx_rtc.o(i.RTC_EnterInitMode), (88 bytes).
    Removing ft32f0xx_rtc.o(i.RTC_ExitInitMode), (32 bytes).
    Removing ft32f0xx_rtc.o(i.RTC_GetAlarm), (120 bytes).
    Removing ft32f0xx_rtc.o(i.RTC_GetAlarmSubSecond), (20 bytes).
    Removing ft32f0xx_rtc.o(i.RTC_GetDate), (96 bytes).
    Removing ft32f0xx_rtc.o(i.RTC_GetFlagStatus), (44 bytes).
    Removing ft32f0xx_rtc.o(i.RTC_GetITStatus), (76 bytes).
    Removing ft32f0xx_rtc.o(i.RTC_GetStoreOperation), (16 bytes).
    Removing ft32f0xx_rtc.o(i.RTC_GetSubSecond), (16 bytes).
    Removing ft32f0xx_rtc.o(i.RTC_GetTime), (92 bytes).
    Removing ft32f0xx_rtc.o(i.RTC_GetTimeStamp), (164 bytes).
    Removing ft32f0xx_rtc.o(i.RTC_GetTimeStampSubSecond), (12 bytes).
    Removing ft32f0xx_rtc.o(i.RTC_ITConfig), (100 bytes).
    Removing ft32f0xx_rtc.o(i.RTC_Init), (88 bytes).
    Removing ft32f0xx_rtc.o(i.RTC_OutputConfig), (48 bytes).
    Removing ft32f0xx_rtc.o(i.RTC_OutputTypeConfig), (28 bytes).
    Removing ft32f0xx_rtc.o(i.RTC_RefClockCmd), (76 bytes).
    Removing ft32f0xx_rtc.o(i.RTC_SetAlarm), (216 bytes).
    Removing ft32f0xx_rtc.o(i.RTC_SetDate), (208 bytes).
    Removing ft32f0xx_rtc.o(i.RTC_SetTime), (216 bytes).
    Removing ft32f0xx_rtc.o(i.RTC_SmoothCalibConfig), (96 bytes).
    Removing ft32f0xx_rtc.o(i.RTC_StructInit), (14 bytes).
    Removing ft32f0xx_rtc.o(i.RTC_SynchroShiftConfig), (124 bytes).
    Removing ft32f0xx_rtc.o(i.RTC_TamperCmd), (32 bytes).
    Removing ft32f0xx_rtc.o(i.RTC_TamperFilterConfig), (28 bytes).
    Removing ft32f0xx_rtc.o(i.RTC_TamperPinsPrechargeDuration), (28 bytes).
    Removing ft32f0xx_rtc.o(i.RTC_TamperPullUpCmd), (40 bytes).
    Removing ft32f0xx_rtc.o(i.RTC_TamperSamplingFreqConfig), (28 bytes).
    Removing ft32f0xx_rtc.o(i.RTC_TamperTriggerConfig), (36 bytes).
    Removing ft32f0xx_rtc.o(i.RTC_TimeStampCmd), (64 bytes).
    Removing ft32f0xx_rtc.o(i.RTC_TimeStampOnTamperDetectionCmd), (36 bytes).
    Removing ft32f0xx_rtc.o(i.RTC_TimeStructInit), (12 bytes).
    Removing ft32f0xx_rtc.o(i.RTC_WaitForSynchro), (108 bytes).
    Removing ft32f0xx_rtc.o(i.RTC_WriteProtectionCmd), (28 bytes).
    Removing ft32f0xx_spi.o(.rev16_text), (4 bytes).
    Removing ft32f0xx_spi.o(.revsh_text), (4 bytes).
    Removing ft32f0xx_spi.o(i.SPI_BiDirectionalLineConfig), (32 bytes).
    Removing ft32f0xx_spi.o(i.SPI_CRCLengthConfig), (20 bytes).
    Removing ft32f0xx_spi.o(i.SPI_CalculateCRC), (32 bytes).
    Removing ft32f0xx_spi.o(i.SPI_Cmd), (28 bytes).
    Removing ft32f0xx_spi.o(i.SPI_DataSizeConfig), (24 bytes).
    Removing ft32f0xx_spi.o(i.SPI_GetCRC), (16 bytes).
    Removing ft32f0xx_spi.o(i.SPI_GetCRCPolynomial), (6 bytes).
    Removing ft32f0xx_spi.o(i.SPI_GetReceptionFIFOStatus), (12 bytes).
    Removing ft32f0xx_spi.o(i.SPI_GetTransmissionFIFOStatus), (12 bytes).
    Removing ft32f0xx_spi.o(i.SPI_I2S_ClearFlag), (6 bytes).
    Removing ft32f0xx_spi.o(i.SPI_I2S_DMACmd), (20 bytes).
    Removing ft32f0xx_spi.o(i.SPI_I2S_DeInit), (60 bytes).
    Removing ft32f0xx_spi.o(i.SPI_I2S_GetFlagStatus), (20 bytes).
    Removing ft32f0xx_spi.o(i.SPI_I2S_GetITStatus), (56 bytes).
    Removing ft32f0xx_spi.o(i.SPI_I2S_ITConfig), (34 bytes).
    Removing ft32f0xx_spi.o(i.SPI_I2S_ReceiveData16), (6 bytes).
    Removing ft32f0xx_spi.o(i.SPI_I2S_SendData16), (4 bytes).
    Removing ft32f0xx_spi.o(i.SPI_Init), (80 bytes).
    Removing ft32f0xx_spi.o(i.SPI_LastDMATransferCmd), (20 bytes).
    Removing ft32f0xx_spi.o(i.SPI_NSSInternalSoftwareConfig), (32 bytes).
    Removing ft32f0xx_spi.o(i.SPI_NSSPulseModeCmd), (28 bytes).
    Removing ft32f0xx_spi.o(i.SPI_ReceiveData8), (12 bytes).
    Removing ft32f0xx_spi.o(i.SPI_RxFIFOThresholdConfig), (20 bytes).
    Removing ft32f0xx_spi.o(i.SPI_SSOutputCmd), (28 bytes).
    Removing ft32f0xx_spi.o(i.SPI_SendData8), (10 bytes).
    Removing ft32f0xx_spi.o(i.SPI_StructInit), (30 bytes).
    Removing ft32f0xx_spi.o(i.SPI_TIModeCmd), (28 bytes).
    Removing ft32f0xx_spi.o(i.SPI_TransmitCRC), (12 bytes).
    Removing ft32f0xx_syscfg.o(.rev16_text), (4 bytes).
    Removing ft32f0xx_syscfg.o(.revsh_text), (4 bytes).
    Removing ft32f0xx_syscfg.o(i.SYSCFG_BreakConfig), (16 bytes).
    Removing ft32f0xx_syscfg.o(i.SYSCFG_DMAChannelRemapConfig), (32 bytes).
    Removing ft32f0xx_syscfg.o(i.SYSCFG_DeInit), (40 bytes).
    Removing ft32f0xx_syscfg.o(i.SYSCFG_I2CFastModePlusConfig), (32 bytes).
    Removing ft32f0xx_syscfg.o(i.SYSCFG_IRDAEnvSelection), (28 bytes).
    Removing ft32f0xx_syscfg.o(i.SYSCFG_MemoryRemapConfig), (28 bytes).
    Removing ft32f0xx_tim.o(.rev16_text), (4 bytes).
    Removing ft32f0xx_tim.o(.revsh_text), (4 bytes).
    Removing ft32f0xx_tim.o(i.TI1_Config), (56 bytes).
    Removing ft32f0xx_tim.o(i.TI2_Config), (76 bytes).
    Removing ft32f0xx_tim.o(i.TI3_Config), (72 bytes).
    Removing ft32f0xx_tim.o(i.TI4_Config), (80 bytes).
    Removing ft32f0xx_tim.o(i.TIM_ARRPreloadConfig), (48 bytes).
    Removing ft32f0xx_tim.o(i.TIM_BDTRConfig), (32 bytes).
    Removing ft32f0xx_tim.o(i.TIM_BDTRStructInit), (18 bytes).
    Removing ft32f0xx_tim.o(i.TIM_CCPreloadControl), (28 bytes).
    Removing ft32f0xx_tim.o(i.TIM_CCxCmd), (30 bytes).
    Removing ft32f0xx_tim.o(i.TIM_CCxNCmd), (30 bytes).
    Removing ft32f0xx_tim.o(i.TIM_ClearFlag), (6 bytes).
    Removing ft32f0xx_tim.o(i.TIM_ClearOC1Ref), (24 bytes).
    Removing ft32f0xx_tim.o(i.TIM_ClearOC2Ref), (20 bytes).
    Removing ft32f0xx_tim.o(i.TIM_ClearOC3Ref), (24 bytes).
    Removing ft32f0xx_tim.o(i.TIM_ClearOC4Ref), (20 bytes).
    Removing ft32f0xx_tim.o(i.TIM_CounterModeConfig), (24 bytes).
    Removing ft32f0xx_tim.o(i.TIM_DMACmd), (20 bytes).
    Removing ft32f0xx_tim.o(i.TIM_DMAConfig), (12 bytes).
    Removing ft32f0xx_tim.o(i.TIM_DeInit), (208 bytes).
    Removing ft32f0xx_tim.o(i.TIM_ETRClockMode1Config), (52 bytes).
    Removing ft32f0xx_tim.o(i.TIM_ETRClockMode2Config), (34 bytes).
    Removing ft32f0xx_tim.o(i.TIM_ETRConfig), (24 bytes).
    Removing ft32f0xx_tim.o(i.TIM_EncoderInterfaceConfig), (68 bytes).
    Removing ft32f0xx_tim.o(i.TIM_ForcedOC1Config), (24 bytes).
    Removing ft32f0xx_tim.o(i.TIM_ForcedOC2Config), (24 bytes).
    Removing ft32f0xx_tim.o(i.TIM_ForcedOC3Config), (24 bytes).
    Removing ft32f0xx_tim.o(i.TIM_ForcedOC4Config), (24 bytes).
    Removing ft32f0xx_tim.o(i.TIM_GenerateEvent), (4 bytes).
    Removing ft32f0xx_tim.o(i.TIM_GetCapture1), (6 bytes).
    Removing ft32f0xx_tim.o(i.TIM_GetCapture2), (6 bytes).
    Removing ft32f0xx_tim.o(i.TIM_GetCapture3), (6 bytes).
    Removing ft32f0xx_tim.o(i.TIM_GetCapture4), (6 bytes).
    Removing ft32f0xx_tim.o(i.TIM_GetCounter), (6 bytes).
    Removing ft32f0xx_tim.o(i.TIM_GetFlagStatus), (20 bytes).
    Removing ft32f0xx_tim.o(i.TIM_GetPrescaler), (6 bytes).
    Removing ft32f0xx_tim.o(i.TIM_ICInit), (112 bytes).
    Removing ft32f0xx_tim.o(i.TIM_ICStructInit), (18 bytes).
    Removing ft32f0xx_tim.o(i.TIM_ITRxExternalClockConfig), (24 bytes).
    Removing ft32f0xx_tim.o(i.TIM_InternalClockConfig), (16 bytes).
    Removing ft32f0xx_tim.o(i.TIM_OC1FastConfig), (24 bytes).
    Removing ft32f0xx_tim.o(i.TIM_OC1NPolarityConfig), (24 bytes).
    Removing ft32f0xx_tim.o(i.TIM_OC1PolarityConfig), (24 bytes).
    Removing ft32f0xx_tim.o(i.TIM_OC1PreloadConfig), (24 bytes).
    Removing ft32f0xx_tim.o(i.TIM_OC2FastConfig), (24 bytes).
    Removing ft32f0xx_tim.o(i.TIM_OC2Init), (172 bytes).
    Removing ft32f0xx_tim.o(i.TIM_OC2NPolarityConfig), (24 bytes).
    Removing ft32f0xx_tim.o(i.TIM_OC2PolarityConfig), (24 bytes).
    Removing ft32f0xx_tim.o(i.TIM_OC2PreloadConfig), (24 bytes).
    Removing ft32f0xx_tim.o(i.TIM_OC3FastConfig), (24 bytes).
    Removing ft32f0xx_tim.o(i.TIM_OC3Init), (152 bytes).
    Removing ft32f0xx_tim.o(i.TIM_OC3NPolarityConfig), (24 bytes).
    Removing ft32f0xx_tim.o(i.TIM_OC3PolarityConfig), (24 bytes).
    Removing ft32f0xx_tim.o(i.TIM_OC3PreloadConfig), (24 bytes).
    Removing ft32f0xx_tim.o(i.TIM_OC4FastConfig), (24 bytes).
    Removing ft32f0xx_tim.o(i.TIM_OC4Init), (112 bytes).
    Removing ft32f0xx_tim.o(i.TIM_OC4PolarityConfig), (24 bytes).
    Removing ft32f0xx_tim.o(i.TIM_OC4PreloadConfig), (24 bytes).
    Removing ft32f0xx_tim.o(i.TIM_OCStructInit), (20 bytes).
    Removing ft32f0xx_tim.o(i.TIM_PWMIConfig), (124 bytes).
    Removing ft32f0xx_tim.o(i.TIM_PrescalerConfig), (6 bytes).
    Removing ft32f0xx_tim.o(i.TIM_RemapConfig), (6 bytes).
    Removing ft32f0xx_tim.o(i.TIM_SelectCCDMA), (28 bytes).
    Removing ft32f0xx_tim.o(i.TIM_SelectCOM), (28 bytes).
    Removing ft32f0xx_tim.o(i.TIM_SelectHallSensor), (28 bytes).
    Removing ft32f0xx_tim.o(i.TIM_SelectInputTrigger), (24 bytes).
    Removing ft32f0xx_tim.o(i.TIM_SelectMasterSlaveMode), (20 bytes).
    Removing ft32f0xx_tim.o(i.TIM_SelectOCREFClear), (20 bytes).
    Removing ft32f0xx_tim.o(i.TIM_SelectOCxM), (82 bytes).
    Removing ft32f0xx_tim.o(i.TIM_SelectOnePulseMode), (20 bytes).
    Removing ft32f0xx_tim.o(i.TIM_SelectOutputTrigger), (20 bytes).
    Removing ft32f0xx_tim.o(i.TIM_SelectSlaveMode), (20 bytes).
    Removing ft32f0xx_tim.o(i.TIM_SetAutoreload), (4 bytes).
    Removing ft32f0xx_tim.o(i.TIM_SetClockDivision), (20 bytes).
    Removing ft32f0xx_tim.o(i.TIM_SetCompare2), (4 bytes).
    Removing ft32f0xx_tim.o(i.TIM_SetCompare3), (4 bytes).
    Removing ft32f0xx_tim.o(i.TIM_SetCompare4), (4 bytes).
    Removing ft32f0xx_tim.o(i.TIM_SetCounter), (4 bytes).
    Removing ft32f0xx_tim.o(i.TIM_SetIC1Prescaler), (20 bytes).
    Removing ft32f0xx_tim.o(i.TIM_SetIC2Prescaler), (24 bytes).
    Removing ft32f0xx_tim.o(i.TIM_SetIC3Prescaler), (20 bytes).
    Removing ft32f0xx_tim.o(i.TIM_SetIC4Prescaler), (24 bytes).
    Removing ft32f0xx_tim.o(i.TIM_TIxExternalClockConfig), (58 bytes).
    Removing ft32f0xx_tim.o(i.TIM_TimeBaseStructInit), (18 bytes).
    Removing ft32f0xx_tim.o(i.TIM_UpdateDisableConfig), (28 bytes).
    Removing ft32f0xx_tim.o(i.TIM_UpdateRequestConfig), (28 bytes).
    Removing ft32f0xx_usart.o(.rev16_text), (4 bytes).
    Removing ft32f0xx_usart.o(.revsh_text), (4 bytes).
    Removing ft32f0xx_usart.o(i.USART_AddressDetectionConfig), (16 bytes).
    Removing ft32f0xx_usart.o(i.USART_AutoBaudRateCmd), (28 bytes).
    Removing ft32f0xx_usart.o(i.USART_AutoBaudRateConfig), (18 bytes).
    Removing ft32f0xx_usart.o(i.USART_ClearFlag), (4 bytes).
    Removing ft32f0xx_usart.o(i.USART_ClearITPendingBit), (18 bytes).
    Removing ft32f0xx_usart.o(i.USART_ClockInit), (36 bytes).
    Removing ft32f0xx_usart.o(i.USART_ClockStructInit), (12 bytes).
    Removing ft32f0xx_usart.o(i.USART_Cmd), (24 bytes).
    Removing ft32f0xx_usart.o(i.USART_DECmd), (28 bytes).
    Removing ft32f0xx_usart.o(i.USART_DEPolarityConfig), (18 bytes).
    Removing ft32f0xx_usart.o(i.USART_DMACmd), (20 bytes).
    Removing ft32f0xx_usart.o(i.USART_DMAReceptionErrorConfig), (18 bytes).
    Removing ft32f0xx_usart.o(i.USART_DataInvCmd), (28 bytes).
    Removing ft32f0xx_usart.o(i.USART_DeInit), (64 bytes).
    Removing ft32f0xx_usart.o(i.USART_DirectionModeCmd), (20 bytes).
    Removing ft32f0xx_usart.o(i.USART_GetFlagStatus), (20 bytes).
    Removing ft32f0xx_usart.o(i.USART_GetITStatus), (78 bytes).
    Removing ft32f0xx_usart.o(i.USART_HalfDuplexCmd), (24 bytes).
    Removing ft32f0xx_usart.o(i.USART_ITConfig), (66 bytes).
    Removing ft32f0xx_usart.o(i.USART_Init), (224 bytes).
    Removing ft32f0xx_usart.o(i.USART_InvPinCmd), (20 bytes).
    Removing ft32f0xx_usart.o(i.USART_MSBFirstCmd), (28 bytes).
    Removing ft32f0xx_usart.o(i.USART_MuteModeCmd), (28 bytes).
    Removing ft32f0xx_usart.o(i.USART_MuteModeWakeUpConfig), (18 bytes).
    Removing ft32f0xx_usart.o(i.USART_OneBitMethodCmd), (28 bytes).
    Removing ft32f0xx_usart.o(i.USART_OverSampling8Cmd), (28 bytes).
    Removing ft32f0xx_usart.o(i.USART_OverrunDetectionConfig), (18 bytes).
    Removing ft32f0xx_usart.o(i.USART_ReceiveData), (10 bytes).
    Removing ft32f0xx_usart.o(i.USART_ReceiverTimeOutCmd), (28 bytes).
    Removing ft32f0xx_usart.o(i.USART_RequestCmd), (20 bytes).
    Removing ft32f0xx_usart.o(i.USART_SWAPPinCmd), (28 bytes).
    Removing ft32f0xx_usart.o(i.USART_SendData), (8 bytes).
    Removing ft32f0xx_usart.o(i.USART_SetAddress), (18 bytes).
    Removing ft32f0xx_usart.o(i.USART_SetDEAssertionTime), (20 bytes).
    Removing ft32f0xx_usart.o(i.USART_SetDEDeassertionTime), (20 bytes).
    Removing ft32f0xx_usart.o(i.USART_SetReceiverTimeOut), (16 bytes).
    Removing ft32f0xx_usart.o(i.USART_StructInit), (24 bytes).
    Removing ft32f0xx_wwdg.o(.rev16_text), (4 bytes).
    Removing ft32f0xx_wwdg.o(.revsh_text), (4 bytes).
    Removing ft32f0xx_wwdg.o(i.WWDG_ClearFlag), (12 bytes).
    Removing ft32f0xx_wwdg.o(i.WWDG_DeInit), (22 bytes).
    Removing ft32f0xx_wwdg.o(i.WWDG_Enable), (16 bytes).
    Removing ft32f0xx_wwdg.o(i.WWDG_EnableIT), (20 bytes).
    Removing ft32f0xx_wwdg.o(i.WWDG_GetFlagStatus), (24 bytes).
    Removing ft32f0xx_wwdg.o(i.WWDG_SetCounter), (16 bytes).
    Removing ft32f0xx_wwdg.o(i.WWDG_SetPrescaler), (32 bytes).
    Removing ft32f0xx_wwdg.o(i.WWDG_SetWindowValue), (40 bytes).
    Removing startup_ft32f030x8.o(HEAP), (512 bytes).
    Removing system_ft32f0xx.o(.rev16_text), (4 bytes).
    Removing system_ft32f0xx.o(.revsh_text), (4 bytes).

481 unused section(s) (total 16256 bytes) removed from the image.

==============================================================================

Image Symbol Table

    Local Symbols

    Symbol Name                              Value     Ov Type        Size  Object(Section)

    ../clib/../cmprslib/zerorunl2.c          0x00000000   Number         0  __dczerorl2.o ABSOLUTE
    ../clib/microlib/division.c              0x00000000   Number         0  idiv.o ABSOLUTE
    ../clib/microlib/division.c              0x00000000   Number         0  uidiv.o ABSOLUTE
    ../clib/microlib/init/entry.s            0x00000000   Number         0  entry11a.o ABSOLUTE
    ../clib/microlib/init/entry.s            0x00000000   Number         0  entry7a.o ABSOLUTE
    ../clib/microlib/init/entry.s            0x00000000   Number         0  entry.o ABSOLUTE
    ../clib/microlib/init/entry.s            0x00000000   Number         0  entry11b.o ABSOLUTE
    ../clib/microlib/init/entry.s            0x00000000   Number         0  entry10b.o ABSOLUTE
    ../clib/microlib/init/entry.s            0x00000000   Number         0  entry10a.o ABSOLUTE
    ../clib/microlib/init/entry.s            0x00000000   Number         0  entry9b.o ABSOLUTE
    ../clib/microlib/init/entry.s            0x00000000   Number         0  entry5.o ABSOLUTE
    ../clib/microlib/init/entry.s            0x00000000   Number         0  entry9a.o ABSOLUTE
    ../clib/microlib/init/entry.s            0x00000000   Number         0  entry2.o ABSOLUTE
    ../clib/microlib/init/entry.s            0x00000000   Number         0  entry8b.o ABSOLUTE
    ../clib/microlib/init/entry.s            0x00000000   Number         0  entry8a.o ABSOLUTE
    ../clib/microlib/init/entry.s            0x00000000   Number         0  entry7b.o ABSOLUTE
    ../clib/microlib/longlong.c              0x00000000   Number         0  llushr.o ABSOLUTE
    ../clib/microlib/longlong.c              0x00000000   Number         0  llshl.o ABSOLUTE
    ../clib/microlib/longlong.c              0x00000000   Number         0  llsshr.o ABSOLUTE
    ../clib/microlib/stubs.s                 0x00000000   Number         0  iusefp.o ABSOLUTE
    ../fplib/microlib/d2f.c                  0x00000000   Number         0  d2f.o ABSOLUTE
    ../fplib/microlib/f2d.c                  0x00000000   Number         0  f2d.o ABSOLUTE
    ../fplib/microlib/fpadd.c                0x00000000   Number         0  dadd.o ABSOLUTE
    ../fplib/microlib/fpadd.c                0x00000000   Number         0  fadd.o ABSOLUTE
    ../fplib/microlib/fpdiv.c                0x00000000   Number         0  ddiv.o ABSOLUTE
    ../fplib/microlib/fpdiv.c                0x00000000   Number         0  fdiv.o ABSOLUTE
    ../fplib/microlib/fpepilogue.c           0x00000000   Number         0  depilogue.o ABSOLUTE
    ../fplib/microlib/fpepilogue.c           0x00000000   Number         0  fepilogue.o ABSOLUTE
    ../fplib/microlib/fpfix.c                0x00000000   Number         0  dfixui.o ABSOLUTE
    ../fplib/microlib/fpfix.c                0x00000000   Number         0  ffixui.o ABSOLUTE
    ../fplib/microlib/fpfix.c                0x00000000   Number         0  dfixi.o ABSOLUTE
    ../fplib/microlib/fpflt.c                0x00000000   Number         0  dflti.o ABSOLUTE
    ../fplib/microlib/fpflt.c                0x00000000   Number         0  dfltui.o ABSOLUTE
    ../fplib/microlib/fpflt.c                0x00000000   Number         0  fflti.o ABSOLUTE
    ../fplib/microlib/fpmul.c                0x00000000   Number         0  fmul.o ABSOLUTE
    ../fplib/microlib/fpmul.c                0x00000000   Number         0  dmul.o ABSOLUTE
    ..\..\Devices\App.c                      0x00000000   Number         0  app.o ABSOLUTE
    ..\..\Devices\dev_ad9877.c               0x00000000   Number         0  dev_ad9877.o ABSOLUTE
    ..\..\Devices\dev_adc.c                  0x00000000   Number         0  dev_adc.o ABSOLUTE
    ..\..\Devices\dev_exit.c                 0x00000000   Number         0  dev_exit.o ABSOLUTE
    ..\..\Devices\dev_flash.c                0x00000000   Number         0  dev_flash.o ABSOLUTE
    ..\..\Devices\dev_gpio.c                 0x00000000   Number         0  dev_gpio.o ABSOLUTE
    ..\..\Devices\dev_pid.c                  0x00000000   Number         0  dev_pid.o ABSOLUTE
    ..\..\Devices\dev_pwm.c                  0x00000000   Number         0  dev_pwm.o ABSOLUTE
    ..\USER\Sourse\bsp_systick.c             0x00000000   Number         0  bsp_systick.o ABSOLUTE
    ..\USER\Sourse\ft32f0xx_it.c             0x00000000   Number         0  ft32f0xx_it.o ABSOLUTE
    ..\USER\Sourse\main.c                    0x00000000   Number         0  main.o ABSOLUTE
    ..\\..\\Devices\\App.c                   0x00000000   Number         0  app.o ABSOLUTE
    ..\\..\\Devices\\dev_ad9877.c            0x00000000   Number         0  dev_ad9877.o ABSOLUTE
    ..\\..\\Devices\\dev_adc.c               0x00000000   Number         0  dev_adc.o ABSOLUTE
    ..\\..\\Devices\\dev_flash.c             0x00000000   Number         0  dev_flash.o ABSOLUTE
    ..\\..\\Devices\\dev_gpio.c              0x00000000   Number         0  dev_gpio.o ABSOLUTE
    ..\\..\\Devices\\dev_pwm.c               0x00000000   Number         0  dev_pwm.o ABSOLUTE
    ..\\USER\\Sourse\\bsp_systick.c          0x00000000   Number         0  bsp_systick.o ABSOLUTE
    ..\\USER\\Sourse\\ft32f0xx_it.c          0x00000000   Number         0  ft32f0xx_it.o ABSOLUTE
    ..\\USER\\Sourse\\main.c                 0x00000000   Number         0  main.o ABSOLUTE
    D:\Arm\Packs\FMD\FT32F0xx_DFP\1.1.0\Drivers\FT32F0xx_Driver\Src\ft32f0xx_adc.c 0x00000000   Number         0  ft32f0xx_adc.o ABSOLUTE
    D:\Arm\Packs\FMD\FT32F0xx_DFP\1.1.0\Drivers\FT32F0xx_Driver\Src\ft32f0xx_crc.c 0x00000000   Number         0  ft32f0xx_crc.o ABSOLUTE
    D:\Arm\Packs\FMD\FT32F0xx_DFP\1.1.0\Drivers\FT32F0xx_Driver\Src\ft32f0xx_crs.c 0x00000000   Number         0  ft32f0xx_crs.o ABSOLUTE
    D:\Arm\Packs\FMD\FT32F0xx_DFP\1.1.0\Drivers\FT32F0xx_Driver\Src\ft32f0xx_dac.c 0x00000000   Number         0  ft32f0xx_dac.o ABSOLUTE
    D:\Arm\Packs\FMD\FT32F0xx_DFP\1.1.0\Drivers\FT32F0xx_Driver\Src\ft32f0xx_debug.c 0x00000000   Number         0  ft32f0xx_debug.o ABSOLUTE
    D:\Arm\Packs\FMD\FT32F0xx_DFP\1.1.0\Drivers\FT32F0xx_Driver\Src\ft32f0xx_dma.c 0x00000000   Number         0  ft32f0xx_dma.o ABSOLUTE
    D:\Arm\Packs\FMD\FT32F0xx_DFP\1.1.0\Drivers\FT32F0xx_Driver\Src\ft32f0xx_exti.c 0x00000000   Number         0  ft32f0xx_exti.o ABSOLUTE
    D:\Arm\Packs\FMD\FT32F0xx_DFP\1.1.0\Drivers\FT32F0xx_Driver\Src\ft32f0xx_flash.c 0x00000000   Number         0  ft32f0xx_flash.o ABSOLUTE
    D:\Arm\Packs\FMD\FT32F0xx_DFP\1.1.0\Drivers\FT32F0xx_Driver\Src\ft32f0xx_gpio.c 0x00000000   Number         0  ft32f0xx_gpio.o ABSOLUTE
    D:\Arm\Packs\FMD\FT32F0xx_DFP\1.1.0\Drivers\FT32F0xx_Driver\Src\ft32f0xx_i2c.c 0x00000000   Number         0  ft32f0xx_i2c.o ABSOLUTE
    D:\Arm\Packs\FMD\FT32F0xx_DFP\1.1.0\Drivers\FT32F0xx_Driver\Src\ft32f0xx_iwdg.c 0x00000000   Number         0  ft32f0xx_iwdg.o ABSOLUTE
    D:\Arm\Packs\FMD\FT32F0xx_DFP\1.1.0\Drivers\FT32F0xx_Driver\Src\ft32f0xx_misc.c 0x00000000   Number         0  ft32f0xx_misc.o ABSOLUTE
    D:\Arm\Packs\FMD\FT32F0xx_DFP\1.1.0\Drivers\FT32F0xx_Driver\Src\ft32f0xx_pwr.c 0x00000000   Number         0  ft32f0xx_pwr.o ABSOLUTE
    D:\Arm\Packs\FMD\FT32F0xx_DFP\1.1.0\Drivers\FT32F0xx_Driver\Src\ft32f0xx_rcc.c 0x00000000   Number         0  ft32f0xx_rcc.o ABSOLUTE
    D:\Arm\Packs\FMD\FT32F0xx_DFP\1.1.0\Drivers\FT32F0xx_Driver\Src\ft32f0xx_rtc.c 0x00000000   Number         0  ft32f0xx_rtc.o ABSOLUTE
    D:\Arm\Packs\FMD\FT32F0xx_DFP\1.1.0\Drivers\FT32F0xx_Driver\Src\ft32f0xx_spi.c 0x00000000   Number         0  ft32f0xx_spi.o ABSOLUTE
    D:\Arm\Packs\FMD\FT32F0xx_DFP\1.1.0\Drivers\FT32F0xx_Driver\Src\ft32f0xx_syscfg.c 0x00000000   Number         0  ft32f0xx_syscfg.o ABSOLUTE
    D:\Arm\Packs\FMD\FT32F0xx_DFP\1.1.0\Drivers\FT32F0xx_Driver\Src\ft32f0xx_tim.c 0x00000000   Number         0  ft32f0xx_tim.o ABSOLUTE
    D:\Arm\Packs\FMD\FT32F0xx_DFP\1.1.0\Drivers\FT32F0xx_Driver\Src\ft32f0xx_usart.c 0x00000000   Number         0  ft32f0xx_usart.o ABSOLUTE
    D:\Arm\Packs\FMD\FT32F0xx_DFP\1.1.0\Drivers\FT32F0xx_Driver\Src\ft32f0xx_wwdg.c 0x00000000   Number         0  ft32f0xx_wwdg.o ABSOLUTE
    D:\\Arm\\Packs\\FMD\\FT32F0xx_DFP\\1.1.0\\Drivers\\FT32F0xx_Driver\\Src\\ft32f0xx_adc.c 0x00000000   Number         0  ft32f0xx_adc.o ABSOLUTE
    D:\\Arm\\Packs\\FMD\\FT32F0xx_DFP\\1.1.0\\Drivers\\FT32F0xx_Driver\\Src\\ft32f0xx_crc.c 0x00000000   Number         0  ft32f0xx_crc.o ABSOLUTE
    D:\\Arm\\Packs\\FMD\\FT32F0xx_DFP\\1.1.0\\Drivers\\FT32F0xx_Driver\\Src\\ft32f0xx_crs.c 0x00000000   Number         0  ft32f0xx_crs.o ABSOLUTE
    D:\\Arm\\Packs\\FMD\\FT32F0xx_DFP\\1.1.0\\Drivers\\FT32F0xx_Driver\\Src\\ft32f0xx_dac.c 0x00000000   Number         0  ft32f0xx_dac.o ABSOLUTE
    D:\\Arm\\Packs\\FMD\\FT32F0xx_DFP\\1.1.0\\Drivers\\FT32F0xx_Driver\\Src\\ft32f0xx_debug.c 0x00000000   Number         0  ft32f0xx_debug.o ABSOLUTE
    D:\\Arm\\Packs\\FMD\\FT32F0xx_DFP\\1.1.0\\Drivers\\FT32F0xx_Driver\\Src\\ft32f0xx_dma.c 0x00000000   Number         0  ft32f0xx_dma.o ABSOLUTE
    D:\\Arm\\Packs\\FMD\\FT32F0xx_DFP\\1.1.0\\Drivers\\FT32F0xx_Driver\\Src\\ft32f0xx_exti.c 0x00000000   Number         0  ft32f0xx_exti.o ABSOLUTE
    D:\\Arm\\Packs\\FMD\\FT32F0xx_DFP\\1.1.0\\Drivers\\FT32F0xx_Driver\\Src\\ft32f0xx_flash.c 0x00000000   Number         0  ft32f0xx_flash.o ABSOLUTE
    D:\\Arm\\Packs\\FMD\\FT32F0xx_DFP\\1.1.0\\Drivers\\FT32F0xx_Driver\\Src\\ft32f0xx_gpio.c 0x00000000   Number         0  ft32f0xx_gpio.o ABSOLUTE
    D:\\Arm\\Packs\\FMD\\FT32F0xx_DFP\\1.1.0\\Drivers\\FT32F0xx_Driver\\Src\\ft32f0xx_i2c.c 0x00000000   Number         0  ft32f0xx_i2c.o ABSOLUTE
    D:\\Arm\\Packs\\FMD\\FT32F0xx_DFP\\1.1.0\\Drivers\\FT32F0xx_Driver\\Src\\ft32f0xx_iwdg.c 0x00000000   Number         0  ft32f0xx_iwdg.o ABSOLUTE
    D:\\Arm\\Packs\\FMD\\FT32F0xx_DFP\\1.1.0\\Drivers\\FT32F0xx_Driver\\Src\\ft32f0xx_misc.c 0x00000000   Number         0  ft32f0xx_misc.o ABSOLUTE
    D:\\Arm\\Packs\\FMD\\FT32F0xx_DFP\\1.1.0\\Drivers\\FT32F0xx_Driver\\Src\\ft32f0xx_pwr.c 0x00000000   Number         0  ft32f0xx_pwr.o ABSOLUTE
    D:\\Arm\\Packs\\FMD\\FT32F0xx_DFP\\1.1.0\\Drivers\\FT32F0xx_Driver\\Src\\ft32f0xx_rcc.c 0x00000000   Number         0  ft32f0xx_rcc.o ABSOLUTE
    D:\\Arm\\Packs\\FMD\\FT32F0xx_DFP\\1.1.0\\Drivers\\FT32F0xx_Driver\\Src\\ft32f0xx_rtc.c 0x00000000   Number         0  ft32f0xx_rtc.o ABSOLUTE
    D:\\Arm\\Packs\\FMD\\FT32F0xx_DFP\\1.1.0\\Drivers\\FT32F0xx_Driver\\Src\\ft32f0xx_spi.c 0x00000000   Number         0  ft32f0xx_spi.o ABSOLUTE
    D:\\Arm\\Packs\\FMD\\FT32F0xx_DFP\\1.1.0\\Drivers\\FT32F0xx_Driver\\Src\\ft32f0xx_syscfg.c 0x00000000   Number         0  ft32f0xx_syscfg.o ABSOLUTE
    D:\\Arm\\Packs\\FMD\\FT32F0xx_DFP\\1.1.0\\Drivers\\FT32F0xx_Driver\\Src\\ft32f0xx_tim.c 0x00000000   Number         0  ft32f0xx_tim.o ABSOLUTE
    D:\\Arm\\Packs\\FMD\\FT32F0xx_DFP\\1.1.0\\Drivers\\FT32F0xx_Driver\\Src\\ft32f0xx_usart.c 0x00000000   Number         0  ft32f0xx_usart.o ABSOLUTE
    D:\\Arm\\Packs\\FMD\\FT32F0xx_DFP\\1.1.0\\Drivers\\FT32F0xx_Driver\\Src\\ft32f0xx_wwdg.c 0x00000000   Number         0  ft32f0xx_wwdg.o ABSOLUTE
    RTE\Device\FT32F030G8BUx\startup_ft32f030x8.s 0x00000000   Number         0  startup_ft32f030x8.o ABSOLUTE
    RTE\Device\FT32F030G8BUx\system_ft32f0xx.c 0x00000000   Number         0  system_ft32f0xx.o ABSOLUTE
    RTE\\Device\\FT32F030G8BUx\\system_ft32f0xx.c 0x00000000   Number         0  system_ft32f0xx.o ABSOLUTE
    cdcmple.s                                0x00000000   Number         0  cdcmple.o ABSOLUTE
    cdrcmple.s                               0x00000000   Number         0  cdrcmple.o ABSOLUTE
    cfcmple.s                                0x00000000   Number         0  cfcmple.o ABSOLUTE
    cfrcmple.s                               0x00000000   Number         0  cfrcmple.o ABSOLUTE
    dc.s                                     0x00000000   Number         0  dc.o ABSOLUTE
    handlers.s                               0x00000000   Number         0  handlers.o ABSOLUTE
    init.s                                   0x00000000   Number         0  init.o ABSOLUTE
    RESET                                    0x08000000   Section      192  startup_ft32f030x8.o(RESET)
    .ARM.Collect$$$$00000000                 0x080000c0   Section        0  entry.o(.ARM.Collect$$$$00000000)
    .ARM.Collect$$$$00000001                 0x080000c0   Section        4  entry2.o(.ARM.Collect$$$$00000001)
    .ARM.Collect$$$$00000004                 0x080000c4   Section        4  entry5.o(.ARM.Collect$$$$00000004)
    .ARM.Collect$$$$00000008                 0x080000c8   Section        0  entry7b.o(.ARM.Collect$$$$00000008)
    .ARM.Collect$$$$0000000A                 0x080000c8   Section        0  entry8b.o(.ARM.Collect$$$$0000000A)
    .ARM.Collect$$$$0000000B                 0x080000c8   Section        8  entry9a.o(.ARM.Collect$$$$0000000B)
    .ARM.Collect$$$$0000000D                 0x080000d0   Section        0  entry10a.o(.ARM.Collect$$$$0000000D)
    .ARM.Collect$$$$0000000F                 0x080000d0   Section        0  entry11a.o(.ARM.Collect$$$$0000000F)
    .ARM.Collect$$$$00002712                 0x080000d0   Section        4  entry2.o(.ARM.Collect$$$$00002712)
    __lit__00000000                          0x080000d0   Data           4  entry2.o(.ARM.Collect$$$$00002712)
    .text                                    0x080000d4   Section       88  startup_ft32f030x8.o(.text)
    .text                                    0x0800012c   Section        0  uidiv.o(.text)
    .text                                    0x08000158   Section        0  idiv.o(.text)
    .text                                    0x08000180   Section        0  fadd.o(.text)
    .text                                    0x08000232   Section        0  fmul.o(.text)
    .text                                    0x080002ac   Section        0  fdiv.o(.text)
    .text                                    0x08000328   Section        0  dadd.o(.text)
    .text                                    0x0800048c   Section        0  dmul.o(.text)
    .text                                    0x0800055c   Section        0  ddiv.o(.text)
    .text                                    0x0800064c   Section        0  fflti.o(.text)
    .text                                    0x08000664   Section        0  dflti.o(.text)
    .text                                    0x0800068c   Section        0  dfltui.o(.text)
    .text                                    0x080006a8   Section        0  ffixui.o(.text)
    .text                                    0x080006d0   Section        0  dfixi.o(.text)
    .text                                    0x08000718   Section        0  dfixui.o(.text)
    .text                                    0x08000754   Section        0  f2d.o(.text)
    .text                                    0x0800077c   Section       40  cdcmple.o(.text)
    .text                                    0x080007a4   Section       40  cdrcmple.o(.text)
    .text                                    0x080007cc   Section        0  d2f.o(.text)
    .text                                    0x08000804   Section       20  cfcmple.o(.text)
    .text                                    0x08000818   Section       20  cfrcmple.o(.text)
    .text                                    0x0800082c   Section        0  llshl.o(.text)
    .text                                    0x0800084c   Section        0  llushr.o(.text)
    .text                                    0x0800086e   Section        0  llsshr.o(.text)
    .text                                    0x08000894   Section        0  fepilogue.o(.text)
    .text                                    0x08000894   Section        0  iusefp.o(.text)
    .text                                    0x08000916   Section        0  depilogue.o(.text)
    .text                                    0x080009d4   Section       36  init.o(.text)
    .text                                    0x080009f8   Section        0  __dczerorl2.o(.text)
    i.AD9833_Delay                           0x08000a4e   Section        0  dev_ad9877.o(i.AD9833_Delay)
    AD9833_Delay                             0x08000a4f   Thumb Code    14  dev_ad9877.o(i.AD9833_Delay)
    i.AD9833_FSYNC_Set                       0x08000a5c   Section        0  dev_ad9877.o(i.AD9833_FSYNC_Set)
    AD9833_FSYNC_Set                         0x08000a5d   Thumb Code    16  dev_ad9877.o(i.AD9833_FSYNC_Set)
    i.AD9833_InitIo                          0x08000a6c   Section        0  dev_ad9877.o(i.AD9833_InitIo)
    i.AD9833_SCLK_Set                        0x08000a8a   Section        0  dev_ad9877.o(i.AD9833_SCLK_Set)
    AD9833_SCLK_Set                          0x08000a8b   Thumb Code    16  dev_ad9877.o(i.AD9833_SCLK_Set)
    i.AD9833_SDATA_Set                       0x08000a9a   Section        0  dev_ad9877.o(i.AD9833_SDATA_Set)
    AD9833_SDATA_Set                         0x08000a9b   Thumb Code    16  dev_ad9877.o(i.AD9833_SDATA_Set)
    i.AD9833_SendData                        0x08000aaa   Section        0  dev_ad9877.o(i.AD9833_SendData)
    AD9833_SendData                          0x08000aab   Thumb Code   108  dev_ad9877.o(i.AD9833_SendData)
    i.AD9833_SendFrequency                   0x08000b18   Section        0  dev_ad9877.o(i.AD9833_SendFrequency)
    AD9833_SendFrequency                     0x08000b19   Thumb Code   136  dev_ad9877.o(i.AD9833_SendFrequency)
    i.AD9833_SendPhase                       0x08000bac   Section        0  dev_ad9877.o(i.AD9833_SendPhase)
    AD9833_SendPhase                         0x08000bad   Thumb Code    26  dev_ad9877.o(i.AD9833_SendPhase)
    i.AD9833_SendWave                        0x08000bc6   Section        0  dev_ad9877.o(i.AD9833_SendWave)
    AD9833_SendWave                          0x08000bc7   Thumb Code    34  dev_ad9877.o(i.AD9833_SendWave)
    i.AD9833_SetPara                         0x08000be8   Section        0  dev_ad9877.o(i.AD9833_SetPara)
    i.ADCSample_Filter                       0x08000c4c   Section        0  dev_adc.o(i.ADCSample_Filter)
    ADCSample_Filter                         0x08000c4d   Thumb Code   146  dev_adc.o(i.ADCSample_Filter)
    i.ADC_ChannelConfig                      0x08000cde   Section        0  ft32f0xx_adc.o(i.ADC_ChannelConfig)
    i.ADC_Cmd                                0x08000cf6   Section        0  ft32f0xx_adc.o(i.ADC_Cmd)
    i.ADC_DMACmd                             0x08000d0e   Section        0  ft32f0xx_adc.o(i.ADC_DMACmd)
    i.ADC_DMARequestModeConfig               0x08000d26   Section        0  ft32f0xx_adc.o(i.ADC_DMARequestModeConfig)
    i.ADC_DMA_Config                         0x08000d38   Section        0  main.o(i.ADC_DMA_Config)
    i.ADC_DeInit                             0x08000e30   Section        0  ft32f0xx_adc.o(i.ADC_DeInit)
    i.ADC_GetCalibrationFactor               0x08000e50   Section        0  ft32f0xx_adc.o(i.ADC_GetCalibrationFactor)
    i.ADC_GetFlagStatus                      0x08000e8c   Section        0  ft32f0xx_adc.o(i.ADC_GetFlagStatus)
    i.ADC_Init                               0x08000ebc   Section        0  ft32f0xx_adc.o(i.ADC_Init)
    i.ADC_MainFunc                           0x08000ee8   Section        0  dev_adc.o(i.ADC_MainFunc)
    i.ADC_StartOfConversion                  0x08001090   Section        0  ft32f0xx_adc.o(i.ADC_StartOfConversion)
    i.ADC_StructInit                         0x0800109a   Section        0  ft32f0xx_adc.o(i.ADC_StructInit)
    i.APP_Start                              0x080010ac   Section        0  app.o(i.APP_Start)
    i.Beep_MainFunc                          0x08001154   Section        0  app.o(i.Beep_MainFunc)
    i.DMA_ClearFlag                          0x080012b8   Section        0  ft32f0xx_dma.o(i.DMA_ClearFlag)
    i.DMA_Cmd                                0x080012cc   Section        0  ft32f0xx_dma.o(i.DMA_Cmd)
    i.DMA_DeInit                             0x080012e8   Section        0  ft32f0xx_dma.o(i.DMA_DeInit)
    i.DMA_GetFlagStatus                      0x08001388   Section        0  ft32f0xx_dma.o(i.DMA_GetFlagStatus)
    i.DMA_Init                               0x080013b0   Section        0  ft32f0xx_dma.o(i.DMA_Init)
    i.DevGpio_SetOutPut                      0x080013f0   Section        0  dev_gpio.o(i.DevGpio_SetOutPut)
    i.Devpwm_SetDuty                         0x08001414   Section        0  dev_pwm.o(i.Devpwm_SetDuty)
    i.EXTI4_15_IRQHandler                    0x0800142c   Section        0  ft32f0xx_it.o(i.EXTI4_15_IRQHandler)
    i.EXTI_ClearITPendingBit                 0x08001480   Section        0  ft32f0xx_exti.o(i.EXTI_ClearITPendingBit)
    i.EXTI_GetITStatus                       0x0800148c   Section        0  ft32f0xx_exti.o(i.EXTI_GetITStatus)
    i.EXTI_Init                              0x080014a8   Section        0  ft32f0xx_exti.o(i.EXTI_Init)
    i.FLASH_ErasePage                        0x08001530   Section        0  ft32f0xx_flash.o(i.FLASH_ErasePage)
    i.FLASH_GetStatus                        0x0800158c   Section        0  ft32f0xx_flash.o(i.FLASH_GetStatus)
    i.FLASH_Lock                             0x080015c8   Section        0  ft32f0xx_flash.o(i.FLASH_Lock)
    i.FLASH_PrefetchBufferCmd                0x080015dc   Section        0  ft32f0xx_flash.o(i.FLASH_PrefetchBufferCmd)
    i.FLASH_ProgramWord                      0x08001600   Section        0  ft32f0xx_flash.o(i.FLASH_ProgramWord)
    i.FLASH_Unlock                           0x08001654   Section        0  ft32f0xx_flash.o(i.FLASH_Unlock)
    i.FLASH_WaitForLastOperation             0x08001678   Section        0  ft32f0xx_flash.o(i.FLASH_WaitForLastOperation)
    i.FT32_EXIT_Init                         0x080016a0   Section        0  main.o(i.FT32_EXIT_Init)
    i.FT32_GPIOA_Init                        0x0800170a   Section        0  main.o(i.FT32_GPIOA_Init)
    i.FT32_GPIOB_Init                        0x08001754   Section        0  main.o(i.FT32_GPIOB_Init)
    i.Flash_Read                             0x080017b0   Section        0  dev_flash.o(i.Flash_Read)
    i.Flash_Write                            0x080017dc   Section        0  dev_flash.o(i.Flash_Write)
    i.GPIO_Init                              0x0800184a   Section        0  ft32f0xx_gpio.o(i.GPIO_Init)
    i.GPIO_PinAFConfig                       0x080018da   Section        0  ft32f0xx_gpio.o(i.GPIO_PinAFConfig)
    i.GPIO_ReadInputDataBit                  0x0800191e   Section        0  ft32f0xx_gpio.o(i.GPIO_ReadInputDataBit)
    i.GPIO_ToggleBit                         0x08001934   Section        0  dev_gpio.o(i.GPIO_ToggleBit)
    i.GPIO_WriteBit                          0x08001958   Section        0  ft32f0xx_gpio.o(i.GPIO_WriteBit)
    i.HardFault_Handler                      0x08001964   Section        0  ft32f0xx_it.o(i.HardFault_Handler)
    i.LED_Init                               0x08001968   Section        0  app.o(i.LED_Init)
    i.LED_MainFunc                           0x0800197c   Section        0  app.o(i.LED_MainFunc)
    i.Lipus_MainFunc                         0x08001a18   Section        0  app.o(i.Lipus_MainFunc)
    i.Motor_LevelSet                         0x08001ba4   Section        0  app.o(i.Motor_LevelSet)
    Motor_LevelSet                           0x08001ba5   Thumb Code    46  app.o(i.Motor_LevelSet)
    i.Motor_MainFunc                         0x08001bd4   Section        0  app.o(i.Motor_MainFunc)
    i.NMI_Handler                            0x08001c00   Section        0  ft32f0xx_it.o(i.NMI_Handler)
    i.NVIC_Init                              0x08001c04   Section        0  ft32f0xx_misc.o(i.NVIC_Init)
    i.NVIC_SetPriority                       0x08001c74   Section        0  bsp_systick.o(i.NVIC_SetPriority)
    NVIC_SetPriority                         0x08001c75   Thumb Code   110  bsp_systick.o(i.NVIC_SetPriority)
    i.PIDController_Init                     0x08001cec   Section        0  dev_pid.o(i.PIDController_Init)
    i.PIDController_Update                   0x08001d06   Section        0  dev_pid.o(i.PIDController_Update)
    i.PendSV_Handler                         0x08001dae   Section        0  ft32f0xx_it.o(i.PendSV_Handler)
    i.Power_MainFunc                         0x08001db0   Section        0  app.o(i.Power_MainFunc)
    i.RCC_AHBPeriphClockCmd                  0x08001e34   Section        0  ft32f0xx_rcc.o(i.RCC_AHBPeriphClockCmd)
    i.RCC_APB1PeriphClockCmd                 0x08001e54   Section        0  ft32f0xx_rcc.o(i.RCC_APB1PeriphClockCmd)
    i.RCC_APB2PeriphClockCmd                 0x08001e74   Section        0  ft32f0xx_rcc.o(i.RCC_APB2PeriphClockCmd)
    i.RCC_APB2PeriphResetCmd                 0x08001e94   Section        0  ft32f0xx_rcc.o(i.RCC_APB2PeriphResetCmd)
    i.SVC_Handler                            0x08001eb4   Section        0  ft32f0xx_it.o(i.SVC_Handler)
    i.SYSCFG_EXTILineConfig                  0x08001eb8   Section        0  ft32f0xx_syscfg.o(i.SYSCFG_EXTILineConfig)
    i.SetSysClock                            0x08001ef8   Section        0  system_ft32f0xx.o(i.SetSysClock)
    SetSysClock                              0x08001ef9   Thumb Code     8  system_ft32f0xx.o(i.SetSysClock)
    i.SetSysClockTo72                        0x08001f00   Section        0  system_ft32f0xx.o(i.SetSysClockTo72)
    SetSysClockTo72                          0x08001f01   Thumb Code   200  system_ft32f0xx.o(i.SetSysClockTo72)
    i.Set_PWM1_Duty                          0x08001fd0   Section        0  dev_pwm.o(i.Set_PWM1_Duty)
    Set_PWM1_Duty                            0x08001fd1   Thumb Code    22  dev_pwm.o(i.Set_PWM1_Duty)
    i.Set_PWM2_Duty                          0x08001fec   Section        0  dev_pwm.o(i.Set_PWM2_Duty)
    Set_PWM2_Duty                            0x08001fed   Thumb Code    42  dev_pwm.o(i.Set_PWM2_Duty)
    i.Set_PWM3_Duty                          0x08002020   Section        0  dev_pwm.o(i.Set_PWM3_Duty)
    Set_PWM3_Duty                            0x08002021   Thumb Code    42  dev_pwm.o(i.Set_PWM3_Duty)
    i.SysTick_Handler                        0x08002058   Section        0  ft32f0xx_it.o(i.SysTick_Handler)
    i.SystemCoreClockUpdate                  0x08002060   Section        0  system_ft32f0xx.o(i.SystemCoreClockUpdate)
    i.SystemInit                             0x08002110   Section        0  system_ft32f0xx.o(i.SystemInit)
    i.SystickInit                            0x0800218c   Section        0  bsp_systick.o(i.SystickInit)
    i.TIM14_IRQHandler                       0x080021dc   Section        0  ft32f0xx_it.o(i.TIM14_IRQHandler)
    i.TIM17_IRQHandler                       0x080021fc   Section        0  ft32f0xx_it.o(i.TIM17_IRQHandler)
    i.TIM_ClearITPendingBit                  0x0800244c   Section        0  ft32f0xx_tim.o(i.TIM_ClearITPendingBit)
    i.TIM_Cmd                                0x08002454   Section        0  ft32f0xx_tim.o(i.TIM_Cmd)
    i.TIM_CtrlPWMOutputs                     0x08002470   Section        0  ft32f0xx_tim.o(i.TIM_CtrlPWMOutputs)
    i.TIM_GetITStatus                        0x08002492   Section        0  ft32f0xx_tim.o(i.TIM_GetITStatus)
    i.TIM_ITConfig                           0x080024b8   Section        0  ft32f0xx_tim.o(i.TIM_ITConfig)
    i.TIM_OC1Init                            0x080024cc   Section        0  ft32f0xx_tim.o(i.TIM_OC1Init)
    i.TIM_SetCompare1                        0x08002560   Section        0  ft32f0xx_tim.o(i.TIM_SetCompare1)
    i.TIM_TimeBaseInit                       0x08002564   Section        0  ft32f0xx_tim.o(i.TIM_TimeBaseInit)
    i.Task_Count                             0x080025e0   Section        0  main.o(i.Task_Count)
    i.Tim14BaseInit                          0x080026f4   Section        0  main.o(i.Tim14BaseInit)
    i.Tim15BaseInit                          0x08002748   Section        0  main.o(i.Tim15BaseInit)
    i.Tim16BaseInit                          0x080027e4   Section        0  main.o(i.Tim16BaseInit)
    i.Tim17BaseInit                          0x08002880   Section        0  main.o(i.Tim17BaseInit)
    i.Tim3BaseInit                           0x080028d4   Section        0  main.o(i.Tim3BaseInit)
    i.TimingDelay_Decrement                  0x08002978   Section        0  bsp_systick.o(i.TimingDelay_Decrement)
    i.UltraParam_Init                        0x08002990   Section        0  dev_flash.o(i.UltraParam_Init)
    i.UltraParam_Set                         0x08002a0c   Section        0  dev_flash.o(i.UltraParam_Set)
    i.__ARM_clz                              0x08002aec   Section        0  depilogue.o(i.__ARM_clz)
    i.__ARM_common_switch8                   0x08002b1a   Section        0  app.o(i.__ARM_common_switch8)
    i.__scatterload_copy                     0x08002b36   Section       14  handlers.o(i.__scatterload_copy)
    i.__scatterload_null                     0x08002b44   Section        2  handlers.o(i.__scatterload_null)
    i.__scatterload_zeroinit                 0x08002b46   Section       14  handlers.o(i.__scatterload_zeroinit)
    i.look1_iflf_binlxpw                     0x08002b54   Section        0  dev_adc.o(i.look1_iflf_binlxpw)
    i.main                                   0x08002c3c   Section        0  main.o(i.main)
    .constdata                               0x08002cc4   Section     1280  dev_adc.o(.constdata)
    .constdata                               0x080031c4   Section       12  dev_pwm.o(.constdata)
    set_pwm_duty                             0x080031c4   Data          12  dev_pwm.o(.constdata)
    .data                                    0x20000000   Section       31  ft32f0xx_it.o(.data)
    WorkTime                                 0x20000018   Data           4  ft32f0xx_it.o(.data)
    Key1_Sta                                 0x2000001c   Data           1  ft32f0xx_it.o(.data)
    Key2_Sta                                 0x2000001d   Data           1  ft32f0xx_it.o(.data)
    SetFlg                                   0x2000001e   Data           1  ft32f0xx_it.o(.data)
    .data                                    0x20000020   Section       34  main.o(.data)
    TaskCounter                              0x20000040   Data           2  main.o(.data)
    .data                                    0x20000044   Section        4  bsp_systick.o(.data)
    TimingDelay                              0x20000044   Data           4  bsp_systick.o(.data)
    .data                                    0x20000048   Section       14  app.o(.data)
    BeepCount                                0x20000052   Data           1  app.o(.data)
    BeepSta                                  0x20000053   Data           1  app.o(.data)
    motor_duty_old                           0x20000054   Data           1  app.o(.data)
    CycleDuty                                0x20000055   Data           1  app.o(.data)
    .data                                    0x20000058   Section       92  dev_adc.o(.data)
    SampleCount                              0x200000a0   Data           1  dev_adc.o(.data)
    Vol                                      0x200000a4   Data           4  dev_adc.o(.data)
    Temp_V                                   0x200000a8   Data           4  dev_adc.o(.data)
    Temp_R                                   0x200000ac   Data           4  dev_adc.o(.data)
    Temp_T                                   0x200000b0   Data           4  dev_adc.o(.data)
    .data                                    0x200000b4   Section        6  dev_flash.o(.data)
    SetFreq_Flg_old                          0x200000b8   Data           1  dev_flash.o(.data)
    Clear_Flg_old                            0x200000b9   Data           1  dev_flash.o(.data)
    .data                                    0x200000bc   Section       92  dev_gpio.o(.data)
    dev_gpio_handle                          0x200000c0   Data          88  dev_gpio.o(.data)
    .data                                    0x20000118   Section       20  system_ft32f0xx.o(.data)
    .bss                                     0x2000012c   Section       64  dev_adc.o(.bss)
    .bss                                     0x2000016c   Section       32  dev_pid.o(.bss)
    STACK                                    0x20000190   Section     1024  startup_ft32f030x8.o(STACK)

    Global Symbols

    Symbol Name                              Value     Ov Type        Size  Object(Section)

    BuildAttributes$$THM_ISAv3M$S$PE$A:L22$X:L11$S22$IEEE1$IW$USESV6$~STKCKD$USESV7$~SHL$OTIME$ROPI$EBA8$MICROLIB$REQ8$PRES8$EABIv2 0x00000000   Number         0  anon$$obj.o ABSOLUTE
    __ARM_use_no_argv                        0x00000000   Number         0  main.o ABSOLUTE
    __cpp_initialize__aeabi_                  - Undefined Weak Reference
    __cxa_finalize                            - Undefined Weak Reference
    _clock_init                               - Undefined Weak Reference
    _microlib_exit                            - Undefined Weak Reference
    __Vectors_Size                           0x000000c0   Number         0  startup_ft32f030x8.o ABSOLUTE
    __Vectors                                0x08000000   Data           4  startup_ft32f030x8.o(RESET)
    __Vectors_End                            0x080000c0   Data           0  startup_ft32f030x8.o(RESET)
    __main                                   0x080000c1   Thumb Code     0  entry.o(.ARM.Collect$$$$00000000)
    _main_stk                                0x080000c1   Thumb Code     0  entry2.o(.ARM.Collect$$$$00000001)
    _main_scatterload                        0x080000c5   Thumb Code     0  entry5.o(.ARM.Collect$$$$00000004)
    __main_after_scatterload                 0x080000c9   Thumb Code     0  entry5.o(.ARM.Collect$$$$00000004)
    _main_clock                              0x080000c9   Thumb Code     0  entry7b.o(.ARM.Collect$$$$00000008)
    _main_cpp_init                           0x080000c9   Thumb Code     0  entry8b.o(.ARM.Collect$$$$0000000A)
    _main_init                               0x080000c9   Thumb Code     0  entry9a.o(.ARM.Collect$$$$0000000B)
    __rt_final_cpp                           0x080000d1   Thumb Code     0  entry10a.o(.ARM.Collect$$$$0000000D)
    __rt_final_exit                          0x080000d1   Thumb Code     0  entry11a.o(.ARM.Collect$$$$0000000F)
    Reset_Handler                            0x080000d5   Thumb Code    38  startup_ft32f030x8.o(.text)
    ADC1_IRQHandler                          0x08000105   Thumb Code     0  startup_ft32f030x8.o(.text)
    DMA1_Channel1_IRQHandler                 0x08000105   Thumb Code     0  startup_ft32f030x8.o(.text)
    DMA1_Channel2_3_IRQHandler               0x08000105   Thumb Code     0  startup_ft32f030x8.o(.text)
    DMA1_Channel4_5_IRQHandler               0x08000105   Thumb Code     0  startup_ft32f030x8.o(.text)
    EXTI0_1_IRQHandler                       0x08000105   Thumb Code     0  startup_ft32f030x8.o(.text)
    EXTI2_3_IRQHandler                       0x08000105   Thumb Code     0  startup_ft32f030x8.o(.text)
    FLASH_IRQHandler                         0x08000105   Thumb Code     0  startup_ft32f030x8.o(.text)
    I2C1_IRQHandler                          0x08000105   Thumb Code     0  startup_ft32f030x8.o(.text)
    I2C2_IRQHandler                          0x08000105   Thumb Code     0  startup_ft32f030x8.o(.text)
    PVD_VDDIO_IRQHandler                     0x08000105   Thumb Code     0  startup_ft32f030x8.o(.text)
    RCC_IRQHandler                           0x08000105   Thumb Code     0  startup_ft32f030x8.o(.text)
    RTC_IRQHandler                           0x08000105   Thumb Code     0  startup_ft32f030x8.o(.text)
    SPI1_IRQHandler                          0x08000105   Thumb Code     0  startup_ft32f030x8.o(.text)
    SPI2_IRQHandler                          0x08000105   Thumb Code     0  startup_ft32f030x8.o(.text)
    TIM15_IRQHandler                         0x08000105   Thumb Code     0  startup_ft32f030x8.o(.text)
    TIM16_IRQHandler                         0x08000105   Thumb Code     0  startup_ft32f030x8.o(.text)
    TIM1_BRK_UP_TRG_COM_IRQHandler           0x08000105   Thumb Code     0  startup_ft32f030x8.o(.text)
    TIM1_CC_IRQHandler                       0x08000105   Thumb Code     0  startup_ft32f030x8.o(.text)
    TIM3_IRQHandler                          0x08000105   Thumb Code     0  startup_ft32f030x8.o(.text)
    TIM6_IRQHandler                          0x08000105   Thumb Code     0  startup_ft32f030x8.o(.text)
    USART1_IRQHandler                        0x08000105   Thumb Code     0  startup_ft32f030x8.o(.text)
    USART2_IRQHandler                        0x08000105   Thumb Code     0  startup_ft32f030x8.o(.text)
    USB_IRQHandler                           0x08000105   Thumb Code     0  startup_ft32f030x8.o(.text)
    WWDG_IRQHandler                          0x08000105   Thumb Code     0  startup_ft32f030x8.o(.text)
    __aeabi_uidiv                            0x0800012d   Thumb Code     0  uidiv.o(.text)
    __aeabi_uidivmod                         0x0800012d   Thumb Code    44  uidiv.o(.text)
    __aeabi_idiv                             0x08000159   Thumb Code     0  idiv.o(.text)
    __aeabi_idivmod                          0x08000159   Thumb Code    40  idiv.o(.text)
    __aeabi_fadd                             0x08000181   Thumb Code   162  fadd.o(.text)
    __aeabi_fsub                             0x08000223   Thumb Code     8  fadd.o(.text)
    __aeabi_frsub                            0x0800022b   Thumb Code     8  fadd.o(.text)
    __aeabi_fmul                             0x08000233   Thumb Code   122  fmul.o(.text)
    __aeabi_fdiv                             0x080002ad   Thumb Code   124  fdiv.o(.text)
    __aeabi_dadd                             0x08000329   Thumb Code   328  dadd.o(.text)
    __aeabi_dsub                             0x08000471   Thumb Code    12  dadd.o(.text)
    __aeabi_drsub                            0x0800047d   Thumb Code    12  dadd.o(.text)
    __aeabi_dmul                             0x0800048d   Thumb Code   202  dmul.o(.text)
    __aeabi_ddiv                             0x0800055d   Thumb Code   234  ddiv.o(.text)
    __aeabi_i2f                              0x0800064d   Thumb Code    22  fflti.o(.text)
    __aeabi_i2d                              0x08000665   Thumb Code    34  dflti.o(.text)
    __aeabi_ui2d                             0x0800068d   Thumb Code    24  dfltui.o(.text)
    __aeabi_f2uiz                            0x080006a9   Thumb Code    40  ffixui.o(.text)
    __aeabi_d2iz                             0x080006d1   Thumb Code    62  dfixi.o(.text)
    __aeabi_d2uiz                            0x08000719   Thumb Code    50  dfixui.o(.text)
    __aeabi_f2d                              0x08000755   Thumb Code    40  f2d.o(.text)
    __aeabi_cdcmpeq                          0x0800077d   Thumb Code     0  cdcmple.o(.text)
    __aeabi_cdcmple                          0x0800077d   Thumb Code    38  cdcmple.o(.text)
    __aeabi_cdrcmple                         0x080007a5   Thumb Code    38  cdrcmple.o(.text)
    __aeabi_d2f                              0x080007cd   Thumb Code    56  d2f.o(.text)
    __aeabi_cfcmpeq                          0x08000805   Thumb Code     0  cfcmple.o(.text)
    __aeabi_cfcmple                          0x08000805   Thumb Code    20  cfcmple.o(.text)
    __aeabi_cfrcmple                         0x08000819   Thumb Code    20  cfrcmple.o(.text)
    __aeabi_llsl                             0x0800082d   Thumb Code    32  llshl.o(.text)
    _ll_shift_l                              0x0800082d   Thumb Code     0  llshl.o(.text)
    __aeabi_llsr                             0x0800084d   Thumb Code    34  llushr.o(.text)
    _ll_ushift_r                             0x0800084d   Thumb Code     0  llushr.o(.text)
    __aeabi_lasr                             0x0800086f   Thumb Code    38  llsshr.o(.text)
    _ll_sshift_r                             0x0800086f   Thumb Code     0  llsshr.o(.text)
    __I$use$fp                               0x08000895   Thumb Code     0  iusefp.o(.text)
    _float_round                             0x08000895   Thumb Code    16  fepilogue.o(.text)
    _float_epilogue                          0x080008a5   Thumb Code   114  fepilogue.o(.text)
    _double_round                            0x08000917   Thumb Code    26  depilogue.o(.text)
    _double_epilogue                         0x08000931   Thumb Code   164  depilogue.o(.text)
    __scatterload                            0x080009d5   Thumb Code    28  init.o(.text)
    __scatterload_rt2                        0x080009d5   Thumb Code     0  init.o(.text)
    __decompress                             0x080009f9   Thumb Code     0  __dczerorl2.o(.text)
    __decompress1                            0x080009f9   Thumb Code    86  __dczerorl2.o(.text)
    AD9833_InitIo                            0x08000a6d   Thumb Code    30  dev_ad9877.o(i.AD9833_InitIo)
    AD9833_SetPara                           0x08000be9   Thumb Code   100  dev_ad9877.o(i.AD9833_SetPara)
    ADC_ChannelConfig                        0x08000cdf   Thumb Code    24  ft32f0xx_adc.o(i.ADC_ChannelConfig)
    ADC_Cmd                                  0x08000cf7   Thumb Code    24  ft32f0xx_adc.o(i.ADC_Cmd)
    ADC_DMACmd                               0x08000d0f   Thumb Code    24  ft32f0xx_adc.o(i.ADC_DMACmd)
    ADC_DMARequestModeConfig                 0x08000d27   Thumb Code    16  ft32f0xx_adc.o(i.ADC_DMARequestModeConfig)
    ADC_DMA_Config                           0x08000d39   Thumb Code   234  main.o(i.ADC_DMA_Config)
    ADC_DeInit                               0x08000e31   Thumb Code    28  ft32f0xx_adc.o(i.ADC_DeInit)
    ADC_GetCalibrationFactor                 0x08000e51   Thumb Code    60  ft32f0xx_adc.o(i.ADC_GetCalibrationFactor)
    ADC_GetFlagStatus                        0x08000e8d   Thumb Code    48  ft32f0xx_adc.o(i.ADC_GetFlagStatus)
    ADC_Init                                 0x08000ebd   Thumb Code    40  ft32f0xx_adc.o(i.ADC_Init)
    ADC_MainFunc                             0x08000ee9   Thumb Code   330  dev_adc.o(i.ADC_MainFunc)
    ADC_StartOfConversion                    0x08001091   Thumb Code    10  ft32f0xx_adc.o(i.ADC_StartOfConversion)
    ADC_StructInit                           0x0800109b   Thumb Code    16  ft32f0xx_adc.o(i.ADC_StructInit)
    APP_Start                                0x080010ad   Thumb Code   134  app.o(i.APP_Start)
    Beep_MainFunc                            0x08001155   Thumb Code   334  app.o(i.Beep_MainFunc)
    DMA_ClearFlag                            0x080012b9   Thumb Code    16  ft32f0xx_dma.o(i.DMA_ClearFlag)
    DMA_Cmd                                  0x080012cd   Thumb Code    24  ft32f0xx_dma.o(i.DMA_Cmd)
    DMA_DeInit                               0x080012e9   Thumb Code   152  ft32f0xx_dma.o(i.DMA_DeInit)
    DMA_GetFlagStatus                        0x08001389   Thumb Code    36  ft32f0xx_dma.o(i.DMA_GetFlagStatus)
    DMA_Init                                 0x080013b1   Thumb Code    58  ft32f0xx_dma.o(i.DMA_Init)
    DevGpio_SetOutPut                        0x080013f1   Thumb Code    30  dev_gpio.o(i.DevGpio_SetOutPut)
    Devpwm_SetDuty                           0x08001415   Thumb Code    18  dev_pwm.o(i.Devpwm_SetDuty)
    EXTI4_15_IRQHandler                      0x0800142d   Thumb Code    74  ft32f0xx_it.o(i.EXTI4_15_IRQHandler)
    EXTI_ClearITPendingBit                   0x08001481   Thumb Code     6  ft32f0xx_exti.o(i.EXTI_ClearITPendingBit)
    EXTI_GetITStatus                         0x0800148d   Thumb Code    22  ft32f0xx_exti.o(i.EXTI_GetITStatus)
    EXTI_Init                                0x080014a9   Thumb Code   132  ft32f0xx_exti.o(i.EXTI_Init)
    FLASH_ErasePage                          0x08001531   Thumb Code    88  ft32f0xx_flash.o(i.FLASH_ErasePage)
    FLASH_GetStatus                          0x0800158d   Thumb Code    54  ft32f0xx_flash.o(i.FLASH_GetStatus)
    FLASH_Lock                               0x080015c9   Thumb Code    14  ft32f0xx_flash.o(i.FLASH_Lock)
    FLASH_PrefetchBufferCmd                  0x080015dd   Thumb Code    32  ft32f0xx_flash.o(i.FLASH_PrefetchBufferCmd)
    FLASH_ProgramWord                        0x08001601   Thumb Code    80  ft32f0xx_flash.o(i.FLASH_ProgramWord)
    FLASH_Unlock                             0x08001655   Thumb Code    24  ft32f0xx_flash.o(i.FLASH_Unlock)
    FLASH_WaitForLastOperation               0x08001679   Thumb Code    40  ft32f0xx_flash.o(i.FLASH_WaitForLastOperation)
    FT32_EXIT_Init                           0x080016a1   Thumb Code   106  main.o(i.FT32_EXIT_Init)
    FT32_GPIOA_Init                          0x0800170b   Thumb Code    72  main.o(i.FT32_GPIOA_Init)
    FT32_GPIOB_Init                          0x08001755   Thumb Code    84  main.o(i.FT32_GPIOB_Init)
    Flash_Read                               0x080017b1   Thumb Code    44  dev_flash.o(i.Flash_Read)
    Flash_Write                              0x080017dd   Thumb Code   110  dev_flash.o(i.Flash_Write)
    GPIO_Init                                0x0800184b   Thumb Code   144  ft32f0xx_gpio.o(i.GPIO_Init)
    GPIO_PinAFConfig                         0x080018db   Thumb Code    68  ft32f0xx_gpio.o(i.GPIO_PinAFConfig)
    GPIO_ReadInputDataBit                    0x0800191f   Thumb Code    20  ft32f0xx_gpio.o(i.GPIO_ReadInputDataBit)
    GPIO_ToggleBit                           0x08001935   Thumb Code    30  dev_gpio.o(i.GPIO_ToggleBit)
    GPIO_WriteBit                            0x08001959   Thumb Code    12  ft32f0xx_gpio.o(i.GPIO_WriteBit)
    HardFault_Handler                        0x08001965   Thumb Code     4  ft32f0xx_it.o(i.HardFault_Handler)
    LED_Init                                 0x08001969   Thumb Code    20  app.o(i.LED_Init)
    LED_MainFunc                             0x0800197d   Thumb Code   134  app.o(i.LED_MainFunc)
    Lipus_MainFunc                           0x08001a19   Thumb Code   362  app.o(i.Lipus_MainFunc)
    Motor_MainFunc                           0x08001bd5   Thumb Code    36  app.o(i.Motor_MainFunc)
    NMI_Handler                              0x08001c01   Thumb Code     2  ft32f0xx_it.o(i.NMI_Handler)
    NVIC_Init                                0x08001c05   Thumb Code   106  ft32f0xx_misc.o(i.NVIC_Init)
    PIDController_Init                       0x08001ced   Thumb Code    26  dev_pid.o(i.PIDController_Init)
    PIDController_Update                     0x08001d07   Thumb Code   168  dev_pid.o(i.PIDController_Update)
    PendSV_Handler                           0x08001daf   Thumb Code     2  ft32f0xx_it.o(i.PendSV_Handler)
    Power_MainFunc                           0x08001db1   Thumb Code   114  app.o(i.Power_MainFunc)
    RCC_AHBPeriphClockCmd                    0x08001e35   Thumb Code    28  ft32f0xx_rcc.o(i.RCC_AHBPeriphClockCmd)
    RCC_APB1PeriphClockCmd                   0x08001e55   Thumb Code    28  ft32f0xx_rcc.o(i.RCC_APB1PeriphClockCmd)
    RCC_APB2PeriphClockCmd                   0x08001e75   Thumb Code    28  ft32f0xx_rcc.o(i.RCC_APB2PeriphClockCmd)
    RCC_APB2PeriphResetCmd                   0x08001e95   Thumb Code    28  ft32f0xx_rcc.o(i.RCC_APB2PeriphResetCmd)
    SVC_Handler                              0x08001eb5   Thumb Code     2  ft32f0xx_it.o(i.SVC_Handler)
    SYSCFG_EXTILineConfig                    0x08001eb9   Thumb Code    60  ft32f0xx_syscfg.o(i.SYSCFG_EXTILineConfig)
    SysTick_Handler                          0x08002059   Thumb Code     8  ft32f0xx_it.o(i.SysTick_Handler)
    SystemCoreClockUpdate                    0x08002061   Thumb Code   154  system_ft32f0xx.o(i.SystemCoreClockUpdate)
    SystemInit                               0x08002111   Thumb Code   110  system_ft32f0xx.o(i.SystemInit)
    SystickInit                              0x0800218d   Thumb Code    68  bsp_systick.o(i.SystickInit)
    TIM14_IRQHandler                         0x080021dd   Thumb Code    28  ft32f0xx_it.o(i.TIM14_IRQHandler)
    TIM17_IRQHandler                         0x080021fd   Thumb Code   524  ft32f0xx_it.o(i.TIM17_IRQHandler)
    TIM_ClearITPendingBit                    0x0800244d   Thumb Code     6  ft32f0xx_tim.o(i.TIM_ClearITPendingBit)
    TIM_Cmd                                  0x08002455   Thumb Code    24  ft32f0xx_tim.o(i.TIM_Cmd)
    TIM_CtrlPWMOutputs                       0x08002471   Thumb Code    34  ft32f0xx_tim.o(i.TIM_CtrlPWMOutputs)
    TIM_GetITStatus                          0x08002493   Thumb Code    38  ft32f0xx_tim.o(i.TIM_GetITStatus)
    TIM_ITConfig                             0x080024b9   Thumb Code    20  ft32f0xx_tim.o(i.TIM_ITConfig)
    TIM_OC1Init                              0x080024cd   Thumb Code   122  ft32f0xx_tim.o(i.TIM_OC1Init)
    TIM_SetCompare1                          0x08002561   Thumb Code     4  ft32f0xx_tim.o(i.TIM_SetCompare1)
    TIM_TimeBaseInit                         0x08002565   Thumb Code    90  ft32f0xx_tim.o(i.TIM_TimeBaseInit)
    Task_Count                               0x080025e1   Thumb Code   232  main.o(i.Task_Count)
    Tim14BaseInit                            0x080026f5   Thumb Code    74  main.o(i.Tim14BaseInit)
    Tim15BaseInit                            0x08002749   Thumb Code   150  main.o(i.Tim15BaseInit)
    Tim16BaseInit                            0x080027e5   Thumb Code   148  main.o(i.Tim16BaseInit)
    Tim17BaseInit                            0x08002881   Thumb Code    78  main.o(i.Tim17BaseInit)
    Tim3BaseInit                             0x080028d5   Thumb Code   148  main.o(i.Tim3BaseInit)
    TimingDelay_Decrement                    0x08002979   Thumb Code    20  bsp_systick.o(i.TimingDelay_Decrement)
    UltraParam_Init                          0x08002991   Thumb Code   112  dev_flash.o(i.UltraParam_Init)
    UltraParam_Set                           0x08002a0d   Thumb Code   194  dev_flash.o(i.UltraParam_Set)
    __ARM_clz                                0x08002aed   Thumb Code    46  depilogue.o(i.__ARM_clz)
    __ARM_common_switch8                     0x08002b1b   Thumb Code    28  app.o(i.__ARM_common_switch8)
    __scatterload_copy                       0x08002b37   Thumb Code    14  handlers.o(i.__scatterload_copy)
    __scatterload_null                       0x08002b45   Thumb Code     2  handlers.o(i.__scatterload_null)
    __scatterload_zeroinit                   0x08002b47   Thumb Code    14  handlers.o(i.__scatterload_zeroinit)
    look1_iflf_binlxpw                       0x08002b55   Thumb Code   232  dev_adc.o(i.look1_iflf_binlxpw)
    main                                     0x08002c3d   Thumb Code   104  main.o(i.main)
    INP_HWTemp1_R                            0x08002cc4   Data         640  dev_adc.o(.constdata)
    OUT_HWTemp1_T                            0x08002f44   Data         640  dev_adc.o(.constdata)
    Region$$Table$$Base                      0x080031d0   Number         0  anon$$obj.o(Region$$Table)
    Region$$Table$$Limit                     0x080031f0   Number         0  anon$$obj.o(Region$$Table)
    KEY1_Count                               0x20000000   Data           4  ft32f0xx_it.o(.data)
    KEY2_Count                               0x20000004   Data           4  ft32f0xx_it.o(.data)
    POWER_Count                              0x20000008   Data           4  ft32f0xx_it.o(.data)
    KEY1_Flg                                 0x2000000c   Data           1  ft32f0xx_it.o(.data)
    KEY2_Flg                                 0x2000000d   Data           1  ft32f0xx_it.o(.data)
    PowerOn_Flg                              0x2000000e   Data           1  ft32f0xx_it.o(.data)
    Beep_SatrtFlg                            0x2000000f   Data           1  ft32f0xx_it.o(.data)
    WorkStart_Flg                            0x20000010   Data           1  ft32f0xx_it.o(.data)
    SetFreq_Flg                              0x20000011   Data           1  ft32f0xx_it.o(.data)
    CycleTime                                0x20000012   Data           2  ft32f0xx_it.o(.data)
    Clear_Flg                                0x20000014   Data           1  ft32f0xx_it.o(.data)
    UltraModule                              0x20000015   Data           1  ft32f0xx_it.o(.data)
    Motor_Level                              0x20000016   Data           1  ft32f0xx_it.o(.data)
    step                                     0x20000020   Data           1  main.o(.data)
    ch_gpio                                  0x20000021   Data           1  main.o(.data)
    ch_pwm                                   0x20000022   Data           1  main.o(.data)
    Bat_Stdby                                0x20000023   Data           1  main.o(.data)
    Bat_Charge                               0x20000024   Data           1  main.o(.data)
    duty                                     0x20000025   Data           1  main.o(.data)
    Monitoring                               0x20000026   Data           1  main.o(.data)
    Val                                      0x20000027   Data           1  main.o(.data)
    Power_Flg                                0x20000028   Data           1  main.o(.data)
    TaskCounter                              0x2000002a   Data           2  main.o(.data)
    Task5msFlg                               0x2000002c   Data           1  main.o(.data)
    Task10msFlg                              0x2000002d   Data           1  main.o(.data)
    Task20msFlg                              0x2000002e   Data           1  main.o(.data)
    Task30msFlg                              0x2000002f   Data           1  main.o(.data)
    Task50msFlg                              0x20000030   Data           1  main.o(.data)
    Task80msFlg                              0x20000031   Data           1  main.o(.data)
    Task100msFlg                             0x20000032   Data           1  main.o(.data)
    Task200msFlg                             0x20000033   Data           1  main.o(.data)
    Task500msFlg                             0x20000034   Data           1  main.o(.data)
    Task1000msFlg                            0x20000035   Data           1  main.o(.data)
    DMA_DualConvertedValue                   0x20000038   Data           4  main.o(.data)
    lsi_freq                                 0x2000003c   Data           4  main.o(.data)
    Frequnecy_Param                          0x20000048   Data           4  app.o(.data)
    Vibration_Param                          0x2000004c   Data           4  app.o(.data)
    Led_RedFlg                               0x20000050   Data           1  app.o(.data)
    Led_GreenFlg                             0x20000051   Data           1  app.o(.data)
    SampleVol_Buff                           0x20000058   Data          64  dev_adc.o(.data)
    Battery_vol                              0x20000098   Data           4  dev_adc.o(.data)
    Ultra_Temp                               0x2000009c   Data           4  dev_adc.o(.data)
    Data_Store                               0x200000b4   Data           4  dev_flash.o(.data)
    PowerFlg                                 0x200000bc   Data           1  dev_gpio.o(.data)
    SystemCoreClock                          0x20000118   Data           4  system_ft32f0xx.o(.data)
    AHBPrescTable                            0x2000011c   Data          16  system_ft32f0xx.o(.data)
    SampleTemp_Buff                          0x2000012c   Data          64  dev_adc.o(.bss)
    Pid_Contronl                             0x2000016c   Data          32  dev_pid.o(.bss)
    __initial_sp                             0x20000590   Data           0  startup_ft32f030x8.o(STACK)



==============================================================================

Memory Map of the image

  Image Entry point : 0x080000d5

  Load Region LR_1 (Base: 0x08000000, Size: 0x0000331c, Max: 0xffffffff, ABSOLUTE, COMPRESSED[0x00003240])

    Execution Region ER_RO (Exec base: 0x08000000, Load base: 0x08000000, Size: 0x000031f0, Max: 0xffffffff, ABSOLUTE)

    Exec Addr    Load Addr    Size         Type   Attr      Idx    E Section Name        Object

    0x08000000   0x08000000   0x000000c0   Data   RO         3788    RESET               startup_ft32f030x8.o
    0x080000c0   0x080000c0   0x00000000   Code   RO         3842  * .ARM.Collect$$$$00000000  mc_p.l(entry.o)
    0x080000c0   0x080000c0   0x00000004   Code   RO         3885    .ARM.Collect$$$$00000001  mc_p.l(entry2.o)
    0x080000c4   0x080000c4   0x00000004   Code   RO         3888    .ARM.Collect$$$$00000004  mc_p.l(entry5.o)
    0x080000c8   0x080000c8   0x00000000   Code   RO         3890    .ARM.Collect$$$$00000008  mc_p.l(entry7b.o)
    0x080000c8   0x080000c8   0x00000000   Code   RO         3892    .ARM.Collect$$$$0000000A  mc_p.l(entry8b.o)
    0x080000c8   0x080000c8   0x00000008   Code   RO         3893    .ARM.Collect$$$$0000000B  mc_p.l(entry9a.o)
    0x080000d0   0x080000d0   0x00000000   Code   RO         3895    .ARM.Collect$$$$0000000D  mc_p.l(entry10a.o)
    0x080000d0   0x080000d0   0x00000000   Code   RO         3897    .ARM.Collect$$$$0000000F  mc_p.l(entry11a.o)
    0x080000d0   0x080000d0   0x00000004   Code   RO         3886    .ARM.Collect$$$$00002712  mc_p.l(entry2.o)
    0x080000d4   0x080000d4   0x00000058   Code   RO         3789  * .text               startup_ft32f030x8.o
    0x0800012c   0x0800012c   0x0000002c   Code   RO         3845    .text               mc_p.l(uidiv.o)
    0x08000158   0x08000158   0x00000028   Code   RO         3847    .text               mc_p.l(idiv.o)
    0x08000180   0x08000180   0x000000b2   Code   RO         3849    .text               mf_p.l(fadd.o)
    0x08000232   0x08000232   0x0000007a   Code   RO         3851    .text               mf_p.l(fmul.o)
    0x080002ac   0x080002ac   0x0000007c   Code   RO         3853    .text               mf_p.l(fdiv.o)
    0x08000328   0x08000328   0x00000164   Code   RO         3855    .text               mf_p.l(dadd.o)
    0x0800048c   0x0800048c   0x000000d0   Code   RO         3857    .text               mf_p.l(dmul.o)
    0x0800055c   0x0800055c   0x000000f0   Code   RO         3859    .text               mf_p.l(ddiv.o)
    0x0800064c   0x0800064c   0x00000016   Code   RO         3861    .text               mf_p.l(fflti.o)
    0x08000662   0x08000662   0x00000002   PAD
    0x08000664   0x08000664   0x00000028   Code   RO         3863    .text               mf_p.l(dflti.o)
    0x0800068c   0x0800068c   0x0000001c   Code   RO         3865    .text               mf_p.l(dfltui.o)
    0x080006a8   0x080006a8   0x00000028   Code   RO         3867    .text               mf_p.l(ffixui.o)
    0x080006d0   0x080006d0   0x00000048   Code   RO         3869    .text               mf_p.l(dfixi.o)
    0x08000718   0x08000718   0x0000003c   Code   RO         3871    .text               mf_p.l(dfixui.o)
    0x08000754   0x08000754   0x00000028   Code   RO         3873    .text               mf_p.l(f2d.o)
    0x0800077c   0x0800077c   0x00000028   Code   RO         3875    .text               mf_p.l(cdcmple.o)
    0x080007a4   0x080007a4   0x00000028   Code   RO         3877    .text               mf_p.l(cdrcmple.o)
    0x080007cc   0x080007cc   0x00000038   Code   RO         3879    .text               mf_p.l(d2f.o)
    0x08000804   0x08000804   0x00000014   Code   RO         3881    .text               mf_p.l(cfcmple.o)
    0x08000818   0x08000818   0x00000014   Code   RO         3883    .text               mf_p.l(cfrcmple.o)
    0x0800082c   0x0800082c   0x00000020   Code   RO         3899    .text               mc_p.l(llshl.o)
    0x0800084c   0x0800084c   0x00000022   Code   RO         3901    .text               mc_p.l(llushr.o)
    0x0800086e   0x0800086e   0x00000026   Code   RO         3903    .text               mc_p.l(llsshr.o)
    0x08000894   0x08000894   0x00000000   Code   RO         3905    .text               mc_p.l(iusefp.o)
    0x08000894   0x08000894   0x00000082   Code   RO         3906    .text               mf_p.l(fepilogue.o)
    0x08000916   0x08000916   0x000000be   Code   RO         3908    .text               mf_p.l(depilogue.o)
    0x080009d4   0x080009d4   0x00000024   Code   RO         3912    .text               mc_p.l(init.o)
    0x080009f8   0x080009f8   0x00000056   Code   RO         3922    .text               mc_p.l(__dczerorl2.o)
    0x08000a4e   0x08000a4e   0x0000000e   Code   RO          415    i.AD9833_Delay      dev_ad9877.o
    0x08000a5c   0x08000a5c   0x00000010   Code   RO          416    i.AD9833_FSYNC_Set  dev_ad9877.o
    0x08000a6c   0x08000a6c   0x0000001e   Code   RO          417    i.AD9833_InitIo     dev_ad9877.o
    0x08000a8a   0x08000a8a   0x00000010   Code   RO          418    i.AD9833_SCLK_Set   dev_ad9877.o
    0x08000a9a   0x08000a9a   0x00000010   Code   RO          419    i.AD9833_SDATA_Set  dev_ad9877.o
    0x08000aaa   0x08000aaa   0x0000006c   Code   RO          420    i.AD9833_SendData   dev_ad9877.o
    0x08000b16   0x08000b16   0x00000002   PAD
    0x08000b18   0x08000b18   0x00000094   Code   RO          421    i.AD9833_SendFrequency  dev_ad9877.o
    0x08000bac   0x08000bac   0x0000001a   Code   RO          422    i.AD9833_SendPhase  dev_ad9877.o
    0x08000bc6   0x08000bc6   0x00000022   Code   RO          423    i.AD9833_SendWave   dev_ad9877.o
    0x08000be8   0x08000be8   0x00000064   Code   RO          424    i.AD9833_SetPara    dev_ad9877.o
    0x08000c4c   0x08000c4c   0x00000092   Code   RO          485    i.ADCSample_Filter  dev_adc.o
    0x08000cde   0x08000cde   0x00000018   Code   RO          689    i.ADC_ChannelConfig  ft32f0xx_adc.o
    0x08000cf6   0x08000cf6   0x00000018   Code   RO          693    i.ADC_Cmd           ft32f0xx_adc.o
    0x08000d0e   0x08000d0e   0x00000018   Code   RO          695    i.ADC_DMACmd        ft32f0xx_adc.o
    0x08000d26   0x08000d26   0x00000010   Code   RO          696    i.ADC_DMARequestModeConfig  ft32f0xx_adc.o
    0x08000d36   0x08000d36   0x00000002   PAD
    0x08000d38   0x08000d38   0x000000f8   Code   RO          186    i.ADC_DMA_Config    main.o
    0x08000e30   0x08000e30   0x00000020   Code   RO          697    i.ADC_DeInit        ft32f0xx_adc.o
    0x08000e50   0x08000e50   0x0000003c   Code   RO          699    i.ADC_GetCalibrationFactor  ft32f0xx_adc.o
    0x08000e8c   0x08000e8c   0x00000030   Code   RO          701    i.ADC_GetFlagStatus  ft32f0xx_adc.o
    0x08000ebc   0x08000ebc   0x0000002c   Code   RO          704    i.ADC_Init          ft32f0xx_adc.o
    0x08000ee8   0x08000ee8   0x000001a8   Code   RO          486    i.ADC_MainFunc      dev_adc.o
    0x08001090   0x08001090   0x0000000a   Code   RO          709    i.ADC_StartOfConversion  ft32f0xx_adc.o
    0x0800109a   0x0800109a   0x00000010   Code   RO          711    i.ADC_StructInit    ft32f0xx_adc.o
    0x080010aa   0x080010aa   0x00000002   PAD
    0x080010ac   0x080010ac   0x000000a8   Code   RO          344    i.APP_Start         app.o
    0x08001154   0x08001154   0x00000164   Code   RO          345    i.Beep_MainFunc     app.o
    0x080012b8   0x080012b8   0x00000014   Code   RO         1230    i.DMA_ClearFlag     ft32f0xx_dma.o
    0x080012cc   0x080012cc   0x0000001c   Code   RO         1232    i.DMA_Cmd           ft32f0xx_dma.o
    0x080012e8   0x080012e8   0x000000a0   Code   RO         1233    i.DMA_DeInit        ft32f0xx_dma.o
    0x08001388   0x08001388   0x00000028   Code   RO         1235    i.DMA_GetFlagStatus  ft32f0xx_dma.o
    0x080013b0   0x080013b0   0x00000040   Code   RO         1238    i.DMA_Init          ft32f0xx_dma.o
    0x080013f0   0x080013f0   0x00000024   Code   RO          578    i.DevGpio_SetOutPut  dev_gpio.o
    0x08001414   0x08001414   0x00000018   Code   RO          643    i.Devpwm_SetDuty    dev_pwm.o
    0x0800142c   0x0800142c   0x00000054   Code   RO            3    i.EXTI4_15_IRQHandler  ft32f0xx_it.o
    0x08001480   0x08001480   0x0000000c   Code   RO         1315    i.EXTI_ClearITPendingBit  ft32f0xx_exti.o
    0x0800148c   0x0800148c   0x0000001c   Code   RO         1319    i.EXTI_GetITStatus  ft32f0xx_exti.o
    0x080014a8   0x080014a8   0x00000088   Code   RO         1320    i.EXTI_Init         ft32f0xx_exti.o
    0x08001530   0x08001530   0x0000005c   Code   RO         1382    i.FLASH_ErasePage   ft32f0xx_flash.o
    0x0800158c   0x0800158c   0x0000003c   Code   RO         1385    i.FLASH_GetStatus   ft32f0xx_flash.o
    0x080015c8   0x080015c8   0x00000014   Code   RO         1387    i.FLASH_Lock        ft32f0xx_flash.o
    0x080015dc   0x080015dc   0x00000024   Code   RO         1403    i.FLASH_PrefetchBufferCmd  ft32f0xx_flash.o
    0x08001600   0x08001600   0x00000054   Code   RO         1404    i.FLASH_ProgramWord  ft32f0xx_flash.o
    0x08001654   0x08001654   0x00000024   Code   RO         1406    i.FLASH_Unlock      ft32f0xx_flash.o
    0x08001678   0x08001678   0x00000028   Code   RO         1407    i.FLASH_WaitForLastOperation  ft32f0xx_flash.o
    0x080016a0   0x080016a0   0x0000006a   Code   RO          187    i.FT32_EXIT_Init    main.o
    0x0800170a   0x0800170a   0x00000048   Code   RO          188    i.FT32_GPIOA_Init   main.o
    0x08001752   0x08001752   0x00000002   PAD
    0x08001754   0x08001754   0x0000005c   Code   RO          189    i.FT32_GPIOB_Init   main.o
    0x080017b0   0x080017b0   0x0000002c   Code   RO          531    i.Flash_Read        dev_flash.o
    0x080017dc   0x080017dc   0x0000006e   Code   RO          532    i.Flash_Write       dev_flash.o
    0x0800184a   0x0800184a   0x00000090   Code   RO         1567    i.GPIO_Init         ft32f0xx_gpio.o
    0x080018da   0x080018da   0x00000044   Code   RO         1569    i.GPIO_PinAFConfig  ft32f0xx_gpio.o
    0x0800191e   0x0800191e   0x00000014   Code   RO         1572    i.GPIO_ReadInputDataBit  ft32f0xx_gpio.o
    0x08001932   0x08001932   0x00000002   PAD
    0x08001934   0x08001934   0x00000024   Code   RO          580    i.GPIO_ToggleBit    dev_gpio.o
    0x08001958   0x08001958   0x0000000c   Code   RO         1579    i.GPIO_WriteBit     ft32f0xx_gpio.o
    0x08001964   0x08001964   0x00000004   Code   RO            4    i.HardFault_Handler  ft32f0xx_it.o
    0x08001968   0x08001968   0x00000014   Code   RO          346    i.LED_Init          app.o
    0x0800197c   0x0800197c   0x0000009c   Code   RO          347    i.LED_MainFunc      app.o
    0x08001a18   0x08001a18   0x0000018c   Code   RO          348    i.Lipus_MainFunc    app.o
    0x08001ba4   0x08001ba4   0x0000002e   Code   RO          349    i.Motor_LevelSet    app.o
    0x08001bd2   0x08001bd2   0x00000002   PAD
    0x08001bd4   0x08001bd4   0x0000002c   Code   RO          350    i.Motor_MainFunc    app.o
    0x08001c00   0x08001c00   0x00000002   Code   RO            5    i.NMI_Handler       ft32f0xx_it.o
    0x08001c02   0x08001c02   0x00000002   PAD
    0x08001c04   0x08001c04   0x00000070   Code   RO         1992    i.NVIC_Init         ft32f0xx_misc.o
    0x08001c74   0x08001c74   0x00000078   Code   RO          299    i.NVIC_SetPriority  bsp_systick.o
    0x08001cec   0x08001cec   0x0000001a   Code   RO          620    i.PIDController_Init  dev_pid.o
    0x08001d06   0x08001d06   0x000000a8   Code   RO          621    i.PIDController_Update  dev_pid.o
    0x08001dae   0x08001dae   0x00000002   Code   RO            6    i.PendSV_Handler    ft32f0xx_it.o
    0x08001db0   0x08001db0   0x00000084   Code   RO          351    i.Power_MainFunc    app.o
    0x08001e34   0x08001e34   0x00000020   Code   RO         2107    i.RCC_AHBPeriphClockCmd  ft32f0xx_rcc.o
    0x08001e54   0x08001e54   0x00000020   Code   RO         2109    i.RCC_APB1PeriphClockCmd  ft32f0xx_rcc.o
    0x08001e74   0x08001e74   0x00000020   Code   RO         2111    i.RCC_APB2PeriphClockCmd  ft32f0xx_rcc.o
    0x08001e94   0x08001e94   0x00000020   Code   RO         2112    i.RCC_APB2PeriphResetCmd  ft32f0xx_rcc.o
    0x08001eb4   0x08001eb4   0x00000002   Code   RO            7    i.SVC_Handler       ft32f0xx_it.o
    0x08001eb6   0x08001eb6   0x00000002   PAD
    0x08001eb8   0x08001eb8   0x00000040   Code   RO         2853    i.SYSCFG_EXTILineConfig  ft32f0xx_syscfg.o
    0x08001ef8   0x08001ef8   0x00000008   Code   RO         3795    i.SetSysClock       system_ft32f0xx.o
    0x08001f00   0x08001f00   0x000000d0   Code   RO         3796    i.SetSysClockTo72   system_ft32f0xx.o
    0x08001fd0   0x08001fd0   0x0000001c   Code   RO          644    i.Set_PWM1_Duty     dev_pwm.o
    0x08001fec   0x08001fec   0x00000034   Code   RO          645    i.Set_PWM2_Duty     dev_pwm.o
    0x08002020   0x08002020   0x00000038   Code   RO          646    i.Set_PWM3_Duty     dev_pwm.o
    0x08002058   0x08002058   0x00000008   Code   RO            8    i.SysTick_Handler   ft32f0xx_it.o
    0x08002060   0x08002060   0x000000b0   Code   RO         3797    i.SystemCoreClockUpdate  system_ft32f0xx.o
    0x08002110   0x08002110   0x0000007c   Code   RO         3798    i.SystemInit        system_ft32f0xx.o
    0x0800218c   0x0800218c   0x00000050   Code   RO          300    i.SystickInit       bsp_systick.o
    0x080021dc   0x080021dc   0x00000020   Code   RO            9    i.TIM14_IRQHandler  ft32f0xx_it.o
    0x080021fc   0x080021fc   0x00000250   Code   RO           10    i.TIM17_IRQHandler  ft32f0xx_it.o
    0x0800244c   0x0800244c   0x00000006   Code   RO         2921    i.TIM_ClearITPendingBit  ft32f0xx_tim.o
    0x08002452   0x08002452   0x00000002   PAD
    0x08002454   0x08002454   0x0000001c   Code   RO         2926    i.TIM_Cmd           ft32f0xx_tim.o
    0x08002470   0x08002470   0x00000022   Code   RO         2928    i.TIM_CtrlPWMOutputs  ft32f0xx_tim.o
    0x08002492   0x08002492   0x00000026   Code   RO         2947    i.TIM_GetITStatus   ft32f0xx_tim.o
    0x080024b8   0x080024b8   0x00000014   Code   RO         2951    i.TIM_ITConfig      ft32f0xx_tim.o
    0x080024cc   0x080024cc   0x00000094   Code   RO         2955    i.TIM_OC1Init       ft32f0xx_tim.o
    0x08002560   0x08002560   0x00000004   Code   RO         2989    i.TIM_SetCompare1   ft32f0xx_tim.o
    0x08002564   0x08002564   0x0000007c   Code   RO         2999    i.TIM_TimeBaseInit  ft32f0xx_tim.o
    0x080025e0   0x080025e0   0x00000114   Code   RO          191    i.Task_Count        main.o
    0x080026f4   0x080026f4   0x00000054   Code   RO          192    i.Tim14BaseInit     main.o
    0x08002748   0x08002748   0x0000009c   Code   RO          193    i.Tim15BaseInit     main.o
    0x080027e4   0x080027e4   0x0000009c   Code   RO          194    i.Tim16BaseInit     main.o
    0x08002880   0x08002880   0x00000054   Code   RO          195    i.Tim17BaseInit     main.o
    0x080028d4   0x080028d4   0x000000a4   Code   RO          196    i.Tim3BaseInit      main.o
    0x08002978   0x08002978   0x00000018   Code   RO          301    i.TimingDelay_Decrement  bsp_systick.o
    0x08002990   0x08002990   0x0000007c   Code   RO          533    i.UltraParam_Init   dev_flash.o
    0x08002a0c   0x08002a0c   0x000000e0   Code   RO          534    i.UltraParam_Set    dev_flash.o
    0x08002aec   0x08002aec   0x0000002e   Code   RO         3910    i.__ARM_clz         mf_p.l(depilogue.o)
    0x08002b1a   0x08002b1a   0x0000001c   Code   RO          403    i.__ARM_common_switch8  app.o
    0x08002b36   0x08002b36   0x0000000e   Code   RO         3916    i.__scatterload_copy  mc_p.l(handlers.o)
    0x08002b44   0x08002b44   0x00000002   Code   RO         3917    i.__scatterload_null  mc_p.l(handlers.o)
    0x08002b46   0x08002b46   0x0000000e   Code   RO         3918    i.__scatterload_zeroinit  mc_p.l(handlers.o)
    0x08002b54   0x08002b54   0x000000e8   Code   RO          487    i.look1_iflf_binlxpw  dev_adc.o
    0x08002c3c   0x08002c3c   0x00000088   Code   RO          197    i.main              main.o
    0x08002cc4   0x08002cc4   0x00000500   Data   RO          489    .constdata          dev_adc.o
    0x080031c4   0x080031c4   0x0000000c   Data   RO          647    .constdata          dev_pwm.o
    0x080031d0   0x080031d0   0x00000020   Data   RO         3914    Region$$Table       anon$$obj.o


    Execution Region ER_RW (Exec base: 0x20000000, Load base: 0x080031f0, Size: 0x0000012c, Max: 0xffffffff, ABSOLUTE, COMPRESSED[0x00000050])

    Exec Addr    Load Addr    Size         Type   Attr      Idx    E Section Name        Object

    0x20000000   COMPRESSED   0x0000001f   Data   RW           11    .data               ft32f0xx_it.o
    0x2000001f   COMPRESSED   0x00000001   PAD
    0x20000020   COMPRESSED   0x00000022   Data   RW          198    .data               main.o
    0x20000042   COMPRESSED   0x00000002   PAD
    0x20000044   COMPRESSED   0x00000004   Data   RW          302    .data               bsp_systick.o
    0x20000048   COMPRESSED   0x0000000e   Data   RW          352    .data               app.o
    0x20000056   COMPRESSED   0x00000002   PAD
    0x20000058   COMPRESSED   0x0000005c   Data   RW          490    .data               dev_adc.o
    0x200000b4   COMPRESSED   0x00000006   Data   RW          535    .data               dev_flash.o
    0x200000ba   COMPRESSED   0x00000002   PAD
    0x200000bc   COMPRESSED   0x0000005c   Data   RW          581    .data               dev_gpio.o
    0x20000118   COMPRESSED   0x00000014   Data   RW         3799    .data               system_ft32f0xx.o


    Execution Region ER_ZI (Exec base: 0x2000012c, Load base: 0x08003240, Size: 0x00000464, Max: 0xffffffff, ABSOLUTE)

    Exec Addr    Load Addr    Size         Type   Attr      Idx    E Section Name        Object

    0x2000012c        -       0x00000040   Zero   RW          488    .bss                dev_adc.o
    0x2000016c        -       0x00000020   Zero   RW          622    .bss                dev_pid.o
    0x2000018c   0x08003240   0x00000004   PAD
    0x20000190        -       0x00000400   Zero   RW         3786    STACK               startup_ft32f030x8.o


==============================================================================

Image component sizes


      Code (inc. data)   RO Data    RW Data    ZI Data      Debug   Object Name

      1346        146          0         14          0       4883   app.o
       224         26          0          4          0       7878   bsp_systick.o
       508         12          0          0          0       5793   dev_ad9877.o
       802         94       1280         92         64       3513   dev_adc.o
       502         42          0          6          0       3383   dev_flash.o
        72         12          0         92          0       2132   dev_gpio.o
       194          0          0          0         32       2087   dev_pid.o
       160         36         12          0          0       2625   dev_pwm.o
       298          8          0          0          0       6502   ft32f0xx_adc.o
       312         26          0          0          0       4650   ft32f0xx_dma.o
       176         16          0          0          0       2272   ft32f0xx_exti.o
       368         36          0          0          0       4563   ft32f0xx_flash.o
       244          0          0          0          0       3171   ft32f0xx_gpio.o
       726         82          0         31          0     173865   ft32f0xx_it.o
       112          6          0          0          0       1096   ft32f0xx_misc.o
       128         16          0          0          0       2319   ft32f0xx_rcc.o
        64          4          0          0          0        640   ft32f0xx_syscfg.o
       402         64          0          0          0       5579   ft32f0xx_tim.o
      1574        144          0         34          0       8447   main.o
        88         38        192          0       1024        648   startup_ft32f030x8.o
       516         44          0         20          0       2977   system_ft32f0xx.o

    ----------------------------------------------------------------------
      8834        852       1516        300       1124     249023   Object Totals
         0          0         32          0          0          0   (incl. Generated)
        18          0          0          7          4          0   (incl. Padding)

    ----------------------------------------------------------------------

      Code (inc. data)   RO Data    RW Data    ZI Data      Debug   Library Member Name

        86          0          0          0          0          0   __dczerorl2.o
         0          0          0          0          0          0   entry.o
         0          0          0          0          0          0   entry10a.o
         0          0          0          0          0          0   entry11a.o
         8          4          0          0          0          0   entry2.o
         4          0          0          0          0          0   entry5.o
         0          0          0          0          0          0   entry7b.o
         0          0          0          0          0          0   entry8b.o
         8          4          0          0          0          0   entry9a.o
        30          0          0          0          0          0   handlers.o
        40          0          0          0          0         72   idiv.o
        36          8          0          0          0         68   init.o
         0          0          0          0          0          0   iusefp.o
        32          0          0          0          0         68   llshl.o
        38          0          0          0          0         68   llsshr.o
        34          0          0          0          0         68   llushr.o
        44          0          0          0          0         72   uidiv.o
        40          2          0          0          0         68   cdcmple.o
        40          2          0          0          0         68   cdrcmple.o
        20          0          0          0          0         68   cfcmple.o
        20          0          0          0          0         68   cfrcmple.o
        56          0          0          0          0         68   d2f.o
       356          4          0          0          0        140   dadd.o
       240          6          0          0          0         84   ddiv.o
       236          0          0          0          0        216   depilogue.o
        72         10          0          0          0         72   dfixi.o
        60         10          0          0          0         68   dfixui.o
        40          6          0          0          0         68   dflti.o
        28          4          0          0          0         68   dfltui.o
       208          6          0          0          0         88   dmul.o
        40          0          0          0          0         60   f2d.o
       178          0          0          0          0        108   fadd.o
       124          0          0          0          0         72   fdiv.o
       130          0          0          0          0        144   fepilogue.o
        40          0          0          0          0         60   ffixui.o
        22          0          0          0          0         68   fflti.o
       122          0          0          0          0         72   fmul.o

    ----------------------------------------------------------------------
      2434         66          0          0          0       2144   Library Totals
         2          0          0          0          0          0   (incl. Padding)

    ----------------------------------------------------------------------

      Code (inc. data)   RO Data    RW Data    ZI Data      Debug   Library Name

       360         16          0          0          0        416   mc_p.l
      2072         50          0          0          0       1728   mf_p.l

    ----------------------------------------------------------------------
      2434         66          0          0          0       2144   Library Totals

    ----------------------------------------------------------------------

==============================================================================


      Code (inc. data)   RO Data    RW Data    ZI Data      Debug   

     11268        918       1516        300       1124     245903   Grand Totals
     11268        918       1516         80       1124     245903   ELF Image Totals (compressed)
     11268        918       1516         80          0          0   ROM Totals

==============================================================================

    Total RO  Size (Code + RO Data)                12784 (  12.48kB)
    Total RW  Size (RW Data + ZI Data)              1424 (   1.39kB)
    Total ROM Size (Code + RO Data + RW Data)      12864 (  12.56kB)

==============================================================================

