Component: ARM Compiler 5.06 update 6 (build 750) Tool: armlink [4d35ed]

==============================================================================

Section Cross References

    ft32f0xx_it.o(i.EXTI4_15_IRQHandler) refers to ft32f0xx_exti.o(i.EXTI_GetITStatus) for EXTI_GetITStatus
    ft32f0xx_it.o(i.EXTI4_15_IRQHandler) refers to ft32f0xx_exti.o(i.EXTI_ClearITPendingBit) for EXTI_ClearITPendingBit
    ft32f0xx_it.o(i.EXTI4_15_IRQHandler) refers to ft32f0xx_it.o(.data) for KEY1_Flg
    ft32f0xx_it.o(i.SysTick_Handler) refers to bsp_systick.o(i.TimingDelay_Decrement) for TimingDelay_Decrement
    ft32f0xx_it.o(i.TIM17_IRQHandler) refers to ft32f0xx_tim.o(i.TIM_GetITStatus) for TIM_GetITStatus
    ft32f0xx_it.o(i.TIM17_IRQHandler) refers to ft32f0xx_tim.o(i.TIM_ClearITPendingBit) for TIM_ClearITPendingBit
    ft32f0xx_it.o(i.TIM17_IRQHandler) refers to ft32f0xx_it.o(.data) for KEY1_Count
    main.o(i.ADC_DMA_Config) refers to ft32f0xx_adc.o(i.ADC_DeInit) for ADC_DeInit
    main.o(i.ADC_DMA_Config) refers to ft32f0xx_rcc.o(i.RCC_AHBPeriphClockCmd) for RCC_AHBPeriphClockCmd
    main.o(i.ADC_DMA_Config) refers to ft32f0xx_rcc.o(i.RCC_APB2PeriphClockCmd) for RCC_APB2PeriphClockCmd
    main.o(i.ADC_DMA_Config) refers to ft32f0xx_gpio.o(i.GPIO_Init) for GPIO_Init
    main.o(i.ADC_DMA_Config) refers to ft32f0xx_adc.o(i.ADC_StructInit) for ADC_StructInit
    main.o(i.ADC_DMA_Config) refers to ft32f0xx_adc.o(i.ADC_Init) for ADC_Init
    main.o(i.ADC_DMA_Config) refers to ft32f0xx_adc.o(i.ADC_ChannelConfig) for ADC_ChannelConfig
    main.o(i.ADC_DMA_Config) refers to ft32f0xx_adc.o(i.ADC_GetCalibrationFactor) for ADC_GetCalibrationFactor
    main.o(i.ADC_DMA_Config) refers to ft32f0xx_adc.o(i.ADC_DMARequestModeConfig) for ADC_DMARequestModeConfig
    main.o(i.ADC_DMA_Config) refers to ft32f0xx_adc.o(i.ADC_DMACmd) for ADC_DMACmd
    main.o(i.ADC_DMA_Config) refers to ft32f0xx_adc.o(i.ADC_Cmd) for ADC_Cmd
    main.o(i.ADC_DMA_Config) refers to ft32f0xx_adc.o(i.ADC_GetFlagStatus) for ADC_GetFlagStatus
    main.o(i.ADC_DMA_Config) refers to ft32f0xx_dma.o(i.DMA_DeInit) for DMA_DeInit
    main.o(i.ADC_DMA_Config) refers to ft32f0xx_dma.o(i.DMA_Init) for DMA_Init
    main.o(i.ADC_DMA_Config) refers to ft32f0xx_dma.o(i.DMA_Cmd) for DMA_Cmd
    main.o(i.ADC_DMA_Config) refers to ft32f0xx_adc.o(i.ADC_StartOfConversion) for ADC_StartOfConversion
    main.o(i.ADC_DMA_Config) refers to main.o(.data) for DMA_DualConvertedValue
    main.o(i.FT32_EXIT_Init) refers to ft32f0xx_rcc.o(i.RCC_AHBPeriphClockCmd) for RCC_AHBPeriphClockCmd
    main.o(i.FT32_EXIT_Init) refers to ft32f0xx_rcc.o(i.RCC_APB2PeriphClockCmd) for RCC_APB2PeriphClockCmd
    main.o(i.FT32_EXIT_Init) refers to ft32f0xx_gpio.o(i.GPIO_Init) for GPIO_Init
    main.o(i.FT32_EXIT_Init) refers to ft32f0xx_syscfg.o(i.SYSCFG_EXTILineConfig) for SYSCFG_EXTILineConfig
    main.o(i.FT32_EXIT_Init) refers to ft32f0xx_exti.o(i.EXTI_Init) for EXTI_Init
    main.o(i.FT32_EXIT_Init) refers to ft32f0xx_misc.o(i.NVIC_Init) for NVIC_Init
    main.o(i.FT32_GPIOA_Init) refers to ft32f0xx_rcc.o(i.RCC_AHBPeriphClockCmd) for RCC_AHBPeriphClockCmd
    main.o(i.FT32_GPIOA_Init) refers to ft32f0xx_gpio.o(i.GPIO_Init) for GPIO_Init
    main.o(i.FT32_GPIOA_Init) refers to dev_gpio.o(i.DevGpio_SetOutPut) for DevGpio_SetOutPut
    main.o(i.FT32_GPIOB_Init) refers to ft32f0xx_rcc.o(i.RCC_AHBPeriphClockCmd) for RCC_AHBPeriphClockCmd
    main.o(i.FT32_GPIOB_Init) refers to ft32f0xx_gpio.o(i.GPIO_Init) for GPIO_Init
    main.o(i.IWDG_Config) refers to ft32f0xx_iwdg.o(i.IWDG_WriteAccessCmd) for IWDG_WriteAccessCmd
    main.o(i.IWDG_Config) refers to ft32f0xx_iwdg.o(i.IWDG_SetPrescaler) for IWDG_SetPrescaler
    main.o(i.IWDG_Config) refers to ft32f0xx_iwdg.o(i.IWDG_SetReload) for IWDG_SetReload
    main.o(i.IWDG_Config) refers to ft32f0xx_iwdg.o(i.IWDG_ReloadCounter) for IWDG_ReloadCounter
    main.o(i.IWDG_Config) refers to ft32f0xx_iwdg.o(i.IWDG_Enable) for IWDG_Enable
    main.o(i.IWDG_Config) refers to main.o(.data) for lsi_freq
    main.o(i.Tim14BaseInit) refers to ft32f0xx_rcc.o(i.RCC_AHBPeriphClockCmd) for RCC_AHBPeriphClockCmd
    main.o(i.Tim14BaseInit) refers to ft32f0xx_rcc.o(i.RCC_APB1PeriphClockCmd) for RCC_APB1PeriphClockCmd
    main.o(i.Tim14BaseInit) refers to ft32f0xx_gpio.o(i.GPIO_Init) for GPIO_Init
    main.o(i.Tim14BaseInit) refers to ft32f0xx_gpio.o(i.GPIO_PinAFConfig) for GPIO_PinAFConfig
    main.o(i.Tim14BaseInit) refers to ft32f0xx_tim.o(i.TIM_TimeBaseInit) for TIM_TimeBaseInit
    main.o(i.Tim14BaseInit) refers to ft32f0xx_tim.o(i.TIM_OC1Init) for TIM_OC1Init
    main.o(i.Tim14BaseInit) refers to ft32f0xx_tim.o(i.TIM_Cmd) for TIM_Cmd
    main.o(i.Tim14BaseInit) refers to ft32f0xx_tim.o(i.TIM_CtrlPWMOutputs) for TIM_CtrlPWMOutputs
    main.o(i.Tim16BaseInit) refers to ft32f0xx_rcc.o(i.RCC_AHBPeriphClockCmd) for RCC_AHBPeriphClockCmd
    main.o(i.Tim16BaseInit) refers to ft32f0xx_rcc.o(i.RCC_APB2PeriphClockCmd) for RCC_APB2PeriphClockCmd
[...]
    startup_ft32f030x8.o(.text) refers to startup_ft32f030x8.o(STACK) for __initial_sp
    startup_ft32f030x8.o(.text) refers to system_ft32f0xx.o(i.SystemInit) for SystemInit
    startup_ft32f030x8.o(.text) refers to entry.o(.ARM.Collect$$$$00000000) for __main
    system_ft32f0xx.o(i.SetSysClock) refers to system_ft32f0xx.o(i.SetSysClockTo72) for SetSysClockTo72
    system_ft32f0xx.o(i.SystemCoreClockUpdate) refers to uidiv.o(.text) for __aeabi_uidivmod
    system_ft32f0xx.o(i.SystemCoreClockUpdate) refers to system_ft32f0xx.o(.data) for SystemCoreClock
    system_ft32f0xx.o(i.SystemInit) refers to system_ft32f0xx.o(i.SetSysClock) for SetSysClock
    entry.o(.ARM.Collect$$$$00000000) refers (Special) to entry10a.o(.ARM.Collect$$$$0000000D) for __rt_final_cpp
    entry.o(.ARM.Collect$$$$00000000) refers (Special) to entry11a.o(.ARM.Collect$$$$0000000F) for __rt_final_exit
    entry.o(.ARM.Collect$$$$00000000) refers (Special) to entry7b.o(.ARM.Collect$$$$00000008) for _main_clock
    entry.o(.ARM.Collect$$$$00000000) refers (Special) to entry8b.o(.ARM.Collect$$$$0000000A) for _main_cpp_init
    entry.o(.ARM.Collect$$$$00000000) refers (Special) to entry9a.o(.ARM.Collect$$$$0000000B) for _main_init
    entry.o(.ARM.Collect$$$$00000000) refers (Special) to entry5.o(.ARM.Collect$$$$00000004) for _main_scatterload
    entry.o(.ARM.Collect$$$$00000000) refers (Special) to entry2.o(.ARM.Collect$$$$00000001) for _main_stk
    fadd.o(.text) refers (Special) to iusefp.o(.text) for __I$use$fp
    fadd.o(.text) refers to fepilogue.o(.text) for _float_epilogue
    fmul.o(.text) refers (Special) to iusefp.o(.text) for __I$use$fp
    fdiv.o(.text) refers (Special) to iusefp.o(.text) for __I$use$fp
    fdiv.o(.text) refers to fepilogue.o(.text) for _float_round
    dmul.o(.text) refers (Special) to iusefp.o(.text) for __I$use$fp
    dmul.o(.text) refers to depilogue.o(.text) for _double_epilogue
    ddiv.o(.text) refers (Special) to iusefp.o(.text) for __I$use$fp
    ddiv.o(.text) refers to depilogue.o(.text) for _double_round
    fflti.o(.text) refers (Special) to iusefp.o(.text) for __I$use$fp
    fflti.o(.text) refers to fepilogue.o(.text) for _float_epilogue
    dfltui.o(.text) refers (Special) to iusefp.o(.text) for __I$use$fp
    dfltui.o(.text) refers to depilogue.o(.text) for _double_epilogue
    dfixi.o(.text) refers (Special) to iusefp.o(.text) for __I$use$fp
    dfixi.o(.text) refers to llushr.o(.text) for __aeabi_llsr
    dfixui.o(.text) refers (Special) to iusefp.o(.text) for __I$use$fp
    dfixui.o(.text) refers to llushr.o(.text) for __aeabi_llsr
    cfcmple.o(.text) refers (Special) to iusefp.o(.text) for __I$use$fp
    entry2.o(.ARM.Collect$$$$00000001) refers to entry2.o(.ARM.Collect$$$$00002712) for __lit__00000000
    entry2.o(.ARM.Collect$$$$00002712) refers to startup_ft32f030x8.o(STACK) for __initial_sp
    entry2.o(__vectab_stack_and_reset_area) refers to startup_ft32f030x8.o(STACK) for __initial_sp
    entry2.o(__vectab_stack_and_reset_area) refers to entry.o(.ARM.Collect$$$$00000000) for __main
    entry5.o(.ARM.Collect$$$$00000004) refers to init.o(.text) for __scatterload
    entry9a.o(.ARM.Collect$$$$0000000B) refers to main.o(i.main) for main
    entry9b.o(.ARM.Collect$$$$0000000C) refers to main.o(i.main) for main
    depilogue.o(.text) refers to depilogue.o(i.__ARM_clz) for __ARM_clz
    depilogue.o(.text) refers to llshl.o(.text) for __aeabi_llsl
    depilogue.o(.text) refers to llushr.o(.text) for __aeabi_llsr
    init.o(.text) refers to entry5.o(.ARM.Collect$$$$00000004) for __main_after_scatterload


==============================================================================

Removing Unused input sections from the image.

    Removing ft32f0xx_it.o(.rev16_text), (4 bytes).
    Removing ft32f0xx_it.o(.revsh_text), (4 bytes).
    Removing main.o(.rev16_text), (4 bytes).
    Removing main.o(.revsh_text), (4 bytes).
    Removing main.o(i.IWDG_Config), (44 bytes).
    Removing bsp_systick.o(.rev16_text), (4 bytes).
    Removing bsp_systick.o(.revsh_text), (4 bytes).
    Removing dev_ad9877.o(.rev16_text), (4 bytes).
    Removing dev_ad9877.o(.revsh_text), (4 bytes).
    Removing dev_adc.o(.rev16_text), (4 bytes).
    Removing dev_adc.o(.revsh_text), (4 bytes).
    Removing dev_gpio.o(.rev16_text), (4 bytes).
    Removing dev_gpio.o(.revsh_text), (4 bytes).
    Removing dev_gpio.o(i.DevGpio_ReadInPut), (36 bytes).
    Removing dev_pwm.o(.rev16_text), (4 bytes).
    Removing dev_pwm.o(.revsh_text), (4 bytes).
    Removing ft32f0xx_adc.o(.rev16_text), (4 bytes).
    Removing ft32f0xx_adc.o(.revsh_text), (4 bytes).
    Removing ft32f0xx_adc.o(i.ADC_AnalogWatchdogCmd), (28 bytes).
    Removing ft32f0xx_adc.o(i.ADC_AnalogWatchdogSingleChannelCmd), (28 bytes).
    Removing ft32f0xx_adc.o(i.ADC_AnalogWatchdogSingleChannelConfig), (28 bytes).
    Removing ft32f0xx_adc.o(i.ADC_AnalogWatchdogThresholdsConfig), (8 bytes).
    Removing ft32f0xx_adc.o(i.ADC_AutoPowerOffCmd), (28 bytes).
    Removing ft32f0xx_adc.o(i.ADC_ClearFlag), (4 bytes).
    Removing ft32f0xx_adc.o(i.ADC_ClearITPendingBit), (4 bytes).
    Removing ft32f0xx_adc.o(i.ADC_ClockModeConfig), (4 bytes).
    Removing ft32f0xx_adc.o(i.ADC_ContinuousModeCmd), (28 bytes).
    Removing ft32f0xx_adc.o(i.ADC_DiscModeCmd), (28 bytes).
    Removing ft32f0xx_adc.o(i.ADC_GetConversionValue), (8 bytes).
    Removing ft32f0xx_adc.o(i.ADC_GetITStatus), (34 bytes).
    Removing ft32f0xx_adc.o(i.ADC_ITConfig), (20 bytes).
    Removing ft32f0xx_adc.o(i.ADC_IoshAmpCmd), (32 bytes).
    Removing ft32f0xx_adc.o(i.ADC_IoshSmpCmd), (32 bytes).
    Removing ft32f0xx_adc.o(i.ADC_JitterCmd), (20 bytes).
    Removing ft32f0xx_adc.o(i.ADC_OverrunModeCmd), (28 bytes).
    Removing ft32f0xx_adc.o(i.ADC_StopOfConversion), (10 bytes).
    Removing ft32f0xx_adc.o(i.ADC_TempSensorCmd), (40 bytes).
    Removing ft32f0xx_adc.o(i.ADC_VbatCmd), (40 bytes).
    Removing ft32f0xx_adc.o(i.ADC_VrefDecibCmd), (36 bytes).
    Removing ft32f0xx_adc.o(i.ADC_VrefintCmd), (40 bytes).
    Removing ft32f0xx_adc.o(i.ADC_VrefselConfig), (32 bytes).
    Removing ft32f0xx_adc.o(i.ADC_WaitModeCmd), (28 bytes).
    Removing ft32f0xx_crc.o(.rev16_text), (4 bytes).
    Removing ft32f0xx_crc.o(.revsh_text), (4 bytes).
    Removing ft32f0xx_crc.o(i.CRC_CalcBlockCRC), (36 bytes).
    Removing ft32f0xx_crc.o(i.CRC_CalcCRC), (16 bytes).
    Removing ft32f0xx_crc.o(i.CRC_CalcCRC16bits), (16 bytes).
    Removing ft32f0xx_crc.o(i.CRC_CalcCRC8bits), (16 bytes).
    Removing ft32f0xx_crc.o(i.CRC_DeInit), (28 bytes).
    Removing ft32f0xx_crc.o(i.CRC_GetCRC), (12 bytes).
    Removing ft32f0xx_crc.o(i.CRC_GetIDRegister), (12 bytes).
    Removing ft32f0xx_crc.o(i.CRC_ResetDR), (20 bytes).
    Removing ft32f0xx_crc.o(i.CRC_ReverseInputDataSelect), (32 bytes).
    Removing ft32f0xx_crc.o(i.CRC_ReverseOutputDataCmd), (36 bytes).
    Removing ft32f0xx_crc.o(i.CRC_SetIDRegister), (12 bytes).
    Removing ft32f0xx_crc.o(i.CRC_SetInitRegister), (12 bytes).
    Removing ft32f0xx_crc.o(i.CRC_SetPolynomial), (2 bytes).
    Removing ft32f0xx_crs.o(.rev16_text), (4 bytes).
    Removing ft32f0xx_crs.o(.revsh_text), (4 bytes).
    Removing ft32f0xx_crs.o(i.CRS_AdjustHSI48CalibrationValue), (32 bytes).
    Removing ft32f0xx_crs.o(i.CRS_AutomaticCalibrationCmd), (36 bytes).
    Removing ft32f0xx_crs.o(i.CRS_ClearFlag), (40 bytes).
    Removing ft32f0xx_crs.o(i.CRS_ClearITPendingBit), (40 bytes).
    Removing ft32f0xx_crs.o(i.CRS_DeInit), (22 bytes).
    Removing ft32f0xx_crs.o(i.CRS_FrequencyErrorCounterCmd), (36 bytes).
    Removing ft32f0xx_crs.o(i.CRS_FrequencyErrorCounterReload), (28 bytes).
    Removing ft32f0xx_crs.o(i.CRS_FrequencyErrorLimitConfig), (32 bytes).
    Removing ft32f0xx_crs.o(i.CRS_GetFlagStatus), (16 bytes).
    Removing ft32f0xx_crs.o(i.CRS_GetFrequencyErrorDirection), (16 bytes).
    Removing ft32f0xx_crs.o(i.CRS_GetFrequencyErrorValue), (16 bytes).
    Removing ft32f0xx_crs.o(i.CRS_GetHSI48CalibrationValue), (20 bytes).
    Removing ft32f0xx_crs.o(i.CRS_GetITStatus), (16 bytes).
    Removing ft32f0xx_crs.o(i.CRS_GetReloadValue), (12 bytes).
    Removing ft32f0xx_crs.o(i.CRS_ITConfig), (32 bytes).
    Removing ft32f0xx_crs.o(i.CRS_SoftwareSynchronizationGenerate), (20 bytes).
    Removing ft32f0xx_crs.o(i.CRS_SynchronizationPolarityConfig), (28 bytes).
    Removing ft32f0xx_crs.o(i.CRS_SynchronizationPrescalerConfig), (28 bytes).
    Removing ft32f0xx_crs.o(i.CRS_SynchronizationSourceConfig), (28 bytes).
    Removing ft32f0xx_dac.o(.rev16_text), (4 bytes).
    Removing ft32f0xx_dac.o(.revsh_text), (4 bytes).
    Removing ft32f0xx_dac.o(i.DAC_Cmd), (36 bytes).
    Removing ft32f0xx_dac.o(i.DAC_Read_Reg), (32 bytes).
    Removing ft32f0xx_dac.o(i.DAC_Ref_Config), (40 bytes).
    Removing ft32f0xx_dac.o(i.DAC_SetChannel1Data), (12 bytes).
    Removing ft32f0xx_dac.o(i.DAC_SetChannel2Data), (12 bytes).
    Removing ft32f0xx_debug.o(.rev16_text), (4 bytes).
    Removing ft32f0xx_debug.o(.revsh_text), (4 bytes).
    Removing ft32f0xx_debug.o(i.DBGMCU_APB1PeriphConfig), (32 bytes).
    Removing ft32f0xx_debug.o(i.DBGMCU_APB2PeriphConfig), (32 bytes).
    Removing ft32f0xx_debug.o(i.DBGMCU_Config), (32 bytes).
    Removing ft32f0xx_debug.o(i.DBGMCU_GetDEVID), (16 bytes).
    Removing ft32f0xx_debug.o(i.DBGMCU_GetREVID), (12 bytes).
    Removing ft32f0xx_dma.o(.rev16_text), (4 bytes).
    Removing ft32f0xx_dma.o(.revsh_text), (4 bytes).
    Removing ft32f0xx_dma.o(i.DMA_ClearITPendingBit), (20 bytes).
    Removing ft32f0xx_dma.o(i.DMA_GetCurrDataCounter), (8 bytes).
    Removing ft32f0xx_dma.o(i.DMA_GetITStatus), (40 bytes).
    Removing ft32f0xx_dma.o(i.DMA_ITConfig), (20 bytes).
    Removing ft32f0xx_dma.o(i.DMA_SetCurrDataCounter), (4 bytes).
    Removing ft32f0xx_dma.o(i.DMA_StructInit), (26 bytes).
    Removing ft32f0xx_exti.o(.rev16_text), (4 bytes).
    Removing ft32f0xx_exti.o(.revsh_text), (4 bytes).
    Removing ft32f0xx_exti.o(i.EXTI_ClearFlag), (12 bytes).
    Removing ft32f0xx_exti.o(i.EXTI_DeInit), (32 bytes).
    Removing ft32f0xx_exti.o(i.EXTI_GenerateSWInterrupt), (16 bytes).
    Removing ft32f0xx_exti.o(i.EXTI_GetFlagStatus), (28 bytes).
    Removing ft32f0xx_exti.o(i.EXTI_StructInit), (16 bytes).
    Removing ft32f0xx_flash.o(.rev16_text), (4 bytes).
    Removing ft32f0xx_flash.o(.revsh_text), (4 bytes).
    Removing ft32f0xx_flash.o(i.FLASH_ClearFlag), (12 bytes).
    Removing ft32f0xx_flash.o(i.FLASH_EraseAllPages), (88 bytes).
    Removing ft32f0xx_flash.o(i.FLASH_ErasePage), (92 bytes).
    Removing ft32f0xx_flash.o(i.FLASH_GetFlagStatus), (28 bytes).
    Removing ft32f0xx_flash.o(i.FLASH_GetPrefetchBufferStatus), (28 bytes).
    Removing ft32f0xx_flash.o(i.FLASH_GetStatus), (60 bytes).
    Removing ft32f0xx_flash.o(i.FLASH_ITConfig), (32 bytes).
    Removing ft32f0xx_flash.o(i.FLASH_Lock), (20 bytes).
    Removing ft32f0xx_flash.o(i.FLASH_OB_BOOTConfig), (176 bytes).
    Removing ft32f0xx_flash.o(i.FLASH_OB_EnableWRP), (212 bytes).
    Removing ft32f0xx_flash.o(i.FLASH_OB_Erase), (172 bytes).
    Removing ft32f0xx_flash.o(i.FLASH_OB_GetRDP), (28 bytes).
    Removing ft32f0xx_flash.o(i.FLASH_OB_GetUser), (16 bytes).
    Removing ft32f0xx_flash.o(i.FLASH_OB_GetWRP), (12 bytes).
    Removing ft32f0xx_flash.o(i.FLASH_OB_Launch), (20 bytes).
    Removing ft32f0xx_flash.o(i.FLASH_OB_Lock), (20 bytes).
    Removing ft32f0xx_flash.o(i.FLASH_OB_ProgramData), (72 bytes).
    Removing ft32f0xx_flash.o(i.FLASH_OB_RDPConfig), (172 bytes).
    Removing ft32f0xx_flash.o(i.FLASH_OB_SRAMParityConfig), (176 bytes).
    Removing ft32f0xx_flash.o(i.FLASH_OB_Unlock), (40 bytes).
    Removing ft32f0xx_flash.o(i.FLASH_OB_UserConfig), (188 bytes).
    Removing ft32f0xx_flash.o(i.FLASH_OB_VDDAConfig), (176 bytes).
    Removing ft32f0xx_flash.o(i.FLASH_OB_WriteUser), (168 bytes).
    Removing ft32f0xx_flash.o(i.FLASH_PrefetchBufferCmd), (36 bytes).
    Removing ft32f0xx_flash.o(i.FLASH_ProgramWord), (84 bytes).
    Removing ft32f0xx_flash.o(i.FLASH_SetLatency), (28 bytes).
    Removing ft32f0xx_flash.o(i.FLASH_Unlock), (36 bytes).
    Removing ft32f0xx_flash.o(i.FLASH_WaitForLastOperation), (40 bytes).
    Removing ft32f0xx_gpio.o(.rev16_text), (4 bytes).
    Removing ft32f0xx_gpio.o(.revsh_text), (4 bytes).
    Removing ft32f0xx_gpio.o(i.GPIO_DeInit), (148 bytes).
    Removing ft32f0xx_gpio.o(i.GPIO_LedmConfig), (8 bytes).
    Removing ft32f0xx_gpio.o(i.GPIO_PinLockConfig), (34 bytes).
    Removing ft32f0xx_gpio.o(i.GPIO_ReadInputData), (6 bytes).
    Removing ft32f0xx_gpio.o(i.GPIO_ReadOutputData), (6 bytes).
    Removing ft32f0xx_gpio.o(i.GPIO_ReadOutputDataBit), (20 bytes).
    Removing ft32f0xx_gpio.o(i.GPIO_ResetBits), (4 bytes).
    Removing ft32f0xx_gpio.o(i.GPIO_SetBits), (4 bytes).
    Removing ft32f0xx_gpio.o(i.GPIO_StructInit), (24 bytes).
    Removing ft32f0xx_gpio.o(i.GPIO_Write), (4 bytes).
    Removing ft32f0xx_i2c.o(.rev16_text), (4 bytes).
    Removing ft32f0xx_i2c.o(.revsh_text), (4 bytes).
    Removing ft32f0xx_i2c.o(i.I2C_10BitAddressHeaderCmd), (28 bytes).
    Removing ft32f0xx_i2c.o(i.I2C_10BitAddressingModeCmd), (28 bytes).
    Removing ft32f0xx_i2c.o(i.I2C_AcknowledgeConfig), (28 bytes).
    Removing ft32f0xx_i2c.o(i.I2C_AutoEndCmd), (28 bytes).
    Removing ft32f0xx_i2c.o(i.I2C_CalculatePEC), (28 bytes).
    Removing ft32f0xx_i2c.o(i.I2C_ClearFlag), (4 bytes).
    Removing ft32f0xx_i2c.o(i.I2C_ClearITPendingBit), (4 bytes).
    Removing ft32f0xx_i2c.o(i.I2C_ClockTimeoutCmd), (28 bytes).
    Removing ft32f0xx_i2c.o(i.I2C_Cmd), (24 bytes).
    Removing ft32f0xx_i2c.o(i.I2C_DMACmd), (20 bytes).
    Removing ft32f0xx_i2c.o(i.I2C_DeInit), (56 bytes).
    Removing ft32f0xx_i2c.o(i.I2C_DualAddressCmd), (28 bytes).
    Removing ft32f0xx_i2c.o(i.I2C_ExtendedClockTimeoutCmd), (26 bytes).
    Removing ft32f0xx_i2c.o(i.I2C_GeneralCallCmd), (28 bytes).
    Removing ft32f0xx_i2c.o(i.I2C_GenerateSTART), (28 bytes).
    Removing ft32f0xx_i2c.o(i.I2C_GenerateSTOP), (28 bytes).
    Removing ft32f0xx_i2c.o(i.I2C_GetAddressMatched), (14 bytes).
    Removing ft32f0xx_i2c.o(i.I2C_GetFlagStatus), (28 bytes).
    Removing ft32f0xx_i2c.o(i.I2C_GetITStatus), (78 bytes).
    Removing ft32f0xx_i2c.o(i.I2C_GetPEC), (8 bytes).
    Removing ft32f0xx_i2c.o(i.I2C_GetTransferDirection), (30 bytes).
    Removing ft32f0xx_i2c.o(i.I2C_ITConfig), (20 bytes).
    Removing ft32f0xx_i2c.o(i.I2C_IdleClockTimeoutCmd), (28 bytes).
    Removing ft32f0xx_i2c.o(i.I2C_Init), (108 bytes).
    Removing ft32f0xx_i2c.o(i.I2C_MasterRequestConfig), (28 bytes).
    Removing ft32f0xx_i2c.o(i.I2C_NumberOfBytesConfig), (28 bytes).
    Removing ft32f0xx_i2c.o(i.I2C_OwnAddress2Config), (36 bytes).
    Removing ft32f0xx_i2c.o(i.I2C_PECRequestCmd), (28 bytes).
    Removing ft32f0xx_i2c.o(i.I2C_ReadRegister), (22 bytes).
    Removing ft32f0xx_i2c.o(i.I2C_ReceiveData), (8 bytes).
    Removing ft32f0xx_i2c.o(i.I2C_ReloadCmd), (28 bytes).
    Removing ft32f0xx_i2c.o(i.I2C_SMBusAlertCmd), (28 bytes).
    Removing ft32f0xx_i2c.o(i.I2C_SendData), (4 bytes).
    Removing ft32f0xx_i2c.o(i.I2C_SlaveAddressConfig), (20 bytes).
    Removing ft32f0xx_i2c.o(i.I2C_SlaveByteControlCmd), (28 bytes).
    Removing ft32f0xx_i2c.o(i.I2C_SoftwareResetCmd), (20 bytes).
    Removing ft32f0xx_i2c.o(i.I2C_StretchClockCmd), (28 bytes).
    Removing ft32f0xx_i2c.o(i.I2C_StructInit), (24 bytes).
    Removing ft32f0xx_i2c.o(i.I2C_TimeoutAConfig), (20 bytes).
    Removing ft32f0xx_i2c.o(i.I2C_TimeoutBConfig), (32 bytes).
    Removing ft32f0xx_i2c.o(i.I2C_TransferHandling), (44 bytes).
    Removing ft32f0xx_iwdg.o(.rev16_text), (4 bytes).
    Removing ft32f0xx_iwdg.o(.revsh_text), (4 bytes).
    Removing ft32f0xx_iwdg.o(i.IWDG_Enable), (16 bytes).
    Removing ft32f0xx_iwdg.o(i.IWDG_GetFlagStatus), (28 bytes).
    Removing ft32f0xx_iwdg.o(i.IWDG_ReloadCounter), (16 bytes).
    Removing ft32f0xx_iwdg.o(i.IWDG_SetPrescaler), (12 bytes).
    Removing ft32f0xx_iwdg.o(i.IWDG_SetReload), (12 bytes).
    Removing ft32f0xx_iwdg.o(i.IWDG_SetWindowValue), (12 bytes).
    Removing ft32f0xx_iwdg.o(i.IWDG_WriteAccessCmd), (12 bytes).
    Removing ft32f0xx_misc.o(.rev16_text), (4 bytes).
    Removing ft32f0xx_misc.o(.revsh_text), (4 bytes).
    Removing ft32f0xx_misc.o(i.NVIC_SystemLPConfig), (32 bytes).
    Removing ft32f0xx_misc.o(i.SysTick_CLKSourceConfig), (36 bytes).
    Removing ft32f0xx_pwr.o(.rev16_text), (4 bytes).
    Removing ft32f0xx_pwr.o(.revsh_text), (4 bytes).
    Removing ft32f0xx_pwr.o(i.PWR_BackupAccessCmd), (40 bytes).
    Removing ft32f0xx_pwr.o(i.PWR_ClearFlag), (20 bytes).
    Removing ft32f0xx_pwr.o(i.PWR_DeInit), (22 bytes).
    Removing ft32f0xx_pwr.o(i.PWR_EnterSTANDBYMode), (36 bytes).
    Removing ft32f0xx_pwr.o(i.PWR_EnterSTOPMode), (104 bytes).
    Removing ft32f0xx_pwr.o(i.PWR_EnterSleepMode), (32 bytes).
    Removing ft32f0xx_pwr.o(i.PWR_GetFlagStatus), (28 bytes).
    Removing ft32f0xx_pwr.o(i.PWR_PVDCmd), (36 bytes).
    Removing ft32f0xx_pwr.o(i.PWR_PVDLevelConfig), (36 bytes).
    Removing ft32f0xx_pwr.o(i.PWR_WakeUpPinCmd), (32 bytes).
    Removing ft32f0xx_rcc.o(.rev16_text), (4 bytes).
    Removing ft32f0xx_rcc.o(.revsh_text), (4 bytes).
    Removing ft32f0xx_rcc.o(i.RCC_ADCCLKConfig), (56 bytes).
    Removing ft32f0xx_rcc.o(i.RCC_AHBPeriphResetCmd), (32 bytes).
    Removing ft32f0xx_rcc.o(i.RCC_APB1PeriphResetCmd), (32 bytes).
    Removing ft32f0xx_rcc.o(i.RCC_AdjustHSI14CalibrationValue), (32 bytes).
    Removing ft32f0xx_rcc.o(i.RCC_AdjustHSICalibrationValue), (32 bytes).
    Removing ft32f0xx_rcc.o(i.RCC_BackupResetCmd), (40 bytes).
    Removing ft32f0xx_rcc.o(i.RCC_ClearFlag), (20 bytes).
    Removing ft32f0xx_rcc.o(i.RCC_ClearITPendingBit), (12 bytes).
    Removing ft32f0xx_rcc.o(i.RCC_ClockSecuritySystemCmd), (40 bytes).
    Removing ft32f0xx_rcc.o(i.RCC_DeInit), (120 bytes).
    Removing ft32f0xx_rcc.o(i.RCC_GetClocksFreq), (388 bytes).
    Removing ft32f0xx_rcc.o(i.RCC_GetFlagStatus), (72 bytes).
    Removing ft32f0xx_rcc.o(i.RCC_GetITStatus), (28 bytes).
    Removing ft32f0xx_rcc.o(i.RCC_GetSYSCLKSource), (16 bytes).
    Removing ft32f0xx_rcc.o(i.RCC_HCLKConfig), (32 bytes).
    Removing ft32f0xx_rcc.o(i.RCC_HSEConfig), (16 bytes).
    Removing ft32f0xx_rcc.o(i.RCC_HSI14ADCRequestCmd), (36 bytes).
    Removing ft32f0xx_rcc.o(i.RCC_HSI14Cmd), (36 bytes).
    Removing ft32f0xx_rcc.o(i.RCC_HSI48Cmd), (40 bytes).
    Removing ft32f0xx_rcc.o(i.RCC_HSICmd), (36 bytes).
    Removing ft32f0xx_rcc.o(i.RCC_I2CCLKConfig), (28 bytes).
    Removing ft32f0xx_rcc.o(i.RCC_ITConfig), (32 bytes).
    Removing ft32f0xx_rcc.o(i.RCC_LSEConfig), (40 bytes).
    Removing ft32f0xx_rcc.o(i.RCC_LSEDriveConfig), (28 bytes).
    Removing ft32f0xx_rcc.o(i.RCC_LSICmd), (36 bytes).
    Removing ft32f0xx_rcc.o(i.RCC_MCOConfig), (28 bytes).
    Removing ft32f0xx_rcc.o(i.RCC_PCLKConfig), (36 bytes).
    Removing ft32f0xx_rcc.o(i.RCC_PLLCmd), (40 bytes).
    Removing ft32f0xx_rcc.o(i.RCC_PLLConfig), (36 bytes).
    Removing ft32f0xx_rcc.o(i.RCC_PREDIV1Config), (28 bytes).
    Removing ft32f0xx_rcc.o(i.RCC_RTCCLKCmd), (40 bytes).
    Removing ft32f0xx_rcc.o(i.RCC_RTCCLKConfig), (16 bytes).
    Removing ft32f0xx_rcc.o(i.RCC_SYSCLKConfig), (28 bytes).
    Removing ft32f0xx_rcc.o(i.RCC_USARTCLKConfig), (36 bytes).
    Removing ft32f0xx_rcc.o(i.RCC_USBCLKConfig), (28 bytes).
    Removing ft32f0xx_rcc.o(i.RCC_WaitForHSEStartUp), (60 bytes).
    Removing ft32f0xx_rcc.o(.data), (16 bytes).
    Removing ft32f0xx_rtc.o(.rev16_text), (4 bytes).
    Removing ft32f0xx_rtc.o(.revsh_text), (4 bytes).
    Removing ft32f0xx_rtc.o(i.RTC_AlarmCmd), (112 bytes).
    Removing ft32f0xx_rtc.o(i.RTC_AlarmStructInit), (22 bytes).
    Removing ft32f0xx_rtc.o(i.RTC_AlarmSubSecondConfig), (40 bytes).
    Removing ft32f0xx_rtc.o(i.RTC_Bcd2ToByte), (26 bytes).
    Removing ft32f0xx_rtc.o(i.RTC_BypassShadowCmd), (52 bytes).
    Removing ft32f0xx_rtc.o(i.RTC_ByteToBcd2), (28 bytes).
    Removing ft32f0xx_rtc.o(i.RTC_CalibOutputCmd), (56 bytes).
    Removing ft32f0xx_rtc.o(i.RTC_CalibOutputConfig), (44 bytes).
    Removing ft32f0xx_rtc.o(i.RTC_ClearFlag), (32 bytes).
    Removing ft32f0xx_rtc.o(i.RTC_ClearITPendingBit), (36 bytes).
    Removing ft32f0xx_rtc.o(i.RTC_DateStructInit), (14 bytes).
    Removing ft32f0xx_rtc.o(i.RTC_DayLightSavingConfig), (48 bytes).
    Removing ft32f0xx_rtc.o(i.RTC_DeInit), (108 bytes).
    Removing ft32f0xx_rtc.o(i.RTC_EnterInitMode), (88 bytes).
    Removing ft32f0xx_rtc.o(i.RTC_ExitInitMode), (32 bytes).
    Removing ft32f0xx_rtc.o(i.RTC_GetAlarm), (120 bytes).
    Removing ft32f0xx_rtc.o(i.RTC_GetAlarmSubSecond), (20 bytes).
    Removing ft32f0xx_rtc.o(i.RTC_GetDate), (96 bytes).
    Removing ft32f0xx_rtc.o(i.RTC_GetFlagStatus), (44 bytes).
    Removing ft32f0xx_rtc.o(i.RTC_GetITStatus), (76 bytes).
    Removing ft32f0xx_rtc.o(i.RTC_GetStoreOperation), (16 bytes).
    Removing ft32f0xx_rtc.o(i.RTC_GetSubSecond), (16 bytes).
    Removing ft32f0xx_rtc.o(i.RTC_GetTime), (92 bytes).
    Removing ft32f0xx_rtc.o(i.RTC_GetTimeStamp), (164 bytes).
    Removing ft32f0xx_rtc.o(i.RTC_GetTimeStampSubSecond), (12 bytes).
    Removing ft32f0xx_rtc.o(i.RTC_ITConfig), (100 bytes).
    Removing ft32f0xx_rtc.o(i.RTC_Init), (88 bytes).
    Removing ft32f0xx_rtc.o(i.RTC_OutputConfig), (48 bytes).
    Removing ft32f0xx_rtc.o(i.RTC_OutputTypeConfig), (28 bytes).
    Removing ft32f0xx_rtc.o(i.RTC_RefClockCmd), (76 bytes).
    Removing ft32f0xx_rtc.o(i.RTC_SetAlarm), (216 bytes).
    Removing ft32f0xx_rtc.o(i.RTC_SetDate), (208 bytes).
    Removing ft32f0xx_rtc.o(i.RTC_SetTime), (216 bytes).
    Removing ft32f0xx_rtc.o(i.RTC_SmoothCalibConfig), (96 bytes).
    Removing ft32f0xx_rtc.o(i.RTC_StructInit), (14 bytes).
    Removing ft32f0xx_rtc.o(i.RTC_SynchroShiftConfig), (124 bytes).
    Removing ft32f0xx_rtc.o(i.RTC_TamperCmd), (32 bytes).
    Removing ft32f0xx_rtc.o(i.RTC_TamperFilterConfig), (28 bytes).
    Removing ft32f0xx_rtc.o(i.RTC_TamperPinsPrechargeDuration), (28 bytes).
    Removing ft32f0xx_rtc.o(i.RTC_TamperPullUpCmd), (40 bytes).
    Removing ft32f0xx_rtc.o(i.RTC_TamperSamplingFreqConfig), (28 bytes).
    Removing ft32f0xx_rtc.o(i.RTC_TamperTriggerConfig), (36 bytes).
    Removing ft32f0xx_rtc.o(i.RTC_TimeStampCmd), (64 bytes).
    Removing ft32f0xx_rtc.o(i.RTC_TimeStampOnTamperDetectionCmd), (36 bytes).
    Removing ft32f0xx_rtc.o(i.RTC_TimeStructInit), (12 bytes).
    Removing ft32f0xx_rtc.o(i.RTC_WaitForSynchro), (108 bytes).
    Removing ft32f0xx_rtc.o(i.RTC_WriteProtectionCmd), (28 bytes).
    Removing ft32f0xx_spi.o(.rev16_text), (4 bytes).
    Removing ft32f0xx_spi.o(.revsh_text), (4 bytes).
    Removing ft32f0xx_spi.o(i.SPI_BiDirectionalLineConfig), (32 bytes).
    Removing ft32f0xx_spi.o(i.SPI_CRCLengthConfig), (20 bytes).
    Removing ft32f0xx_spi.o(i.SPI_CalculateCRC), (32 bytes).
    Removing ft32f0xx_spi.o(i.SPI_Cmd), (28 bytes).
    Removing ft32f0xx_spi.o(i.SPI_DataSizeConfig), (24 bytes).
    Removing ft32f0xx_spi.o(i.SPI_GetCRC), (16 bytes).
    Removing ft32f0xx_spi.o(i.SPI_GetCRCPolynomial), (6 bytes).
    Removing ft32f0xx_spi.o(i.SPI_GetReceptionFIFOStatus), (12 bytes).
    Removing ft32f0xx_spi.o(i.SPI_GetTransmissionFIFOStatus), (12 bytes).
    Removing ft32f0xx_spi.o(i.SPI_I2S_ClearFlag), (6 bytes).
    Removing ft32f0xx_spi.o(i.SPI_I2S_DMACmd), (20 bytes).
    Removing ft32f0xx_spi.o(i.SPI_I2S_DeInit), (60 bytes).
    Removing ft32f0xx_spi.o(i.SPI_I2S_GetFlagStatus), (20 bytes).
    Removing ft32f0xx_spi.o(i.SPI_I2S_GetITStatus), (56 bytes).
    Removing ft32f0xx_spi.o(i.SPI_I2S_ITConfig), (34 bytes).
    Removing ft32f0xx_spi.o(i.SPI_I2S_ReceiveData16), (6 bytes).
    Removing ft32f0xx_spi.o(i.SPI_I2S_SendData16), (4 bytes).
    Removing ft32f0xx_spi.o(i.SPI_Init), (80 bytes).
    Removing ft32f0xx_spi.o(i.SPI_LastDMATransferCmd), (20 bytes).
    Removing ft32f0xx_spi.o(i.SPI_NSSInternalSoftwareConfig), (32 bytes).
    Removing ft32f0xx_spi.o(i.SPI_NSSPulseModeCmd), (28 bytes).
    Removing ft32f0xx_spi.o(i.SPI_ReceiveData8), (12 bytes).
    Removing ft32f0xx_spi.o(i.SPI_RxFIFOThresholdConfig), (20 bytes).
    Removing ft32f0xx_spi.o(i.SPI_SSOutputCmd), (28 bytes).
    Removing ft32f0xx_spi.o(i.SPI_SendData8), (10 bytes).
    Removing ft32f0xx_spi.o(i.SPI_StructInit), (30 bytes).
    Removing ft32f0xx_spi.o(i.SPI_TIModeCmd), (28 bytes).
    Removing ft32f0xx_spi.o(i.SPI_TransmitCRC), (12 bytes).
    Removing ft32f0xx_syscfg.o(.rev16_text), (4 bytes).
    Removing ft32f0xx_syscfg.o(.revsh_text), (4 bytes).
    Removing ft32f0xx_syscfg.o(i.SYSCFG_BreakConfig), (16 bytes).
    Removing ft32f0xx_syscfg.o(i.SYSCFG_DMAChannelRemapConfig), (32 bytes).
    Removing ft32f0xx_syscfg.o(i.SYSCFG_DeInit), (40 bytes).
    Removing ft32f0xx_syscfg.o(i.SYSCFG_I2CFastModePlusConfig), (32 bytes).
    Removing ft32f0xx_syscfg.o(i.SYSCFG_IRDAEnvSelection), (28 bytes).
    Removing ft32f0xx_syscfg.o(i.SYSCFG_MemoryRemapConfig), (28 bytes).
    Removing ft32f0xx_tim.o(.rev16_text), (4 bytes).
    Removing ft32f0xx_tim.o(.revsh_text), (4 bytes).
    Removing ft32f0xx_tim.o(i.TI1_Config), (56 bytes).
    Removing ft32f0xx_tim.o(i.TI2_Config), (76 bytes).
    Removing ft32f0xx_tim.o(i.TI3_Config), (72 bytes).
    Removing ft32f0xx_tim.o(i.TI4_Config), (80 bytes).
    Removing ft32f0xx_tim.o(i.TIM_ARRPreloadConfig), (48 bytes).
    Removing ft32f0xx_tim.o(i.TIM_BDTRConfig), (32 bytes).
    Removing ft32f0xx_tim.o(i.TIM_BDTRStructInit), (18 bytes).
    Removing ft32f0xx_tim.o(i.TIM_CCPreloadControl), (28 bytes).
    Removing ft32f0xx_tim.o(i.TIM_CCxCmd), (30 bytes).
    Removing ft32f0xx_tim.o(i.TIM_CCxNCmd), (30 bytes).
    Removing ft32f0xx_tim.o(i.TIM_ClearFlag), (6 bytes).
    Removing ft32f0xx_tim.o(i.TIM_ClearOC1Ref), (24 bytes).
    Removing ft32f0xx_tim.o(i.TIM_ClearOC2Ref), (20 bytes).
    Removing ft32f0xx_tim.o(i.TIM_ClearOC3Ref), (24 bytes).
    Removing ft32f0xx_tim.o(i.TIM_ClearOC4Ref), (20 bytes).
    Removing ft32f0xx_tim.o(i.TIM_CounterModeConfig), (24 bytes).
    Removing ft32f0xx_tim.o(i.TIM_DMACmd), (20 bytes).
    Removing ft32f0xx_tim.o(i.TIM_DMAConfig), (12 bytes).
    Removing ft32f0xx_tim.o(i.TIM_DeInit), (208 bytes).
    Removing ft32f0xx_tim.o(i.TIM_ETRClockMode1Config), (52 bytes).
    Removing ft32f0xx_tim.o(i.TIM_ETRClockMode2Config), (34 bytes).
    Removing ft32f0xx_tim.o(i.TIM_ETRConfig), (24 bytes).
    Removing ft32f0xx_tim.o(i.TIM_EncoderInterfaceConfig), (68 bytes).
    Removing ft32f0xx_tim.o(i.TIM_ForcedOC1Config), (24 bytes).
    Removing ft32f0xx_tim.o(i.TIM_ForcedOC2Config), (24 bytes).
    Removing ft32f0xx_tim.o(i.TIM_ForcedOC3Config), (24 bytes).
    Removing ft32f0xx_tim.o(i.TIM_ForcedOC4Config), (24 bytes).
    Removing ft32f0xx_tim.o(i.TIM_GenerateEvent), (4 bytes).
    Removing ft32f0xx_tim.o(i.TIM_GetCapture1), (6 bytes).
    Removing ft32f0xx_tim.o(i.TIM_GetCapture2), (6 bytes).
    Removing ft32f0xx_tim.o(i.TIM_GetCapture3), (6 bytes).
    Removing ft32f0xx_tim.o(i.TIM_GetCapture4), (6 bytes).
    Removing ft32f0xx_tim.o(i.TIM_GetCounter), (6 bytes).
    Removing ft32f0xx_tim.o(i.TIM_GetFlagStatus), (20 bytes).
    Removing ft32f0xx_tim.o(i.TIM_GetPrescaler), (6 bytes).
    Removing ft32f0xx_tim.o(i.TIM_ICInit), (112 bytes).
    Removing ft32f0xx_tim.o(i.TIM_ICStructInit), (18 bytes).
    Removing ft32f0xx_tim.o(i.TIM_ITRxExternalClockConfig), (24 bytes).
    Removing ft32f0xx_tim.o(i.TIM_InternalClockConfig), (16 bytes).
    Removing ft32f0xx_tim.o(i.TIM_OC1FastConfig), (24 bytes).
    Removing ft32f0xx_tim.o(i.TIM_OC1NPolarityConfig), (24 bytes).
    Removing ft32f0xx_tim.o(i.TIM_OC1PolarityConfig), (24 bytes).
    Removing ft32f0xx_tim.o(i.TIM_OC1PreloadConfig), (24 bytes).
    Removing ft32f0xx_tim.o(i.TIM_OC2FastConfig), (24 bytes).
    Removing ft32f0xx_tim.o(i.TIM_OC2Init), (172 bytes).
    Removing ft32f0xx_tim.o(i.TIM_OC2NPolarityConfig), (24 bytes).
    Removing ft32f0xx_tim.o(i.TIM_OC2PolarityConfig), (24 bytes).
    Removing ft32f0xx_tim.o(i.TIM_OC2PreloadConfig), (24 bytes).
    Removing ft32f0xx_tim.o(i.TIM_OC3FastConfig), (24 bytes).
    Removing ft32f0xx_tim.o(i.TIM_OC3Init), (152 bytes).
    Removing ft32f0xx_tim.o(i.TIM_OC3NPolarityConfig), (24 bytes).
    Removing ft32f0xx_tim.o(i.TIM_OC3PolarityConfig), (24 bytes).
    Removing ft32f0xx_tim.o(i.TIM_OC3PreloadConfig), (24 bytes).
    Removing ft32f0xx_tim.o(i.TIM_OC4FastConfig), (24 bytes).
    Removing ft32f0xx_tim.o(i.TIM_OC4Init), (112 bytes).
    Removing ft32f0xx_tim.o(i.TIM_OC4PolarityConfig), (24 bytes).
    Removing ft32f0xx_tim.o(i.TIM_OC4PreloadConfig), (24 bytes).
    Removing ft32f0xx_tim.o(i.TIM_OCStructInit), (20 bytes).
    Removing ft32f0xx_tim.o(i.TIM_PWMIConfig), (124 bytes).
    Removing ft32f0xx_tim.o(i.TIM_PrescalerConfig), (6 bytes).
    Removing ft32f0xx_tim.o(i.TIM_RemapConfig), (6 bytes).
    Removing ft32f0xx_tim.o(i.TIM_SelectCCDMA), (28 bytes).
    Removing ft32f0xx_tim.o(i.TIM_SelectCOM), (28 bytes).
    Removing ft32f0xx_tim.o(i.TIM_SelectHallSensor), (28 bytes).
    Removing ft32f0xx_tim.o(i.TIM_SelectInputTrigger), (24 bytes).
    Removing ft32f0xx_tim.o(i.TIM_SelectMasterSlaveMode), (20 bytes).
    Removing ft32f0xx_tim.o(i.TIM_SelectOCREFClear), (20 bytes).
    Removing ft32f0xx_tim.o(i.TIM_SelectOCxM), (82 bytes).
    Removing ft32f0xx_tim.o(i.TIM_SelectOnePulseMode), (20 bytes).
    Removing ft32f0xx_tim.o(i.TIM_SelectOutputTrigger), (20 bytes).
    Removing ft32f0xx_tim.o(i.TIM_SelectSlaveMode), (20 bytes).
    Removing ft32f0xx_tim.o(i.TIM_SetAutoreload), (4 bytes).
    Removing ft32f0xx_tim.o(i.TIM_SetClockDivision), (20 bytes).
    Removing ft32f0xx_tim.o(i.TIM_SetCompare2), (4 bytes).
    Removing ft32f0xx_tim.o(i.TIM_SetCompare3), (4 bytes).
    Removing ft32f0xx_tim.o(i.TIM_SetCompare4), (4 bytes).
    Removing ft32f0xx_tim.o(i.TIM_SetCounter), (4 bytes).
    Removing ft32f0xx_tim.o(i.TIM_SetIC1Prescaler), (20 bytes).
    Removing ft32f0xx_tim.o(i.TIM_SetIC2Prescaler), (24 bytes).
    Removing ft32f0xx_tim.o(i.TIM_SetIC3Prescaler), (20 bytes).
    Removing ft32f0xx_tim.o(i.TIM_SetIC4Prescaler), (24 bytes).
    Removing ft32f0xx_tim.o(i.TIM_TIxExternalClockConfig), (58 bytes).
    Removing ft32f0xx_tim.o(i.TIM_TimeBaseStructInit), (18 bytes).
    Removing ft32f0xx_tim.o(i.TIM_UpdateDisableConfig), (28 bytes).
    Removing ft32f0xx_tim.o(i.TIM_UpdateRequestConfig), (28 bytes).
    Removing ft32f0xx_usart.o(.rev16_text), (4 bytes).
    Removing ft32f0xx_usart.o(.revsh_text), (4 bytes).
    Removing ft32f0xx_usart.o(i.USART_AddressDetectionConfig), (16 bytes).
    Removing ft32f0xx_usart.o(i.USART_AutoBaudRateCmd), (28 bytes).
    Removing ft32f0xx_usart.o(i.USART_AutoBaudRateConfig), (18 bytes).
    Removing ft32f0xx_usart.o(i.USART_ClearFlag), (4 bytes).
    Removing ft32f0xx_usart.o(i.USART_ClearITPendingBit), (18 bytes).
    Removing ft32f0xx_usart.o(i.USART_ClockInit), (36 bytes).
    Removing ft32f0xx_usart.o(i.USART_ClockStructInit), (12 bytes).
    Removing ft32f0xx_usart.o(i.USART_Cmd), (24 bytes).
    Removing ft32f0xx_usart.o(i.USART_DECmd), (28 bytes).
    Removing ft32f0xx_usart.o(i.USART_DEPolarityConfig), (18 bytes).
    Removing ft32f0xx_usart.o(i.USART_DMACmd), (20 bytes).
    Removing ft32f0xx_usart.o(i.USART_DMAReceptionErrorConfig), (18 bytes).
    Removing ft32f0xx_usart.o(i.USART_DataInvCmd), (28 bytes).
    Removing ft32f0xx_usart.o(i.USART_DeInit), (64 bytes).
    Removing ft32f0xx_usart.o(i.USART_DirectionModeCmd), (20 bytes).
    Removing ft32f0xx_usart.o(i.USART_GetFlagStatus), (20 bytes).
    Removing ft32f0xx_usart.o(i.USART_GetITStatus), (78 bytes).
    Removing ft32f0xx_usart.o(i.USART_HalfDuplexCmd), (24 bytes).
    Removing ft32f0xx_usart.o(i.USART_ITConfig), (66 bytes).
    Removing ft32f0xx_usart.o(i.USART_Init), (224 bytes).
    Removing ft32f0xx_usart.o(i.USART_InvPinCmd), (20 bytes).
    Removing ft32f0xx_usart.o(i.USART_MSBFirstCmd), (28 bytes).
    Removing ft32f0xx_usart.o(i.USART_MuteModeCmd), (28 bytes).
    Removing ft32f0xx_usart.o(i.USART_MuteModeWakeUpConfig), (18 bytes).
    Removing ft32f0xx_usart.o(i.USART_OneBitMethodCmd), (28 bytes).
    Removing ft32f0xx_usart.o(i.USART_OverSampling8Cmd), (28 bytes).
    Removing ft32f0xx_usart.o(i.USART_OverrunDetectionConfig), (18 bytes).
    Removing ft32f0xx_usart.o(i.USART_ReceiveData), (10 bytes).
    Removing ft32f0xx_usart.o(i.USART_ReceiverTimeOutCmd), (28 bytes).
    Removing ft32f0xx_usart.o(i.USART_RequestCmd), (20 bytes).
    Removing ft32f0xx_usart.o(i.USART_SWAPPinCmd), (28 bytes).
    Removing ft32f0xx_usart.o(i.USART_SendData), (8 bytes).
    Removing ft32f0xx_usart.o(i.USART_SetAddress), (18 bytes).
    Removing ft32f0xx_usart.o(i.USART_SetDEAssertionTime), (20 bytes).
    Removing ft32f0xx_usart.o(i.USART_SetDEDeassertionTime), (20 bytes).
    Removing ft32f0xx_usart.o(i.USART_SetReceiverTimeOut), (16 bytes).
    Removing ft32f0xx_usart.o(i.USART_StructInit), (24 bytes).
    Removing ft32f0xx_wwdg.o(.rev16_text), (4 bytes).
    Removing ft32f0xx_wwdg.o(.revsh_text), (4 bytes).
    Removing ft32f0xx_wwdg.o(i.WWDG_ClearFlag), (12 bytes).
    Removing ft32f0xx_wwdg.o(i.WWDG_DeInit), (22 bytes).
    Removing ft32f0xx_wwdg.o(i.WWDG_Enable), (16 bytes).
    Removing ft32f0xx_wwdg.o(i.WWDG_EnableIT), (20 bytes).
    Removing ft32f0xx_wwdg.o(i.WWDG_GetFlagStatus), (24 bytes).
    Removing ft32f0xx_wwdg.o(i.WWDG_SetCounter), (16 bytes).
    Removing ft32f0xx_wwdg.o(i.WWDG_SetPrescaler), (32 bytes).
    Removing ft32f0xx_wwdg.o(i.WWDG_SetWindowValue), (40 bytes).
    Removing startup_ft32f030x8.o(HEAP), (512 bytes).
    Removing system_ft32f0xx.o(.rev16_text), (4 bytes).
    Removing system_ft32f0xx.o(.revsh_text), (4 bytes).

482 unused section(s) (total 16560 bytes) removed from the image.

==============================================================================

Image Symbol Table

    Local Symbols

    Symbol Name                              Value     Ov Type        Size  Object(Section)

    ../clib/microlib/division.c              0x00000000   Number         0  uidiv.o ABSOLUTE
    ../clib/microlib/init/entry.s            0x00000000   Number         0  entry10b.o ABSOLUTE
    ../clib/microlib/init/entry.s            0x00000000   Number         0  entry8a.o ABSOLUTE
    ../clib/microlib/init/entry.s            0x00000000   Number         0  entry10a.o ABSOLUTE
    ../clib/microlib/init/entry.s            0x00000000   Number         0  entry11a.o ABSOLUTE
    ../clib/microlib/init/entry.s            0x00000000   Number         0  entry9b.o ABSOLUTE
    ../clib/microlib/init/entry.s            0x00000000   Number         0  entry11b.o ABSOLUTE
    ../clib/microlib/init/entry.s            0x00000000   Number         0  entry9a.o ABSOLUTE
    ../clib/microlib/init/entry.s            0x00000000   Number         0  entry8b.o ABSOLUTE
    ../clib/microlib/init/entry.s            0x00000000   Number         0  entry7b.o ABSOLUTE
    ../clib/microlib/init/entry.s            0x00000000   Number         0  entry7a.o ABSOLUTE
    ../clib/microlib/init/entry.s            0x00000000   Number         0  entry.o ABSOLUTE
    ../clib/microlib/init/entry.s            0x00000000   Number         0  entry2.o ABSOLUTE
    ../clib/microlib/init/entry.s            0x00000000   Number         0  entry5.o ABSOLUTE
    ../clib/microlib/longlong.c              0x00000000   Number         0  llshl.o ABSOLUTE
    ../clib/microlib/longlong.c              0x00000000   Number         0  llushr.o ABSOLUTE
    ../clib/microlib/stubs.s                 0x00000000   Number         0  iusefp.o ABSOLUTE
    ../fplib/microlib/fpadd.c                0x00000000   Number         0  fadd.o ABSOLUTE
    ../fplib/microlib/fpdiv.c                0x00000000   Number         0  fdiv.o ABSOLUTE
    ../fplib/microlib/fpdiv.c                0x00000000   Number         0  ddiv.o ABSOLUTE
    ../fplib/microlib/fpepilogue.c           0x00000000   Number         0  depilogue.o ABSOLUTE
    ../fplib/microlib/fpepilogue.c           0x00000000   Number         0  fepilogue.o ABSOLUTE
    ../fplib/microlib/fpfix.c                0x00000000   Number         0  dfixui.o ABSOLUTE
    ../fplib/microlib/fpfix.c                0x00000000   Number         0  dfixi.o ABSOLUTE
    ../fplib/microlib/fpflt.c                0x00000000   Number         0  dfltui.o ABSOLUTE
    ../fplib/microlib/fpflt.c                0x00000000   Number         0  fflti.o ABSOLUTE
    ../fplib/microlib/fpmul.c                0x00000000   Number         0  fmul.o ABSOLUTE
    ../fplib/microlib/fpmul.c                0x00000000   Number         0  dmul.o ABSOLUTE
    ..\..\Devices\dev_ad9877.c               0x00000000   Number         0  dev_ad9877.o ABSOLUTE
    ..\..\Devices\dev_adc.c                  0x00000000   Number         0  dev_adc.o ABSOLUTE
    ..\..\Devices\dev_exit.c                 0x00000000   Number         0  dev_exit.o ABSOLUTE
    ..\..\Devices\dev_gpio.c                 0x00000000   Number         0  dev_gpio.o ABSOLUTE
    ..\..\Devices\dev_pwm.c                  0x00000000   Number         0  dev_pwm.o ABSOLUTE
    ..\USER\Sourse\bsp_systick.c             0x00000000   Number         0  bsp_systick.o ABSOLUTE
    ..\USER\Sourse\ft32f0xx_it.c             0x00000000   Number         0  ft32f0xx_it.o ABSOLUTE
    ..\USER\Sourse\main.c                    0x00000000   Number         0  main.o ABSOLUTE
    ..\\..\\Devices\\dev_ad9877.c            0x00000000   Number         0  dev_ad9877.o ABSOLUTE
    ..\\..\\Devices\\dev_adc.c               0x00000000   Number         0  dev_adc.o ABSOLUTE
    ..\\..\\Devices\\dev_gpio.c              0x00000000   Number         0  dev_gpio.o ABSOLUTE
    ..\\..\\Devices\\dev_pwm.c               0x00000000   Number         0  dev_pwm.o ABSOLUTE
    ..\\USER\\Sourse\\bsp_systick.c          0x00000000   Number         0  bsp_systick.o ABSOLUTE
    ..\\USER\\Sourse\\ft32f0xx_it.c          0x00000000   Number         0  ft32f0xx_it.o ABSOLUTE
    ..\\USER\\Sourse\\main.c                 0x00000000   Number         0  main.o ABSOLUTE
    D:\Arm\Packs\FMD\FT32F0xx_DFP\1.1.0\Drivers\FT32F0xx_Driver\Src\ft32f0xx_adc.c 0x00000000   Number         0  ft32f0xx_adc.o ABSOLUTE
    D:\Arm\Packs\FMD\FT32F0xx_DFP\1.1.0\Drivers\FT32F0xx_Driver\Src\ft32f0xx_crc.c 0x00000000   Number         0  ft32f0xx_crc.o ABSOLUTE
    D:\Arm\Packs\FMD\FT32F0xx_DFP\1.1.0\Drivers\FT32F0xx_Driver\Src\ft32f0xx_crs.c 0x00000000   Number         0  ft32f0xx_crs.o ABSOLUTE
    D:\Arm\Packs\FMD\FT32F0xx_DFP\1.1.0\Drivers\FT32F0xx_Driver\Src\ft32f0xx_dac.c 0x00000000   Number         0  ft32f0xx_dac.o ABSOLUTE
    D:\Arm\Packs\FMD\FT32F0xx_DFP\1.1.0\Drivers\FT32F0xx_Driver\Src\ft32f0xx_debug.c 0x00000000   Number         0  ft32f0xx_debug.o ABSOLUTE
    D:\Arm\Packs\FMD\FT32F0xx_DFP\1.1.0\Drivers\FT32F0xx_Driver\Src\ft32f0xx_dma.c 0x00000000   Number         0  ft32f0xx_dma.o ABSOLUTE
    D:\Arm\Packs\FMD\FT32F0xx_DFP\1.1.0\Drivers\FT32F0xx_Driver\Src\ft32f0xx_exti.c 0x00000000   Number         0  ft32f0xx_exti.o ABSOLUTE
    D:\Arm\Packs\FMD\FT32F0xx_DFP\1.1.0\Drivers\FT32F0xx_Driver\Src\ft32f0xx_flash.c 0x00000000   Number         0  ft32f0xx_flash.o ABSOLUTE
    D:\Arm\Packs\FMD\FT32F0xx_DFP\1.1.0\Drivers\FT32F0xx_Driver\Src\ft32f0xx_gpio.c 0x00000000   Number         0  ft32f0xx_gpio.o ABSOLUTE
    D:\Arm\Packs\FMD\FT32F0xx_DFP\1.1.0\Drivers\FT32F0xx_Driver\Src\ft32f0xx_i2c.c 0x00000000   Number         0  ft32f0xx_i2c.o ABSOLUTE
    D:\Arm\Packs\FMD\FT32F0xx_DFP\1.1.0\Drivers\FT32F0xx_Driver\Src\ft32f0xx_iwdg.c 0x00000000   Number         0  ft32f0xx_iwdg.o ABSOLUTE
    D:\Arm\Packs\FMD\FT32F0xx_DFP\1.1.0\Drivers\FT32F0xx_Driver\Src\ft32f0xx_misc.c 0x00000000   Number         0  ft32f0xx_misc.o ABSOLUTE
    D:\Arm\Packs\FMD\FT32F0xx_DFP\1.1.0\Drivers\FT32F0xx_Driver\Src\ft32f0xx_pwr.c 0x00000000   Number         0  ft32f0xx_pwr.o ABSOLUTE
    D:\Arm\Packs\FMD\FT32F0xx_DFP\1.1.0\Drivers\FT32F0xx_Driver\Src\ft32f0xx_rcc.c 0x00000000   Number         0  ft32f0xx_rcc.o ABSOLUTE
    D:\Arm\Packs\FMD\FT32F0xx_DFP\1.1.0\Drivers\FT32F0xx_Driver\Src\ft32f0xx_rtc.c 0x00000000   Number         0  ft32f0xx_rtc.o ABSOLUTE
    D:\Arm\Packs\FMD\FT32F0xx_DFP\1.1.0\Drivers\FT32F0xx_Driver\Src\ft32f0xx_spi.c 0x00000000   Number         0  ft32f0xx_spi.o ABSOLUTE
    D:\Arm\Packs\FMD\FT32F0xx_DFP\1.1.0\Drivers\FT32F0xx_Driver\Src\ft32f0xx_syscfg.c 0x00000000   Number         0  ft32f0xx_syscfg.o ABSOLUTE
    D:\Arm\Packs\FMD\FT32F0xx_DFP\1.1.0\Drivers\FT32F0xx_Driver\Src\ft32f0xx_tim.c 0x00000000   Number         0  ft32f0xx_tim.o ABSOLUTE
    D:\Arm\Packs\FMD\FT32F0xx_DFP\1.1.0\Drivers\FT32F0xx_Driver\Src\ft32f0xx_usart.c 0x00000000   Number         0  ft32f0xx_usart.o ABSOLUTE
    D:\Arm\Packs\FMD\FT32F0xx_DFP\1.1.0\Drivers\FT32F0xx_Driver\Src\ft32f0xx_wwdg.c 0x00000000   Number         0  ft32f0xx_wwdg.o ABSOLUTE
    D:\\Arm\\Packs\\FMD\\FT32F0xx_DFP\\1.1.0\\Drivers\\FT32F0xx_Driver\\Src\\ft32f0xx_adc.c 0x00000000   Number         0  ft32f0xx_adc.o ABSOLUTE
    D:\\Arm\\Packs\\FMD\\FT32F0xx_DFP\\1.1.0\\Drivers\\FT32F0xx_Driver\\Src\\ft32f0xx_crc.c 0x00000000   Number         0  ft32f0xx_crc.o ABSOLUTE
    D:\\Arm\\Packs\\FMD\\FT32F0xx_DFP\\1.1.0\\Drivers\\FT32F0xx_Driver\\Src\\ft32f0xx_crs.c 0x00000000   Number         0  ft32f0xx_crs.o ABSOLUTE
    D:\\Arm\\Packs\\FMD\\FT32F0xx_DFP\\1.1.0\\Drivers\\FT32F0xx_Driver\\Src\\ft32f0xx_dac.c 0x00000000   Number         0  ft32f0xx_dac.o ABSOLUTE
    D:\\Arm\\Packs\\FMD\\FT32F0xx_DFP\\1.1.0\\Drivers\\FT32F0xx_Driver\\Src\\ft32f0xx_debug.c 0x00000000   Number         0  ft32f0xx_debug.o ABSOLUTE
    D:\\Arm\\Packs\\FMD\\FT32F0xx_DFP\\1.1.0\\Drivers\\FT32F0xx_Driver\\Src\\ft32f0xx_dma.c 0x00000000   Number         0  ft32f0xx_dma.o ABSOLUTE
    D:\\Arm\\Packs\\FMD\\FT32F0xx_DFP\\1.1.0\\Drivers\\FT32F0xx_Driver\\Src\\ft32f0xx_exti.c 0x00000000   Number         0  ft32f0xx_exti.o ABSOLUTE
    D:\\Arm\\Packs\\FMD\\FT32F0xx_DFP\\1.1.0\\Drivers\\FT32F0xx_Driver\\Src\\ft32f0xx_flash.c 0x00000000   Number         0  ft32f0xx_flash.o ABSOLUTE
    D:\\Arm\\Packs\\FMD\\FT32F0xx_DFP\\1.1.0\\Drivers\\FT32F0xx_Driver\\Src\\ft32f0xx_gpio.c 0x00000000   Number         0  ft32f0xx_gpio.o ABSOLUTE
    D:\\Arm\\Packs\\FMD\\FT32F0xx_DFP\\1.1.0\\Drivers\\FT32F0xx_Driver\\Src\\ft32f0xx_i2c.c 0x00000000   Number         0  ft32f0xx_i2c.o ABSOLUTE
    D:\\Arm\\Packs\\FMD\\FT32F0xx_DFP\\1.1.0\\Drivers\\FT32F0xx_Driver\\Src\\ft32f0xx_iwdg.c 0x00000000   Number         0  ft32f0xx_iwdg.o ABSOLUTE
    D:\\Arm\\Packs\\FMD\\FT32F0xx_DFP\\1.1.0\\Drivers\\FT32F0xx_Driver\\Src\\ft32f0xx_misc.c 0x00000000   Number         0  ft32f0xx_misc.o ABSOLUTE
    D:\\Arm\\Packs\\FMD\\FT32F0xx_DFP\\1.1.0\\Drivers\\FT32F0xx_Driver\\Src\\ft32f0xx_pwr.c 0x00000000   Number         0  ft32f0xx_pwr.o ABSOLUTE
    D:\\Arm\\Packs\\FMD\\FT32F0xx_DFP\\1.1.0\\Drivers\\FT32F0xx_Driver\\Src\\ft32f0xx_rcc.c 0x00000000   Number         0  ft32f0xx_rcc.o ABSOLUTE
    D:\\Arm\\Packs\\FMD\\FT32F0xx_DFP\\1.1.0\\Drivers\\FT32F0xx_Driver\\Src\\ft32f0xx_rtc.c 0x00000000   Number         0  ft32f0xx_rtc.o ABSOLUTE
    D:\\Arm\\Packs\\FMD\\FT32F0xx_DFP\\1.1.0\\Drivers\\FT32F0xx_Driver\\Src\\ft32f0xx_spi.c 0x00000000   Number         0  ft32f0xx_spi.o ABSOLUTE
    D:\\Arm\\Packs\\FMD\\FT32F0xx_DFP\\1.1.0\\Drivers\\FT32F0xx_Driver\\Src\\ft32f0xx_syscfg.c 0x00000000   Number         0  ft32f0xx_syscfg.o ABSOLUTE
    D:\\Arm\\Packs\\FMD\\FT32F0xx_DFP\\1.1.0\\Drivers\\FT32F0xx_Driver\\Src\\ft32f0xx_tim.c 0x00000000   Number         0  ft32f0xx_tim.o ABSOLUTE
    D:\\Arm\\Packs\\FMD\\FT32F0xx_DFP\\1.1.0\\Drivers\\FT32F0xx_Driver\\Src\\ft32f0xx_usart.c 0x00000000   Number         0  ft32f0xx_usart.o ABSOLUTE
    D:\\Arm\\Packs\\FMD\\FT32F0xx_DFP\\1.1.0\\Drivers\\FT32F0xx_Driver\\Src\\ft32f0xx_wwdg.c 0x00000000   Number         0  ft32f0xx_wwdg.o ABSOLUTE
    RTE\Device\FT32F030G8BUx\startup_ft32f030x8.s 0x00000000   Number         0  startup_ft32f030x8.o ABSOLUTE
    RTE\Device\FT32F030G8BUx\system_ft32f0xx.c 0x00000000   Number         0  system_ft32f0xx.o ABSOLUTE
    RTE\\Device\\FT32F030G8BUx\\system_ft32f0xx.c 0x00000000   Number         0  system_ft32f0xx.o ABSOLUTE
    cfcmple.s                                0x00000000   Number         0  cfcmple.o ABSOLUTE
    dc.s                                     0x00000000   Number         0  dc.o ABSOLUTE
    handlers.s                               0x00000000   Number         0  handlers.o ABSOLUTE
    init.s                                   0x00000000   Number         0  init.o ABSOLUTE
    RESET                                    0x08000000   Section      192  startup_ft32f030x8.o(RESET)
    .ARM.Collect$$$$00000000                 0x080000c0   Section        0  entry.o(.ARM.Collect$$$$00000000)
    .ARM.Collect$$$$00000001                 0x080000c0   Section        4  entry2.o(.ARM.Collect$$$$00000001)
    .ARM.Collect$$$$00000004                 0x080000c4   Section        4  entry5.o(.ARM.Collect$$$$00000004)
    .ARM.Collect$$$$00000008                 0x080000c8   Section        0  entry7b.o(.ARM.Collect$$$$00000008)
    .ARM.Collect$$$$0000000A                 0x080000c8   Section        0  entry8b.o(.ARM.Collect$$$$0000000A)
    .ARM.Collect$$$$0000000B                 0x080000c8   Section        8  entry9a.o(.ARM.Collect$$$$0000000B)
    .ARM.Collect$$$$0000000D                 0x080000d0   Section        0  entry10a.o(.ARM.Collect$$$$0000000D)
    .ARM.Collect$$$$0000000F                 0x080000d0   Section        0  entry11a.o(.ARM.Collect$$$$0000000F)
    .ARM.Collect$$$$00002712                 0x080000d0   Section        4  entry2.o(.ARM.Collect$$$$00002712)
    __lit__00000000                          0x080000d0   Data           4  entry2.o(.ARM.Collect$$$$00002712)
    .text                                    0x080000d4   Section       88  startup_ft32f030x8.o(.text)
    .text                                    0x0800012c   Section        0  uidiv.o(.text)
    .text                                    0x08000158   Section        0  fadd.o(.text)
    .text                                    0x0800020a   Section        0  fmul.o(.text)
    .text                                    0x08000284   Section        0  fdiv.o(.text)
    .text                                    0x08000300   Section        0  dmul.o(.text)
    .text                                    0x080003d0   Section        0  ddiv.o(.text)
    .text                                    0x080004c0   Section        0  fflti.o(.text)
    .text                                    0x080004d8   Section        0  dfltui.o(.text)
    .text                                    0x080004f4   Section        0  dfixi.o(.text)
    .text                                    0x0800053c   Section        0  dfixui.o(.text)
    .text                                    0x08000578   Section       20  cfcmple.o(.text)
    .text                                    0x0800058c   Section        0  llushr.o(.text)
    .text                                    0x080005ae   Section        0  fepilogue.o(.text)
    .text                                    0x080005ae   Section        0  iusefp.o(.text)
    .text                                    0x08000630   Section        0  depilogue.o(.text)
    .text                                    0x080006f0   Section       36  init.o(.text)
    .text                                    0x08000714   Section        0  llshl.o(.text)
    i.AD9833_Delay                           0x08000734   Section        0  dev_ad9877.o(i.AD9833_Delay)
    AD9833_Delay                             0x08000735   Thumb Code    14  dev_ad9877.o(i.AD9833_Delay)
    i.AD9833_FSYNC_Set                       0x08000742   Section        0  dev_ad9877.o(i.AD9833_FSYNC_Set)
    AD9833_FSYNC_Set                         0x08000743   Thumb Code    16  dev_ad9877.o(i.AD9833_FSYNC_Set)
    i.AD9833_InitIo                          0x08000752   Section        0  dev_ad9877.o(i.AD9833_InitIo)
    i.AD9833_SCLK_Set                        0x08000770   Section        0  dev_ad9877.o(i.AD9833_SCLK_Set)
    AD9833_SCLK_Set                          0x08000771   Thumb Code    16  dev_ad9877.o(i.AD9833_SCLK_Set)
    i.AD9833_SDATA_Set                       0x08000780   Section        0  dev_ad9877.o(i.AD9833_SDATA_Set)
    AD9833_SDATA_Set                         0x08000781   Thumb Code    16  dev_ad9877.o(i.AD9833_SDATA_Set)
    i.AD9833_SendData                        0x08000790   Section        0  dev_ad9877.o(i.AD9833_SendData)
    AD9833_SendData                          0x08000791   Thumb Code   108  dev_ad9877.o(i.AD9833_SendData)
    i.AD9833_SendFrequency                   0x080007fc   Section        0  dev_ad9877.o(i.AD9833_SendFrequency)
    AD9833_SendFrequency                     0x080007fd   Thumb Code   136  dev_ad9877.o(i.AD9833_SendFrequency)
    i.AD9833_SendPhase                       0x08000890   Section        0  dev_ad9877.o(i.AD9833_SendPhase)
    AD9833_SendPhase                         0x08000891   Thumb Code    26  dev_ad9877.o(i.AD9833_SendPhase)
    i.AD9833_SendWave                        0x080008aa   Section        0  dev_ad9877.o(i.AD9833_SendWave)
    AD9833_SendWave                          0x080008ab   Thumb Code    34  dev_ad9877.o(i.AD9833_SendWave)
    i.AD9833_SetPara                         0x080008cc   Section        0  dev_ad9877.o(i.AD9833_SetPara)
    i.ADC_ChannelConfig                      0x08000930   Section        0  ft32f0xx_adc.o(i.ADC_ChannelConfig)
    i.ADC_Cmd                                0x08000948   Section        0  ft32f0xx_adc.o(i.ADC_Cmd)
    i.ADC_DMACmd                             0x08000960   Section        0  ft32f0xx_adc.o(i.ADC_DMACmd)
    i.ADC_DMARequestModeConfig               0x08000978   Section        0  ft32f0xx_adc.o(i.ADC_DMARequestModeConfig)
    i.ADC_DMA_Config                         0x08000988   Section        0  main.o(i.ADC_DMA_Config)
    i.ADC_DeInit                             0x08000a80   Section        0  ft32f0xx_adc.o(i.ADC_DeInit)
    i.ADC_GetCalibrationFactor               0x08000aa0   Section        0  ft32f0xx_adc.o(i.ADC_GetCalibrationFactor)
    i.ADC_GetFlagStatus                      0x08000adc   Section        0  ft32f0xx_adc.o(i.ADC_GetFlagStatus)
    i.ADC_Init                               0x08000b0c   Section        0  ft32f0xx_adc.o(i.ADC_Init)
    i.ADC_StartOfConversion                  0x08000b38   Section        0  ft32f0xx_adc.o(i.ADC_StartOfConversion)
    i.ADC_StructInit                         0x08000b42   Section        0  ft32f0xx_adc.o(i.ADC_StructInit)
    i.DMA_ClearFlag                          0x08000b54   Section        0  ft32f0xx_dma.o(i.DMA_ClearFlag)
    i.DMA_Cmd                                0x08000b68   Section        0  ft32f0xx_dma.o(i.DMA_Cmd)
    i.DMA_DeInit                             0x08000b84   Section        0  ft32f0xx_dma.o(i.DMA_DeInit)
    i.DMA_GetFlagStatus                      0x08000c24   Section        0  ft32f0xx_dma.o(i.DMA_GetFlagStatus)
    i.DMA_Init                               0x08000c4c   Section        0  ft32f0xx_dma.o(i.DMA_Init)
    i.Delay                                  0x08000c8c   Section        0  bsp_systick.o(i.Delay)
    i.DevGpio_SetOutPut                      0x08000ca4   Section        0  dev_gpio.o(i.DevGpio_SetOutPut)
    i.Devpwm_SetDuty                         0x08000cc8   Section        0  dev_pwm.o(i.Devpwm_SetDuty)
    i.EXTI4_15_IRQHandler                    0x08000ce0   Section        0  ft32f0xx_it.o(i.EXTI4_15_IRQHandler)
    i.EXTI_ClearITPendingBit                 0x08000d50   Section        0  ft32f0xx_exti.o(i.EXTI_ClearITPendingBit)
    i.EXTI_GetITStatus                       0x08000d5c   Section        0  ft32f0xx_exti.o(i.EXTI_GetITStatus)
    i.EXTI_Init                              0x08000d78   Section        0  ft32f0xx_exti.o(i.EXTI_Init)
    i.FT32_EXIT_Init                         0x08000e00   Section        0  main.o(i.FT32_EXIT_Init)
    i.FT32_GPIOA_Init                        0x08000e6a   Section        0  main.o(i.FT32_GPIOA_Init)
    i.FT32_GPIOB_Init                        0x08000ec8   Section        0  main.o(i.FT32_GPIOB_Init)
    i.GPIO_Init                              0x08000f10   Section        0  ft32f0xx_gpio.o(i.GPIO_Init)
    i.GPIO_PinAFConfig                       0x08000fa0   Section        0  ft32f0xx_gpio.o(i.GPIO_PinAFConfig)
    i.GPIO_ReadInputDataBit                  0x08000fe4   Section        0  ft32f0xx_gpio.o(i.GPIO_ReadInputDataBit)
    i.GPIO_WriteBit                          0x08000ff8   Section        0  ft32f0xx_gpio.o(i.GPIO_WriteBit)
    i.HardFault_Handler                      0x08001004   Section        0  ft32f0xx_it.o(i.HardFault_Handler)
    i.NMI_Handler                            0x08001008   Section        0  ft32f0xx_it.o(i.NMI_Handler)
    i.NVIC_Init                              0x0800100c   Section        0  ft32f0xx_misc.o(i.NVIC_Init)
    i.NVIC_SetPriority                       0x0800107c   Section        0  bsp_systick.o(i.NVIC_SetPriority)
    NVIC_SetPriority                         0x0800107d   Thumb Code   110  bsp_systick.o(i.NVIC_SetPriority)
    i.PendSV_Handler                         0x080010f4   Section        0  ft32f0xx_it.o(i.PendSV_Handler)
    i.RCC_AHBPeriphClockCmd                  0x080010f8   Section        0  ft32f0xx_rcc.o(i.RCC_AHBPeriphClockCmd)
    i.RCC_APB1PeriphClockCmd                 0x08001118   Section        0  ft32f0xx_rcc.o(i.RCC_APB1PeriphClockCmd)
    i.RCC_APB2PeriphClockCmd                 0x08001138   Section        0  ft32f0xx_rcc.o(i.RCC_APB2PeriphClockCmd)
    i.RCC_APB2PeriphResetCmd                 0x08001158   Section        0  ft32f0xx_rcc.o(i.RCC_APB2PeriphResetCmd)
    i.SVC_Handler                            0x08001178   Section        0  ft32f0xx_it.o(i.SVC_Handler)
    i.SYSCFG_EXTILineConfig                  0x0800117c   Section        0  ft32f0xx_syscfg.o(i.SYSCFG_EXTILineConfig)
    i.SetSysClock                            0x080011bc   Section        0  system_ft32f0xx.o(i.SetSysClock)
    SetSysClock                              0x080011bd   Thumb Code     8  system_ft32f0xx.o(i.SetSysClock)
    i.SetSysClockTo72                        0x080011c4   Section        0  system_ft32f0xx.o(i.SetSysClockTo72)
    SetSysClockTo72                          0x080011c5   Thumb Code   200  system_ft32f0xx.o(i.SetSysClockTo72)
    i.Set_PWM1_Duty                          0x08001294   Section        0  dev_pwm.o(i.Set_PWM1_Duty)
    Set_PWM1_Duty                            0x08001295   Thumb Code    22  dev_pwm.o(i.Set_PWM1_Duty)
    i.Set_PWM2_Duty                          0x080012b0   Section        0  dev_pwm.o(i.Set_PWM2_Duty)
    Set_PWM2_Duty                            0x080012b1   Thumb Code    42  dev_pwm.o(i.Set_PWM2_Duty)
    i.Set_PWM3_Duty                          0x080012e4   Section        0  dev_pwm.o(i.Set_PWM3_Duty)
    Set_PWM3_Duty                            0x080012e5   Thumb Code    42  dev_pwm.o(i.Set_PWM3_Duty)
    i.SysTick_Handler                        0x0800131c   Section        0  ft32f0xx_it.o(i.SysTick_Handler)
    i.SystemCoreClockUpdate                  0x08001324   Section        0  system_ft32f0xx.o(i.SystemCoreClockUpdate)
    i.SystemInit                             0x080013d4   Section        0  system_ft32f0xx.o(i.SystemInit)
    i.SystickInit                            0x08001450   Section        0  bsp_systick.o(i.SystickInit)
    i.TIM17_IRQHandler                       0x080014a0   Section        0  ft32f0xx_it.o(i.TIM17_IRQHandler)
    i.TIM_ClearITPendingBit                  0x080014cc   Section        0  ft32f0xx_tim.o(i.TIM_ClearITPendingBit)
    i.TIM_Cmd                                0x080014d4   Section        0  ft32f0xx_tim.o(i.TIM_Cmd)
    i.TIM_CtrlPWMOutputs                     0x080014f0   Section        0  ft32f0xx_tim.o(i.TIM_CtrlPWMOutputs)
    i.TIM_GetITStatus                        0x08001512   Section        0  ft32f0xx_tim.o(i.TIM_GetITStatus)
    i.TIM_ITConfig                           0x08001538   Section        0  ft32f0xx_tim.o(i.TIM_ITConfig)
    i.TIM_OC1Init                            0x0800154c   Section        0  ft32f0xx_tim.o(i.TIM_OC1Init)
    i.TIM_SetCompare1                        0x080015e0   Section        0  ft32f0xx_tim.o(i.TIM_SetCompare1)
    i.TIM_TimeBaseInit                       0x080015e4   Section        0  ft32f0xx_tim.o(i.TIM_TimeBaseInit)
    i.Tim14BaseInit                          0x08001660   Section        0  main.o(i.Tim14BaseInit)
    i.Tim16BaseInit                          0x080016fc   Section        0  main.o(i.Tim16BaseInit)
    i.Tim17BaseInit                          0x08001798   Section        0  main.o(i.Tim17BaseInit)
    i.Tim3BaseInit                           0x080017f0   Section        0  main.o(i.Tim3BaseInit)
    i.TimingDelay_Decrement                  0x08001890   Section        0  bsp_systick.o(i.TimingDelay_Decrement)
    i.__ARM_clz                              0x080018a8   Section        0  depilogue.o(i.__ARM_clz)
    i.__ARM_common_switch8                   0x080018d6   Section        0  main.o(i.__ARM_common_switch8)
    i.__scatterload_copy                     0x080018f2   Section       14  handlers.o(i.__scatterload_copy)
    i.__scatterload_null                     0x08001900   Section        2  handlers.o(i.__scatterload_null)
    i.__scatterload_zeroinit                 0x08001902   Section       14  handlers.o(i.__scatterload_zeroinit)
    i.get_adc_val                            0x08001910   Section        0  dev_adc.o(i.get_adc_val)
    i.look1_iflf_binlxpw                     0x080019cc   Section        0  dev_adc.o(i.look1_iflf_binlxpw)
    i.main                                   0x08001ab4   Section        0  main.o(i.main)
    .constdata                               0x08001bd4   Section     1280  dev_adc.o(.constdata)
    .constdata                               0x080020d4   Section       12  dev_pwm.o(.constdata)
    set_pwm_duty                             0x080020d4   Data          12  dev_pwm.o(.constdata)
    .data                                    0x20000000   Section       10  ft32f0xx_it.o(.data)
    .data                                    0x2000000c   Section       20  main.o(.data)
    .data                                    0x20000020   Section        4  bsp_systick.o(.data)
    TimingDelay                              0x20000020   Data           4  bsp_systick.o(.data)
    .data                                    0x20000024   Section        8  dev_adc.o(.data)
    Temp_V                                   0x20000024   Data           4  dev_adc.o(.data)
    Temp_T                                   0x20000028   Data           4  dev_adc.o(.data)
    .data                                    0x2000002c   Section       88  dev_gpio.o(.data)
    dev_gpio_handle                          0x2000002c   Data          88  dev_gpio.o(.data)
    .data                                    0x20000084   Section       20  system_ft32f0xx.o(.data)
    STACK                                    0x20000098   Section     1024  startup_ft32f030x8.o(STACK)

    Global Symbols

    Symbol Name                              Value     Ov Type        Size  Object(Section)

    BuildAttributes$$THM_ISAv3M$S$PE$A:L22$X:L11$S22$IEEE1$IW$USESV6$~STKCKD$USESV7$~SHL$OTIME$ROPI$EBA8$MICROLIB$REQ8$PRES8$EABIv2 0x00000000   Number         0  anon$$obj.o ABSOLUTE
    __ARM_use_no_argv                        0x00000000   Number         0  main.o ABSOLUTE
    __cpp_initialize__aeabi_                  - Undefined Weak Reference
    __cxa_finalize                            - Undefined Weak Reference
    __decompress                              - Undefined Weak Reference
    _clock_init                               - Undefined Weak Reference
    _microlib_exit                            - Undefined Weak Reference
    __Vectors_Size                           0x000000c0   Number         0  startup_ft32f030x8.o ABSOLUTE
    __Vectors                                0x08000000   Data           4  startup_ft32f030x8.o(RESET)
    __Vectors_End                            0x080000c0   Data           0  startup_ft32f030x8.o(RESET)
    __main                                   0x080000c1   Thumb Code     0  entry.o(.ARM.Collect$$$$00000000)
    _main_stk                                0x080000c1   Thumb Code     0  entry2.o(.ARM.Collect$$$$00000001)
    _main_scatterload                        0x080000c5   Thumb Code     0  entry5.o(.ARM.Collect$$$$00000004)
    __main_after_scatterload                 0x080000c9   Thumb Code     0  entry5.o(.ARM.Collect$$$$00000004)
    _main_clock                              0x080000c9   Thumb Code     0  entry7b.o(.ARM.Collect$$$$00000008)
    _main_cpp_init                           0x080000c9   Thumb Code     0  entry8b.o(.ARM.Collect$$$$0000000A)
    _main_init                               0x080000c9   Thumb Code     0  entry9a.o(.ARM.Collect$$$$0000000B)
    __rt_final_cpp                           0x080000d1   Thumb Code     0  entry10a.o(.ARM.Collect$$$$0000000D)
    __rt_final_exit                          0x080000d1   Thumb Code     0  entry11a.o(.ARM.Collect$$$$0000000F)
    Reset_Handler                            0x080000d5   Thumb Code    38  startup_ft32f030x8.o(.text)
    ADC1_IRQHandler                          0x08000105   Thumb Code     0  startup_ft32f030x8.o(.text)
    DMA1_Channel1_IRQHandler                 0x08000105   Thumb Code     0  startup_ft32f030x8.o(.text)
    DMA1_Channel2_3_IRQHandler               0x08000105   Thumb Code     0  startup_ft32f030x8.o(.text)
    DMA1_Channel4_5_IRQHandler               0x08000105   Thumb Code     0  startup_ft32f030x8.o(.text)
    EXTI0_1_IRQHandler                       0x08000105   Thumb Code     0  startup_ft32f030x8.o(.text)
    EXTI2_3_IRQHandler                       0x08000105   Thumb Code     0  startup_ft32f030x8.o(.text)
    FLASH_IRQHandler                         0x08000105   Thumb Code     0  startup_ft32f030x8.o(.text)
    I2C1_IRQHandler                          0x08000105   Thumb Code     0  startup_ft32f030x8.o(.text)
    I2C2_IRQHandler                          0x08000105   Thumb Code     0  startup_ft32f030x8.o(.text)
    PVD_VDDIO_IRQHandler                     0x08000105   Thumb Code     0  startup_ft32f030x8.o(.text)
    RCC_IRQHandler                           0x08000105   Thumb Code     0  startup_ft32f030x8.o(.text)
    RTC_IRQHandler                           0x08000105   Thumb Code     0  startup_ft32f030x8.o(.text)
    SPI1_IRQHandler                          0x08000105   Thumb Code     0  startup_ft32f030x8.o(.text)
    SPI2_IRQHandler                          0x08000105   Thumb Code     0  startup_ft32f030x8.o(.text)
    TIM14_IRQHandler                         0x08000105   Thumb Code     0  startup_ft32f030x8.o(.text)
    TIM15_IRQHandler                         0x08000105   Thumb Code     0  startup_ft32f030x8.o(.text)
    TIM16_IRQHandler                         0x08000105   Thumb Code     0  startup_ft32f030x8.o(.text)
    TIM1_BRK_UP_TRG_COM_IRQHandler           0x08000105   Thumb Code     0  startup_ft32f030x8.o(.text)
    TIM1_CC_IRQHandler                       0x08000105   Thumb Code     0  startup_ft32f030x8.o(.text)
    TIM3_IRQHandler                          0x08000105   Thumb Code     0  startup_ft32f030x8.o(.text)
    TIM6_IRQHandler                          0x08000105   Thumb Code     0  startup_ft32f030x8.o(.text)
    USART1_IRQHandler                        0x08000105   Thumb Code     0  startup_ft32f030x8.o(.text)
    USART2_IRQHandler                        0x08000105   Thumb Code     0  startup_ft32f030x8.o(.text)
    USB_IRQHandler                           0x08000105   Thumb Code     0  startup_ft32f030x8.o(.text)
    WWDG_IRQHandler                          0x08000105   Thumb Code     0  startup_ft32f030x8.o(.text)
    __aeabi_uidiv                            0x0800012d   Thumb Code     0  uidiv.o(.text)
    __aeabi_uidivmod                         0x0800012d   Thumb Code    44  uidiv.o(.text)
    __aeabi_fadd                             0x08000159   Thumb Code   162  fadd.o(.text)
    __aeabi_fsub                             0x080001fb   Thumb Code     8  fadd.o(.text)
    __aeabi_frsub                            0x08000203   Thumb Code     8  fadd.o(.text)
    __aeabi_fmul                             0x0800020b   Thumb Code   122  fmul.o(.text)
    __aeabi_fdiv                             0x08000285   Thumb Code   124  fdiv.o(.text)
    __aeabi_dmul                             0x08000301   Thumb Code   202  dmul.o(.text)
    __aeabi_ddiv                             0x080003d1   Thumb Code   234  ddiv.o(.text)
    __aeabi_i2f                              0x080004c1   Thumb Code    22  fflti.o(.text)
    __aeabi_ui2d                             0x080004d9   Thumb Code    24  dfltui.o(.text)
    __aeabi_d2iz                             0x080004f5   Thumb Code    62  dfixi.o(.text)
    __aeabi_d2uiz                            0x0800053d   Thumb Code    50  dfixui.o(.text)
    __aeabi_cfcmpeq                          0x08000579   Thumb Code     0  cfcmple.o(.text)
    __aeabi_cfcmple                          0x08000579   Thumb Code    20  cfcmple.o(.text)
    __aeabi_llsr                             0x0800058d   Thumb Code    34  llushr.o(.text)
    _ll_ushift_r                             0x0800058d   Thumb Code     0  llushr.o(.text)
    __I$use$fp                               0x080005af   Thumb Code     0  iusefp.o(.text)
    _float_round                             0x080005af   Thumb Code    16  fepilogue.o(.text)
    _float_epilogue                          0x080005bf   Thumb Code   114  fepilogue.o(.text)
    _double_round                            0x08000631   Thumb Code    26  depilogue.o(.text)
    _double_epilogue                         0x0800064b   Thumb Code   164  depilogue.o(.text)
    __scatterload                            0x080006f1   Thumb Code    28  init.o(.text)
    __scatterload_rt2                        0x080006f1   Thumb Code     0  init.o(.text)
    __aeabi_llsl                             0x08000715   Thumb Code    32  llshl.o(.text)
    _ll_shift_l                              0x08000715   Thumb Code     0  llshl.o(.text)
    AD9833_InitIo                            0x08000753   Thumb Code    30  dev_ad9877.o(i.AD9833_InitIo)
    AD9833_SetPara                           0x080008cd   Thumb Code   100  dev_ad9877.o(i.AD9833_SetPara)
    ADC_ChannelConfig                        0x08000931   Thumb Code    24  ft32f0xx_adc.o(i.ADC_ChannelConfig)
    ADC_Cmd                                  0x08000949   Thumb Code    24  ft32f0xx_adc.o(i.ADC_Cmd)
    ADC_DMACmd                               0x08000961   Thumb Code    24  ft32f0xx_adc.o(i.ADC_DMACmd)
    ADC_DMARequestModeConfig                 0x08000979   Thumb Code    16  ft32f0xx_adc.o(i.ADC_DMARequestModeConfig)
    ADC_DMA_Config                           0x08000989   Thumb Code   234  main.o(i.ADC_DMA_Config)
    ADC_DeInit                               0x08000a81   Thumb Code    28  ft32f0xx_adc.o(i.ADC_DeInit)
    ADC_GetCalibrationFactor                 0x08000aa1   Thumb Code    60  ft32f0xx_adc.o(i.ADC_GetCalibrationFactor)
    ADC_GetFlagStatus                        0x08000add   Thumb Code    48  ft32f0xx_adc.o(i.ADC_GetFlagStatus)
    ADC_Init                                 0x08000b0d   Thumb Code    40  ft32f0xx_adc.o(i.ADC_Init)
    ADC_StartOfConversion                    0x08000b39   Thumb Code    10  ft32f0xx_adc.o(i.ADC_StartOfConversion)
    ADC_StructInit                           0x08000b43   Thumb Code    16  ft32f0xx_adc.o(i.ADC_StructInit)
    DMA_ClearFlag                            0x08000b55   Thumb Code    16  ft32f0xx_dma.o(i.DMA_ClearFlag)
    DMA_Cmd                                  0x08000b69   Thumb Code    24  ft32f0xx_dma.o(i.DMA_Cmd)
    DMA_DeInit                               0x08000b85   Thumb Code   152  ft32f0xx_dma.o(i.DMA_DeInit)
    DMA_GetFlagStatus                        0x08000c25   Thumb Code    36  ft32f0xx_dma.o(i.DMA_GetFlagStatus)
    DMA_Init                                 0x08000c4d   Thumb Code    58  ft32f0xx_dma.o(i.DMA_Init)
    Delay                                    0x08000c8d   Thumb Code    20  bsp_systick.o(i.Delay)
    DevGpio_SetOutPut                        0x08000ca5   Thumb Code    30  dev_gpio.o(i.DevGpio_SetOutPut)
    Devpwm_SetDuty                           0x08000cc9   Thumb Code    18  dev_pwm.o(i.Devpwm_SetDuty)
    EXTI4_15_IRQHandler                      0x08000ce1   Thumb Code    94  ft32f0xx_it.o(i.EXTI4_15_IRQHandler)
    EXTI_ClearITPendingBit                   0x08000d51   Thumb Code     6  ft32f0xx_exti.o(i.EXTI_ClearITPendingBit)
    EXTI_GetITStatus                         0x08000d5d   Thumb Code    22  ft32f0xx_exti.o(i.EXTI_GetITStatus)
    EXTI_Init                                0x08000d79   Thumb Code   132  ft32f0xx_exti.o(i.EXTI_Init)
    FT32_EXIT_Init                           0x08000e01   Thumb Code   106  main.o(i.FT32_EXIT_Init)
    FT32_GPIOA_Init                          0x08000e6b   Thumb Code    94  main.o(i.FT32_GPIOA_Init)
    FT32_GPIOB_Init                          0x08000ec9   Thumb Code    64  main.o(i.FT32_GPIOB_Init)
    GPIO_Init                                0x08000f11   Thumb Code   144  ft32f0xx_gpio.o(i.GPIO_Init)
    GPIO_PinAFConfig                         0x08000fa1   Thumb Code    68  ft32f0xx_gpio.o(i.GPIO_PinAFConfig)
    GPIO_ReadInputDataBit                    0x08000fe5   Thumb Code    20  ft32f0xx_gpio.o(i.GPIO_ReadInputDataBit)
    GPIO_WriteBit                            0x08000ff9   Thumb Code    12  ft32f0xx_gpio.o(i.GPIO_WriteBit)
    HardFault_Handler                        0x08001005   Thumb Code     4  ft32f0xx_it.o(i.HardFault_Handler)
    NMI_Handler                              0x08001009   Thumb Code     2  ft32f0xx_it.o(i.NMI_Handler)
    NVIC_Init                                0x0800100d   Thumb Code   106  ft32f0xx_misc.o(i.NVIC_Init)
    PendSV_Handler                           0x080010f5   Thumb Code     2  ft32f0xx_it.o(i.PendSV_Handler)
    RCC_AHBPeriphClockCmd                    0x080010f9   Thumb Code    28  ft32f0xx_rcc.o(i.RCC_AHBPeriphClockCmd)
    RCC_APB1PeriphClockCmd                   0x08001119   Thumb Code    28  ft32f0xx_rcc.o(i.RCC_APB1PeriphClockCmd)
    RCC_APB2PeriphClockCmd                   0x08001139   Thumb Code    28  ft32f0xx_rcc.o(i.RCC_APB2PeriphClockCmd)
    RCC_APB2PeriphResetCmd                   0x08001159   Thumb Code    28  ft32f0xx_rcc.o(i.RCC_APB2PeriphResetCmd)
    SVC_Handler                              0x08001179   Thumb Code     2  ft32f0xx_it.o(i.SVC_Handler)
    SYSCFG_EXTILineConfig                    0x0800117d   Thumb Code    60  ft32f0xx_syscfg.o(i.SYSCFG_EXTILineConfig)
    SysTick_Handler                          0x0800131d   Thumb Code     8  ft32f0xx_it.o(i.SysTick_Handler)
    SystemCoreClockUpdate                    0x08001325   Thumb Code   154  system_ft32f0xx.o(i.SystemCoreClockUpdate)
    SystemInit                               0x080013d5   Thumb Code   110  system_ft32f0xx.o(i.SystemInit)
    SystickInit                              0x08001451   Thumb Code    68  bsp_systick.o(i.SystickInit)
    TIM17_IRQHandler                         0x080014a1   Thumb Code    34  ft32f0xx_it.o(i.TIM17_IRQHandler)
    TIM_ClearITPendingBit                    0x080014cd   Thumb Code     6  ft32f0xx_tim.o(i.TIM_ClearITPendingBit)
    TIM_Cmd                                  0x080014d5   Thumb Code    24  ft32f0xx_tim.o(i.TIM_Cmd)
    TIM_CtrlPWMOutputs                       0x080014f1   Thumb Code    34  ft32f0xx_tim.o(i.TIM_CtrlPWMOutputs)
    TIM_GetITStatus                          0x08001513   Thumb Code    38  ft32f0xx_tim.o(i.TIM_GetITStatus)
    TIM_ITConfig                             0x08001539   Thumb Code    20  ft32f0xx_tim.o(i.TIM_ITConfig)
    TIM_OC1Init                              0x0800154d   Thumb Code   122  ft32f0xx_tim.o(i.TIM_OC1Init)
    TIM_SetCompare1                          0x080015e1   Thumb Code     4  ft32f0xx_tim.o(i.TIM_SetCompare1)
    TIM_TimeBaseInit                         0x080015e5   Thumb Code    90  ft32f0xx_tim.o(i.TIM_TimeBaseInit)
    Tim14BaseInit                            0x08001661   Thumb Code   146  main.o(i.Tim14BaseInit)
    Tim16BaseInit                            0x080016fd   Thumb Code   148  main.o(i.Tim16BaseInit)
    Tim17BaseInit                            0x08001799   Thumb Code    84  main.o(i.Tim17BaseInit)
    Tim3BaseInit                             0x080017f1   Thumb Code   148  main.o(i.Tim3BaseInit)
    TimingDelay_Decrement                    0x08001891   Thumb Code    20  bsp_systick.o(i.TimingDelay_Decrement)
    __ARM_clz                                0x080018a9   Thumb Code    46  depilogue.o(i.__ARM_clz)
    __ARM_common_switch8                     0x080018d7   Thumb Code    28  main.o(i.__ARM_common_switch8)
    __scatterload_copy                       0x080018f3   Thumb Code    14  handlers.o(i.__scatterload_copy)
    __scatterload_null                       0x08001901   Thumb Code     2  handlers.o(i.__scatterload_null)
    __scatterload_zeroinit                   0x08001903   Thumb Code    14  handlers.o(i.__scatterload_zeroinit)
    get_adc_val                              0x08001911   Thumb Code   146  dev_adc.o(i.get_adc_val)
    look1_iflf_binlxpw                       0x080019cd   Thumb Code   232  dev_adc.o(i.look1_iflf_binlxpw)
    main                                     0x08001ab5   Thumb Code   238  main.o(i.main)
    INP_HWTemp1_R                            0x08001bd4   Data         640  dev_adc.o(.constdata)
    OUT_HWTemp1_T                            0x08001e54   Data         640  dev_adc.o(.constdata)
    Region$$Table$$Base                      0x080020e0   Number         0  anon$$obj.o(Region$$Table)
    Region$$Table$$Limit                     0x08002100   Number         0  anon$$obj.o(Region$$Table)
    KEY1_Count                               0x20000000   Data           4  ft32f0xx_it.o(.data)
    KEY2_Count                               0x20000004   Data           4  ft32f0xx_it.o(.data)
    KEY1_Flg                                 0x20000008   Data           1  ft32f0xx_it.o(.data)
    KEY2_Flg                                 0x20000009   Data           1  ft32f0xx_it.o(.data)
    step                                     0x2000000c   Data           1  main.o(.data)
    ch_gpio                                  0x2000000d   Data           1  main.o(.data)
    ch_pwm                                   0x2000000e   Data           1  main.o(.data)
    Bat_Stdby                                0x2000000f   Data           1  main.o(.data)
    Bat_Charge                               0x20000010   Data           1  main.o(.data)
    duty                                     0x20000011   Data           1  main.o(.data)
    Monitoring                               0x20000012   Data           1  main.o(.data)
    Val                                      0x20000013   Data           1  main.o(.data)
    DMA_DualConvertedValue                   0x20000014   Data           8  main.o(.data)
    lsi_freq                                 0x2000001c   Data           4  main.o(.data)
    SystemCoreClock                          0x20000084   Data           4  system_ft32f0xx.o(.data)
    AHBPrescTable                            0x20000088   Data          16  system_ft32f0xx.o(.data)
    __initial_sp                             0x20000498   Data           0  startup_ft32f030x8.o(STACK)



==============================================================================

Memory Map of the image

  Image Entry point : 0x080000d5

  Load Region LR_1 (Base: 0x08000000, Size: 0x00002198, Max: 0xffffffff, ABSOLUTE)

    Execution Region ER_RO (Exec base: 0x08000000, Load base: 0x08000000, Size: 0x00002100, Max: 0xffffffff, ABSOLUTE)

    Exec Addr    Load Addr    Size         Type   Attr      Idx    E Section Name        Object

    0x08000000   0x08000000   0x000000c0   Data   RO         3601    RESET               startup_ft32f030x8.o
    0x080000c0   0x080000c0   0x00000000   Code   RO         3655  * .ARM.Collect$$$$00000000  mc_p.l(entry.o)
    0x080000c0   0x080000c0   0x00000004   Code   RO         3680    .ARM.Collect$$$$00000001  mc_p.l(entry2.o)
    0x080000c4   0x080000c4   0x00000004   Code   RO         3683    .ARM.Collect$$$$00000004  mc_p.l(entry5.o)
    0x080000c8   0x080000c8   0x00000000   Code   RO         3685    .ARM.Collect$$$$00000008  mc_p.l(entry7b.o)
    0x080000c8   0x080000c8   0x00000000   Code   RO         3687    .ARM.Collect$$$$0000000A  mc_p.l(entry8b.o)
    0x080000c8   0x080000c8   0x00000008   Code   RO         3688    .ARM.Collect$$$$0000000B  mc_p.l(entry9a.o)
    0x080000d0   0x080000d0   0x00000000   Code   RO         3690    .ARM.Collect$$$$0000000D  mc_p.l(entry10a.o)
    0x080000d0   0x080000d0   0x00000000   Code   RO         3692    .ARM.Collect$$$$0000000F  mc_p.l(entry11a.o)
    0x080000d0   0x080000d0   0x00000004   Code   RO         3681    .ARM.Collect$$$$00002712  mc_p.l(entry2.o)
    0x080000d4   0x080000d4   0x00000058   Code   RO         3602  * .text               startup_ft32f030x8.o
    0x0800012c   0x0800012c   0x0000002c   Code   RO         3658    .text               mc_p.l(uidiv.o)
    0x08000158   0x08000158   0x000000b2   Code   RO         3660    .text               mf_p.l(fadd.o)
    0x0800020a   0x0800020a   0x0000007a   Code   RO         3662    .text               mf_p.l(fmul.o)
    0x08000284   0x08000284   0x0000007c   Code   RO         3664    .text               mf_p.l(fdiv.o)
    0x08000300   0x08000300   0x000000d0   Code   RO         3666    .text               mf_p.l(dmul.o)
    0x080003d0   0x080003d0   0x000000f0   Code   RO         3668    .text               mf_p.l(ddiv.o)
    0x080004c0   0x080004c0   0x00000016   Code   RO         3670    .text               mf_p.l(fflti.o)
    0x080004d6   0x080004d6   0x00000002   PAD
    0x080004d8   0x080004d8   0x0000001c   Code   RO         3672    .text               mf_p.l(dfltui.o)
    0x080004f4   0x080004f4   0x00000048   Code   RO         3674    .text               mf_p.l(dfixi.o)
    0x0800053c   0x0800053c   0x0000003c   Code   RO         3676    .text               mf_p.l(dfixui.o)
    0x08000578   0x08000578   0x00000014   Code   RO         3678    .text               mf_p.l(cfcmple.o)
    0x0800058c   0x0800058c   0x00000022   Code   RO         3694    .text               mc_p.l(llushr.o)
    0x080005ae   0x080005ae   0x00000000   Code   RO         3696    .text               mc_p.l(iusefp.o)
    0x080005ae   0x080005ae   0x00000082   Code   RO         3697    .text               mf_p.l(fepilogue.o)
    0x08000630   0x08000630   0x000000be   Code   RO         3699    .text               mf_p.l(depilogue.o)
    0x080006ee   0x080006ee   0x00000002   PAD
    0x080006f0   0x080006f0   0x00000024   Code   RO         3703    .text               mc_p.l(init.o)
    0x08000714   0x08000714   0x00000020   Code   RO         3705    .text               mc_p.l(llshl.o)
    0x08000734   0x08000734   0x0000000e   Code   RO          314    i.AD9833_Delay      dev_ad9877.o
    0x08000742   0x08000742   0x00000010   Code   RO          315    i.AD9833_FSYNC_Set  dev_ad9877.o
    0x08000752   0x08000752   0x0000001e   Code   RO          316    i.AD9833_InitIo     dev_ad9877.o
    0x08000770   0x08000770   0x00000010   Code   RO          317    i.AD9833_SCLK_Set   dev_ad9877.o
    0x08000780   0x08000780   0x00000010   Code   RO          318    i.AD9833_SDATA_Set  dev_ad9877.o
    0x08000790   0x08000790   0x0000006c   Code   RO          319    i.AD9833_SendData   dev_ad9877.o
    0x080007fc   0x080007fc   0x00000094   Code   RO          320    i.AD9833_SendFrequency  dev_ad9877.o
    0x08000890   0x08000890   0x0000001a   Code   RO          321    i.AD9833_SendPhase  dev_ad9877.o
    0x080008aa   0x080008aa   0x00000022   Code   RO          322    i.AD9833_SendWave   dev_ad9877.o
    0x080008cc   0x080008cc   0x00000064   Code   RO          323    i.AD9833_SetPara    dev_ad9877.o
    0x08000930   0x08000930   0x00000018   Code   RO          502    i.ADC_ChannelConfig  ft32f0xx_adc.o
    0x08000948   0x08000948   0x00000018   Code   RO          506    i.ADC_Cmd           ft32f0xx_adc.o
    0x08000960   0x08000960   0x00000018   Code   RO          508    i.ADC_DMACmd        ft32f0xx_adc.o
    0x08000978   0x08000978   0x00000010   Code   RO          509    i.ADC_DMARequestModeConfig  ft32f0xx_adc.o
    0x08000988   0x08000988   0x000000f8   Code   RO          163    i.ADC_DMA_Config    main.o
    0x08000a80   0x08000a80   0x00000020   Code   RO          510    i.ADC_DeInit        ft32f0xx_adc.o
    0x08000aa0   0x08000aa0   0x0000003c   Code   RO          512    i.ADC_GetCalibrationFactor  ft32f0xx_adc.o
    0x08000adc   0x08000adc   0x00000030   Code   RO          514    i.ADC_GetFlagStatus  ft32f0xx_adc.o
    0x08000b0c   0x08000b0c   0x0000002c   Code   RO          517    i.ADC_Init          ft32f0xx_adc.o
    0x08000b38   0x08000b38   0x0000000a   Code   RO          522    i.ADC_StartOfConversion  ft32f0xx_adc.o
    0x08000b42   0x08000b42   0x00000010   Code   RO          524    i.ADC_StructInit    ft32f0xx_adc.o
    0x08000b52   0x08000b52   0x00000002   PAD
    0x08000b54   0x08000b54   0x00000014   Code   RO         1043    i.DMA_ClearFlag     ft32f0xx_dma.o
    0x08000b68   0x08000b68   0x0000001c   Code   RO         1045    i.DMA_Cmd           ft32f0xx_dma.o
    0x08000b84   0x08000b84   0x000000a0   Code   RO         1046    i.DMA_DeInit        ft32f0xx_dma.o
    0x08000c24   0x08000c24   0x00000028   Code   RO         1048    i.DMA_GetFlagStatus  ft32f0xx_dma.o
    0x08000c4c   0x08000c4c   0x00000040   Code   RO         1051    i.DMA_Init          ft32f0xx_dma.o
    0x08000c8c   0x08000c8c   0x00000018   Code   RO          268    i.Delay             bsp_systick.o
    0x08000ca4   0x08000ca4   0x00000024   Code   RO          425    i.DevGpio_SetOutPut  dev_gpio.o
    0x08000cc8   0x08000cc8   0x00000018   Code   RO          456    i.Devpwm_SetDuty    dev_pwm.o
    0x08000ce0   0x08000ce0   0x00000070   Code   RO            3    i.EXTI4_15_IRQHandler  ft32f0xx_it.o
    0x08000d50   0x08000d50   0x0000000c   Code   RO         1128    i.EXTI_ClearITPendingBit  ft32f0xx_exti.o
    0x08000d5c   0x08000d5c   0x0000001c   Code   RO         1132    i.EXTI_GetITStatus  ft32f0xx_exti.o
    0x08000d78   0x08000d78   0x00000088   Code   RO         1133    i.EXTI_Init         ft32f0xx_exti.o
    0x08000e00   0x08000e00   0x0000006a   Code   RO          164    i.FT32_EXIT_Init    main.o
    0x08000e6a   0x08000e6a   0x0000005e   Code   RO          165    i.FT32_GPIOA_Init   main.o
    0x08000ec8   0x08000ec8   0x00000048   Code   RO          166    i.FT32_GPIOB_Init   main.o
    0x08000f10   0x08000f10   0x00000090   Code   RO         1380    i.GPIO_Init         ft32f0xx_gpio.o
    0x08000fa0   0x08000fa0   0x00000044   Code   RO         1382    i.GPIO_PinAFConfig  ft32f0xx_gpio.o
    0x08000fe4   0x08000fe4   0x00000014   Code   RO         1385    i.GPIO_ReadInputDataBit  ft32f0xx_gpio.o
    0x08000ff8   0x08000ff8   0x0000000c   Code   RO         1392    i.GPIO_WriteBit     ft32f0xx_gpio.o
    0x08001004   0x08001004   0x00000004   Code   RO            4    i.HardFault_Handler  ft32f0xx_it.o
    0x08001008   0x08001008   0x00000002   Code   RO            5    i.NMI_Handler       ft32f0xx_it.o
    0x0800100a   0x0800100a   0x00000002   PAD
    0x0800100c   0x0800100c   0x00000070   Code   RO         1805    i.NVIC_Init         ft32f0xx_misc.o
    0x0800107c   0x0800107c   0x00000078   Code   RO          269    i.NVIC_SetPriority  bsp_systick.o
    0x080010f4   0x080010f4   0x00000002   Code   RO            6    i.PendSV_Handler    ft32f0xx_it.o
    0x080010f6   0x080010f6   0x00000002   PAD
    0x080010f8   0x080010f8   0x00000020   Code   RO         1920    i.RCC_AHBPeriphClockCmd  ft32f0xx_rcc.o
    0x08001118   0x08001118   0x00000020   Code   RO         1922    i.RCC_APB1PeriphClockCmd  ft32f0xx_rcc.o
    0x08001138   0x08001138   0x00000020   Code   RO         1924    i.RCC_APB2PeriphClockCmd  ft32f0xx_rcc.o
    0x08001158   0x08001158   0x00000020   Code   RO         1925    i.RCC_APB2PeriphResetCmd  ft32f0xx_rcc.o
    0x08001178   0x08001178   0x00000002   Code   RO            7    i.SVC_Handler       ft32f0xx_it.o
    0x0800117a   0x0800117a   0x00000002   PAD
    0x0800117c   0x0800117c   0x00000040   Code   RO         2666    i.SYSCFG_EXTILineConfig  ft32f0xx_syscfg.o
    0x080011bc   0x080011bc   0x00000008   Code   RO         3608    i.SetSysClock       system_ft32f0xx.o
    0x080011c4   0x080011c4   0x000000d0   Code   RO         3609    i.SetSysClockTo72   system_ft32f0xx.o
    0x08001294   0x08001294   0x0000001c   Code   RO          457    i.Set_PWM1_Duty     dev_pwm.o
    0x080012b0   0x080012b0   0x00000034   Code   RO          458    i.Set_PWM2_Duty     dev_pwm.o
    0x080012e4   0x080012e4   0x00000038   Code   RO          459    i.Set_PWM3_Duty     dev_pwm.o
    0x0800131c   0x0800131c   0x00000008   Code   RO            8    i.SysTick_Handler   ft32f0xx_it.o
    0x08001324   0x08001324   0x000000b0   Code   RO         3610    i.SystemCoreClockUpdate  system_ft32f0xx.o
    0x080013d4   0x080013d4   0x0000007c   Code   RO         3611    i.SystemInit        system_ft32f0xx.o
    0x08001450   0x08001450   0x00000050   Code   RO          270    i.SystickInit       bsp_systick.o
    0x080014a0   0x080014a0   0x0000002c   Code   RO            9    i.TIM17_IRQHandler  ft32f0xx_it.o
    0x080014cc   0x080014cc   0x00000006   Code   RO         2734    i.TIM_ClearITPendingBit  ft32f0xx_tim.o
    0x080014d2   0x080014d2   0x00000002   PAD
    0x080014d4   0x080014d4   0x0000001c   Code   RO         2739    i.TIM_Cmd           ft32f0xx_tim.o
    0x080014f0   0x080014f0   0x00000022   Code   RO         2741    i.TIM_CtrlPWMOutputs  ft32f0xx_tim.o
    0x08001512   0x08001512   0x00000026   Code   RO         2760    i.TIM_GetITStatus   ft32f0xx_tim.o
    0x08001538   0x08001538   0x00000014   Code   RO         2764    i.TIM_ITConfig      ft32f0xx_tim.o
    0x0800154c   0x0800154c   0x00000094   Code   RO         2768    i.TIM_OC1Init       ft32f0xx_tim.o
    0x080015e0   0x080015e0   0x00000004   Code   RO         2802    i.TIM_SetCompare1   ft32f0xx_tim.o
    0x080015e4   0x080015e4   0x0000007c   Code   RO         2812    i.TIM_TimeBaseInit  ft32f0xx_tim.o
    0x08001660   0x08001660   0x0000009c   Code   RO          168    i.Tim14BaseInit     main.o
    0x080016fc   0x080016fc   0x0000009c   Code   RO          169    i.Tim16BaseInit     main.o
    0x08001798   0x08001798   0x00000058   Code   RO          170    i.Tim17BaseInit     main.o
    0x080017f0   0x080017f0   0x000000a0   Code   RO          171    i.Tim3BaseInit      main.o
    0x08001890   0x08001890   0x00000018   Code   RO          271    i.TimingDelay_Decrement  bsp_systick.o
    0x080018a8   0x080018a8   0x0000002e   Code   RO         3701    i.__ARM_clz         mf_p.l(depilogue.o)
    0x080018d6   0x080018d6   0x0000001c   Code   RO          235    i.__ARM_common_switch8  main.o
    0x080018f2   0x080018f2   0x0000000e   Code   RO         3709    i.__scatterload_copy  mc_p.l(handlers.o)
    0x08001900   0x08001900   0x00000002   Code   RO         3710    i.__scatterload_null  mc_p.l(handlers.o)
    0x08001902   0x08001902   0x0000000e   Code   RO         3711    i.__scatterload_zeroinit  mc_p.l(handlers.o)
    0x08001910   0x08001910   0x000000bc   Code   RO          384    i.get_adc_val       dev_adc.o
    0x080019cc   0x080019cc   0x000000e8   Code   RO          385    i.look1_iflf_binlxpw  dev_adc.o
    0x08001ab4   0x08001ab4   0x00000120   Code   RO          172    i.main              main.o
    0x08001bd4   0x08001bd4   0x00000500   Data   RO          386    .constdata          dev_adc.o
    0x080020d4   0x080020d4   0x0000000c   Data   RO          460    .constdata          dev_pwm.o
    0x080020e0   0x080020e0   0x00000020   Data   RO         3707    Region$$Table       anon$$obj.o


    Execution Region ER_RW (Exec base: 0x20000000, Load base: 0x08002100, Size: 0x00000098, Max: 0xffffffff, ABSOLUTE)

    Exec Addr    Load Addr    Size         Type   Attr      Idx    E Section Name        Object

    0x20000000   0x08002100   0x0000000a   Data   RW           10    .data               ft32f0xx_it.o
    0x2000000a   0x0800210a   0x00000002   PAD
    0x2000000c   0x0800210c   0x00000014   Data   RW          173    .data               main.o
    0x20000020   0x08002120   0x00000004   Data   RW          272    .data               bsp_systick.o
    0x20000024   0x08002124   0x00000008   Data   RW          387    .data               dev_adc.o
    0x2000002c   0x0800212c   0x00000058   Data   RW          426    .data               dev_gpio.o
    0x20000084   0x08002184   0x00000014   Data   RW         3612    .data               system_ft32f0xx.o


    Execution Region ER_ZI (Exec base: 0x20000098, Load base: 0x08002198, Size: 0x00000400, Max: 0xffffffff, ABSOLUTE)

    Exec Addr    Load Addr    Size         Type   Attr      Idx    E Section Name        Object

    0x20000098        -       0x00000400   Zero   RW         3599    STACK               startup_ft32f030x8.o


==============================================================================

Image component sizes


      Code (inc. data)   RO Data    RW Data    ZI Data      Debug   Object Name

       248         30          0          4          0       8318   bsp_systick.o
       508         12          0          0          0       5789   dev_ad9877.o
       420         42       1280          8          0       2358   dev_adc.o
        36          6          0         88          0       1528   dev_gpio.o
       160         36         12          0          0       2625   dev_pwm.o
       298          8          0          0          0       6502   ft32f0xx_adc.o
       312         26          0          0          0       4650   ft32f0xx_dma.o
       176         16          0          0          0       2272   ft32f0xx_exti.o
       244          0          0          0          0       3171   ft32f0xx_gpio.o
       174         28          0         10          0     166718   ft32f0xx_it.o
       112          6          0          0          0       1096   ft32f0xx_misc.o
       128         16          0          0          0       2319   ft32f0xx_rcc.o
        64          4          0          0          0        640   ft32f0xx_syscfg.o
       402         64          0          0          0       5579   ft32f0xx_tim.o
      1396        116          0         20          0       6523   main.o
        88         38        192          0       1024        648   startup_ft32f030x8.o
       516         44          0         20          0       2977   system_ft32f0xx.o

    ----------------------------------------------------------------------
      5292        492       1516        152       1024     223713   Object Totals
         0          0         32          0          0          0   (incl. Generated)
        10          0          0          2          0          0   (incl. Padding)

    ----------------------------------------------------------------------

      Code (inc. data)   RO Data    RW Data    ZI Data      Debug   Library Member Name

         0          0          0          0          0          0   entry.o
         0          0          0          0          0          0   entry10a.o
         0          0          0          0          0          0   entry11a.o
         8          4          0          0          0          0   entry2.o
         4          0          0          0          0          0   entry5.o
         0          0          0          0          0          0   entry7b.o
         0          0          0          0          0          0   entry8b.o
         8          4          0          0          0          0   entry9a.o
        30          0          0          0          0          0   handlers.o
        36          8          0          0          0         68   init.o
         0          0          0          0          0          0   iusefp.o
        32          0          0          0          0         68   llshl.o
        34          0          0          0          0         68   llushr.o
        44          0          0          0          0         72   uidiv.o
        20          0          0          0          0         68   cfcmple.o
       240          6          0          0          0         84   ddiv.o
       236          0          0          0          0        216   depilogue.o
        72         10          0          0          0         72   dfixi.o
        60         10          0          0          0         68   dfixui.o
        28          4          0          0          0         68   dfltui.o
       208          6          0          0          0         88   dmul.o
       178          0          0          0          0        108   fadd.o
       124          0          0          0          0         72   fdiv.o
       130          0          0          0          0        144   fepilogue.o
        22          0          0          0          0         68   fflti.o
       122          0          0          0          0         72   fmul.o

    ----------------------------------------------------------------------
      1640         52          0          0          0       1404   Library Totals
         4          0          0          0          0          0   (incl. Padding)

    ----------------------------------------------------------------------

      Code (inc. data)   RO Data    RW Data    ZI Data      Debug   Library Name

       196         16          0          0          0        276   mc_p.l
      1440         36          0          0          0       1128   mf_p.l

    ----------------------------------------------------------------------
      1640         52          0          0          0       1404   Library Totals

    ----------------------------------------------------------------------

==============================================================================


      Code (inc. data)   RO Data    RW Data    ZI Data      Debug   

      6932        544       1516        152       1024     221345   Grand Totals
      6932        544       1516        152       1024     221345   ELF Image Totals
      6932        544       1516        152          0          0   ROM Totals

==============================================================================

    Total RO  Size (Code + RO Data)                 8448 (   8.25kB)
    Total RW  Size (RW Data + ZI Data)              1176 (   1.15kB)
    Total ROM Size (Code + RO Data + RW Data)       8600 (   8.40kB)

==============================================================================

