Component: ARM Compiler 6.12 Tool: armlink [5d624300]

==============================================================================

Section Cross References

    ft32f0xx_it.o(.ARM.exidx.text.NMI_Handler) refers to ft32f0xx_it.o(.text.NMI_Handler) for [Anonymous Symbol]
    ft32f0xx_it.o(.ARM.exidx.text.HardFault_Handler) refers to ft32f0xx_it.o(.text.HardFault_Handler) for [Anonymous Symbol]
    ft32f0xx_it.o(.text.TIM14_IRQHandler) refers to ft32f0xx_tim.o(.text.TIM_GetITStatus) for TIM_GetITStatus
    ft32f0xx_it.o(.text.TIM14_IRQHandler) refers to dev_gpio.o(.text.DevGpio_ReadInPut) for DevGpio_ReadInPut
    ft32f0xx_it.o(.text.TIM14_IRQHandler) refers to ft32f0xx_tim.o(.text.TIM_ClearITPendingBit) for TIM_ClearITPendingBit
    ft32f0xx_it.o(.text.TIM14_IRQHandler) refers to ft32f0xx_it.o(.bss.TIM14_IRQHandler.ChargeCount) for [Anonymous Symbol]
    ft32f0xx_it.o(.text.TIM14_IRQHandler) refers to main.o(.data.PowerOff_Flg) for PowerOff_Flg
    ft32f0xx_it.o(.text.TIM14_IRQHandler) refers to ft32f0xx_it.o(.bss.WorkStart_Flg) for WorkStart_Flg
    ft32f0xx_it.o(.text.TIM14_IRQHandler) refers to ft32f0xx_it.o(.bss.WorkTime) for [Anonymous Symbol]
    ft32f0xx_it.o(.text.TIM14_IRQHandler) refers to ft32f0xx_it.o(.bss.Beep_SatrtFlg) for Beep_SatrtFlg
    ft32f0xx_it.o(.ARM.exidx.text.TIM14_IRQHandler) refers to ft32f0xx_it.o(.text.TIM14_IRQHandler) for [Anonymous Symbol]
    ft32f0xx_it.o(.text.TIM17_IRQHandler) refers to ft32f0xx_tim.o(.text.TIM_GetITStatus) for TIM_GetITStatus
    ft32f0xx_it.o(.text.TIM17_IRQHandler) refers to ft32f0xx_gpio.o(.text.GPIO_ReadInputDataBit) for GPIO_ReadInputDataBit
    ft32f0xx_it.o(.text.TIM17_IRQHandler) refers to ft32f0xx_tim.o(.text.TIM_ClearITPendingBit) for TIM_ClearITPendingBit
    ft32f0xx_it.o(.text.TIM17_IRQHandler) refers to ft32f0xx_it.o(.bss.KEY1_Flg) for KEY1_Flg
    ft32f0xx_it.o(.text.TIM17_IRQHandler) refers to ft32f0xx_it.o(.bss.KEY1_Count) for KEY1_Count
    ft32f0xx_it.o(.text.TIM17_IRQHandler) refers to ft32f0xx_it.o(.bss.UltraModule) for UltraModule
    ft32f0xx_it.o(.text.TIM17_IRQHandler) refers to ft32f0xx_it.o(.bss.Beep_SatrtFlg) for Beep_SatrtFlg
    ft32f0xx_it.o(.text.TIM17_IRQHandler) refers to ft32f0xx_it.o(.bss.TIM17_IRQHandler.Key1_Sta) for [Anonymous Symbol]
    ft32f0xx_it.o(.text.TIM17_IRQHandler) refers to ft32f0xx_it.o(.data.Motor_Level) for Motor_Level
    ft32f0xx_it.o(.text.TIM17_IRQHandler) refers to ft32f0xx_it.o(.bss.KEY2_Flg) for KEY2_Flg
    ft32f0xx_it.o(.text.TIM17_IRQHandler) refers to ft32f0xx_it.o(.bss.KEY2_Count) for KEY2_Count
    ft32f0xx_it.o(.text.TIM17_IRQHandler) refers to ft32f0xx_it.o(.data.TIM17_IRQHandler.Key2_Sta) for [Anonymous Symbol]
    ft32f0xx_it.o(.text.TIM17_IRQHandler) refers to ft32f0xx_it.o(.bss.PowerOn_Flg) for PowerOn_Flg
    ft32f0xx_it.o(.text.TIM17_IRQHandler) refers to ft32f0xx_it.o(.bss.POWER_Count) for POWER_Count
    ft32f0xx_it.o(.text.TIM17_IRQHandler) refers to ft32f0xx_it.o(.bss.WorkStart_Flg) for WorkStart_Flg
    ft32f0xx_it.o(.text.TIM17_IRQHandler) refers to app.o(.bss.Led_RedFlg) for Led_RedFlg
    ft32f0xx_it.o(.text.TIM17_IRQHandler) refers to ft32f0xx_it.o(.bss.TIM17_IRQHandler.SetFlg) for [Anonymous Symbol]
    ft32f0xx_it.o(.text.TIM17_IRQHandler) refers to main.o(.data.PowerOff_Flg) for PowerOff_Flg
    ft32f0xx_it.o(.ARM.exidx.text.TIM17_IRQHandler) refers to ft32f0xx_it.o(.text.TIM17_IRQHandler) for [Anonymous Symbol]
    ft32f0xx_it.o(.text.EXTI4_15_IRQHandler) refers to ft32f0xx_exti.o(.text.EXTI_GetITStatus) for EXTI_GetITStatus
    ft32f0xx_it.o(.text.EXTI4_15_IRQHandler) refers to ft32f0xx_gpio.o(.text.GPIO_ReadInputDataBit) for GPIO_ReadInputDataBit
    ft32f0xx_it.o(.text.EXTI4_15_IRQHandler) refers to ft32f0xx_exti.o(.text.EXTI_ClearITPendingBit) for EXTI_ClearITPendingBit
    ft32f0xx_it.o(.text.EXTI4_15_IRQHandler) refers to ft32f0xx_it.o(.bss.KEY2_Flg) for KEY2_Flg
    ft32f0xx_it.o(.text.EXTI4_15_IRQHandler) refers to ft32f0xx_it.o(.bss.KEY1_Flg) for KEY1_Flg
    ft32f0xx_it.o(.ARM.exidx.text.EXTI4_15_IRQHandler) refers to ft32f0xx_it.o(.text.EXTI4_15_IRQHandler) for [Anonymous Symbol]
    main.o(.text.main) refers to main.o(.text.FT32_GPIOA_Init) for FT32_GPIOA_Init
    main.o(.text.main) refers to main.o(.text.FT32_GPIOB_Init) for FT32_GPIOB_Init
    main.o(.text.main) refers to main.o(.text.FT32_EXIT_Init) for FT32_EXIT_Init
    main.o(.text.main) refers to main.o(.text.ADC_DMA_Config) for ADC_DMA_Config
    main.o(.text.main) refers to main.o(.text.Tim3BaseInit) for Tim3BaseInit
    main.o(.text.main) refers to main.o(.text.Tim15BaseInit) for Tim15BaseInit
    main.o(.text.main) refers to main.o(.text.Tim16BaseInit) for Tim16BaseInit
    main.o(.text.main) refers to main.o(.text.Tim17BaseInit) for Tim17BaseInit
    main.o(.text.main) refers to main.o(.text.Tim14BaseInit) for Tim14BaseInit
    main.o(.text.main) refers to ft32f0xx_gpio.o(.text.GPIO_WriteBit) for GPIO_WriteBit
    main.o(.text.main) refers to main.o(.text.IWDG_Config) for IWDG_Config
[...]
    __arm_cp.2_0                             0x08002b30   Number         4  ft32f0xx_it.o(.text.TIM14_IRQHandler)
    __arm_cp.2_1                             0x08002b34   Number         4  ft32f0xx_it.o(.text.TIM14_IRQHandler)
    __arm_cp.2_4                             0x08002b38   Number         4  ft32f0xx_it.o(.text.TIM14_IRQHandler)
    __arm_cp.2_5                             0x08002b3c   Number         4  ft32f0xx_it.o(.text.TIM14_IRQHandler)
    [Anonymous Symbol]                       0x08002b40   Section        0  ft32f0xx_it.o(.text.TIM17_IRQHandler)
    __arm_cp.3_0                             0x08002d74   Number         4  ft32f0xx_it.o(.text.TIM17_IRQHandler)
    __arm_cp.3_1                             0x08002d78   Number         4  ft32f0xx_it.o(.text.TIM17_IRQHandler)
    __arm_cp.3_2                             0x08002d7c   Number         4  ft32f0xx_it.o(.text.TIM17_IRQHandler)
    __arm_cp.3_3                             0x08002d80   Number         4  ft32f0xx_it.o(.text.TIM17_IRQHandler)
    __arm_cp.3_4                             0x08002d84   Number         4  ft32f0xx_it.o(.text.TIM17_IRQHandler)
    __arm_cp.3_5                             0x08002d88   Number         4  ft32f0xx_it.o(.text.TIM17_IRQHandler)
    __arm_cp.3_6                             0x08002d8c   Number         4  ft32f0xx_it.o(.text.TIM17_IRQHandler)
    __arm_cp.3_7                             0x08002d90   Number         4  ft32f0xx_it.o(.text.TIM17_IRQHandler)
    __arm_cp.3_8                             0x08002d94   Number         4  ft32f0xx_it.o(.text.TIM17_IRQHandler)
    __arm_cp.3_9                             0x08002d98   Number         4  ft32f0xx_it.o(.text.TIM17_IRQHandler)
    __arm_cp.3_10                            0x08002d9c   Number         4  ft32f0xx_it.o(.text.TIM17_IRQHandler)
    __arm_cp.3_11                            0x08002da0   Number         4  ft32f0xx_it.o(.text.TIM17_IRQHandler)
    __arm_cp.3_12                            0x08002da4   Number         4  ft32f0xx_it.o(.text.TIM17_IRQHandler)
    __arm_cp.3_13                            0x08002da8   Number         4  ft32f0xx_it.o(.text.TIM17_IRQHandler)
    __arm_cp.3_14                            0x08002dac   Number         4  ft32f0xx_it.o(.text.TIM17_IRQHandler)
    __arm_cp.3_15                            0x08002db0   Number         4  ft32f0xx_it.o(.text.TIM17_IRQHandler)
    __arm_cp.3_16                            0x08002db4   Number         4  ft32f0xx_it.o(.text.TIM17_IRQHandler)
    [Anonymous Symbol]                       0x08002db8   Section        0  ft32f0xx_tim.o(.text.TIM_ClearITPendingBit)
    [Anonymous Symbol]                       0x08002dd4   Section        0  ft32f0xx_tim.o(.text.TIM_Cmd)
    [Anonymous Symbol]                       0x08002e08   Section        0  ft32f0xx_tim.o(.text.TIM_CtrlPWMOutputs)
    __arm_cp.17_0                            0x08002e44   Number         4  ft32f0xx_tim.o(.text.TIM_CtrlPWMOutputs)
    [Anonymous Symbol]                       0x08002e48   Section        0  ft32f0xx_tim.o(.text.TIM_GetITStatus)
    [Anonymous Symbol]                       0x08002ea6   Section        0  ft32f0xx_tim.o(.text.TIM_ITConfig)
    [Anonymous Symbol]                       0x08002ee8   Section        0  ft32f0xx_tim.o(.text.TIM_OC1Init)
    __arm_cp.18_4                            0x08002fec   Number         4  ft32f0xx_tim.o(.text.TIM_OC1Init)
    __arm_cp.18_5                            0x08002ff0   Number         4  ft32f0xx_tim.o(.text.TIM_OC1Init)
    [Anonymous Symbol]                       0x08002ff4   Section        0  ft32f0xx_tim.o(.text.TIM_SetCompare1)
    [Anonymous Symbol]                       0x0800300c   Section        0  ft32f0xx_tim.o(.text.TIM_TimeBaseInit)
    __arm_cp.1_0                             0x080030d0   Number         4  ft32f0xx_tim.o(.text.TIM_TimeBaseInit)
    __arm_cp.1_2                             0x080030d4   Number         4  ft32f0xx_tim.o(.text.TIM_TimeBaseInit)
    __arm_cp.1_3                             0x080030d8   Number         4  ft32f0xx_tim.o(.text.TIM_TimeBaseInit)
    __arm_cp.1_6                             0x080030dc   Number         4  ft32f0xx_tim.o(.text.TIM_TimeBaseInit)
    Tim14BaseInit                            0x080030e1   Thumb Code   100  main.o(.text.Tim14BaseInit)
    [Anonymous Symbol]                       0x080030e0   Section        0  main.o(.text.Tim14BaseInit)
    __arm_cp.9_0                             0x0800313c   Number         4  main.o(.text.Tim14BaseInit)
    __arm_cp.9_1                             0x08003140   Number         4  main.o(.text.Tim14BaseInit)
    Tim15BaseInit                            0x08003145   Thumb Code   172  main.o(.text.Tim15BaseInit)
    [Anonymous Symbol]                       0x08003144   Section        0  main.o(.text.Tim15BaseInit)
    __arm_cp.6_0                             0x080031ec   Number         4  main.o(.text.Tim15BaseInit)
    Tim16BaseInit                            0x080031f1   Thumb Code   180  main.o(.text.Tim16BaseInit)
    [Anonymous Symbol]                       0x080031f0   Section        0  main.o(.text.Tim16BaseInit)
    __arm_cp.7_0                             0x0800329c   Number         4  main.o(.text.Tim16BaseInit)
    __arm_cp.7_1                             0x080032a0   Number         4  main.o(.text.Tim16BaseInit)
    Tim17BaseInit                            0x080032a5   Thumb Code   104  main.o(.text.Tim17BaseInit)
    [Anonymous Symbol]                       0x080032a4   Section        0  main.o(.text.Tim17BaseInit)
    __arm_cp.8_0                             0x08003304   Number         4  main.o(.text.Tim17BaseInit)
    __arm_cp.8_1                             0x08003308   Number         4  main.o(.text.Tim17BaseInit)
    Tim3BaseInit                             0x0800330d   Thumb Code   188  main.o(.text.Tim3BaseInit)
    [Anonymous Symbol]                       0x0800330c   Section        0  main.o(.text.Tim3BaseInit)
    __arm_cp.5_0                             0x080033bc   Number         4  main.o(.text.Tim3BaseInit)
    __arm_cp.5_1                             0x080033c0   Number         4  main.o(.text.Tim3BaseInit)
    __arm_cp.5_2                             0x080033c4   Number         4  main.o(.text.Tim3BaseInit)
    [Anonymous Symbol]                       0x080033c8   Section        0  dev_flash.o(.text.UltraParam_Init)
    __arm_cp.2_0                             0x08003458   Number         4  dev_flash.o(.text.UltraParam_Init)
    __arm_cp.2_1                             0x0800345c   Number         4  dev_flash.o(.text.UltraParam_Init)
    __arm_cp.2_2                             0x08003460   Number         4  dev_flash.o(.text.UltraParam_Init)
    [Anonymous Symbol]                       0x08003464   Section        0  dev_adc.o(.text.look1_iflf_binlxpw)
    [Anonymous Symbol]                       0x080035b8   Section        0  main.o(.text.main)
    __arm_cp.0_0                             0x08003638   Number         4  main.o(.text.main)
    __arm_cp.0_1                             0x0800363c   Number         4  main.o(.text.main)
    __arm_cp.0_2                             0x08003640   Number         4  main.o(.text.main)
    __arm_cp.0_3                             0x08003644   Number         4  main.o(.text.main)
    __arm_cp.0_4                             0x08003648   Number         4  main.o(.text.main)
    __arm_cp.0_5                             0x0800364c   Number         4  main.o(.text.main)
    __arm_cp.0_6                             0x08003650   Number         4  main.o(.text.main)
    __arm_cp.0_7                             0x08003654   Number         4  main.o(.text.main)
    prvAddCurrentTaskToDelayedList           0x08003659   Thumb Code   148  tasks.o(.text.prvAddCurrentTaskToDelayedList)
    [Anonymous Symbol]                       0x08003658   Section        0  tasks.o(.text.prvAddCurrentTaskToDelayedList)
    __arm_cp.8_0                             0x080036d8   Number         4  tasks.o(.text.prvAddCurrentTaskToDelayedList)
    __arm_cp.8_3                             0x080036dc   Number         4  tasks.o(.text.prvAddCurrentTaskToDelayedList)
    __arm_cp.8_4                             0x080036e0   Number         4  tasks.o(.text.prvAddCurrentTaskToDelayedList)
    prvAddNewTaskToReadyList                 0x080036e5   Thumb Code   232  tasks.o(.text.prvAddNewTaskToReadyList)
    [Anonymous Symbol]                       0x080036e4   Section        0  tasks.o(.text.prvAddNewTaskToReadyList)
    __arm_cp.2_1                             0x080037b4   Number         4  tasks.o(.text.prvAddNewTaskToReadyList)
    __arm_cp.2_2                             0x080037b8   Number         4  tasks.o(.text.prvAddNewTaskToReadyList)
    __arm_cp.2_3                             0x080037bc   Number         4  tasks.o(.text.prvAddNewTaskToReadyList)
    __arm_cp.2_4                             0x080037c0   Number         4  tasks.o(.text.prvAddNewTaskToReadyList)
    prvCheckTasksWaitingTermination          0x080037c5   Thumb Code    84  tasks.o(.text.prvCheckTasksWaitingTermination)
    [Anonymous Symbol]                       0x080037c4   Section        0  tasks.o(.text.prvCheckTasksWaitingTermination)
    __arm_cp.52_0                            0x0800380c   Number         4  tasks.o(.text.prvCheckTasksWaitingTermination)
    __arm_cp.52_2                            0x08003810   Number         4  tasks.o(.text.prvCheckTasksWaitingTermination)
    prvDeleteTCB                             0x08003815   Thumb Code    28  tasks.o(.text.prvDeleteTCB)
    [Anonymous Symbol]                       0x08003814   Section        0  tasks.o(.text.prvDeleteTCB)
    prvHeapInit                              0x08003831   Thumb Code   176  heap_4.o(.text.prvHeapInit)
    [Anonymous Symbol]                       0x08003830   Section        0  heap_4.o(.text.prvHeapInit)
    __arm_cp.1_0                             0x080038c8   Number         4  heap_4.o(.text.prvHeapInit)
    __arm_cp.1_3                             0x080038cc   Number         4  heap_4.o(.text.prvHeapInit)
    __arm_cp.1_4                             0x080038d0   Number         4  heap_4.o(.text.prvHeapInit)
    __arm_cp.1_5                             0x080038d4   Number         4  heap_4.o(.text.prvHeapInit)
    prvIdleTask                              0x080038d9   Thumb Code    40  tasks.o(.text.prvIdleTask)
    [Anonymous Symbol]                       0x080038d8   Section        0  tasks.o(.text.prvIdleTask)
    prvInitialiseNewTask                     0x080038fd   Thumb Code   284  tasks.o(.text.prvInitialiseNewTask)
    [Anonymous Symbol]                       0x080038fc   Section        0  tasks.o(.text.prvInitialiseNewTask)
    prvInitialiseTaskLists                   0x08003a19   Thumb Code   116  tasks.o(.text.prvInitialiseTaskLists)
    [Anonymous Symbol]                       0x08003a18   Section        0  tasks.o(.text.prvInitialiseTaskLists)
    __arm_cp.51_0                            0x08003a70   Number         4  tasks.o(.text.prvInitialiseTaskLists)
    __arm_cp.51_1                            0x08003a74   Number         4  tasks.o(.text.prvInitialiseTaskLists)
    __arm_cp.51_2                            0x08003a78   Number         4  tasks.o(.text.prvInitialiseTaskLists)
    __arm_cp.51_3                            0x08003a7c   Number         4  tasks.o(.text.prvInitialiseTaskLists)
    __arm_cp.51_4                            0x08003a80   Number         4  tasks.o(.text.prvInitialiseTaskLists)
    __arm_cp.51_5                            0x08003a84   Number         4  tasks.o(.text.prvInitialiseTaskLists)
    __arm_cp.51_6                            0x08003a88   Number         4  tasks.o(.text.prvInitialiseTaskLists)
    prvInsertBlockIntoFreeList               0x08003a8d   Thumb Code   192  heap_4.o(.text.prvInsertBlockIntoFreeList)
    [Anonymous Symbol]                       0x08003a8c   Section        0  heap_4.o(.text.prvInsertBlockIntoFreeList)
    __arm_cp.2_0                             0x08003b44   Number         4  heap_4.o(.text.prvInsertBlockIntoFreeList)
    __arm_cp.2_1                             0x08003b48   Number         4  heap_4.o(.text.prvInsertBlockIntoFreeList)
    prvResetNextTaskUnblockTime              0x08003b4d   Thumb Code    56  tasks.o(.text.prvResetNextTaskUnblockTime)
    [Anonymous Symbol]                       0x08003b4c   Section        0  tasks.o(.text.prvResetNextTaskUnblockTime)
    __arm_cp.5_0                             0x08003b7c   Number         4  tasks.o(.text.prvResetNextTaskUnblockTime)
    __arm_cp.5_1                             0x08003b80   Number         4  tasks.o(.text.prvResetNextTaskUnblockTime)
    prvTaskExitError                         0x08003b85   Thumb Code    24  port.o(.text.prvTaskExitError)
    [Anonymous Symbol]                       0x08003b84   Section        0  port.o(.text.prvTaskExitError)
    [Anonymous Symbol]                       0x08003b9c   Section        0  heap_4.o(.text.pvPortMalloc)
    __arm_cp.0_0                             0x08003d10   Number         4  heap_4.o(.text.pvPortMalloc)
    __arm_cp.0_3                             0x08003d14   Number         4  heap_4.o(.text.pvPortMalloc)
    __arm_cp.0_4                             0x08003d18   Number         4  heap_4.o(.text.pvPortMalloc)
    __arm_cp.0_5                             0x08003d1c   Number         4  heap_4.o(.text.pvPortMalloc)
    [Anonymous Symbol]                       0x08003d20   Section        0  port.o(.text.pxPortInitialiseStack)
    __arm_cp.0_0                             0x08003d74   Number         4  port.o(.text.pxPortInitialiseStack)
    [Anonymous Symbol]                       0x08003d78   Section        0  port.o(.text.ulSetInterruptMaskFromISR)
    [Anonymous Symbol]                       0x08003d80   Section        0  list.o(.text.uxListRemove)
    [Anonymous Symbol]                       0x08003dcc   Section        0  taskmanager.o(.text.vApplicationMallocFailedHook)
    [Anonymous Symbol]                       0x08003dd2   Section        0  taskmanager.o(.text.vApplicationStackOverflowHook)
    [Anonymous Symbol]                       0x08003de8   Section        0  taskmanager.o(.text.vApplicationTickHook)
    __arm_cp.3_0                             0x08003df4   Number         4  taskmanager.o(.text.vApplicationTickHook)
    [Anonymous Symbol]                       0x08003df8   Section        0  port.o(.text.vClearInterruptMaskFromISR)
    [Anonymous Symbol]                       0x08003dfe   Section        0  list.o(.text.vListInitialise)
    [Anonymous Symbol]                       0x08003e2e   Section        0  list.o(.text.vListInitialiseItem)
    [Anonymous Symbol]                       0x08003e40   Section        0  list.o(.text.vListInsert)
    [Anonymous Symbol]                       0x08003eb4   Section        0  list.o(.text.vListInsertEnd)
    [Anonymous Symbol]                       0x08003ef8   Section        0  port.o(.text.vPortEnterCritical)
    [Anonymous Symbol]                       0x08003f0c   Section        0  port.o(.text.vPortExitCritical)
    [Anonymous Symbol]                       0x08003f24   Section        0  heap_4.o(.text.vPortFree)
    __arm_cp.3_0                             0x08003f9c   Number         4  heap_4.o(.text.vPortFree)
    __arm_cp.3_1                             0x08003fa0   Number         4  heap_4.o(.text.vPortFree)
    __arm_cp.3_2                             0x08003fa4   Number         4  heap_4.o(.text.vPortFree)
    [Anonymous Symbol]                       0x08003fa8   Section        0  port.o(.text.vPortSetupTimerInterrupt)
    __arm_cp.4_0                             0x08003fd8   Number         4  port.o(.text.vPortSetupTimerInterrupt)
    __arm_cp.4_1                             0x08003fdc   Number         4  port.o(.text.vPortSetupTimerInterrupt)
    __arm_cp.4_2                             0x08003fe0   Number         4  port.o(.text.vPortSetupTimerInterrupt)
    __arm_cp.4_3                             0x08003fe4   Number         4  port.o(.text.vPortSetupTimerInterrupt)
    vPortStartFirstTask                      0x08003ff1   Thumb Code    52  port.o(.text.vPortStartFirstTask)
    [Anonymous Symbol]                       0x08003ff0   Section        0  port.o(.text.vPortStartFirstTask)
    pxCurrentTCBConst2                       0x08004020   Number         0  port.o(.text.vPortStartFirstTask)
    [Anonymous Symbol]                       0x08004024   Section        0  port.o(.text.vPortYield)
    __arm_cp.7_0                             0x08004038   Number         4  port.o(.text.vPortYield)
    [Anonymous Symbol]                       0x0800403c   Section        0  tasks.o(.text.vTaskDelay)
    [Anonymous Symbol]                       0x0800407c   Section        0  tasks.o(.text.vTaskDelete)
    __arm_cp.3_1                             0x08004134   Number         4  tasks.o(.text.vTaskDelete)
    __arm_cp.3_2                             0x08004138   Number         4  tasks.o(.text.vTaskDelete)
    __arm_cp.3_3                             0x0800413c   Number         4  tasks.o(.text.vTaskDelete)
    __arm_cp.3_4                             0x08004140   Number         4  tasks.o(.text.vTaskDelete)
    [Anonymous Symbol]                       0x08004144   Section        0  tasks.o(.text.vTaskStartScheduler)
    __arm_cp.14_0                            0x0800419c   Number         4  tasks.o(.text.vTaskStartScheduler)
    __arm_cp.14_1                            0x080041a0   Number         4  tasks.o(.text.vTaskStartScheduler)
    __arm_cp.14_2                            0x080041a4   Number         4  tasks.o(.text.vTaskStartScheduler)
    __arm_cp.14_4                            0x080041a8   Number         4  tasks.o(.text.vTaskStartScheduler)
    [Anonymous Symbol]                       0x080041ac   Section        0  tasks.o(.text.vTaskSuspendAll)
    [Anonymous Symbol]                       0x080041b8   Section        0  tasks.o(.text.vTaskSwitchContext)
    __arm_cp.25_2                            0x08004284   Number         4  tasks.o(.text.vTaskSwitchContext)
    __arm_cp.25_3                            0x08004288   Number         4  tasks.o(.text.vTaskSwitchContext)
    [Anonymous Symbol]                       0x0800428c   Section        0  port.o(.text.xPortStartScheduler)
    __arm_cp.3_0                             0x080042c4   Number         4  port.o(.text.xPortStartScheduler)
    __arm_cp.3_1                             0x080042c8   Number         4  port.o(.text.xPortStartScheduler)
    [Anonymous Symbol]                       0x080042cc   Section        0  tasks.o(.text.xTaskCreate)
    [Anonymous Symbol]                       0x08004378   Section        0  tasks.o(.text.xTaskIncrementTick)
    __arm_cp.17_0                            0x080044cc   Number         4  tasks.o(.text.xTaskIncrementTick)
    __arm_cp.17_2                            0x080044d0   Number         4  tasks.o(.text.xTaskIncrementTick)
    __arm_cp.17_3                            0x080044d4   Number         4  tasks.o(.text.xTaskIncrementTick)
    __arm_cp.17_4                            0x080044d8   Number         4  tasks.o(.text.xTaskIncrementTick)
    __arm_cp.17_5                            0x080044dc   Number         4  tasks.o(.text.xTaskIncrementTick)
    __arm_cp.17_6                            0x080044e0   Number         4  tasks.o(.text.xTaskIncrementTick)
    __arm_cp.17_7                            0x080044e4   Number         4  tasks.o(.text.xTaskIncrementTick)
    __arm_cp.17_8                            0x080044e8   Number         4  tasks.o(.text.xTaskIncrementTick)
    __arm_cp.17_9                            0x080044ec   Number         4  tasks.o(.text.xTaskIncrementTick)
    __arm_cp.17_10                           0x080044f0   Number         4  tasks.o(.text.xTaskIncrementTick)
    [Anonymous Symbol]                       0x080044f4   Section        0  tasks.o(.text.xTaskResumeAll)
    __arm_cp.9_0                             0x08004604   Number         4  tasks.o(.text.xTaskResumeAll)
    __arm_cp.9_1                             0x08004608   Number         4  tasks.o(.text.xTaskResumeAll)
    __arm_cp.9_2                             0x0800460c   Number         4  tasks.o(.text.xTaskResumeAll)
    __arm_cp.9_3                             0x08004610   Number         4  tasks.o(.text.xTaskResumeAll)
    __arm_cp.9_4                             0x08004614   Number         4  tasks.o(.text.xTaskResumeAll)
    __arm_cp.9_5                             0x08004618   Number         4  tasks.o(.text.xTaskResumeAll)
    __arm_cp.9_6                             0x0800461c   Number         4  tasks.o(.text.xTaskResumeAll)
    __arm_cp.9_7                             0x08004620   Number         4  tasks.o(.text.xTaskResumeAll)
    i.__ARM_clz                              0x08004624   Section        0  depilogue.o(i.__ARM_clz)
    i.__scatterload_copy                     0x08004652   Section       14  handlers.o(i.__scatterload_copy)
    i.__scatterload_null                     0x08004660   Section        2  handlers.o(i.__scatterload_null)
    i.__scatterload_zeroinit                 0x08004662   Section       14  handlers.o(i.__scatterload_zeroinit)
    set_pwm_duty                             0x08004b70   Data          12  dev_pwm.o(.rodata.set_pwm_duty)
    [Anonymous Symbol]                       0x08004b70   Section        0  dev_pwm.o(.rodata.set_pwm_duty)
    .L.str                                   0x08004b7c   Data           5  tasks.o(.rodata.str1.1)
    [Anonymous Symbol]                       0x08004b7c   Section        0  tasks.o(.rodata.str1.1)
    .L.str                                   0x08004b81   Data          12  app.o(.rodata.str1.1)
    [Anonymous Symbol]                       0x08004b81   Section        0  app.o(.rodata.str1.1)
    .L.str.1                                 0x08004b8d   Data          14  app.o(.rodata.str1.1)
    .L.str.2                                 0x08004b9b   Data          11  app.o(.rodata.str1.1)
    .L.str.3                                 0x08004ba6   Data          10  app.o(.rodata.str1.1)
    LED_MainFunc.ledflg                      0x20000000   Data           1  app.o(.data.LED_MainFunc.ledflg)
    [Anonymous Symbol]                       0x20000000   Section        0  app.o(.data.LED_MainFunc.ledflg)
    TIM17_IRQHandler.Key2_Sta                0x20000080   Data           1  ft32f0xx_it.o(.data.TIM17_IRQHandler.Key2_Sta)
    [Anonymous Symbol]                       0x20000080   Section        0  ft32f0xx_it.o(.data.TIM17_IRQHandler.Key2_Sta)
    dev_gpio_handle                          0x20000084   Data         104  dev_gpio.o(.data.dev_gpio_handle)
    [Anonymous Symbol]                       0x20000084   Section        0  dev_gpio.o(.data.dev_gpio_handle)
    uxCriticalNesting                        0x200000f0   Data           4  port.o(.data.uxCriticalNesting)
    [Anonymous Symbol]                       0x200000f0   Section        0  port.o(.data.uxCriticalNesting)
    ADC_MainFunc.SampleCount                 0x200000f8   Data           1  dev_adc.o(.bss.ADC_MainFunc.SampleCount)
    [Anonymous Symbol]                       0x200000f8   Section        0  dev_adc.o(.bss.ADC_MainFunc.SampleCount)
    ADC_MainFunc.Temp_R                      0x200000fc   Data           4  dev_adc.o(.bss.ADC_MainFunc.Temp_R)
    [Anonymous Symbol]                       0x200000fc   Section        0  dev_adc.o(.bss.ADC_MainFunc.Temp_R)
    ADC_MainFunc.Temp_T                      0x20000100   Data           4  dev_adc.o(.bss.ADC_MainFunc.Temp_T)
    [Anonymous Symbol]                       0x20000100   Section        0  dev_adc.o(.bss.ADC_MainFunc.Temp_T)
    ADC_MainFunc.Temp_V                      0x20000104   Data           4  dev_adc.o(.bss.ADC_MainFunc.Temp_V)
    [Anonymous Symbol]                       0x20000104   Section        0  dev_adc.o(.bss.ADC_MainFunc.Temp_V)
    ADC_MainFunc.Vol                         0x20000108   Data           4  dev_adc.o(.bss.ADC_MainFunc.Vol)
    [Anonymous Symbol]                       0x20000108   Section        0  dev_adc.o(.bss.ADC_MainFunc.Vol)
    Beep_MainFunc.BeepCount                  0x20000110   Data           1  app.o(.bss.Beep_MainFunc.BeepCount)
    [Anonymous Symbol]                       0x20000110   Section        0  app.o(.bss.Beep_MainFunc.BeepCount)
    Beep_MainFunc.BeepSta                    0x20000111   Data           1  app.o(.bss.Beep_MainFunc.BeepSta)
    [Anonymous Symbol]                       0x20000111   Section        0  app.o(.bss.Beep_MainFunc.BeepSta)
    Beep_MainFunc.Beep_SatrtFlg_old          0x20000112   Data           1  app.o(.bss.Beep_MainFunc.Beep_SatrtFlg_old)
    [Anonymous Symbol]                       0x20000112   Section        0  app.o(.bss.Beep_MainFunc.Beep_SatrtFlg_old)
    Beep_MainFunc.Count                      0x20000113   Data           1  app.o(.bss.Beep_MainFunc.Count)
    [Anonymous Symbol]                       0x20000113   Section        0  app.o(.bss.Beep_MainFunc.Count)
    Beep_MinorFunc.BeepCount                 0x20000114   Data           1  app.o(.bss.Beep_MinorFunc.BeepCount)
    [Anonymous Symbol]                       0x20000114   Section        0  app.o(.bss.Beep_MinorFunc.BeepCount)
    Beep_MinorFunc.BeepSta                   0x20000115   Data           1  app.o(.bss.Beep_MinorFunc.BeepSta)
    [Anonymous Symbol]                       0x20000115   Section        0  app.o(.bss.Beep_MinorFunc.BeepSta)
    Beep_MinorFunc.Beep_SatrtFlg_old         0x20000116   Data           1  app.o(.bss.Beep_MinorFunc.Beep_SatrtFlg_old)
    [Anonymous Symbol]                       0x20000116   Section        0  app.o(.bss.Beep_MinorFunc.Beep_SatrtFlg_old)
    Low_Battery_Flg                          0x20000133   Data           1  app.o(.bss.Low_Battery_Flg)
    [Anonymous Symbol]                       0x20000133   Section        0  app.o(.bss.Low_Battery_Flg)
    Low_Battery_old_Flg                      0x20000134   Data           1  app.o(.bss.Low_Battery_old_Flg)
    [Anonymous Symbol]                       0x20000134   Section        0  app.o(.bss.Low_Battery_old_Flg)
    StandyDete.StandyCount                   0x200001d8   Data           4  app.o(.bss.StandyDete.StandyCount)
    [Anonymous Symbol]                       0x200001d8   Section        0  app.o(.bss.StandyDete.StandyCount)
    TIM14_IRQHandler.ChargeCount             0x200001dc   Data           2  ft32f0xx_it.o(.bss.TIM14_IRQHandler.ChargeCount)
    [Anonymous Symbol]                       0x200001dc   Section        0  ft32f0xx_it.o(.bss.TIM14_IRQHandler.ChargeCount)
    TIM17_IRQHandler.Key1_Sta                0x200001de   Data           1  ft32f0xx_it.o(.bss.TIM17_IRQHandler.Key1_Sta)
    [Anonymous Symbol]                       0x200001de   Section        0  ft32f0xx_it.o(.bss.TIM17_IRQHandler.Key1_Sta)
    TIM17_IRQHandler.SetFlg                  0x200001df   Data           1  ft32f0xx_it.o(.bss.TIM17_IRQHandler.SetFlg)
    [Anonymous Symbol]                       0x200001df   Section        0  ft32f0xx_it.o(.bss.TIM17_IRQHandler.SetFlg)
    WorkTime                                 0x200001ec   Data           4  ft32f0xx_it.o(.bss.WorkTime)
    [Anonymous Symbol]                       0x200001ec   Section        0  ft32f0xx_it.o(.bss.WorkTime)
    pInitTaskHandle                          0x200001f0   Data           4  app.o(.bss.pInitTaskHandle)
    [Anonymous Symbol]                       0x200001f0   Section        0  app.o(.bss.pInitTaskHandle)
    pxDelayedTaskList                        0x200001f8   Data           4  tasks.o(.bss.pxDelayedTaskList)
    [Anonymous Symbol]                       0x200001f8   Section        0  tasks.o(.bss.pxDelayedTaskList)
    pxEnd                                    0x200001fc   Data           4  heap_4.o(.bss.pxEnd)
    [Anonymous Symbol]                       0x200001fc   Section        0  heap_4.o(.bss.pxEnd)
    pxOverflowDelayedTaskList                0x20000200   Data           4  tasks.o(.bss.pxOverflowDelayedTaskList)
    [Anonymous Symbol]                       0x20000200   Section        0  tasks.o(.bss.pxOverflowDelayedTaskList)
    pxReadyTasksLists                        0x20000204   Data         100  tasks.o(.bss.pxReadyTasksLists)
    [Anonymous Symbol]                       0x20000204   Section        0  tasks.o(.bss.pxReadyTasksLists)
    ucHeap                                   0x20000268   Data        3072  heap_4.o(.bss.ucHeap)
    [Anonymous Symbol]                       0x20000268   Section        0  heap_4.o(.bss.ucHeap)
    ulSystemTimeTickCount                    0x20000e68   Data           4  taskmanager.o(.bss.ulSystemTimeTickCount)
    [Anonymous Symbol]                       0x20000e68   Section        0  taskmanager.o(.bss.ulSystemTimeTickCount)
    uxCurrentNumberOfTasks                   0x20000e6c   Data           4  tasks.o(.bss.uxCurrentNumberOfTasks)
    [Anonymous Symbol]                       0x20000e6c   Section        0  tasks.o(.bss.uxCurrentNumberOfTasks)
    uxDeletedTasksWaitingCleanUp             0x20000e70   Data           4  tasks.o(.bss.uxDeletedTasksWaitingCleanUp)
    [Anonymous Symbol]                       0x20000e70   Section        0  tasks.o(.bss.uxDeletedTasksWaitingCleanUp)
    uxSchedulerSuspended                     0x20000e74   Data           4  tasks.o(.bss.uxSchedulerSuspended)
    [Anonymous Symbol]                       0x20000e74   Section        0  tasks.o(.bss.uxSchedulerSuspended)
    uxTaskNumber                             0x20000e78   Data           4  tasks.o(.bss.uxTaskNumber)
    [Anonymous Symbol]                       0x20000e78   Section        0  tasks.o(.bss.uxTaskNumber)
    uxTopReadyPriority                       0x20000e7c   Data           4  tasks.o(.bss.uxTopReadyPriority)
    [Anonymous Symbol]                       0x20000e7c   Section        0  tasks.o(.bss.uxTopReadyPriority)
    xBlockAllocatedBit                       0x20000e80   Data           4  heap_4.o(.bss.xBlockAllocatedBit)
    [Anonymous Symbol]                       0x20000e80   Section        0  heap_4.o(.bss.xBlockAllocatedBit)
    xDelayedTaskList1                        0x20000e84   Data          20  tasks.o(.bss.xDelayedTaskList1)
    [Anonymous Symbol]                       0x20000e84   Section        0  tasks.o(.bss.xDelayedTaskList1)
    xDelayedTaskList2                        0x20000e98   Data          20  tasks.o(.bss.xDelayedTaskList2)
    [Anonymous Symbol]                       0x20000e98   Section        0  tasks.o(.bss.xDelayedTaskList2)
    xFreeBytesRemaining                      0x20000eac   Data           4  heap_4.o(.bss.xFreeBytesRemaining)
    [Anonymous Symbol]                       0x20000eac   Section        0  heap_4.o(.bss.xFreeBytesRemaining)
    xIdleTaskHandle                          0x20000eb0   Data           4  tasks.o(.bss.xIdleTaskHandle)
    [Anonymous Symbol]                       0x20000eb0   Section        0  tasks.o(.bss.xIdleTaskHandle)
    xMinimumEverFreeBytesRemaining           0x20000eb4   Data           4  heap_4.o(.bss.xMinimumEverFreeBytesRemaining)
    [Anonymous Symbol]                       0x20000eb4   Section        0  heap_4.o(.bss.xMinimumEverFreeBytesRemaining)
    xNextTaskUnblockTime                     0x20000eb8   Data           4  tasks.o(.bss.xNextTaskUnblockTime)
    [Anonymous Symbol]                       0x20000eb8   Section        0  tasks.o(.bss.xNextTaskUnblockTime)
    xNumOfOverflows                          0x20000ebc   Data           4  tasks.o(.bss.xNumOfOverflows)
    [Anonymous Symbol]                       0x20000ebc   Section        0  tasks.o(.bss.xNumOfOverflows)
    xNumberOfSuccessfulAllocations           0x20000ec0   Data           4  heap_4.o(.bss.xNumberOfSuccessfulAllocations)
    [Anonymous Symbol]                       0x20000ec0   Section        0  heap_4.o(.bss.xNumberOfSuccessfulAllocations)
    xNumberOfSuccessfulFrees                 0x20000ec4   Data           4  heap_4.o(.bss.xNumberOfSuccessfulFrees)
    [Anonymous Symbol]                       0x20000ec4   Section        0  heap_4.o(.bss.xNumberOfSuccessfulFrees)
    xPendedTicks                             0x20000ec8   Data           4  tasks.o(.bss.xPendedTicks)
    [Anonymous Symbol]                       0x20000ec8   Section        0  tasks.o(.bss.xPendedTicks)
    xPendingReadyList                        0x20000ecc   Data          20  tasks.o(.bss.xPendingReadyList)
    [Anonymous Symbol]                       0x20000ecc   Section        0  tasks.o(.bss.xPendingReadyList)
    xSchedulerRunning                        0x20000ee0   Data           4  tasks.o(.bss.xSchedulerRunning)
    [Anonymous Symbol]                       0x20000ee0   Section        0  tasks.o(.bss.xSchedulerRunning)
    xStart                                   0x20000ee4   Data           8  heap_4.o(.bss.xStart)
    [Anonymous Symbol]                       0x20000ee4   Section        0  heap_4.o(.bss.xStart)
    xTasksWaitingTermination                 0x20000eec   Data          20  tasks.o(.bss.xTasksWaitingTermination)
    [Anonymous Symbol]                       0x20000eec   Section        0  tasks.o(.bss.xTasksWaitingTermination)
    xTickCount                               0x20000f00   Data           4  tasks.o(.bss.xTickCount)
    [Anonymous Symbol]                       0x20000f00   Section        0  tasks.o(.bss.xTickCount)
    xYieldPending                            0x20000f04   Data           4  tasks.o(.bss.xYieldPending)
    [Anonymous Symbol]                       0x20000f04   Section        0  tasks.o(.bss.xYieldPending)
    STACK                                    0x20000f08   Section     1024  startup_ft32f030x8.o(STACK)

    Global Symbols

    Symbol Name                              Value     Ov Type        Size  Object(Section)

    BuildAttributes$$THM_ISAv3M$S$PE$A:L22$X:L11$S22$IEEE1$IW$~IW$USESV6$~STKCKD$USESV7$~SHL$OTIME$ROPI$EBA8$MICROLIB$REQ8$PRES8$EABIv2 0x00000000   Number         0  anon$$obj.o ABSOLUTE
    __cpp_initialize__aeabi_                  - Undefined Weak Reference
    __cxa_finalize                            - Undefined Weak Reference
    __decompress                              - Undefined Weak Reference
    _clock_init                               - Undefined Weak Reference
    _microlib_exit                            - Undefined Weak Reference
    __Vectors_Size                           0x000000c0   Number         0  startup_ft32f030x8.o ABSOLUTE
    __Vectors                                0x08000000   Data           4  startup_ft32f030x8.o(RESET)
    __Vectors_End                            0x080000c0   Data           0  startup_ft32f030x8.o(RESET)
    __main                                   0x080000c1   Thumb Code     0  entry.o(.ARM.Collect$$$$00000000)
    _main_stk                                0x080000c1   Thumb Code     0  entry2.o(.ARM.Collect$$$$00000001)
    _main_scatterload                        0x080000c5   Thumb Code     0  entry5.o(.ARM.Collect$$$$00000004)
    __main_after_scatterload                 0x080000c9   Thumb Code     0  entry5.o(.ARM.Collect$$$$00000004)
    _main_clock                              0x080000c9   Thumb Code     0  entry7b.o(.ARM.Collect$$$$00000008)
    _main_cpp_init                           0x080000c9   Thumb Code     0  entry8b.o(.ARM.Collect$$$$0000000A)
    _main_init                               0x080000c9   Thumb Code     0  entry9a.o(.ARM.Collect$$$$0000000B)
    __rt_final_cpp                           0x080000d1   Thumb Code     0  entry10a.o(.ARM.Collect$$$$0000000D)
    __rt_final_exit                          0x080000d1   Thumb Code     0  entry11a.o(.ARM.Collect$$$$0000000F)
    Reset_Handler                            0x080000d5   Thumb Code    38  startup_ft32f030x8.o(.text)
    ADC1_IRQHandler                          0x08000105   Thumb Code     0  startup_ft32f030x8.o(.text)
    DMA1_Channel1_IRQHandler                 0x08000105   Thumb Code     0  startup_ft32f030x8.o(.text)
    DMA1_Channel2_3_IRQHandler               0x08000105   Thumb Code     0  startup_ft32f030x8.o(.text)
    DMA1_Channel4_5_IRQHandler               0x08000105   Thumb Code     0  startup_ft32f030x8.o(.text)
    EXTI0_1_IRQHandler                       0x08000105   Thumb Code     0  startup_ft32f030x8.o(.text)
    EXTI2_3_IRQHandler                       0x08000105   Thumb Code     0  startup_ft32f030x8.o(.text)
    FLASH_IRQHandler                         0x08000105   Thumb Code     0  startup_ft32f030x8.o(.text)
    I2C1_IRQHandler                          0x08000105   Thumb Code     0  startup_ft32f030x8.o(.text)
    I2C2_IRQHandler                          0x08000105   Thumb Code     0  startup_ft32f030x8.o(.text)
    PVD_VDDIO_IRQHandler                     0x08000105   Thumb Code     0  startup_ft32f030x8.o(.text)
    RCC_IRQHandler                           0x08000105   Thumb Code     0  startup_ft32f030x8.o(.text)
    RTC_IRQHandler                           0x08000105   Thumb Code     0  startup_ft32f030x8.o(.text)
    SPI1_IRQHandler                          0x08000105   Thumb Code     0  startup_ft32f030x8.o(.text)
    SPI2_IRQHandler                          0x08000105   Thumb Code     0  startup_ft32f030x8.o(.text)
    TIM15_IRQHandler                         0x08000105   Thumb Code     0  startup_ft32f030x8.o(.text)
    TIM16_IRQHandler                         0x08000105   Thumb Code     0  startup_ft32f030x8.o(.text)
    TIM1_BRK_UP_TRG_COM_IRQHandler           0x08000105   Thumb Code     0  startup_ft32f030x8.o(.text)
    TIM1_CC_IRQHandler                       0x08000105   Thumb Code     0  startup_ft32f030x8.o(.text)
    TIM3_IRQHandler                          0x08000105   Thumb Code     0  startup_ft32f030x8.o(.text)
    TIM6_IRQHandler                          0x08000105   Thumb Code     0  startup_ft32f030x8.o(.text)
    USART1_IRQHandler                        0x08000105   Thumb Code     0  startup_ft32f030x8.o(.text)
    USART2_IRQHandler                        0x08000105   Thumb Code     0  startup_ft32f030x8.o(.text)
    USB_IRQHandler                           0x08000105   Thumb Code     0  startup_ft32f030x8.o(.text)
    WWDG_IRQHandler                          0x08000105   Thumb Code     0  startup_ft32f030x8.o(.text)
    __aeabi_uidiv                            0x0800012d   Thumb Code     0  uidiv.o(.text)
    __aeabi_uidivmod                         0x0800012d   Thumb Code    44  uidiv.o(.text)
    __aeabi_memset                           0x08000159   Thumb Code    14  memseta.o(.text)
    __aeabi_memset4                          0x08000159   Thumb Code     0  memseta.o(.text)
    __aeabi_memset8                          0x08000159   Thumb Code     0  memseta.o(.text)
    __aeabi_memclr                           0x08000167   Thumb Code     4  memseta.o(.text)
    __aeabi_memclr4                          0x08000167   Thumb Code     0  memseta.o(.text)
    __aeabi_memclr8                          0x08000167   Thumb Code     0  memseta.o(.text)
    _memset$wrapper                          0x0800016b   Thumb Code    18  memseta.o(.text)
    __aeabi_fadd                             0x0800017d   Thumb Code   162  fadd.o(.text)
    __aeabi_fsub                             0x0800021f   Thumb Code     8  fadd.o(.text)
    __aeabi_frsub                            0x08000227   Thumb Code     8  fadd.o(.text)
    __aeabi_fmul                             0x0800022f   Thumb Code   122  fmul.o(.text)
    __aeabi_fdiv                             0x080002a9   Thumb Code   124  fdiv.o(.text)
    __aeabi_dadd                             0x08000325   Thumb Code   328  dadd.o(.text)
    __aeabi_dsub                             0x0800046d   Thumb Code    12  dadd.o(.text)
    __aeabi_drsub                            0x08000479   Thumb Code    12  dadd.o(.text)
    __aeabi_dmul                             0x08000489   Thumb Code   202  dmul.o(.text)
    __aeabi_ddiv                             0x08000559   Thumb Code   234  ddiv.o(.text)
    __aeabi_fcmple                           0x08000649   Thumb Code    28  fcmple.o(.text)
    __aeabi_fcmplt                           0x08000665   Thumb Code    28  fcmplt.o(.text)
    __aeabi_fcmpge                           0x08000681   Thumb Code    28  fcmpge.o(.text)
    __aeabi_fcmpgt                           0x0800069d   Thumb Code    28  fcmpgt.o(.text)
    __aeabi_i2f                              0x080006b9   Thumb Code    22  fflti.o(.text)
    __aeabi_i2d                              0x080006d1   Thumb Code    34  dflti.o(.text)
    __aeabi_ui2d                             0x080006f9   Thumb Code    24  dfltui.o(.text)
    __aeabi_d2iz                             0x08000715   Thumb Code    62  dfixi.o(.text)
    __aeabi_d2uiz                            0x0800075d   Thumb Code    50  dfixui.o(.text)
    __aeabi_f2d                              0x08000799   Thumb Code    40  f2d.o(.text)
    __aeabi_d2f                              0x080007c1   Thumb Code    56  d2f.o(.text)
    __aeabi_llsl                             0x080007f9   Thumb Code    32  llshl.o(.text)
    _ll_shift_l                              0x080007f9   Thumb Code     0  llshl.o(.text)
    __aeabi_llsr                             0x08000819   Thumb Code    34  llushr.o(.text)
    _ll_ushift_r                             0x08000819   Thumb Code     0  llushr.o(.text)
    __aeabi_lasr                             0x0800083b   Thumb Code    38  llsshr.o(.text)
    _ll_sshift_r                             0x0800083b   Thumb Code     0  llsshr.o(.text)
    __I$use$fp                               0x08000861   Thumb Code     0  iusefp.o(.text)
    _float_round                             0x08000861   Thumb Code    16  fepilogue.o(.text)
    _float_epilogue                          0x08000871   Thumb Code   114  fepilogue.o(.text)
    _double_round                            0x080008e3   Thumb Code    26  depilogue.o(.text)
    _double_epilogue                         0x080008fd   Thumb Code   164  depilogue.o(.text)
    __scatterload                            0x080009a1   Thumb Code    28  init.o(.text)
    __scatterload_rt2                        0x080009a1   Thumb Code     0  init.o(.text)
    AD9833_InitIo                            0x08000a09   Thumb Code    50  dev_ad9877.o(.text.AD9833_InitIo)
    AD9833_SetPara                           0x08000c85   Thumb Code   180  dev_ad9877.o(.text.AD9833_SetPara)
    ADC_ChannelConfig                        0x08000e27   Thumb Code    62  ft32f0xx_adc.o(.text.ADC_ChannelConfig)
    ADC_Cmd                                  0x08000e65   Thumb Code    52  ft32f0xx_adc.o(.text.ADC_Cmd)
    ADC_DMACmd                               0x08000e99   Thumb Code    52  ft32f0xx_adc.o(.text.ADC_DMACmd)
    ADC_DMARequestModeConfig                 0x08000ecd   Thumb Code    40  ft32f0xx_adc.o(.text.ADC_DMARequestModeConfig)
    ADC_DeInit                               0x08001005   Thumb Code    56  ft32f0xx_adc.o(.text.ADC_DeInit)
    ADC_GetCalibrationFactor                 0x0800103d   Thumb Code   130  ft32f0xx_adc.o(.text.ADC_GetCalibrationFactor)
    ADC_GetFlagStatus                        0x080010bf   Thumb Code    90  ft32f0xx_adc.o(.text.ADC_GetFlagStatus)
    ADC_Init                                 0x08001119   Thumb Code    80  ft32f0xx_adc.o(.text.ADC_Init)
    ADC_MainFunc                             0x08001169   Thumb Code   416  dev_adc.o(.text.ADC_MainFunc)
    ADC_StartOfConversion                    0x08001309   Thumb Code    22  ft32f0xx_adc.o(.text.ADC_StartOfConversion)
    ADC_StructInit                           0x0800131f   Thumb Code    38  ft32f0xx_adc.o(.text.ADC_StructInit)
    APP_Start                                0x08001345   Thumb Code    44  app.o(.text.APP_Start)
    Beep_MainFunc                            0x08001371   Thumb Code   348  app.o(.text.Beep_MainFunc)
    DMA_ClearFlag                            0x08001575   Thumb Code    40  ft32f0xx_dma.o(.text.DMA_ClearFlag)
    DMA_Cmd                                  0x08001599   Thumb Code    56  ft32f0xx_dma.o(.text.DMA_Cmd)
    DMA_DeInit                               0x080015cd   Thumb Code   192  ft32f0xx_dma.o(.text.DMA_DeInit)
    DMA_GetFlagStatus                        0x0800168d   Thumb Code    76  ft32f0xx_dma.o(.text.DMA_GetFlagStatus)
    DMA_Init                                 0x080016d9   Thumb Code   112  ft32f0xx_dma.o(.text.DMA_Init)
    DevGpio_ReadInPut                        0x08001749   Thumb Code    60  dev_gpio.o(.text.DevGpio_ReadInPut)
    DevGpio_SetOutPut                        0x08001781   Thumb Code    72  dev_gpio.o(.text.DevGpio_SetOutPut)
    Devpwm_SetDuty                           0x080017c9   Thumb Code    40  dev_pwm.o(.text.Devpwm_SetDuty)
    EXTI4_15_IRQHandler                      0x080017f1   Thumb Code   100  ft32f0xx_it.o(.text.EXTI4_15_IRQHandler)
    EXTI_ClearITPendingBit                   0x08001855   Thumb Code    24  ft32f0xx_exti.o(.text.EXTI_ClearITPendingBit)
    EXTI_GetITStatus                         0x08001869   Thumb Code    56  ft32f0xx_exti.o(.text.EXTI_GetITStatus)
    EXTI_Init                                0x080018a1   Thumb Code   208  ft32f0xx_exti.o(.text.EXTI_Init)
    FLASH_ErasePage                          0x08001971   Thumb Code   128  ft32f0xx_flash.o(.text.FLASH_ErasePage)
    FLASH_GetStatus                          0x080019ed   Thumb Code    92  ft32f0xx_flash.o(.text.FLASH_GetStatus)
    FLASH_Lock                               0x08001a49   Thumb Code    16  ft32f0xx_flash.o(.text.FLASH_Lock)
    FLASH_PrefetchBufferCmd                  0x08001a55   Thumb Code    52  ft32f0xx_flash.o(.text.FLASH_PrefetchBufferCmd)
    FLASH_ProgramWord                        0x08001a89   Thumb Code   124  ft32f0xx_flash.o(.text.FLASH_ProgramWord)
    FLASH_Unlock                             0x08001b01   Thumb Code    44  ft32f0xx_flash.o(.text.FLASH_Unlock)
    FLASH_WaitForLastOperation               0x08001b2d   Thumb Code   114  ft32f0xx_flash.o(.text.FLASH_WaitForLastOperation)
    Flash_Read                               0x08001cf1   Thumb Code   106  dev_flash.o(.text.Flash_Read)
    Flash_Write                              0x08001d5b   Thumb Code   192  dev_flash.o(.text.Flash_Write)
    GPIO_DeInit                              0x08001e1d   Thumb Code   232  ft32f0xx_gpio.o(.text.GPIO_DeInit)
    GPIO_Init                                0x08001f05   Thumb Code   236  ft32f0xx_gpio.o(.text.GPIO_Init)
    GPIO_PinAFConfig                         0x08001ff1   Thumb Code   112  ft32f0xx_gpio.o(.text.GPIO_PinAFConfig)
    GPIO_ReadInputDataBit                    0x08002061   Thumb Code    62  ft32f0xx_gpio.o(.text.GPIO_ReadInputDataBit)
    GPIO_ToggleBit                           0x080020a1   Thumb Code    76  dev_gpio.o(.text.GPIO_ToggleBit)
    GPIO_WriteBit                            0x080020ed   Thumb Code    56  ft32f0xx_gpio.o(.text.GPIO_WriteBit)
    HardFault_Handler                        0x08002125   Thumb Code     4  ft32f0xx_it.o(.text.HardFault_Handler)
    IWDG_Enable                              0x0800216d   Thumb Code    16  ft32f0xx_iwdg.o(.text.IWDG_Enable)
    IWDG_ReloadCounter                       0x08002179   Thumb Code    16  ft32f0xx_iwdg.o(.text.IWDG_ReloadCounter)
    IWDG_SetPrescaler                        0x08002185   Thumb Code    24  ft32f0xx_iwdg.o(.text.IWDG_SetPrescaler)
    IWDG_SetReload                           0x0800219d   Thumb Code    24  ft32f0xx_iwdg.o(.text.IWDG_SetReload)
    IWDG_WriteAccessCmd                      0x080021b5   Thumb Code    24  ft32f0xx_iwdg.o(.text.IWDG_WriteAccessCmd)
    InitTask1                                0x080021cd   Thumb Code   144  app.o(.text.InitTask1)
    LED_Init                                 0x0800225d   Thumb Code    28  app.o(.text.LED_Init)
    LED_MainFunc                             0x08002279   Thumb Code   388  app.o(.text.LED_MainFunc)
    Lipus_MainFunc                           0x080023f1   Thumb Code   164  app.o(.text.Lipus_MainFunc)
    NMI_Handler                              0x080024dd   Thumb Code     2  ft32f0xx_it.o(.text.NMI_Handler)
    NVIC_Init                                0x080024e1   Thumb Code   148  ft32f0xx_misc.o(.text.NVIC_Init)
    PIDController_Init                       0x08002575   Thumb Code    94  dev_pid.o(.text.PIDController_Init)
    PendSV_Handler                           0x080025e1   Thumb Code    68  port.o(.text.PendSV_Handler)
    Power_MainFunc                           0x08002625   Thumb Code   184  app.o(.text.Power_MainFunc)
    RCC_AHBPeriphClockCmd                    0x080026d1   Thumb Code    56  ft32f0xx_rcc.o(.text.RCC_AHBPeriphClockCmd)
    RCC_AHBPeriphResetCmd                    0x08002709   Thumb Code    56  ft32f0xx_rcc.o(.text.RCC_AHBPeriphResetCmd)
    RCC_APB1PeriphClockCmd                   0x08002741   Thumb Code    56  ft32f0xx_rcc.o(.text.RCC_APB1PeriphClockCmd)
    RCC_APB2PeriphClockCmd                   0x08002779   Thumb Code    56  ft32f0xx_rcc.o(.text.RCC_APB2PeriphClockCmd)
    RCC_APB2PeriphResetCmd                   0x080027b1   Thumb Code    56  ft32f0xx_rcc.o(.text.RCC_APB2PeriphResetCmd)
    SVC_Handler                              0x080027e9   Thumb Code     2  port.o(.text.SVC_Handler)
    SYSCFG_EXTILineConfig                    0x080027ed   Thumb Code    84  ft32f0xx_syscfg.o(.text.SYSCFG_EXTILineConfig)
    StandyDete                               0x080029cd   Thumb Code    60  app.o(.text.StandyDete)
    SysTick_Handler                          0x08002a05   Thumb Code    44  port.o(.text.SysTick_Handler)
    SystemInit                               0x08002a31   Thumb Code   124  system_ft32f0xx.o(.text.SystemInit)
    TIM14_IRQHandler                         0x08002aad   Thumb Code   160  ft32f0xx_it.o(.text.TIM14_IRQHandler)
    TIM17_IRQHandler                         0x08002b41   Thumb Code   632  ft32f0xx_it.o(.text.TIM17_IRQHandler)
    TIM_ClearITPendingBit                    0x08002db9   Thumb Code    28  ft32f0xx_tim.o(.text.TIM_ClearITPendingBit)
    TIM_Cmd                                  0x08002dd5   Thumb Code    52  ft32f0xx_tim.o(.text.TIM_Cmd)
    TIM_CtrlPWMOutputs                       0x08002e09   Thumb Code    64  ft32f0xx_tim.o(.text.TIM_CtrlPWMOutputs)
    TIM_GetITStatus                          0x08002e49   Thumb Code    94  ft32f0xx_tim.o(.text.TIM_GetITStatus)
    TIM_ITConfig                             0x08002ea7   Thumb Code    64  ft32f0xx_tim.o(.text.TIM_ITConfig)
    TIM_OC1Init                              0x08002ee9   Thumb Code   284  ft32f0xx_tim.o(.text.TIM_OC1Init)
    TIM_SetCompare1                          0x08002ff5   Thumb Code    24  ft32f0xx_tim.o(.text.TIM_SetCompare1)
    TIM_TimeBaseInit                         0x0800300d   Thumb Code   224  ft32f0xx_tim.o(.text.TIM_TimeBaseInit)
    UltraParam_Init                          0x080033c9   Thumb Code   156  dev_flash.o(.text.UltraParam_Init)
    look1_iflf_binlxpw                       0x08003465   Thumb Code   340  dev_adc.o(.text.look1_iflf_binlxpw)
    main                                     0x080035b9   Thumb Code   160  main.o(.text.main)
    pvPortMalloc                             0x08003b9d   Thumb Code   396  heap_4.o(.text.pvPortMalloc)
    pxPortInitialiseStack                    0x08003d21   Thumb Code    88  port.o(.text.pxPortInitialiseStack)
    ulSetInterruptMaskFromISR                0x08003d79   Thumb Code     8  port.o(.text.ulSetInterruptMaskFromISR)
    uxListRemove                             0x08003d81   Thumb Code    76  list.o(.text.uxListRemove)
    vApplicationMallocFailedHook             0x08003dcd   Thumb Code     6  taskmanager.o(.text.vApplicationMallocFailedHook)
    vApplicationStackOverflowHook            0x08003dd3   Thumb Code    20  taskmanager.o(.text.vApplicationStackOverflowHook)
    vApplicationTickHook                     0x08003de9   Thumb Code    16  taskmanager.o(.text.vApplicationTickHook)
    vClearInterruptMaskFromISR               0x08003df9   Thumb Code     6  port.o(.text.vClearInterruptMaskFromISR)
    vListInitialise                          0x08003dff   Thumb Code    48  list.o(.text.vListInitialise)
    vListInitialiseItem                      0x08003e2f   Thumb Code    18  list.o(.text.vListInitialiseItem)
    vListInsert                              0x08003e41   Thumb Code   116  list.o(.text.vListInsert)
    vListInsertEnd                           0x08003eb5   Thumb Code    66  list.o(.text.vListInsertEnd)
    vPortEnterCritical                       0x08003ef9   Thumb Code    24  port.o(.text.vPortEnterCritical)
    vPortExitCritical                        0x08003f0d   Thumb Code    28  port.o(.text.vPortExitCritical)
    vPortFree                                0x08003f25   Thumb Code   132  heap_4.o(.text.vPortFree)
    vPortSetupTimerInterrupt                 0x08003fa9   Thumb Code    64  port.o(.text.vPortSetupTimerInterrupt)
    vPortYield                               0x08004025   Thumb Code    24  port.o(.text.vPortYield)
    vTaskDelay                               0x0800403d   Thumb Code    64  tasks.o(.text.vTaskDelay)
    vTaskDelete                              0x0800407d   Thumb Code   208  tasks.o(.text.vTaskDelete)
    vTaskStartScheduler                      0x08004145   Thumb Code   112  tasks.o(.text.vTaskStartScheduler)
    vTaskSuspendAll                          0x080041ad   Thumb Code    16  tasks.o(.text.vTaskSuspendAll)
    vTaskSwitchContext                       0x080041b9   Thumb Code   228  tasks.o(.text.vTaskSwitchContext)
    xPortStartScheduler                      0x0800428d   Thumb Code    64  port.o(.text.xPortStartScheduler)
    xTaskCreate                              0x080042cd   Thumb Code   170  tasks.o(.text.xTaskCreate)
    xTaskIncrementTick                       0x08004379   Thumb Code   384  tasks.o(.text.xTaskIncrementTick)
    xTaskResumeAll                           0x080044f5   Thumb Code   304  tasks.o(.text.xTaskResumeAll)
    __ARM_clz                                0x08004625   Thumb Code    46  depilogue.o(i.__ARM_clz)
    __scatterload_copy                       0x08004653   Thumb Code    14  handlers.o(i.__scatterload_copy)
    __scatterload_null                       0x08004661   Thumb Code     2  handlers.o(i.__scatterload_null)
    __scatterload_zeroinit                   0x08004663   Thumb Code    14  handlers.o(i.__scatterload_zeroinit)
    INP_HWTemp1_R                            0x08004670   Data         640  dev_adc.o(.rodata.INP_HWTemp1_R)
    OUT_HWTemp1_T                            0x080048f0   Data         640  dev_adc.o(.rodata.OUT_HWTemp1_T)
    Region$$Table$$Base                      0x08004bb0   Number         0  anon$$obj.o(Region$$Table)
    Region$$Table$$Limit                     0x08004bd0   Number         0  anon$$obj.o(Region$$Table)
    Motor_Level                              0x20000001   Data           1  ft32f0xx_it.o(.data.Motor_Level)
    PowerOff_Flg                             0x20000002   Data           1  main.o(.data.PowerOff_Flg)
    SampleVol_Buff                           0x20000004   Data         120  dev_adc.o(.data.SampleVol_Buff)
    SystemCoreClock                          0x2000007c   Data           4  system_ft32f0xx.o(.data.SystemCoreClock)
    lsi_freq                                 0x200000ec   Data           4  main.o(.data.lsi_freq)
    Battery_vol                              0x2000010c   Data           4  dev_adc.o(.bss.Battery_vol)
    Beep_SatrtFlg                            0x20000117   Data           1  ft32f0xx_it.o(.bss.Beep_SatrtFlg)
    CycleTime                                0x20000118   Data           2  ft32f0xx_it.o(.bss.CycleTime)
    DMA_DualConvertedValue                   0x2000011c   Data           4  main.o(.bss.DMA_DualConvertedValue)
    Data_Store                               0x20000120   Data           4  dev_flash.o(.bss.Data_Store)
    KEY1_Count                               0x20000124   Data           4  ft32f0xx_it.o(.bss.KEY1_Count)
    KEY1_Flg                                 0x20000128   Data           1  ft32f0xx_it.o(.bss.KEY1_Flg)
    KEY2_Count                               0x2000012c   Data           4  ft32f0xx_it.o(.bss.KEY2_Count)
    KEY2_Flg                                 0x20000130   Data           1  ft32f0xx_it.o(.bss.KEY2_Flg)
    Led_GreenFlg                             0x20000131   Data           1  app.o(.bss.Led_GreenFlg)
    Led_RedFlg                               0x20000132   Data           1  app.o(.bss.Led_RedFlg)
    POWER_Count                              0x20000138   Data           4  ft32f0xx_it.o(.bss.POWER_Count)
    Pid_Contronl                             0x2000013c   Data          32  dev_pid.o(.bss.Pid_Contronl)
    PowerOn_Flg                              0x2000015c   Data           1  ft32f0xx_it.o(.bss.PowerOn_Flg)
    SampleTemp_Buff                          0x20000160   Data         120  dev_adc.o(.bss.SampleTemp_Buff)
    UltraModule                              0x200001e0   Data           1  ft32f0xx_it.o(.bss.UltraModule)
    Ultra_Temp                               0x200001e4   Data           4  dev_adc.o(.bss.Ultra_Temp)
    WorkStart_Flg                            0x200001e8   Data           1  ft32f0xx_it.o(.bss.WorkStart_Flg)
    pxCurrentTCB                             0x200001f4   Data           4  tasks.o(.bss.pxCurrentTCB)
    __initial_sp                             0x20001308   Data           0  startup_ft32f030x8.o(STACK)



==============================================================================

Memory Map of the image

  Image Entry point : 0x080000d5

  Load Region LR_1 (Base: 0x08000000, Size: 0x00004cc4, Max: 0xffffffff, ABSOLUTE)

    Execution Region ER_RO (Exec base: 0x08000000, Load base: 0x08000000, Size: 0x00004bd0, Max: 0xffffffff, ABSOLUTE)

    Exec Addr    Load Addr    Size         Type   Attr      Idx    E Section Name        Object

    0x08000000   0x08000000   0x000000c0   Data   RO         1646    RESET               startup_ft32f030x8.o
    0x080000c0   0x080000c0   0x00000000   Code   RO         1671  * .ARM.Collect$$$$00000000  mc_p.l(entry.o)
    0x080000c0   0x080000c0   0x00000004   Code   RO         1716    .ARM.Collect$$$$00000001  mc_p.l(entry2.o)
    0x080000c4   0x080000c4   0x00000004   Code   RO         1719    .ARM.Collect$$$$00000004  mc_p.l(entry5.o)
    0x080000c8   0x080000c8   0x00000000   Code   RO         1721    .ARM.Collect$$$$00000008  mc_p.l(entry7b.o)
    0x080000c8   0x080000c8   0x00000000   Code   RO         1723    .ARM.Collect$$$$0000000A  mc_p.l(entry8b.o)
    0x080000c8   0x080000c8   0x00000008   Code   RO         1724    .ARM.Collect$$$$0000000B  mc_p.l(entry9a.o)
    0x080000d0   0x080000d0   0x00000000   Code   RO         1726    .ARM.Collect$$$$0000000D  mc_p.l(entry10a.o)
    0x080000d0   0x080000d0   0x00000000   Code   RO         1728    .ARM.Collect$$$$0000000F  mc_p.l(entry11a.o)
    0x080000d0   0x080000d0   0x00000004   Code   RO         1717    .ARM.Collect$$$$00002712  mc_p.l(entry2.o)
    0x080000d4   0x080000d4   0x00000058   Code   RO         1647  * .text               startup_ft32f030x8.o
    0x0800012c   0x0800012c   0x0000002c   Code   RO         1674    .text               mc_p.l(uidiv.o)
    0x08000158   0x08000158   0x00000024   Code   RO         1678    .text               mc_p.l(memseta.o)
    0x0800017c   0x0800017c   0x000000b2   Code   RO         1682    .text               mf_p.l(fadd.o)
    0x0800022e   0x0800022e   0x0000007a   Code   RO         1684    .text               mf_p.l(fmul.o)
    0x080002a8   0x080002a8   0x0000007c   Code   RO         1686    .text               mf_p.l(fdiv.o)
    0x08000324   0x08000324   0x00000164   Code   RO         1688    .text               mf_p.l(dadd.o)
    0x08000488   0x08000488   0x000000d0   Code   RO         1690    .text               mf_p.l(dmul.o)
    0x08000558   0x08000558   0x000000f0   Code   RO         1692    .text               mf_p.l(ddiv.o)
    0x08000648   0x08000648   0x0000001c   Code   RO         1694    .text               mf_p.l(fcmple.o)
    0x08000664   0x08000664   0x0000001c   Code   RO         1696    .text               mf_p.l(fcmplt.o)
    0x08000680   0x08000680   0x0000001c   Code   RO         1698    .text               mf_p.l(fcmpge.o)
    0x0800069c   0x0800069c   0x0000001c   Code   RO         1700    .text               mf_p.l(fcmpgt.o)
    0x080006b8   0x080006b8   0x00000016   Code   RO         1702    .text               mf_p.l(fflti.o)
    0x080006ce   0x080006ce   0x00000002   PAD
    0x080006d0   0x080006d0   0x00000028   Code   RO         1704    .text               mf_p.l(dflti.o)
    0x080006f8   0x080006f8   0x0000001c   Code   RO         1706    .text               mf_p.l(dfltui.o)
    0x08000714   0x08000714   0x00000048   Code   RO         1708    .text               mf_p.l(dfixi.o)
    0x0800075c   0x0800075c   0x0000003c   Code   RO         1710    .text               mf_p.l(dfixui.o)
    0x08000798   0x08000798   0x00000028   Code   RO         1712    .text               mf_p.l(f2d.o)
    0x080007c0   0x080007c0   0x00000038   Code   RO         1714    .text               mf_p.l(d2f.o)
    0x080007f8   0x080007f8   0x00000020   Code   RO         1730    .text               mc_p.l(llshl.o)
    0x08000818   0x08000818   0x00000022   Code   RO         1732    .text               mc_p.l(llushr.o)
    0x0800083a   0x0800083a   0x00000026   Code   RO         1734    .text               mc_p.l(llsshr.o)
    0x08000860   0x08000860   0x00000000   Code   RO         1736    .text               mc_p.l(iusefp.o)
    0x08000860   0x08000860   0x00000082   Code   RO         1737    .text               mf_p.l(fepilogue.o)
    0x080008e2   0x080008e2   0x000000be   Code   RO         1739    .text               mf_p.l(depilogue.o)
    0x080009a0   0x080009a0   0x00000024   Code   RO         1743    .text               mc_p.l(init.o)
    0x080009c4   0x080009c4   0x00000024   Code   RO          467    .text.AD9833_Delay  dev_ad9877.o
    0x080009e8   0x080009e8   0x00000020   Code   RO          461    .text.AD9833_FSYNC_Set  dev_ad9877.o
    0x08000a08   0x08000a08   0x00000032   Code   RO          459    .text.AD9833_InitIo  dev_ad9877.o
    0x08000a3a   0x08000a3a   0x00000020   Code   RO          463    .text.AD9833_SCLK_Set  dev_ad9877.o
    0x08000a5a   0x08000a5a   0x00000020   Code   RO          465    .text.AD9833_SDATA_Set  dev_ad9877.o
    0x08000a7a   0x08000a7a   0x000000b8   Code   RO          451    .text.AD9833_SendData  dev_ad9877.o
    0x08000b32   0x08000b32   0x00000002   PAD
    0x08000b34   0x08000b34   0x000000d0   Code   RO          453    .text.AD9833_SendFrequency  dev_ad9877.o
    0x08000c04   0x08000c04   0x00000036   Code   RO          455    .text.AD9833_SendPhase  dev_ad9877.o
    0x08000c3a   0x08000c3a   0x0000004a   Code   RO          457    .text.AD9833_SendWave  dev_ad9877.o
    0x08000c84   0x08000c84   0x000000b4   Code   RO          449    .text.AD9833_SetPara  dev_ad9877.o
    0x08000d38   0x08000d38   0x000000ee   Code   RO          481    .text.ADCSample_Filter  dev_adc.o
    0x08000e26   0x08000e26   0x0000003e   Code   RO          598    .text.ADC_ChannelConfig  ft32f0xx_adc.o
    0x08000e64   0x08000e64   0x00000034   Code   RO          574    .text.ADC_Cmd       ft32f0xx_adc.o
    0x08000e98   0x08000e98   0x00000034   Code   RO          614    .text.ADC_DMACmd    ft32f0xx_adc.o
    0x08000ecc   0x08000ecc   0x00000028   Code   RO          616    .text.ADC_DMARequestModeConfig  ft32f0xx_adc.o
    0x08000ef4   0x08000ef4   0x00000110   Code   RO           46    .text.ADC_DMA_Config  main.o
    0x08001004   0x08001004   0x00000038   Code   RO          568    .text.ADC_DeInit    ft32f0xx_adc.o
    0x0800103c   0x0800103c   0x00000082   Code   RO          606    .text.ADC_GetCalibrationFactor  ft32f0xx_adc.o
    0x080010be   0x080010be   0x0000005a   Code   RO          620    .text.ADC_GetFlagStatus  ft32f0xx_adc.o
    0x08001118   0x08001118   0x00000050   Code   RO          570    .text.ADC_Init      ft32f0xx_adc.o
    0x08001168   0x08001168   0x000001a0   Code   RO          479    .text.ADC_MainFunc  dev_adc.o
    0x08001308   0x08001308   0x00000016   Code   RO          610    .text.ADC_StartOfConversion  ft32f0xx_adc.o
    0x0800131e   0x0800131e   0x00000026   Code   RO          572    .text.ADC_StructInit  ft32f0xx_adc.o
    0x08001344   0x08001344   0x0000002c   Code   RO          400    .text.APP_Start     app.o
    0x08001370   0x08001370   0x00000150   Code   RO          406    .text.Beep_MainFunc  app.o
    0x080014c0   0x080014c0   0x000000b4   Code   RO          408    .text.Beep_MinorFunc  app.o
    0x08001574   0x08001574   0x00000024   Code   RO          776    .text.DMA_ClearFlag  ft32f0xx_dma.o
    0x08001598   0x08001598   0x00000034   Code   RO          766    .text.DMA_Cmd       ft32f0xx_dma.o
    0x080015cc   0x080015cc   0x000000c0   Code   RO          760    .text.DMA_DeInit    ft32f0xx_dma.o
    0x0800168c   0x0800168c   0x0000004c   Code   RO          774    .text.DMA_GetFlagStatus  ft32f0xx_dma.o
    0x080016d8   0x080016d8   0x00000070   Code   RO          762    .text.DMA_Init      ft32f0xx_dma.o
    0x08001748   0x08001748   0x00000038   Code   RO          524    .text.DevGpio_ReadInPut  dev_gpio.o
    0x08001780   0x08001780   0x00000048   Code   RO          522    .text.DevGpio_SetOutPut  dev_gpio.o
    0x080017c8   0x080017c8   0x00000028   Code   RO          551    .text.Devpwm_SetDuty  dev_pwm.o
    0x080017f0   0x080017f0   0x00000064   Code   RO           10    .text.EXTI4_15_IRQHandler  ft32f0xx_it.o
    0x08001854   0x08001854   0x00000014   Code   RO          804    .text.EXTI_ClearITPendingBit  ft32f0xx_exti.o
    0x08001868   0x08001868   0x00000038   Code   RO          802    .text.EXTI_GetITStatus  ft32f0xx_exti.o
    0x080018a0   0x080018a0   0x000000d0   Code   RO          792    .text.EXTI_Init     ft32f0xx_exti.o
    0x08001970   0x08001970   0x0000007c   Code   RO          824    .text.FLASH_ErasePage  ft32f0xx_flash.o
    0x080019ec   0x080019ec   0x0000005c   Code   RO          868    .text.FLASH_GetStatus  ft32f0xx_flash.o
    0x08001a48   0x08001a48   0x0000000c   Code   RO          822    .text.FLASH_Lock    ft32f0xx_flash.o
    0x08001a54   0x08001a54   0x00000034   Code   RO          816    .text.FLASH_PrefetchBufferCmd  ft32f0xx_flash.o
    0x08001a88   0x08001a88   0x00000078   Code   RO          830    .text.FLASH_ProgramWord  ft32f0xx_flash.o
    0x08001b00   0x08001b00   0x0000002c   Code   RO          820    .text.FLASH_Unlock  ft32f0xx_flash.o
    0x08001b2c   0x08001b2c   0x00000072   Code   RO          826    .text.FLASH_WaitForLastOperation  ft32f0xx_flash.o
    0x08001b9e   0x08001b9e   0x00000074   Code   RO           44    .text.FT32_EXIT_Init  main.o
    0x08001c12   0x08001c12   0x0000006c   Code   RO           40    .text.FT32_GPIOA_Init  main.o
    0x08001c7e   0x08001c7e   0x00000002   PAD
    0x08001c80   0x08001c80   0x00000070   Code   RO           42    .text.FT32_GPIOB_Init  main.o
    0x08001cf0   0x08001cf0   0x0000006a   Code   RO          505    .text.Flash_Read    dev_flash.o
    0x08001d5a   0x08001d5a   0x000000c0   Code   RO          503    .text.Flash_Write   dev_flash.o
    0x08001e1a   0x08001e1a   0x00000002   PAD
    0x08001e1c   0x08001e1c   0x000000e8   Code   RO          878    .text.GPIO_DeInit   ft32f0xx_gpio.o
    0x08001f04   0x08001f04   0x000000ec   Code   RO          880    .text.GPIO_Init     ft32f0xx_gpio.o
    0x08001ff0   0x08001ff0   0x00000070   Code   RO          902    .text.GPIO_PinAFConfig  ft32f0xx_gpio.o
    0x08002060   0x08002060   0x0000003e   Code   RO          886    .text.GPIO_ReadInputDataBit  ft32f0xx_gpio.o
    0x0800209e   0x0800209e   0x00000002   PAD
    0x080020a0   0x080020a0   0x0000004c   Code   RO          526    .text.GPIO_ToggleBit  dev_gpio.o
    0x080020ec   0x080020ec   0x00000038   Code   RO          898    .text.GPIO_WriteBit  ft32f0xx_gpio.o
    0x08002124   0x08002124   0x00000004   Code   RO            4    .text.HardFault_Handler  ft32f0xx_it.o
    0x08002128   0x08002128   0x00000016   Code   RO          394    .text.HighProTask   app.o
    0x0800213e   0x0800213e   0x00000002   PAD
    0x08002140   0x08002140   0x0000002c   Code   RO           58    .text.IWDG_Config   main.o
    0x0800216c   0x0800216c   0x0000000c   Code   RO         1014    .text.IWDG_Enable   ft32f0xx_iwdg.o
    0x08002178   0x08002178   0x0000000c   Code   RO         1010    .text.IWDG_ReloadCounter  ft32f0xx_iwdg.o
    0x08002184   0x08002184   0x00000018   Code   RO         1006    .text.IWDG_SetPrescaler  ft32f0xx_iwdg.o
    0x0800219c   0x0800219c   0x00000018   Code   RO         1008    .text.IWDG_SetReload  ft32f0xx_iwdg.o
    0x080021b4   0x080021b4   0x00000018   Code   RO         1004    .text.IWDG_WriteAccessCmd  ft32f0xx_iwdg.o
    0x080021cc   0x080021cc   0x00000090   Code   RO          392    .text.InitTask1     app.o
    0x0800225c   0x0800225c   0x0000001c   Code   RO          402    .text.LED_Init      app.o
    0x08002278   0x08002278   0x00000178   Code   RO          404    .text.LED_MainFunc  app.o
    0x080023f0   0x080023f0   0x000000a4   Code   RO          414    .text.Lipus_MainFunc  app.o
    0x08002494   0x08002494   0x0000001e   Code   RO          398    .text.LowProTask    app.o
    0x080024b2   0x080024b2   0x00000002   PAD
    0x080024b4   0x080024b4   0x00000028   Code   RO          396    .text.MediumProTask  app.o
    0x080024dc   0x080024dc   0x00000002   Code   RO            2    .text.NMI_Handler   ft32f0xx_it.o
    0x080024de   0x080024de   0x00000002   PAD
    0x080024e0   0x080024e0   0x00000094   Code   RO         1026    .text.NVIC_Init     ft32f0xx_misc.o
    0x08002574   0x08002574   0x0000005e   Code   RO          538    .text.PIDController_Init  dev_pid.o
    0x080025d2   0x080025d2   0x0000000e   PAD
    0x080025e0   0x080025e0   0x00000044   Code   RO          379    .text.PendSV_Handler  port.o
    0x08002624   0x08002624   0x000000ac   Code   RO          416    .text.Power_MainFunc  app.o
    0x080026d0   0x080026d0   0x00000038   Code   RO         1128    .text.RCC_AHBPeriphClockCmd  ft32f0xx_rcc.o
    0x08002708   0x08002708   0x00000038   Code   RO         1134    .text.RCC_AHBPeriphResetCmd  ft32f0xx_rcc.o
    0x08002740   0x08002740   0x00000038   Code   RO         1132    .text.RCC_APB1PeriphClockCmd  ft32f0xx_rcc.o
    0x08002778   0x08002778   0x00000038   Code   RO         1130    .text.RCC_APB2PeriphClockCmd  ft32f0xx_rcc.o
    0x080027b0   0x080027b0   0x00000038   Code   RO         1136    .text.RCC_APB2PeriphResetCmd  ft32f0xx_rcc.o
    0x080027e8   0x080027e8   0x00000002   Code   RO          359    .text.SVC_Handler   port.o
    0x080027ea   0x080027ea   0x00000002   PAD
    0x080027ec   0x080027ec   0x00000054   Code   RO         1333    .text.SYSCFG_EXTILineConfig  ft32f0xx_syscfg.o
    0x08002840   0x08002840   0x00000008   Code   RO         1656    .text.SetSysClock   system_ft32f0xx.o
    0x08002848   0x08002848   0x000000dc   Code   RO         1660    .text.SetSysClockTo72  system_ft32f0xx.o
    0x08002924   0x08002924   0x00000030   Code   RO          553    .text.Set_PWM1_Duty  dev_pwm.o
    0x08002954   0x08002954   0x0000003c   Code   RO          555    .text.Set_PWM2_Duty  dev_pwm.o
    0x08002990   0x08002990   0x0000003c   Code   RO          557    .text.Set_PWM3_Duty  dev_pwm.o
    0x080029cc   0x080029cc   0x00000038   Code   RO          420    .text.StandyDete    app.o
    0x08002a04   0x08002a04   0x0000002c   Code   RO          381    .text.SysTick_Handler  port.o
    0x08002a30   0x08002a30   0x0000007c   Code   RO         1654    .text.SystemInit    system_ft32f0xx.o
    0x08002aac   0x08002aac   0x00000094   Code   RO            6    .text.TIM14_IRQHandler  ft32f0xx_it.o
    0x08002b40   0x08002b40   0x00000278   Code   RO            8    .text.TIM17_IRQHandler  ft32f0xx_it.o
    0x08002db8   0x08002db8   0x0000001c   Code   RO         1497    .text.TIM_ClearITPendingBit  ft32f0xx_tim.o
    0x08002dd4   0x08002dd4   0x00000034   Code   RO         1373    .text.TIM_Cmd       ft32f0xx_tim.o
    0x08002e08   0x08002e08   0x00000040   Code   RO         1379    .text.TIM_CtrlPWMOutputs  ft32f0xx_tim.o
    0x08002e48   0x08002e48   0x0000005e   Code   RO         1495    .text.TIM_GetITStatus  ft32f0xx_tim.o
    0x08002ea6   0x08002ea6   0x00000040   Code   RO         1487    .text.TIM_ITConfig  ft32f0xx_tim.o
    0x08002ee6   0x08002ee6   0x00000002   PAD
    0x08002ee8   0x08002ee8   0x0000010c   Code   RO         1381    .text.TIM_OC1Init   ft32f0xx_tim.o
    0x08002ff4   0x08002ff4   0x00000018   Code   RO         1393    .text.TIM_SetCompare1  ft32f0xx_tim.o
    0x0800300c   0x0800300c   0x000000d4   Code   RO         1347    .text.TIM_TimeBaseInit  ft32f0xx_tim.o
    0x080030e0   0x080030e0   0x00000064   Code   RO           56    .text.Tim14BaseInit  main.o
    0x08003144   0x08003144   0x000000ac   Code   RO           50    .text.Tim15BaseInit  main.o
    0x080031f0   0x080031f0   0x000000b4   Code   RO           52    .text.Tim16BaseInit  main.o
    0x080032a4   0x080032a4   0x00000068   Code   RO           54    .text.Tim17BaseInit  main.o
    0x0800330c   0x0800330c   0x000000bc   Code   RO           48    .text.Tim3BaseInit  main.o
    0x080033c8   0x080033c8   0x0000009c   Code   RO          507    .text.UltraParam_Init  dev_flash.o
    0x08003464   0x08003464   0x00000154   Code   RO          477    .text.look1_iflf_binlxpw  dev_adc.o
    0x080035b8   0x080035b8   0x000000a0   Code   RO           38    .text.main          main.o
    0x08003658   0x08003658   0x0000008c   Code   RO          203    .text.prvAddCurrentTaskToDelayedList  tasks.o
    0x080036e4   0x080036e4   0x000000e0   Code   RO          191    .text.prvAddNewTaskToReadyList  tasks.o
    0x080037c4   0x080037c4   0x00000050   Code   RO          291    .text.prvCheckTasksWaitingTermination  tasks.o
    0x08003814   0x08003814   0x0000001c   Code   RO          195    .text.prvDeleteTCB  tasks.o
    0x08003830   0x08003830   0x000000a8   Code   RO          325    .text.prvHeapInit   heap_4.o
    0x080038d8   0x080038d8   0x00000024   Code   RO          217    .text.prvIdleTask   tasks.o
    0x080038fc   0x080038fc   0x0000011c   Code   RO          189    .text.prvInitialiseNewTask  tasks.o
    0x08003a18   0x08003a18   0x00000074   Code   RO          289    .text.prvInitialiseTaskLists  tasks.o
    0x08003a8c   0x08003a8c   0x000000c0   Code   RO          327    .text.prvInsertBlockIntoFreeList  heap_4.o
    0x08003b4c   0x08003b4c   0x00000038   Code   RO          197    .text.prvResetNextTaskUnblockTime  tasks.o
    0x08003b84   0x08003b84   0x00000018   Code   RO          357    .text.prvTaskExitError  port.o
    0x08003b9c   0x08003b9c   0x00000184   Code   RO          323    .text.pvPortMalloc  heap_4.o
    0x08003d20   0x08003d20   0x00000058   Code   RO          355    .text.pxPortInitialiseStack  port.o
    0x08003d78   0x08003d78   0x00000008   Code   RO          375    .text.ulSetInterruptMaskFromISR  port.o
    0x08003d80   0x08003d80   0x0000004c   Code   RO          100    .text.uxListRemove  list.o
    0x08003dcc   0x08003dcc   0x00000006   Code   RO           79    .text.vApplicationMallocFailedHook  taskmanager.o
    0x08003dd2   0x08003dd2   0x00000014   Code   RO           81    .text.vApplicationStackOverflowHook  taskmanager.o
    0x08003de6   0x08003de6   0x00000002   PAD
    0x08003de8   0x08003de8   0x00000010   Code   RO           77    .text.vApplicationTickHook  taskmanager.o
    0x08003df8   0x08003df8   0x00000006   Code   RO          377    .text.vClearInterruptMaskFromISR  port.o
    0x08003dfe   0x08003dfe   0x00000030   Code   RO           92    .text.vListInitialise  list.o
    0x08003e2e   0x08003e2e   0x00000012   Code   RO           94    .text.vListInitialiseItem  list.o
    0x08003e40   0x08003e40   0x00000074   Code   RO           98    .text.vListInsert   list.o
    0x08003eb4   0x08003eb4   0x00000042   Code   RO           96    .text.vListInsertEnd  list.o
    0x08003ef6   0x08003ef6   0x00000002   PAD
    0x08003ef8   0x08003ef8   0x00000014   Code   RO          371    .text.vPortEnterCritical  port.o
    0x08003f0c   0x08003f0c   0x00000018   Code   RO          373    .text.vPortExitCritical  port.o
    0x08003f24   0x08003f24   0x00000084   Code   RO          329    .text.vPortFree     heap_4.o
    0x08003fa8   0x08003fa8   0x00000040   Code   RO          363    .text.vPortSetupTimerInterrupt  port.o
    0x08003fe8   0x08003fe8   0x00000008   PAD
    0x08003ff0   0x08003ff0   0x00000034   Code   RO          365    .text.vPortStartFirstTask  port.o
    0x08004024   0x08004024   0x00000018   Code   RO          369    .text.vPortYield    port.o
    0x0800403c   0x0800403c   0x00000040   Code   RO          199    .text.vTaskDelay    tasks.o
    0x0800407c   0x0800407c   0x000000c8   Code   RO          193    .text.vTaskDelete   tasks.o
    0x08004144   0x08004144   0x00000068   Code   RO          215    .text.vTaskStartScheduler  tasks.o
    0x080041ac   0x080041ac   0x0000000c   Code   RO          201    .text.vTaskSuspendAll  tasks.o
    0x080041b8   0x080041b8   0x000000d4   Code   RO          237    .text.vTaskSwitchContext  tasks.o
    0x0800428c   0x0800428c   0x00000040   Code   RO          361    .text.xPortStartScheduler  port.o
    0x080042cc   0x080042cc   0x000000aa   Code   RO          187    .text.xTaskCreate   tasks.o
    0x08004376   0x08004376   0x00000002   PAD
    0x08004378   0x08004378   0x0000017c   Code   RO          221    .text.xTaskIncrementTick  tasks.o
    0x080044f4   0x080044f4   0x00000130   Code   RO          205    .text.xTaskResumeAll  tasks.o
    0x08004624   0x08004624   0x0000002e   Code   RO         1741    i.__ARM_clz         mf_p.l(depilogue.o)
    0x08004652   0x08004652   0x0000000e   Code   RO         1747    i.__scatterload_copy  mc_p.l(handlers.o)
    0x08004660   0x08004660   0x00000002   Code   RO         1748    i.__scatterload_null  mc_p.l(handlers.o)
    0x08004662   0x08004662   0x0000000e   Code   RO         1749    i.__scatterload_zeroinit  mc_p.l(handlers.o)
    0x08004670   0x08004670   0x00000280   Data   RO          486    .rodata.INP_HWTemp1_R  dev_adc.o
    0x080048f0   0x080048f0   0x00000280   Data   RO          487    .rodata.OUT_HWTemp1_T  dev_adc.o
    0x08004b70   0x08004b70   0x0000000c   Data   RO          559    .rodata.set_pwm_duty  dev_pwm.o
    0x08004b7c   0x08004b7c   0x00000005   Data   RO          303    .rodata.str1.1      tasks.o
    0x08004b81   0x08004b81   0x0000002f   Data   RO          426    .rodata.str1.1      app.o
    0x08004bb0   0x08004bb0   0x00000020   Data   RO         1746    Region$$Table       anon$$obj.o


    Execution Region ER_RW (Exec base: 0x20000000, Load base: 0x08004bd0, Size: 0x000000f4, Max: 0xffffffff, ABSOLUTE)

    Exec Addr    Load Addr    Size         Type   Attr      Idx    E Section Name        Object

    0x20000000   0x08004bd0   0x00000001   Data   RW          428    .data.LED_MainFunc.ledflg  app.o
    0x20000001   0x08004bd1   0x00000001   Data   RW           24    .data.Motor_Level   ft32f0xx_it.o
    0x20000002   0x08004bd2   0x00000001   Data   RW           60    .data.PowerOff_Flg  main.o
    0x20000003   0x08004bd3   0x00000001   PAD
    0x20000004   0x08004bd4   0x00000078   Data   RW          483    .data.SampleVol_Buff  dev_adc.o
    0x2000007c   0x08004c4c   0x00000004   Data   RW         1662    .data.SystemCoreClock  system_ft32f0xx.o
    0x20000080   0x08004c50   0x00000001   Data   RW           28    .data.TIM17_IRQHandler.Key2_Sta  ft32f0xx_it.o
    0x20000081   0x08004c51   0x00000003   PAD
    0x20000084   0x08004c54   0x00000068   Data   RW          529    .data.dev_gpio_handle  dev_gpio.o
    0x200000ec   0x08004cbc   0x00000004   Data   RW           62    .data.lsi_freq      main.o
    0x200000f0   0x08004cc0   0x00000004   Data   RW          383    .data.uxCriticalNesting  port.o


    Execution Region ER_ZI (Exec base: 0x200000f8, Load base: 0x08004cc4, Size: 0x00001210, Max: 0xffffffff, ABSOLUTE)

    Exec Addr    Load Addr    Size         Type   Attr      Idx    E Section Name        Object

    0x200000f8        -       0x00000001   Zero   RW          488    .bss.ADC_MainFunc.SampleCount  dev_adc.o
    0x200000f9   0x08004cc4   0x00000003   PAD
    0x200000fc        -       0x00000004   Zero   RW          491    .bss.ADC_MainFunc.Temp_R  dev_adc.o
    0x20000100        -       0x00000004   Zero   RW          492    .bss.ADC_MainFunc.Temp_T  dev_adc.o
    0x20000104        -       0x00000004   Zero   RW          490    .bss.ADC_MainFunc.Temp_V  dev_adc.o
    0x20000108        -       0x00000004   Zero   RW          489    .bss.ADC_MainFunc.Vol  dev_adc.o
    0x2000010c        -       0x00000004   Zero   RW          484    .bss.Battery_vol    dev_adc.o
    0x20000110        -       0x00000001   Zero   RW          431    .bss.Beep_MainFunc.BeepCount  app.o
    0x20000111        -       0x00000001   Zero   RW          432    .bss.Beep_MainFunc.BeepSta  app.o
    0x20000112        -       0x00000001   Zero   RW          434    .bss.Beep_MainFunc.Beep_SatrtFlg_old  app.o
    0x20000113        -       0x00000001   Zero   RW          433    .bss.Beep_MainFunc.Count  app.o
    0x20000114        -       0x00000001   Zero   RW          440    .bss.Beep_MinorFunc.BeepCount  app.o
    0x20000115        -       0x00000001   Zero   RW          439    .bss.Beep_MinorFunc.BeepSta  app.o
    0x20000116        -       0x00000001   Zero   RW          438    .bss.Beep_MinorFunc.Beep_SatrtFlg_old  app.o
    0x20000117        -       0x00000001   Zero   RW           18    .bss.Beep_SatrtFlg  ft32f0xx_it.o
    0x20000118        -       0x00000002   Zero   RW           21    .bss.CycleTime      ft32f0xx_it.o
    0x2000011a   0x08004cc4   0x00000002   PAD
    0x2000011c        -       0x00000004   Zero   RW           61    .bss.DMA_DualConvertedValue  main.o
    0x20000120        -       0x00000004   Zero   RW          511    .bss.Data_Store     dev_flash.o
    0x20000124        -       0x00000004   Zero   RW           12    .bss.KEY1_Count     ft32f0xx_it.o
    0x20000128        -       0x00000001   Zero   RW           15    .bss.KEY1_Flg       ft32f0xx_it.o
    0x20000129   0x08004cc4   0x00000003   PAD
    0x2000012c        -       0x00000004   Zero   RW           13    .bss.KEY2_Count     ft32f0xx_it.o
    0x20000130        -       0x00000001   Zero   RW           16    .bss.KEY2_Flg       ft32f0xx_it.o
    0x20000131        -       0x00000001   Zero   RW          425    .bss.Led_GreenFlg   app.o
    0x20000132        -       0x00000001   Zero   RW          424    .bss.Led_RedFlg     app.o
    0x20000133        -       0x00000001   Zero   RW          429    .bss.Low_Battery_Flg  app.o
    0x20000134        -       0x00000001   Zero   RW          430    .bss.Low_Battery_old_Flg  app.o
    0x20000135   0x08004cc4   0x00000003   PAD
    0x20000138        -       0x00000004   Zero   RW           14    .bss.POWER_Count    ft32f0xx_it.o
    0x2000013c        -       0x00000020   Zero   RW          542    .bss.Pid_Contronl   dev_pid.o
    0x2000015c        -       0x00000001   Zero   RW           17    .bss.PowerOn_Flg    ft32f0xx_it.o
    0x2000015d   0x08004cc4   0x00000003   PAD
    0x20000160        -       0x00000078   Zero   RW          493    .bss.SampleTemp_Buff  dev_adc.o
    0x200001d8        -       0x00000004   Zero   RW          437    .bss.StandyDete.StandyCount  app.o
    0x200001dc        -       0x00000002   Zero   RW           25    .bss.TIM14_IRQHandler.ChargeCount  ft32f0xx_it.o
    0x200001de        -       0x00000001   Zero   RW           27    .bss.TIM17_IRQHandler.Key1_Sta  ft32f0xx_it.o
    0x200001df        -       0x00000001   Zero   RW           29    .bss.TIM17_IRQHandler.SetFlg  ft32f0xx_it.o
    0x200001e0        -       0x00000001   Zero   RW           23    .bss.UltraModule    ft32f0xx_it.o
    0x200001e1   0x08004cc4   0x00000003   PAD
    0x200001e4        -       0x00000004   Zero   RW          485    .bss.Ultra_Temp     dev_adc.o
    0x200001e8        -       0x00000001   Zero   RW           19    .bss.WorkStart_Flg  ft32f0xx_it.o
    0x200001e9   0x08004cc4   0x00000003   PAD
    0x200001ec        -       0x00000004   Zero   RW           26    .bss.WorkTime       ft32f0xx_it.o
    0x200001f0        -       0x00000004   Zero   RW          427    .bss.pInitTaskHandle  app.o
    0x200001f4        -       0x00000004   Zero   RW          293    .bss.pxCurrentTCB   tasks.o
    0x200001f8        -       0x00000004   Zero   RW          299    .bss.pxDelayedTaskList  tasks.o
    0x200001fc        -       0x00000004   Zero   RW          339    .bss.pxEnd          heap_4.o
    0x20000200        -       0x00000004   Zero   RW          300    .bss.pxOverflowDelayedTaskList  tasks.o
    0x20000204        -       0x00000064   Zero   RW          301    .bss.pxReadyTasksLists  tasks.o
    0x20000268        -       0x00000c00   Zero   RW          346    .bss.ucHeap         heap_4.o
    0x20000e68        -       0x00000004   Zero   RW           83    .bss.ulSystemTimeTickCount  taskmanager.o
    0x20000e6c        -       0x00000004   Zero   RW          297    .bss.uxCurrentNumberOfTasks  tasks.o
    0x20000e70        -       0x00000004   Zero   RW          296    .bss.uxDeletedTasksWaitingCleanUp  tasks.o
    0x20000e74        -       0x00000004   Zero   RW          307    .bss.uxSchedulerSuspended  tasks.o
    0x20000e78        -       0x00000004   Zero   RW          294    .bss.uxTaskNumber   tasks.o
    0x20000e7c        -       0x00000004   Zero   RW          302    .bss.uxTopReadyPriority  tasks.o
    0x20000e80        -       0x00000004   Zero   RW          340    .bss.xBlockAllocatedBit  heap_4.o
    0x20000e84        -       0x00000014   Zero   RW          312    .bss.xDelayedTaskList1  tasks.o
    0x20000e98        -       0x00000014   Zero   RW          313    .bss.xDelayedTaskList2  tasks.o
    0x20000eac        -       0x00000004   Zero   RW          341    .bss.xFreeBytesRemaining  heap_4.o
    0x20000eb0        -       0x00000004   Zero   RW          304    .bss.xIdleTaskHandle  tasks.o
    0x20000eb4        -       0x00000004   Zero   RW          343    .bss.xMinimumEverFreeBytesRemaining  heap_4.o
    0x20000eb8        -       0x00000004   Zero   RW          305    .bss.xNextTaskUnblockTime  tasks.o
    0x20000ebc        -       0x00000004   Zero   RW          311    .bss.xNumOfOverflows  tasks.o
    0x20000ec0        -       0x00000004   Zero   RW          344    .bss.xNumberOfSuccessfulAllocations  heap_4.o
    0x20000ec4        -       0x00000004   Zero   RW          345    .bss.xNumberOfSuccessfulFrees  heap_4.o
    0x20000ec8        -       0x00000004   Zero   RW          310    .bss.xPendedTicks   tasks.o
    0x20000ecc        -       0x00000014   Zero   RW          308    .bss.xPendingReadyList  tasks.o
    0x20000ee0        -       0x00000004   Zero   RW          298    .bss.xSchedulerRunning  tasks.o
    0x20000ee4        -       0x00000008   Zero   RW          342    .bss.xStart         heap_4.o
    0x20000eec        -       0x00000014   Zero   RW          295    .bss.xTasksWaitingTermination  tasks.o
    0x20000f00        -       0x00000004   Zero   RW          306    .bss.xTickCount     tasks.o
    0x20000f04        -       0x00000004   Zero   RW          309    .bss.xYieldPending  tasks.o
    0x20000f08        -       0x00000400   Zero   RW         1644    STACK               startup_ft32f030x8.o


==============================================================================

Image component sizes


      Code (inc. data)   RO Data    RW Data    ZI Data      Debug   Object Name

      1592        162         47          1         19       5896   app.o
       882         16          0          0          0       3144   dev_ad9877.o
       994         92       1280        120        145       2552   dev_adc.o
       454         12          0          0          4       2385   dev_flash.o
       204          8          0        104          0       2104   dev_gpio.o
        94          0          0          0         32       1427   dev_pid.o
       208         28         12          0          0       2195   dev_pwm.o
       622          8          0          0          0       7256   ft32f0xx_adc.o
       468         36          0          0          0       3635   ft32f0xx_dma.o
       284         20          0          0          0       2762   ft32f0xx_exti.o
       558         28          0          0          0       8136   ft32f0xx_flash.o
       698         20          0          0          0       4698   ft32f0xx_gpio.o
       886         92          0          2         28       3725   ft32f0xx_it.o
        96         20          0          0          0       1884   ft32f0xx_iwdg.o
       148         16          0          0          0       2372   ft32f0xx_misc.o
       280         20          0          0          0       9124   ft32f0xx_rcc.o
        84          4          0          0          0       2168   ft32f0xx_syscfg.o
       806         28          0          0          0      21041   ft32f0xx_tim.o
       880         52          0          0       3104       3930   heap_4.o
       324          0          0          0          0       2054   list.o
      1556         92          0          5          4       7407   main.o
       488         44          0          4          0       2522   port.o
        88         38        192          0       1024        660   startup_ft32f030x8.o
       352         36          0          4          0       2461   system_ft32f0xx.o
        42          4          0          0          4       1759   taskmanager.o
      2410        184          5          0        240      17900   tasks.o

    ----------------------------------------------------------------------
     15544       1068       1568        244       4624     125197   Object Totals
         0          0         32          0          0          0   (incl. Generated)
        46          8          0          4         20          0   (incl. Padding)

    ----------------------------------------------------------------------

      Code (inc. data)   RO Data    RW Data    ZI Data      Debug   Library Member Name

         0          0          0          0          0          0   entry.o
         0          0          0          0          0          0   entry10a.o
         0          0          0          0          0          0   entry11a.o
         8          4          0          0          0          0   entry2.o
         4          0          0          0          0          0   entry5.o
         0          0          0          0          0          0   entry7b.o
         0          0          0          0          0          0   entry8b.o
         8          4          0          0          0          0   entry9a.o
        30          0          0          0          0          0   handlers.o
        36          8          0          0          0         68   init.o
         0          0          0          0          0          0   iusefp.o
        32          0          0          0          0         68   llshl.o
        38          0          0          0          0         68   llsshr.o
        34          0          0          0          0         68   llushr.o
        36          0          0          0          0        100   memseta.o
        44          0          0          0          0         72   uidiv.o
        56          0          0          0          0         68   d2f.o
       356          4          0          0          0        140   dadd.o
       240          6          0          0          0         84   ddiv.o
       236          0          0          0          0        216   depilogue.o
        72         10          0          0          0         72   dfixi.o
        60         10          0          0          0         68   dfixui.o
        40          6          0          0          0         68   dflti.o
        28          4          0          0          0         68   dfltui.o
       208          6          0          0          0         88   dmul.o
        40          0          0          0          0         60   f2d.o
       178          0          0          0          0        108   fadd.o
        28          0          0          0          0         60   fcmpge.o
        28          0          0          0          0         60   fcmpgt.o
        28          0          0          0          0         60   fcmple.o
        28          0          0          0          0         60   fcmplt.o
       124          0          0          0          0         72   fdiv.o
       130          0          0          0          0        144   fepilogue.o
        22          0          0          0          0         68   fflti.o
       122          0          0          0          0         72   fmul.o

    ----------------------------------------------------------------------
      2296         62          0          0          0       2080   Library Totals
         2          0          0          0          0          0   (incl. Padding)

    ----------------------------------------------------------------------

      Code (inc. data)   RO Data    RW Data    ZI Data      Debug   Library Name

       270         16          0          0          0        444   mc_p.l
      2024         46          0          0          0       1636   mf_p.l

    ----------------------------------------------------------------------
      2296         62          0          0          0       2080   Library Totals

    ----------------------------------------------------------------------

==============================================================================


      Code (inc. data)   RO Data    RW Data    ZI Data      Debug   

     17840       1130       1568        244       4624     126033   Grand Totals
     17840       1130       1568        244       4624     126033   ELF Image Totals
     17840       1130       1568        244          0          0   ROM Totals

==============================================================================

    Total RO  Size (Code + RO Data)                19408 (  18.95kB)
    Total RW  Size (RW Data + ZI Data)              4868 (   4.75kB)
    Total ROM Size (Code + RO Data + RW Data)      19652 (  19.19kB)

==============================================================================

