Component: ARM Compiler 6.12 Tool: armlink [5d624300]

==============================================================================

Section Cross References

    ft32f0xx_it.o(.ARM.exidx.text.NMI_Handler) refers to ft32f0xx_it.o(.text.NMI_Handler) for [Anonymous Symbol]
    ft32f0xx_it.o(.ARM.exidx.text.HardFault_Handler) refers to ft32f0xx_it.o(.text.HardFault_Handler) for [Anonymous Symbol]
    ft32f0xx_it.o(.text.TIM14_IRQHandler) refers to ft32f0xx_tim.o(.text.TIM_GetITStatus) for TIM_GetITStatus
    ft32f0xx_it.o(.text.TIM14_IRQHandler) refers to dev_gpio.o(.text.DevGpio_ReadInPut) for DevGpio_ReadInPut
    ft32f0xx_it.o(.text.TIM14_IRQHandler) refers to ft32f0xx_tim.o(.text.TIM_ClearITPendingBit) for TIM_ClearITPendingBit
    ft32f0xx_it.o(.text.TIM14_IRQHandler) refers to ft32f0xx_it.o(.bss.TIM14_IRQHandler.ChargeCount) for [Anonymous Symbol]
    ft32f0xx_it.o(.text.TIM14_IRQHandler) refers to main.o(.data.PowerOff_Flg) for PowerOff_Flg
    ft32f0xx_it.o(.text.TIM14_IRQHandler) refers to ft32f0xx_it.o(.bss.WorkStart_Flg) for WorkStart_Flg
    ft32f0xx_it.o(.text.TIM14_IRQHandler) refers to ft32f0xx_it.o(.bss.WorkTime) for [Anonymous Symbol]
    ft32f0xx_it.o(.text.TIM14_IRQHandler) refers to ft32f0xx_it.o(.bss.Beep_SatrtFlg) for Beep_SatrtFlg
    ft32f0xx_it.o(.ARM.exidx.text.TIM14_IRQHandler) refers to ft32f0xx_it.o(.text.TIM14_IRQHandler) for [Anonymous Symbol]
    ft32f0xx_it.o(.text.TIM17_IRQHandler) refers to ft32f0xx_tim.o(.text.TIM_GetITStatus) for TIM_GetITStatus
    ft32f0xx_it.o(.text.TIM17_IRQHandler) refers to ft32f0xx_gpio.o(.text.GPIO_ReadInputDataBit) for GPIO_ReadInputDataBit
    ft32f0xx_it.o(.text.TIM17_IRQHandler) refers to ft32f0xx_tim.o(.text.TIM_ClearITPendingBit) for TIM_ClearITPendingBit
    ft32f0xx_it.o(.text.TIM17_IRQHandler) refers to ft32f0xx_it.o(.bss.KEY1_Flg) for KEY1_Flg
    ft32f0xx_it.o(.text.TIM17_IRQHandler) refers to ft32f0xx_it.o(.bss.KEY1_Count) for KEY1_Count
    ft32f0xx_it.o(.text.TIM17_IRQHandler) refers to ft32f0xx_it.o(.data.UltraModule) for UltraModule
    ft32f0xx_it.o(.text.TIM17_IRQHandler) refers to ft32f0xx_it.o(.bss.Beep_SatrtFlg) for Beep_SatrtFlg
    ft32f0xx_it.o(.text.TIM17_IRQHandler) refers to ft32f0xx_it.o(.bss.TIM17_IRQHandler.Key1_Sta) for [Anonymous Symbol]
    ft32f0xx_it.o(.text.TIM17_IRQHandler) refers to ft32f0xx_it.o(.data.Motor_Level) for Motor_Level
    ft32f0xx_it.o(.text.TIM17_IRQHandler) refers to ft32f0xx_it.o(.bss.KEY2_Flg) for KEY2_Flg
    ft32f0xx_it.o(.text.TIM17_IRQHandler) refers to ft32f0xx_it.o(.bss.KEY2_Count) for KEY2_Count
    ft32f0xx_it.o(.text.TIM17_IRQHandler) refers to ft32f0xx_it.o(.data.TIM17_IRQHandler.Key2_Sta) for [Anonymous Symbol]
    ft32f0xx_it.o(.text.TIM17_IRQHandler) refers to ft32f0xx_it.o(.bss.PowerOn_Flg) for PowerOn_Flg
    ft32f0xx_it.o(.text.TIM17_IRQHandler) refers to ft32f0xx_it.o(.bss.POWER_Count) for POWER_Count
    ft32f0xx_it.o(.text.TIM17_IRQHandler) refers to ft32f0xx_it.o(.bss.WorkStart_Flg) for WorkStart_Flg
    ft32f0xx_it.o(.text.TIM17_IRQHandler) refers to app.o(.bss.Led_RedFlg) for Led_RedFlg
    ft32f0xx_it.o(.text.TIM17_IRQHandler) refers to ft32f0xx_it.o(.bss.TIM17_IRQHandler.SetFlg) for [Anonymous Symbol]
    ft32f0xx_it.o(.text.TIM17_IRQHandler) refers to main.o(.data.PowerOff_Flg) for PowerOff_Flg
    ft32f0xx_it.o(.ARM.exidx.text.TIM17_IRQHandler) refers to ft32f0xx_it.o(.text.TIM17_IRQHandler) for [Anonymous Symbol]
    ft32f0xx_it.o(.text.EXTI4_15_IRQHandler) refers to ft32f0xx_exti.o(.text.EXTI_GetITStatus) for EXTI_GetITStatus
    ft32f0xx_it.o(.text.EXTI4_15_IRQHandler) refers to ft32f0xx_gpio.o(.text.GPIO_ReadInputDataBit) for GPIO_ReadInputDataBit
    ft32f0xx_it.o(.text.EXTI4_15_IRQHandler) refers to ft32f0xx_exti.o(.text.EXTI_ClearITPendingBit) for EXTI_ClearITPendingBit
    ft32f0xx_it.o(.text.EXTI4_15_IRQHandler) refers to ft32f0xx_it.o(.bss.KEY2_Flg) for KEY2_Flg
    ft32f0xx_it.o(.text.EXTI4_15_IRQHandler) refers to ft32f0xx_it.o(.bss.KEY1_Flg) for KEY1_Flg
    ft32f0xx_it.o(.ARM.exidx.text.EXTI4_15_IRQHandler) refers to ft32f0xx_it.o(.text.EXTI4_15_IRQHandler) for [Anonymous Symbol]
    main.o(.text.main) refers to main.o(.text.FT32_GPIOA_Init) for FT32_GPIOA_Init
    main.o(.text.main) refers to main.o(.text.FT32_GPIOB_Init) for FT32_GPIOB_Init
    main.o(.text.main) refers to main.o(.text.FT32_EXIT_Init) for FT32_EXIT_Init
    main.o(.text.main) refers to main.o(.text.ADC_DMA_Config) for ADC_DMA_Config
    main.o(.text.main) refers to main.o(.text.Tim3BaseInit) for Tim3BaseInit
    main.o(.text.main) refers to main.o(.text.Tim15BaseInit) for Tim15BaseInit
    main.o(.text.main) refers to main.o(.text.Tim16BaseInit) for Tim16BaseInit
    main.o(.text.main) refers to main.o(.text.Tim17BaseInit) for Tim17BaseInit
    main.o(.text.main) refers to main.o(.text.Tim14BaseInit) for Tim14BaseInit
    main.o(.text.main) refers to ft32f0xx_gpio.o(.text.GPIO_WriteBit) for GPIO_WriteBit
    main.o(.text.main) refers to main.o(.text.IWDG_Config) for IWDG_Config
[...]
    __arm_cp.0_3                             0x080029c8   Number         4  system_ft32f0xx.o(.text.SystemInit)
    __arm_cp.0_4                             0x080029cc   Number         4  system_ft32f0xx.o(.text.SystemInit)
    __arm_cp.0_5                             0x080029d0   Number         4  system_ft32f0xx.o(.text.SystemInit)
    __arm_cp.0_6                             0x080029d4   Number         4  system_ft32f0xx.o(.text.SystemInit)
    __arm_cp.0_7                             0x080029d8   Number         4  system_ft32f0xx.o(.text.SystemInit)
    [Anonymous Symbol]                       0x080029dc   Section        0  ft32f0xx_it.o(.text.TIM14_IRQHandler)
    __arm_cp.2_0                             0x08002a60   Number         4  ft32f0xx_it.o(.text.TIM14_IRQHandler)
    __arm_cp.2_1                             0x08002a64   Number         4  ft32f0xx_it.o(.text.TIM14_IRQHandler)
    __arm_cp.2_4                             0x08002a68   Number         4  ft32f0xx_it.o(.text.TIM14_IRQHandler)
    __arm_cp.2_5                             0x08002a6c   Number         4  ft32f0xx_it.o(.text.TIM14_IRQHandler)
    [Anonymous Symbol]                       0x08002a70   Section        0  ft32f0xx_it.o(.text.TIM17_IRQHandler)
    __arm_cp.3_0                             0x08002cb4   Number         4  ft32f0xx_it.o(.text.TIM17_IRQHandler)
    __arm_cp.3_1                             0x08002cb8   Number         4  ft32f0xx_it.o(.text.TIM17_IRQHandler)
    __arm_cp.3_2                             0x08002cbc   Number         4  ft32f0xx_it.o(.text.TIM17_IRQHandler)
    __arm_cp.3_3                             0x08002cc0   Number         4  ft32f0xx_it.o(.text.TIM17_IRQHandler)
    __arm_cp.3_4                             0x08002cc4   Number         4  ft32f0xx_it.o(.text.TIM17_IRQHandler)
    __arm_cp.3_5                             0x08002cc8   Number         4  ft32f0xx_it.o(.text.TIM17_IRQHandler)
    __arm_cp.3_6                             0x08002ccc   Number         4  ft32f0xx_it.o(.text.TIM17_IRQHandler)
    __arm_cp.3_7                             0x08002cd0   Number         4  ft32f0xx_it.o(.text.TIM17_IRQHandler)
    __arm_cp.3_8                             0x08002cd4   Number         4  ft32f0xx_it.o(.text.TIM17_IRQHandler)
    __arm_cp.3_9                             0x08002cd8   Number         4  ft32f0xx_it.o(.text.TIM17_IRQHandler)
    __arm_cp.3_10                            0x08002cdc   Number         4  ft32f0xx_it.o(.text.TIM17_IRQHandler)
    __arm_cp.3_11                            0x08002ce0   Number         4  ft32f0xx_it.o(.text.TIM17_IRQHandler)
    __arm_cp.3_12                            0x08002ce4   Number         4  ft32f0xx_it.o(.text.TIM17_IRQHandler)
    __arm_cp.3_13                            0x08002ce8   Number         4  ft32f0xx_it.o(.text.TIM17_IRQHandler)
    __arm_cp.3_14                            0x08002cec   Number         4  ft32f0xx_it.o(.text.TIM17_IRQHandler)
    __arm_cp.3_15                            0x08002cf0   Number         4  ft32f0xx_it.o(.text.TIM17_IRQHandler)
    __arm_cp.3_16                            0x08002cf4   Number         4  ft32f0xx_it.o(.text.TIM17_IRQHandler)
    [Anonymous Symbol]                       0x08002cf8   Section        0  ft32f0xx_tim.o(.text.TIM_ClearITPendingBit)
    [Anonymous Symbol]                       0x08002d14   Section        0  ft32f0xx_tim.o(.text.TIM_Cmd)
    [Anonymous Symbol]                       0x08002d48   Section        0  ft32f0xx_tim.o(.text.TIM_CtrlPWMOutputs)
    __arm_cp.17_0                            0x08002d84   Number         4  ft32f0xx_tim.o(.text.TIM_CtrlPWMOutputs)
    [Anonymous Symbol]                       0x08002d88   Section        0  ft32f0xx_tim.o(.text.TIM_GetITStatus)
    [Anonymous Symbol]                       0x08002de6   Section        0  ft32f0xx_tim.o(.text.TIM_ITConfig)
    [Anonymous Symbol]                       0x08002e28   Section        0  ft32f0xx_tim.o(.text.TIM_OC1Init)
    __arm_cp.18_4                            0x08002f2c   Number         4  ft32f0xx_tim.o(.text.TIM_OC1Init)
    __arm_cp.18_5                            0x08002f30   Number         4  ft32f0xx_tim.o(.text.TIM_OC1Init)
    [Anonymous Symbol]                       0x08002f34   Section        0  ft32f0xx_tim.o(.text.TIM_SetCompare1)
    [Anonymous Symbol]                       0x08002f4c   Section        0  ft32f0xx_tim.o(.text.TIM_TimeBaseInit)
    __arm_cp.1_0                             0x08003010   Number         4  ft32f0xx_tim.o(.text.TIM_TimeBaseInit)
    __arm_cp.1_2                             0x08003014   Number         4  ft32f0xx_tim.o(.text.TIM_TimeBaseInit)
    __arm_cp.1_3                             0x08003018   Number         4  ft32f0xx_tim.o(.text.TIM_TimeBaseInit)
    __arm_cp.1_6                             0x0800301c   Number         4  ft32f0xx_tim.o(.text.TIM_TimeBaseInit)
    Tim14BaseInit                            0x08003021   Thumb Code   100  main.o(.text.Tim14BaseInit)
    [Anonymous Symbol]                       0x08003020   Section        0  main.o(.text.Tim14BaseInit)
    __arm_cp.9_0                             0x0800307c   Number         4  main.o(.text.Tim14BaseInit)
    __arm_cp.9_1                             0x08003080   Number         4  main.o(.text.Tim14BaseInit)
    Tim15BaseInit                            0x08003085   Thumb Code   172  main.o(.text.Tim15BaseInit)
    [Anonymous Symbol]                       0x08003084   Section        0  main.o(.text.Tim15BaseInit)
    __arm_cp.6_0                             0x0800312c   Number         4  main.o(.text.Tim15BaseInit)
    Tim16BaseInit                            0x08003131   Thumb Code   180  main.o(.text.Tim16BaseInit)
    [Anonymous Symbol]                       0x08003130   Section        0  main.o(.text.Tim16BaseInit)
    __arm_cp.7_0                             0x080031dc   Number         4  main.o(.text.Tim16BaseInit)
    __arm_cp.7_1                             0x080031e0   Number         4  main.o(.text.Tim16BaseInit)
    Tim17BaseInit                            0x080031e5   Thumb Code   104  main.o(.text.Tim17BaseInit)
    [Anonymous Symbol]                       0x080031e4   Section        0  main.o(.text.Tim17BaseInit)
    __arm_cp.8_0                             0x08003244   Number         4  main.o(.text.Tim17BaseInit)
    __arm_cp.8_1                             0x08003248   Number         4  main.o(.text.Tim17BaseInit)
    Tim3BaseInit                             0x0800324d   Thumb Code   188  main.o(.text.Tim3BaseInit)
    [Anonymous Symbol]                       0x0800324c   Section        0  main.o(.text.Tim3BaseInit)
    __arm_cp.5_0                             0x080032fc   Number         4  main.o(.text.Tim3BaseInit)
    __arm_cp.5_1                             0x08003300   Number         4  main.o(.text.Tim3BaseInit)
    __arm_cp.5_2                             0x08003304   Number         4  main.o(.text.Tim3BaseInit)
    [Anonymous Symbol]                       0x08003308   Section        0  dev_flash.o(.text.UltraParam_Init)
    __arm_cp.2_2                             0x08003398   Number         4  dev_flash.o(.text.UltraParam_Init)
    [Anonymous Symbol]                       0x0800339c   Section        0  dev_flash.o(.text.UltraParam_Set)
    __arm_cp.3_0                             0x0800349c   Number         4  dev_flash.o(.text.UltraParam_Set)
    __arm_cp.3_1                             0x080034a0   Number         4  dev_flash.o(.text.UltraParam_Set)
    __arm_cp.3_2                             0x080034a4   Number         4  dev_flash.o(.text.UltraParam_Set)
    __arm_cp.3_3                             0x080034a8   Number         4  dev_flash.o(.text.UltraParam_Set)
    __arm_cp.3_4                             0x080034ac   Number         4  dev_flash.o(.text.UltraParam_Set)
    __arm_cp.3_5                             0x080034b0   Number         4  dev_flash.o(.text.UltraParam_Set)
    __arm_cp.3_6                             0x080034b4   Number         4  dev_flash.o(.text.UltraParam_Set)
    [Anonymous Symbol]                       0x080034b8   Section        0  dev_adc.o(.text.look1_iflf_binlxpw)
    [Anonymous Symbol]                       0x0800360c   Section        0  main.o(.text.main)
    __arm_cp.0_0                             0x0800368c   Number         4  main.o(.text.main)
    __arm_cp.0_1                             0x08003690   Number         4  main.o(.text.main)
    __arm_cp.0_2                             0x08003694   Number         4  main.o(.text.main)
    __arm_cp.0_3                             0x08003698   Number         4  main.o(.text.main)
    __arm_cp.0_4                             0x0800369c   Number         4  main.o(.text.main)
    __arm_cp.0_5                             0x080036a0   Number         4  main.o(.text.main)
    __arm_cp.0_6                             0x080036a4   Number         4  main.o(.text.main)
    __arm_cp.0_7                             0x080036a8   Number         4  main.o(.text.main)
    prvAddCurrentTaskToDelayedList           0x080036ad   Thumb Code   148  tasks.o(.text.prvAddCurrentTaskToDelayedList)
    [Anonymous Symbol]                       0x080036ac   Section        0  tasks.o(.text.prvAddCurrentTaskToDelayedList)
    __arm_cp.8_0                             0x0800372c   Number         4  tasks.o(.text.prvAddCurrentTaskToDelayedList)
    __arm_cp.8_3                             0x08003730   Number         4  tasks.o(.text.prvAddCurrentTaskToDelayedList)
    __arm_cp.8_4                             0x08003734   Number         4  tasks.o(.text.prvAddCurrentTaskToDelayedList)
    prvAddNewTaskToReadyList                 0x08003739   Thumb Code   232  tasks.o(.text.prvAddNewTaskToReadyList)
    [Anonymous Symbol]                       0x08003738   Section        0  tasks.o(.text.prvAddNewTaskToReadyList)
    __arm_cp.2_1                             0x08003808   Number         4  tasks.o(.text.prvAddNewTaskToReadyList)
    __arm_cp.2_2                             0x0800380c   Number         4  tasks.o(.text.prvAddNewTaskToReadyList)
    __arm_cp.2_3                             0x08003810   Number         4  tasks.o(.text.prvAddNewTaskToReadyList)
    __arm_cp.2_4                             0x08003814   Number         4  tasks.o(.text.prvAddNewTaskToReadyList)
    prvCheckTasksWaitingTermination          0x08003819   Thumb Code    84  tasks.o(.text.prvCheckTasksWaitingTermination)
    [Anonymous Symbol]                       0x08003818   Section        0  tasks.o(.text.prvCheckTasksWaitingTermination)
    __arm_cp.52_0                            0x08003860   Number         4  tasks.o(.text.prvCheckTasksWaitingTermination)
    __arm_cp.52_2                            0x08003864   Number         4  tasks.o(.text.prvCheckTasksWaitingTermination)
    prvDeleteTCB                             0x08003869   Thumb Code    28  tasks.o(.text.prvDeleteTCB)
    [Anonymous Symbol]                       0x08003868   Section        0  tasks.o(.text.prvDeleteTCB)
    prvHeapInit                              0x08003885   Thumb Code   176  heap_4.o(.text.prvHeapInit)
    [Anonymous Symbol]                       0x08003884   Section        0  heap_4.o(.text.prvHeapInit)
    __arm_cp.1_0                             0x0800391c   Number         4  heap_4.o(.text.prvHeapInit)
    __arm_cp.1_3                             0x08003920   Number         4  heap_4.o(.text.prvHeapInit)
    __arm_cp.1_4                             0x08003924   Number         4  heap_4.o(.text.prvHeapInit)
    __arm_cp.1_5                             0x08003928   Number         4  heap_4.o(.text.prvHeapInit)
    prvIdleTask                              0x0800392d   Thumb Code    40  tasks.o(.text.prvIdleTask)
    [Anonymous Symbol]                       0x0800392c   Section        0  tasks.o(.text.prvIdleTask)
    prvInitialiseNewTask                     0x08003951   Thumb Code   284  tasks.o(.text.prvInitialiseNewTask)
    [Anonymous Symbol]                       0x08003950   Section        0  tasks.o(.text.prvInitialiseNewTask)
    prvInitialiseTaskLists                   0x08003a6d   Thumb Code   116  tasks.o(.text.prvInitialiseTaskLists)
    [Anonymous Symbol]                       0x08003a6c   Section        0  tasks.o(.text.prvInitialiseTaskLists)
    __arm_cp.51_0                            0x08003ac4   Number         4  tasks.o(.text.prvInitialiseTaskLists)
    __arm_cp.51_1                            0x08003ac8   Number         4  tasks.o(.text.prvInitialiseTaskLists)
    __arm_cp.51_2                            0x08003acc   Number         4  tasks.o(.text.prvInitialiseTaskLists)
    __arm_cp.51_3                            0x08003ad0   Number         4  tasks.o(.text.prvInitialiseTaskLists)
    __arm_cp.51_4                            0x08003ad4   Number         4  tasks.o(.text.prvInitialiseTaskLists)
    __arm_cp.51_5                            0x08003ad8   Number         4  tasks.o(.text.prvInitialiseTaskLists)
    __arm_cp.51_6                            0x08003adc   Number         4  tasks.o(.text.prvInitialiseTaskLists)
    prvInsertBlockIntoFreeList               0x08003ae1   Thumb Code   192  heap_4.o(.text.prvInsertBlockIntoFreeList)
    [Anonymous Symbol]                       0x08003ae0   Section        0  heap_4.o(.text.prvInsertBlockIntoFreeList)
    __arm_cp.2_0                             0x08003b98   Number         4  heap_4.o(.text.prvInsertBlockIntoFreeList)
    __arm_cp.2_1                             0x08003b9c   Number         4  heap_4.o(.text.prvInsertBlockIntoFreeList)
    prvResetNextTaskUnblockTime              0x08003ba1   Thumb Code    56  tasks.o(.text.prvResetNextTaskUnblockTime)
    [Anonymous Symbol]                       0x08003ba0   Section        0  tasks.o(.text.prvResetNextTaskUnblockTime)
    __arm_cp.5_0                             0x08003bd0   Number         4  tasks.o(.text.prvResetNextTaskUnblockTime)
    __arm_cp.5_1                             0x08003bd4   Number         4  tasks.o(.text.prvResetNextTaskUnblockTime)
    prvTaskExitError                         0x08003bd9   Thumb Code    24  port.o(.text.prvTaskExitError)
    [Anonymous Symbol]                       0x08003bd8   Section        0  port.o(.text.prvTaskExitError)
    [Anonymous Symbol]                       0x08003bf0   Section        0  heap_4.o(.text.pvPortMalloc)
    __arm_cp.0_0                             0x08003d64   Number         4  heap_4.o(.text.pvPortMalloc)
    __arm_cp.0_3                             0x08003d68   Number         4  heap_4.o(.text.pvPortMalloc)
    __arm_cp.0_4                             0x08003d6c   Number         4  heap_4.o(.text.pvPortMalloc)
    __arm_cp.0_5                             0x08003d70   Number         4  heap_4.o(.text.pvPortMalloc)
    [Anonymous Symbol]                       0x08003d74   Section        0  port.o(.text.pxPortInitialiseStack)
    __arm_cp.0_0                             0x08003dc8   Number         4  port.o(.text.pxPortInitialiseStack)
    [Anonymous Symbol]                       0x08003dcc   Section        0  port.o(.text.ulSetInterruptMaskFromISR)
    [Anonymous Symbol]                       0x08003dd4   Section        0  list.o(.text.uxListRemove)
    [Anonymous Symbol]                       0x08003e20   Section        0  taskmanager.o(.text.vApplicationMallocFailedHook)
    [Anonymous Symbol]                       0x08003e26   Section        0  taskmanager.o(.text.vApplicationStackOverflowHook)
    [Anonymous Symbol]                       0x08003e3c   Section        0  taskmanager.o(.text.vApplicationTickHook)
    __arm_cp.3_0                             0x08003e48   Number         4  taskmanager.o(.text.vApplicationTickHook)
    [Anonymous Symbol]                       0x08003e4c   Section        0  port.o(.text.vClearInterruptMaskFromISR)
    [Anonymous Symbol]                       0x08003e52   Section        0  list.o(.text.vListInitialise)
    [Anonymous Symbol]                       0x08003e82   Section        0  list.o(.text.vListInitialiseItem)
    [Anonymous Symbol]                       0x08003e94   Section        0  list.o(.text.vListInsert)
    [Anonymous Symbol]                       0x08003f08   Section        0  list.o(.text.vListInsertEnd)
    [Anonymous Symbol]                       0x08003f4c   Section        0  port.o(.text.vPortEnterCritical)
    [Anonymous Symbol]                       0x08003f60   Section        0  port.o(.text.vPortExitCritical)
    [Anonymous Symbol]                       0x08003f78   Section        0  heap_4.o(.text.vPortFree)
    __arm_cp.3_0                             0x08003ff0   Number         4  heap_4.o(.text.vPortFree)
    __arm_cp.3_1                             0x08003ff4   Number         4  heap_4.o(.text.vPortFree)
    __arm_cp.3_2                             0x08003ff8   Number         4  heap_4.o(.text.vPortFree)
    [Anonymous Symbol]                       0x08003ffc   Section        0  port.o(.text.vPortSetupTimerInterrupt)
    __arm_cp.4_0                             0x0800402c   Number         4  port.o(.text.vPortSetupTimerInterrupt)
    __arm_cp.4_1                             0x08004030   Number         4  port.o(.text.vPortSetupTimerInterrupt)
    __arm_cp.4_2                             0x08004034   Number         4  port.o(.text.vPortSetupTimerInterrupt)
    __arm_cp.4_3                             0x08004038   Number         4  port.o(.text.vPortSetupTimerInterrupt)
    vPortStartFirstTask                      0x08004041   Thumb Code    52  port.o(.text.vPortStartFirstTask)
    [Anonymous Symbol]                       0x08004040   Section        0  port.o(.text.vPortStartFirstTask)
    pxCurrentTCBConst2                       0x08004070   Number         0  port.o(.text.vPortStartFirstTask)
    [Anonymous Symbol]                       0x08004074   Section        0  port.o(.text.vPortYield)
    __arm_cp.7_0                             0x08004088   Number         4  port.o(.text.vPortYield)
    [Anonymous Symbol]                       0x0800408c   Section        0  tasks.o(.text.vTaskDelay)
    [Anonymous Symbol]                       0x080040cc   Section        0  tasks.o(.text.vTaskDelete)
    __arm_cp.3_1                             0x08004184   Number         4  tasks.o(.text.vTaskDelete)
    __arm_cp.3_2                             0x08004188   Number         4  tasks.o(.text.vTaskDelete)
    __arm_cp.3_3                             0x0800418c   Number         4  tasks.o(.text.vTaskDelete)
    __arm_cp.3_4                             0x08004190   Number         4  tasks.o(.text.vTaskDelete)
    [Anonymous Symbol]                       0x08004194   Section        0  tasks.o(.text.vTaskStartScheduler)
    __arm_cp.14_0                            0x080041ec   Number         4  tasks.o(.text.vTaskStartScheduler)
    __arm_cp.14_1                            0x080041f0   Number         4  tasks.o(.text.vTaskStartScheduler)
    __arm_cp.14_2                            0x080041f4   Number         4  tasks.o(.text.vTaskStartScheduler)
    __arm_cp.14_4                            0x080041f8   Number         4  tasks.o(.text.vTaskStartScheduler)
    [Anonymous Symbol]                       0x080041fc   Section        0  tasks.o(.text.vTaskSuspendAll)
    [Anonymous Symbol]                       0x08004208   Section        0  tasks.o(.text.vTaskSwitchContext)
    __arm_cp.25_2                            0x080042d4   Number         4  tasks.o(.text.vTaskSwitchContext)
    __arm_cp.25_3                            0x080042d8   Number         4  tasks.o(.text.vTaskSwitchContext)
    [Anonymous Symbol]                       0x080042dc   Section        0  port.o(.text.xPortStartScheduler)
    __arm_cp.3_0                             0x08004314   Number         4  port.o(.text.xPortStartScheduler)
    __arm_cp.3_1                             0x08004318   Number         4  port.o(.text.xPortStartScheduler)
    [Anonymous Symbol]                       0x0800431c   Section        0  tasks.o(.text.xTaskCreate)
    [Anonymous Symbol]                       0x080043c8   Section        0  tasks.o(.text.xTaskIncrementTick)
    __arm_cp.17_0                            0x0800451c   Number         4  tasks.o(.text.xTaskIncrementTick)
    __arm_cp.17_2                            0x08004520   Number         4  tasks.o(.text.xTaskIncrementTick)
    __arm_cp.17_3                            0x08004524   Number         4  tasks.o(.text.xTaskIncrementTick)
    __arm_cp.17_4                            0x08004528   Number         4  tasks.o(.text.xTaskIncrementTick)
    __arm_cp.17_5                            0x0800452c   Number         4  tasks.o(.text.xTaskIncrementTick)
    __arm_cp.17_6                            0x08004530   Number         4  tasks.o(.text.xTaskIncrementTick)
    __arm_cp.17_7                            0x08004534   Number         4  tasks.o(.text.xTaskIncrementTick)
    __arm_cp.17_8                            0x08004538   Number         4  tasks.o(.text.xTaskIncrementTick)
    __arm_cp.17_9                            0x0800453c   Number         4  tasks.o(.text.xTaskIncrementTick)
    __arm_cp.17_10                           0x08004540   Number         4  tasks.o(.text.xTaskIncrementTick)
    [Anonymous Symbol]                       0x08004544   Section        0  tasks.o(.text.xTaskResumeAll)
    __arm_cp.9_0                             0x08004654   Number         4  tasks.o(.text.xTaskResumeAll)
    __arm_cp.9_1                             0x08004658   Number         4  tasks.o(.text.xTaskResumeAll)
    __arm_cp.9_2                             0x0800465c   Number         4  tasks.o(.text.xTaskResumeAll)
    __arm_cp.9_3                             0x08004660   Number         4  tasks.o(.text.xTaskResumeAll)
    __arm_cp.9_4                             0x08004664   Number         4  tasks.o(.text.xTaskResumeAll)
    __arm_cp.9_5                             0x08004668   Number         4  tasks.o(.text.xTaskResumeAll)
    __arm_cp.9_6                             0x0800466c   Number         4  tasks.o(.text.xTaskResumeAll)
    __arm_cp.9_7                             0x08004670   Number         4  tasks.o(.text.xTaskResumeAll)
    i.__ARM_clz                              0x08004674   Section        0  depilogue.o(i.__ARM_clz)
    i.__scatterload_copy                     0x080046a2   Section       14  handlers.o(i.__scatterload_copy)
    i.__scatterload_null                     0x080046b0   Section        2  handlers.o(i.__scatterload_null)
    i.__scatterload_zeroinit                 0x080046b2   Section       14  handlers.o(i.__scatterload_zeroinit)
    set_pwm_duty                             0x08004bc0   Data          12  dev_pwm.o(.rodata.set_pwm_duty)
    [Anonymous Symbol]                       0x08004bc0   Section        0  dev_pwm.o(.rodata.set_pwm_duty)
    .L.str                                   0x08004bcc   Data           5  tasks.o(.rodata.str1.1)
    [Anonymous Symbol]                       0x08004bcc   Section        0  tasks.o(.rodata.str1.1)
    .L.str                                   0x08004bd1   Data          12  app.o(.rodata.str1.1)
    [Anonymous Symbol]                       0x08004bd1   Section        0  app.o(.rodata.str1.1)
    .L.str.1                                 0x08004bdd   Data          14  app.o(.rodata.str1.1)
    .L.str.2                                 0x08004beb   Data          11  app.o(.rodata.str1.1)
    .L.str.3                                 0x08004bf6   Data          10  app.o(.rodata.str1.1)
    TIM17_IRQHandler.Key2_Sta                0x20000080   Data           1  ft32f0xx_it.o(.data.TIM17_IRQHandler.Key2_Sta)
    [Anonymous Symbol]                       0x20000080   Section        0  ft32f0xx_it.o(.data.TIM17_IRQHandler.Key2_Sta)
    dev_gpio_handle                          0x20000084   Data         104  dev_gpio.o(.data.dev_gpio_handle)
    [Anonymous Symbol]                       0x20000084   Section        0  dev_gpio.o(.data.dev_gpio_handle)
    uxCriticalNesting                        0x200000f0   Data           4  port.o(.data.uxCriticalNesting)
    [Anonymous Symbol]                       0x200000f0   Section        0  port.o(.data.uxCriticalNesting)
    ADC_MainFunc.SampleCount                 0x200000f8   Data           1  dev_adc.o(.bss.ADC_MainFunc.SampleCount)
    [Anonymous Symbol]                       0x200000f8   Section        0  dev_adc.o(.bss.ADC_MainFunc.SampleCount)
    ADC_MainFunc.Temp_R                      0x200000fc   Data           4  dev_adc.o(.bss.ADC_MainFunc.Temp_R)
    [Anonymous Symbol]                       0x200000fc   Section        0  dev_adc.o(.bss.ADC_MainFunc.Temp_R)
    ADC_MainFunc.Temp_T                      0x20000100   Data           4  dev_adc.o(.bss.ADC_MainFunc.Temp_T)
    [Anonymous Symbol]                       0x20000100   Section        0  dev_adc.o(.bss.ADC_MainFunc.Temp_T)
    ADC_MainFunc.Temp_V                      0x20000104   Data           4  dev_adc.o(.bss.ADC_MainFunc.Temp_V)
    [Anonymous Symbol]                       0x20000104   Section        0  dev_adc.o(.bss.ADC_MainFunc.Temp_V)
    ADC_MainFunc.Vol                         0x20000108   Data           4  dev_adc.o(.bss.ADC_MainFunc.Vol)
    [Anonymous Symbol]                       0x20000108   Section        0  dev_adc.o(.bss.ADC_MainFunc.Vol)
    Beep_MainFunc.BeepCount                  0x20000110   Data           1  app.o(.bss.Beep_MainFunc.BeepCount)
    [Anonymous Symbol]                       0x20000110   Section        0  app.o(.bss.Beep_MainFunc.BeepCount)
    Beep_MainFunc.BeepSta                    0x20000111   Data           1  app.o(.bss.Beep_MainFunc.BeepSta)
    [Anonymous Symbol]                       0x20000111   Section        0  app.o(.bss.Beep_MainFunc.BeepSta)
    StandyDete.StandyCount                   0x200001d4   Data           4  app.o(.bss.StandyDete.StandyCount)
    [Anonymous Symbol]                       0x200001d4   Section        0  app.o(.bss.StandyDete.StandyCount)
    TIM14_IRQHandler.ChargeCount             0x200001d8   Data           2  ft32f0xx_it.o(.bss.TIM14_IRQHandler.ChargeCount)
    [Anonymous Symbol]                       0x200001d8   Section        0  ft32f0xx_it.o(.bss.TIM14_IRQHandler.ChargeCount)
    TIM17_IRQHandler.Key1_Sta                0x200001da   Data           1  ft32f0xx_it.o(.bss.TIM17_IRQHandler.Key1_Sta)
    [Anonymous Symbol]                       0x200001da   Section        0  ft32f0xx_it.o(.bss.TIM17_IRQHandler.Key1_Sta)
    TIM17_IRQHandler.SetFlg                  0x200001db   Data           1  ft32f0xx_it.o(.bss.TIM17_IRQHandler.SetFlg)
    [Anonymous Symbol]                       0x200001db   Section        0  ft32f0xx_it.o(.bss.TIM17_IRQHandler.SetFlg)
    UltraParam_Set.Clear_Flg_old             0x200001dc   Data           1  dev_flash.o(.bss.UltraParam_Set.Clear_Flg_old)
    [Anonymous Symbol]                       0x200001dc   Section        0  dev_flash.o(.bss.UltraParam_Set.Clear_Flg_old)
    UltraParam_Set.SetFreq_Flg_old           0x200001dd   Data           1  dev_flash.o(.bss.UltraParam_Set.SetFreq_Flg_old)
    [Anonymous Symbol]                       0x200001dd   Section        0  dev_flash.o(.bss.UltraParam_Set.SetFreq_Flg_old)
    WorkTime                                 0x200001e8   Data           4  ft32f0xx_it.o(.bss.WorkTime)
    [Anonymous Symbol]                       0x200001e8   Section        0  ft32f0xx_it.o(.bss.WorkTime)
    pInitTaskHandle                          0x200001ec   Data           4  app.o(.bss.pInitTaskHandle)
    [Anonymous Symbol]                       0x200001ec   Section        0  app.o(.bss.pInitTaskHandle)
    pxDelayedTaskList                        0x200001f4   Data           4  tasks.o(.bss.pxDelayedTaskList)
    [Anonymous Symbol]                       0x200001f4   Section        0  tasks.o(.bss.pxDelayedTaskList)
    pxEnd                                    0x200001f8   Data           4  heap_4.o(.bss.pxEnd)
    [Anonymous Symbol]                       0x200001f8   Section        0  heap_4.o(.bss.pxEnd)
    pxOverflowDelayedTaskList                0x200001fc   Data           4  tasks.o(.bss.pxOverflowDelayedTaskList)
    [Anonymous Symbol]                       0x200001fc   Section        0  tasks.o(.bss.pxOverflowDelayedTaskList)
    pxReadyTasksLists                        0x20000200   Data         100  tasks.o(.bss.pxReadyTasksLists)
    [Anonymous Symbol]                       0x20000200   Section        0  tasks.o(.bss.pxReadyTasksLists)
    ucHeap                                   0x20000264   Data        3072  heap_4.o(.bss.ucHeap)
    [Anonymous Symbol]                       0x20000264   Section        0  heap_4.o(.bss.ucHeap)
    ulSystemTimeTickCount                    0x20000e64   Data           4  taskmanager.o(.bss.ulSystemTimeTickCount)
    [Anonymous Symbol]                       0x20000e64   Section        0  taskmanager.o(.bss.ulSystemTimeTickCount)
    uxCurrentNumberOfTasks                   0x20000e68   Data           4  tasks.o(.bss.uxCurrentNumberOfTasks)
    [Anonymous Symbol]                       0x20000e68   Section        0  tasks.o(.bss.uxCurrentNumberOfTasks)
    uxDeletedTasksWaitingCleanUp             0x20000e6c   Data           4  tasks.o(.bss.uxDeletedTasksWaitingCleanUp)
    [Anonymous Symbol]                       0x20000e6c   Section        0  tasks.o(.bss.uxDeletedTasksWaitingCleanUp)
    uxSchedulerSuspended                     0x20000e70   Data           4  tasks.o(.bss.uxSchedulerSuspended)
    [Anonymous Symbol]                       0x20000e70   Section        0  tasks.o(.bss.uxSchedulerSuspended)
    uxTaskNumber                             0x20000e74   Data           4  tasks.o(.bss.uxTaskNumber)
    [Anonymous Symbol]                       0x20000e74   Section        0  tasks.o(.bss.uxTaskNumber)
    uxTopReadyPriority                       0x20000e78   Data           4  tasks.o(.bss.uxTopReadyPriority)
    [Anonymous Symbol]                       0x20000e78   Section        0  tasks.o(.bss.uxTopReadyPriority)
    xBlockAllocatedBit                       0x20000e7c   Data           4  heap_4.o(.bss.xBlockAllocatedBit)
    [Anonymous Symbol]                       0x20000e7c   Section        0  heap_4.o(.bss.xBlockAllocatedBit)
    xDelayedTaskList1                        0x20000e80   Data          20  tasks.o(.bss.xDelayedTaskList1)
    [Anonymous Symbol]                       0x20000e80   Section        0  tasks.o(.bss.xDelayedTaskList1)
    xDelayedTaskList2                        0x20000e94   Data          20  tasks.o(.bss.xDelayedTaskList2)
    [Anonymous Symbol]                       0x20000e94   Section        0  tasks.o(.bss.xDelayedTaskList2)
    xFreeBytesRemaining                      0x20000ea8   Data           4  heap_4.o(.bss.xFreeBytesRemaining)
    [Anonymous Symbol]                       0x20000ea8   Section        0  heap_4.o(.bss.xFreeBytesRemaining)
    xIdleTaskHandle                          0x20000eac   Data           4  tasks.o(.bss.xIdleTaskHandle)
    [Anonymous Symbol]                       0x20000eac   Section        0  tasks.o(.bss.xIdleTaskHandle)
    xMinimumEverFreeBytesRemaining           0x20000eb0   Data           4  heap_4.o(.bss.xMinimumEverFreeBytesRemaining)
    [Anonymous Symbol]                       0x20000eb0   Section        0  heap_4.o(.bss.xMinimumEverFreeBytesRemaining)
    xNextTaskUnblockTime                     0x20000eb4   Data           4  tasks.o(.bss.xNextTaskUnblockTime)
    [Anonymous Symbol]                       0x20000eb4   Section        0  tasks.o(.bss.xNextTaskUnblockTime)
    xNumOfOverflows                          0x20000eb8   Data           4  tasks.o(.bss.xNumOfOverflows)
    [Anonymous Symbol]                       0x20000eb8   Section        0  tasks.o(.bss.xNumOfOverflows)
    xNumberOfSuccessfulAllocations           0x20000ebc   Data           4  heap_4.o(.bss.xNumberOfSuccessfulAllocations)
    [Anonymous Symbol]                       0x20000ebc   Section        0  heap_4.o(.bss.xNumberOfSuccessfulAllocations)
    xNumberOfSuccessfulFrees                 0x20000ec0   Data           4  heap_4.o(.bss.xNumberOfSuccessfulFrees)
    [Anonymous Symbol]                       0x20000ec0   Section        0  heap_4.o(.bss.xNumberOfSuccessfulFrees)
    xPendedTicks                             0x20000ec4   Data           4  tasks.o(.bss.xPendedTicks)
    [Anonymous Symbol]                       0x20000ec4   Section        0  tasks.o(.bss.xPendedTicks)
    xPendingReadyList                        0x20000ec8   Data          20  tasks.o(.bss.xPendingReadyList)
    [Anonymous Symbol]                       0x20000ec8   Section        0  tasks.o(.bss.xPendingReadyList)
    xSchedulerRunning                        0x20000edc   Data           4  tasks.o(.bss.xSchedulerRunning)
    [Anonymous Symbol]                       0x20000edc   Section        0  tasks.o(.bss.xSchedulerRunning)
    xStart                                   0x20000ee0   Data           8  heap_4.o(.bss.xStart)
    [Anonymous Symbol]                       0x20000ee0   Section        0  heap_4.o(.bss.xStart)
    xTasksWaitingTermination                 0x20000ee8   Data          20  tasks.o(.bss.xTasksWaitingTermination)
    [Anonymous Symbol]                       0x20000ee8   Section        0  tasks.o(.bss.xTasksWaitingTermination)
    xTickCount                               0x20000efc   Data           4  tasks.o(.bss.xTickCount)
    [Anonymous Symbol]                       0x20000efc   Section        0  tasks.o(.bss.xTickCount)
    xYieldPending                            0x20000f00   Data           4  tasks.o(.bss.xYieldPending)
    [Anonymous Symbol]                       0x20000f00   Section        0  tasks.o(.bss.xYieldPending)
    STACK                                    0x20000f08   Section     1024  startup_ft32f030x8.o(STACK)

    Global Symbols

    Symbol Name                              Value     Ov Type        Size  Object(Section)

    BuildAttributes$$THM_ISAv3M$S$PE$A:L22$X:L11$S22$IEEE1$IW$~IW$USESV6$~STKCKD$USESV7$~SHL$OTIME$ROPI$EBA8$MICROLIB$REQ8$PRES8$EABIv2 0x00000000   Number         0  anon$$obj.o ABSOLUTE
    __cpp_initialize__aeabi_                  - Undefined Weak Reference
    __cxa_finalize                            - Undefined Weak Reference
    __decompress                              - Undefined Weak Reference
    _clock_init                               - Undefined Weak Reference
    _microlib_exit                            - Undefined Weak Reference
    __Vectors_Size                           0x000000c0   Number         0  startup_ft32f030x8.o ABSOLUTE
    __Vectors                                0x08000000   Data           4  startup_ft32f030x8.o(RESET)
    __Vectors_End                            0x080000c0   Data           0  startup_ft32f030x8.o(RESET)
    __main                                   0x080000c1   Thumb Code     0  entry.o(.ARM.Collect$$$$00000000)
    _main_stk                                0x080000c1   Thumb Code     0  entry2.o(.ARM.Collect$$$$00000001)
    _main_scatterload                        0x080000c5   Thumb Code     0  entry5.o(.ARM.Collect$$$$00000004)
    __main_after_scatterload                 0x080000c9   Thumb Code     0  entry5.o(.ARM.Collect$$$$00000004)
    _main_clock                              0x080000c9   Thumb Code     0  entry7b.o(.ARM.Collect$$$$00000008)
    _main_cpp_init                           0x080000c9   Thumb Code     0  entry8b.o(.ARM.Collect$$$$0000000A)
    _main_init                               0x080000c9   Thumb Code     0  entry9a.o(.ARM.Collect$$$$0000000B)
    __rt_final_cpp                           0x080000d1   Thumb Code     0  entry10a.o(.ARM.Collect$$$$0000000D)
    __rt_final_exit                          0x080000d1   Thumb Code     0  entry11a.o(.ARM.Collect$$$$0000000F)
    Reset_Handler                            0x080000d5   Thumb Code    38  startup_ft32f030x8.o(.text)
    ADC1_IRQHandler                          0x08000105   Thumb Code     0  startup_ft32f030x8.o(.text)
    DMA1_Channel1_IRQHandler                 0x08000105   Thumb Code     0  startup_ft32f030x8.o(.text)
    DMA1_Channel2_3_IRQHandler               0x08000105   Thumb Code     0  startup_ft32f030x8.o(.text)
    DMA1_Channel4_5_IRQHandler               0x08000105   Thumb Code     0  startup_ft32f030x8.o(.text)
    EXTI0_1_IRQHandler                       0x08000105   Thumb Code     0  startup_ft32f030x8.o(.text)
    EXTI2_3_IRQHandler                       0x08000105   Thumb Code     0  startup_ft32f030x8.o(.text)
    FLASH_IRQHandler                         0x08000105   Thumb Code     0  startup_ft32f030x8.o(.text)
    I2C1_IRQHandler                          0x08000105   Thumb Code     0  startup_ft32f030x8.o(.text)
    I2C2_IRQHandler                          0x08000105   Thumb Code     0  startup_ft32f030x8.o(.text)
    PVD_VDDIO_IRQHandler                     0x08000105   Thumb Code     0  startup_ft32f030x8.o(.text)
    RCC_IRQHandler                           0x08000105   Thumb Code     0  startup_ft32f030x8.o(.text)
    RTC_IRQHandler                           0x08000105   Thumb Code     0  startup_ft32f030x8.o(.text)
    SPI1_IRQHandler                          0x08000105   Thumb Code     0  startup_ft32f030x8.o(.text)
    SPI2_IRQHandler                          0x08000105   Thumb Code     0  startup_ft32f030x8.o(.text)
    TIM15_IRQHandler                         0x08000105   Thumb Code     0  startup_ft32f030x8.o(.text)
    TIM16_IRQHandler                         0x08000105   Thumb Code     0  startup_ft32f030x8.o(.text)
    TIM1_BRK_UP_TRG_COM_IRQHandler           0x08000105   Thumb Code     0  startup_ft32f030x8.o(.text)
    TIM1_CC_IRQHandler                       0x08000105   Thumb Code     0  startup_ft32f030x8.o(.text)
    TIM3_IRQHandler                          0x08000105   Thumb Code     0  startup_ft32f030x8.o(.text)
    TIM6_IRQHandler                          0x08000105   Thumb Code     0  startup_ft32f030x8.o(.text)
    USART1_IRQHandler                        0x08000105   Thumb Code     0  startup_ft32f030x8.o(.text)
    USART2_IRQHandler                        0x08000105   Thumb Code     0  startup_ft32f030x8.o(.text)
    USB_IRQHandler                           0x08000105   Thumb Code     0  startup_ft32f030x8.o(.text)
    WWDG_IRQHandler                          0x08000105   Thumb Code     0  startup_ft32f030x8.o(.text)
    __aeabi_uidiv                            0x0800012d   Thumb Code     0  uidiv.o(.text)
    __aeabi_uidivmod                         0x0800012d   Thumb Code    44  uidiv.o(.text)
    __aeabi_memset                           0x08000159   Thumb Code    14  memseta.o(.text)
    __aeabi_memset4                          0x08000159   Thumb Code     0  memseta.o(.text)
    __aeabi_memset8                          0x08000159   Thumb Code     0  memseta.o(.text)
    __aeabi_memclr                           0x08000167   Thumb Code     4  memseta.o(.text)
    __aeabi_memclr4                          0x08000167   Thumb Code     0  memseta.o(.text)
    __aeabi_memclr8                          0x08000167   Thumb Code     0  memseta.o(.text)
    _memset$wrapper                          0x0800016b   Thumb Code    18  memseta.o(.text)
    __aeabi_fadd                             0x0800017d   Thumb Code   162  fadd.o(.text)
    __aeabi_fsub                             0x0800021f   Thumb Code     8  fadd.o(.text)
    __aeabi_frsub                            0x08000227   Thumb Code     8  fadd.o(.text)
    __aeabi_fmul                             0x0800022f   Thumb Code   122  fmul.o(.text)
    __aeabi_fdiv                             0x080002a9   Thumb Code   124  fdiv.o(.text)
    __aeabi_dadd                             0x08000325   Thumb Code   328  dadd.o(.text)
    __aeabi_dsub                             0x0800046d   Thumb Code    12  dadd.o(.text)
    __aeabi_drsub                            0x08000479   Thumb Code    12  dadd.o(.text)
    __aeabi_dmul                             0x08000489   Thumb Code   202  dmul.o(.text)
    __aeabi_ddiv                             0x08000559   Thumb Code   234  ddiv.o(.text)
    __aeabi_fcmple                           0x08000649   Thumb Code    28  fcmple.o(.text)
    __aeabi_fcmpge                           0x08000665   Thumb Code    28  fcmpge.o(.text)
    __aeabi_fcmpgt                           0x08000681   Thumb Code    28  fcmpgt.o(.text)
    __aeabi_i2f                              0x0800069d   Thumb Code    22  fflti.o(.text)
    __aeabi_i2d                              0x080006b5   Thumb Code    34  dflti.o(.text)
    __aeabi_ui2d                             0x080006dd   Thumb Code    24  dfltui.o(.text)
    __aeabi_d2iz                             0x080006f9   Thumb Code    62  dfixi.o(.text)
    __aeabi_d2uiz                            0x08000741   Thumb Code    50  dfixui.o(.text)
    __aeabi_f2d                              0x0800077d   Thumb Code    40  f2d.o(.text)
    __aeabi_d2f                              0x080007a5   Thumb Code    56  d2f.o(.text)
    __aeabi_llsl                             0x080007dd   Thumb Code    32  llshl.o(.text)
    _ll_shift_l                              0x080007dd   Thumb Code     0  llshl.o(.text)
    __aeabi_llsr                             0x080007fd   Thumb Code    34  llushr.o(.text)
    _ll_ushift_r                             0x080007fd   Thumb Code     0  llushr.o(.text)
    __aeabi_lasr                             0x0800081f   Thumb Code    38  llsshr.o(.text)
    _ll_sshift_r                             0x0800081f   Thumb Code     0  llsshr.o(.text)
    __I$use$fp                               0x08000845   Thumb Code     0  iusefp.o(.text)
    _float_round                             0x08000845   Thumb Code    16  fepilogue.o(.text)
    _float_epilogue                          0x08000855   Thumb Code   114  fepilogue.o(.text)
    _double_round                            0x080008c7   Thumb Code    26  depilogue.o(.text)
    _double_epilogue                         0x080008e1   Thumb Code   164  depilogue.o(.text)
    __scatterload                            0x08000985   Thumb Code    28  init.o(.text)
    __scatterload_rt2                        0x08000985   Thumb Code     0  init.o(.text)
    AD9833_InitIo                            0x080009ed   Thumb Code    50  dev_ad9877.o(.text.AD9833_InitIo)
    AD9833_SetPara                           0x08000c69   Thumb Code   180  dev_ad9877.o(.text.AD9833_SetPara)
    ADC_ChannelConfig                        0x08000e0b   Thumb Code    62  ft32f0xx_adc.o(.text.ADC_ChannelConfig)
    ADC_Cmd                                  0x08000e49   Thumb Code    52  ft32f0xx_adc.o(.text.ADC_Cmd)
    ADC_DMACmd                               0x08000e7d   Thumb Code    52  ft32f0xx_adc.o(.text.ADC_DMACmd)
    ADC_DMARequestModeConfig                 0x08000eb1   Thumb Code    40  ft32f0xx_adc.o(.text.ADC_DMARequestModeConfig)
    ADC_DeInit                               0x08000fe9   Thumb Code    56  ft32f0xx_adc.o(.text.ADC_DeInit)
    ADC_GetCalibrationFactor                 0x08001021   Thumb Code   130  ft32f0xx_adc.o(.text.ADC_GetCalibrationFactor)
    ADC_GetFlagStatus                        0x080010a3   Thumb Code    90  ft32f0xx_adc.o(.text.ADC_GetFlagStatus)
    ADC_Init                                 0x080010fd   Thumb Code    80  ft32f0xx_adc.o(.text.ADC_Init)
    ADC_MainFunc                             0x0800114d   Thumb Code   416  dev_adc.o(.text.ADC_MainFunc)
    ADC_StartOfConversion                    0x080012ed   Thumb Code    22  ft32f0xx_adc.o(.text.ADC_StartOfConversion)
    ADC_StructInit                           0x08001303   Thumb Code    38  ft32f0xx_adc.o(.text.ADC_StructInit)
    APP_Start                                0x08001329   Thumb Code    44  app.o(.text.APP_Start)
    Beep_MainFunc                            0x08001355   Thumb Code   444  app.o(.text.Beep_MainFunc)
    DMA_ClearFlag                            0x08001511   Thumb Code    40  ft32f0xx_dma.o(.text.DMA_ClearFlag)
    DMA_Cmd                                  0x08001535   Thumb Code    56  ft32f0xx_dma.o(.text.DMA_Cmd)
    DMA_DeInit                               0x08001569   Thumb Code   192  ft32f0xx_dma.o(.text.DMA_DeInit)
    DMA_GetFlagStatus                        0x08001629   Thumb Code    76  ft32f0xx_dma.o(.text.DMA_GetFlagStatus)
    DMA_Init                                 0x08001675   Thumb Code   112  ft32f0xx_dma.o(.text.DMA_Init)
    DevGpio_ReadInPut                        0x080016e5   Thumb Code    60  dev_gpio.o(.text.DevGpio_ReadInPut)
    DevGpio_SetOutPut                        0x0800171d   Thumb Code    72  dev_gpio.o(.text.DevGpio_SetOutPut)
    Devpwm_SetDuty                           0x08001765   Thumb Code    40  dev_pwm.o(.text.Devpwm_SetDuty)
    EXTI4_15_IRQHandler                      0x0800178d   Thumb Code   100  ft32f0xx_it.o(.text.EXTI4_15_IRQHandler)
    EXTI_ClearITPendingBit                   0x080017f1   Thumb Code    24  ft32f0xx_exti.o(.text.EXTI_ClearITPendingBit)
    EXTI_GetITStatus                         0x08001805   Thumb Code    56  ft32f0xx_exti.o(.text.EXTI_GetITStatus)
    EXTI_Init                                0x0800183d   Thumb Code   208  ft32f0xx_exti.o(.text.EXTI_Init)
    FLASH_ErasePage                          0x0800190d   Thumb Code   128  ft32f0xx_flash.o(.text.FLASH_ErasePage)
    FLASH_GetStatus                          0x08001989   Thumb Code    92  ft32f0xx_flash.o(.text.FLASH_GetStatus)
    FLASH_Lock                               0x080019e5   Thumb Code    16  ft32f0xx_flash.o(.text.FLASH_Lock)
    FLASH_PrefetchBufferCmd                  0x080019f1   Thumb Code    52  ft32f0xx_flash.o(.text.FLASH_PrefetchBufferCmd)
    FLASH_ProgramWord                        0x08001a25   Thumb Code   124  ft32f0xx_flash.o(.text.FLASH_ProgramWord)
    FLASH_Unlock                             0x08001a9d   Thumb Code    44  ft32f0xx_flash.o(.text.FLASH_Unlock)
    FLASH_WaitForLastOperation               0x08001ac9   Thumb Code   114  ft32f0xx_flash.o(.text.FLASH_WaitForLastOperation)
    Flash_Read                               0x08001c8d   Thumb Code   106  dev_flash.o(.text.Flash_Read)
    Flash_Write                              0x08001cf7   Thumb Code   192  dev_flash.o(.text.Flash_Write)
    GPIO_DeInit                              0x08001db9   Thumb Code   232  ft32f0xx_gpio.o(.text.GPIO_DeInit)
    GPIO_Init                                0x08001ea1   Thumb Code   236  ft32f0xx_gpio.o(.text.GPIO_Init)
    GPIO_PinAFConfig                         0x08001f8d   Thumb Code   112  ft32f0xx_gpio.o(.text.GPIO_PinAFConfig)
    GPIO_ReadInputDataBit                    0x08001ffd   Thumb Code    62  ft32f0xx_gpio.o(.text.GPIO_ReadInputDataBit)
    GPIO_ToggleBit                           0x0800203d   Thumb Code    76  dev_gpio.o(.text.GPIO_ToggleBit)
    GPIO_WriteBit                            0x08002089   Thumb Code    56  ft32f0xx_gpio.o(.text.GPIO_WriteBit)
    HardFault_Handler                        0x080020c1   Thumb Code     4  ft32f0xx_it.o(.text.HardFault_Handler)
    IWDG_Enable                              0x08002109   Thumb Code    16  ft32f0xx_iwdg.o(.text.IWDG_Enable)
    IWDG_ReloadCounter                       0x08002115   Thumb Code    16  ft32f0xx_iwdg.o(.text.IWDG_ReloadCounter)
    IWDG_SetPrescaler                        0x08002121   Thumb Code    24  ft32f0xx_iwdg.o(.text.IWDG_SetPrescaler)
    IWDG_SetReload                           0x08002139   Thumb Code    24  ft32f0xx_iwdg.o(.text.IWDG_SetReload)
    IWDG_WriteAccessCmd                      0x08002151   Thumb Code    24  ft32f0xx_iwdg.o(.text.IWDG_WriteAccessCmd)
    InitTask1                                0x08002169   Thumb Code   144  app.o(.text.InitTask1)
    LED_Init                                 0x080021f9   Thumb Code    28  app.o(.text.LED_Init)
    LED_MainFunc                             0x08002215   Thumb Code   268  app.o(.text.LED_MainFunc)
    Lipus_MainFunc                           0x08002319   Thumb Code   160  app.o(.text.Lipus_MainFunc)
    NMI_Handler                              0x08002405   Thumb Code     2  ft32f0xx_it.o(.text.NMI_Handler)
    NVIC_Init                                0x08002409   Thumb Code   148  ft32f0xx_misc.o(.text.NVIC_Init)
    PIDController_Init                       0x0800249d   Thumb Code    94  dev_pid.o(.text.PIDController_Init)
    PendSV_Handler                           0x08002501   Thumb Code    68  port.o(.text.PendSV_Handler)
    Power_MainFunc                           0x08002545   Thumb Code   200  app.o(.text.Power_MainFunc)
    RCC_AHBPeriphClockCmd                    0x08002601   Thumb Code    56  ft32f0xx_rcc.o(.text.RCC_AHBPeriphClockCmd)
    RCC_AHBPeriphResetCmd                    0x08002639   Thumb Code    56  ft32f0xx_rcc.o(.text.RCC_AHBPeriphResetCmd)
    RCC_APB1PeriphClockCmd                   0x08002671   Thumb Code    56  ft32f0xx_rcc.o(.text.RCC_APB1PeriphClockCmd)
    RCC_APB2PeriphClockCmd                   0x080026a9   Thumb Code    56  ft32f0xx_rcc.o(.text.RCC_APB2PeriphClockCmd)
    RCC_APB2PeriphResetCmd                   0x080026e1   Thumb Code    56  ft32f0xx_rcc.o(.text.RCC_APB2PeriphResetCmd)
    SVC_Handler                              0x08002719   Thumb Code     2  port.o(.text.SVC_Handler)
    SYSCFG_EXTILineConfig                    0x0800271d   Thumb Code    84  ft32f0xx_syscfg.o(.text.SYSCFG_EXTILineConfig)
    StandyDete                               0x080028fd   Thumb Code    60  app.o(.text.StandyDete)
    SysTick_Handler                          0x08002935   Thumb Code    44  port.o(.text.SysTick_Handler)
    SystemInit                               0x08002961   Thumb Code   124  system_ft32f0xx.o(.text.SystemInit)
    TIM14_IRQHandler                         0x080029dd   Thumb Code   160  ft32f0xx_it.o(.text.TIM14_IRQHandler)
    TIM17_IRQHandler                         0x08002a71   Thumb Code   648  ft32f0xx_it.o(.text.TIM17_IRQHandler)
    TIM_ClearITPendingBit                    0x08002cf9   Thumb Code    28  ft32f0xx_tim.o(.text.TIM_ClearITPendingBit)
    TIM_Cmd                                  0x08002d15   Thumb Code    52  ft32f0xx_tim.o(.text.TIM_Cmd)
    TIM_CtrlPWMOutputs                       0x08002d49   Thumb Code    64  ft32f0xx_tim.o(.text.TIM_CtrlPWMOutputs)
    TIM_GetITStatus                          0x08002d89   Thumb Code    94  ft32f0xx_tim.o(.text.TIM_GetITStatus)
    TIM_ITConfig                             0x08002de7   Thumb Code    64  ft32f0xx_tim.o(.text.TIM_ITConfig)
    TIM_OC1Init                              0x08002e29   Thumb Code   284  ft32f0xx_tim.o(.text.TIM_OC1Init)
    TIM_SetCompare1                          0x08002f35   Thumb Code    24  ft32f0xx_tim.o(.text.TIM_SetCompare1)
    TIM_TimeBaseInit                         0x08002f4d   Thumb Code   224  ft32f0xx_tim.o(.text.TIM_TimeBaseInit)
    UltraParam_Init                          0x08003309   Thumb Code   156  dev_flash.o(.text.UltraParam_Init)
    UltraParam_Set                           0x0800339d   Thumb Code   284  dev_flash.o(.text.UltraParam_Set)
    look1_iflf_binlxpw                       0x080034b9   Thumb Code   340  dev_adc.o(.text.look1_iflf_binlxpw)
    main                                     0x0800360d   Thumb Code   160  main.o(.text.main)
    pvPortMalloc                             0x08003bf1   Thumb Code   396  heap_4.o(.text.pvPortMalloc)
    pxPortInitialiseStack                    0x08003d75   Thumb Code    88  port.o(.text.pxPortInitialiseStack)
    ulSetInterruptMaskFromISR                0x08003dcd   Thumb Code     8  port.o(.text.ulSetInterruptMaskFromISR)
    uxListRemove                             0x08003dd5   Thumb Code    76  list.o(.text.uxListRemove)
    vApplicationMallocFailedHook             0x08003e21   Thumb Code     6  taskmanager.o(.text.vApplicationMallocFailedHook)
    vApplicationStackOverflowHook            0x08003e27   Thumb Code    20  taskmanager.o(.text.vApplicationStackOverflowHook)
    vApplicationTickHook                     0x08003e3d   Thumb Code    16  taskmanager.o(.text.vApplicationTickHook)
    vClearInterruptMaskFromISR               0x08003e4d   Thumb Code     6  port.o(.text.vClearInterruptMaskFromISR)
    vListInitialise                          0x08003e53   Thumb Code    48  list.o(.text.vListInitialise)
    vListInitialiseItem                      0x08003e83   Thumb Code    18  list.o(.text.vListInitialiseItem)
    vListInsert                              0x08003e95   Thumb Code   116  list.o(.text.vListInsert)
    vListInsertEnd                           0x08003f09   Thumb Code    66  list.o(.text.vListInsertEnd)
    vPortEnterCritical                       0x08003f4d   Thumb Code    24  port.o(.text.vPortEnterCritical)
    vPortExitCritical                        0x08003f61   Thumb Code    28  port.o(.text.vPortExitCritical)
    vPortFree                                0x08003f79   Thumb Code   132  heap_4.o(.text.vPortFree)
    vPortSetupTimerInterrupt                 0x08003ffd   Thumb Code    64  port.o(.text.vPortSetupTimerInterrupt)
    vPortYield                               0x08004075   Thumb Code    24  port.o(.text.vPortYield)
    vTaskDelay                               0x0800408d   Thumb Code    64  tasks.o(.text.vTaskDelay)
    vTaskDelete                              0x080040cd   Thumb Code   208  tasks.o(.text.vTaskDelete)
    vTaskStartScheduler                      0x08004195   Thumb Code   112  tasks.o(.text.vTaskStartScheduler)
    vTaskSuspendAll                          0x080041fd   Thumb Code    16  tasks.o(.text.vTaskSuspendAll)
    vTaskSwitchContext                       0x08004209   Thumb Code   228  tasks.o(.text.vTaskSwitchContext)
    xPortStartScheduler                      0x080042dd   Thumb Code    64  port.o(.text.xPortStartScheduler)
    xTaskCreate                              0x0800431d   Thumb Code   170  tasks.o(.text.xTaskCreate)
    xTaskIncrementTick                       0x080043c9   Thumb Code   384  tasks.o(.text.xTaskIncrementTick)
    xTaskResumeAll                           0x08004545   Thumb Code   304  tasks.o(.text.xTaskResumeAll)
    __ARM_clz                                0x08004675   Thumb Code    46  depilogue.o(i.__ARM_clz)
    __scatterload_copy                       0x080046a3   Thumb Code    14  handlers.o(i.__scatterload_copy)
    __scatterload_null                       0x080046b1   Thumb Code     2  handlers.o(i.__scatterload_null)
    __scatterload_zeroinit                   0x080046b3   Thumb Code    14  handlers.o(i.__scatterload_zeroinit)
    INP_HWTemp1_R                            0x080046c0   Data         640  dev_adc.o(.rodata.INP_HWTemp1_R)
    OUT_HWTemp1_T                            0x08004940   Data         640  dev_adc.o(.rodata.OUT_HWTemp1_T)
    Region$$Table$$Base                      0x08004c00   Number         0  anon$$obj.o(Region$$Table)
    Region$$Table$$Limit                     0x08004c20   Number         0  anon$$obj.o(Region$$Table)
    Motor_Level                              0x20000000   Data           1  ft32f0xx_it.o(.data.Motor_Level)
    PowerOff_Flg                             0x20000001   Data           1  main.o(.data.PowerOff_Flg)
    SampleVol_Buff                           0x20000004   Data         120  dev_adc.o(.data.SampleVol_Buff)
    SystemCoreClock                          0x2000007c   Data           4  system_ft32f0xx.o(.data.SystemCoreClock)
    UltraModule                              0x20000081   Data           1  ft32f0xx_it.o(.data.UltraModule)
    lsi_freq                                 0x200000ec   Data           4  main.o(.data.lsi_freq)
    Battery_vol                              0x2000010c   Data           4  dev_adc.o(.bss.Battery_vol)
    Beep_SatrtFlg                            0x20000112   Data           1  ft32f0xx_it.o(.bss.Beep_SatrtFlg)
    ChargeFlg                                0x20000113   Data           1  app.o(.bss.ChargeFlg)
    Clear_Flg                                0x20000114   Data           1  ft32f0xx_it.o(.bss.Clear_Flg)
    CycleTime                                0x20000116   Data           2  ft32f0xx_it.o(.bss.CycleTime)
    DMA_DualConvertedValue                   0x20000118   Data           4  main.o(.bss.DMA_DualConvertedValue)
    Data_Store                               0x2000011c   Data           4  dev_flash.o(.bss.Data_Store)
    KEY1_Count                               0x20000120   Data           4  ft32f0xx_it.o(.bss.KEY1_Count)
    KEY1_Flg                                 0x20000124   Data           1  ft32f0xx_it.o(.bss.KEY1_Flg)
    KEY2_Count                               0x20000128   Data           4  ft32f0xx_it.o(.bss.KEY2_Count)
    KEY2_Flg                                 0x2000012c   Data           1  ft32f0xx_it.o(.bss.KEY2_Flg)
    Led_GreenFlg                             0x2000012d   Data           1  app.o(.bss.Led_GreenFlg)
    Led_RedFlg                               0x2000012e   Data           1  app.o(.bss.Led_RedFlg)
    POWER_Count                              0x20000130   Data           4  ft32f0xx_it.o(.bss.POWER_Count)
    Pid_Contronl                             0x20000134   Data          32  dev_pid.o(.bss.Pid_Contronl)
    PowerOn_Flg                              0x20000154   Data           1  ft32f0xx_it.o(.bss.PowerOn_Flg)
    SampleTemp_Buff                          0x20000158   Data         120  dev_adc.o(.bss.SampleTemp_Buff)
    SetFreq_Flg                              0x200001d0   Data           1  ft32f0xx_it.o(.bss.SetFreq_Flg)
    Ultra_Temp                               0x200001e0   Data           4  dev_adc.o(.bss.Ultra_Temp)
    WorkStart_Flg                            0x200001e4   Data           1  ft32f0xx_it.o(.bss.WorkStart_Flg)
    pxCurrentTCB                             0x200001f0   Data           4  tasks.o(.bss.pxCurrentTCB)
    __initial_sp                             0x20001308   Data           0  startup_ft32f030x8.o(STACK)



==============================================================================

Memory Map of the image

  Image Entry point : 0x080000d5

  Load Region LR_1 (Base: 0x08000000, Size: 0x00004d14, Max: 0xffffffff, ABSOLUTE)

    Execution Region ER_RO (Exec base: 0x08000000, Load base: 0x08000000, Size: 0x00004c20, Max: 0xffffffff, ABSOLUTE)

    Exec Addr    Load Addr    Size         Type   Attr      Idx    E Section Name        Object

    0x08000000   0x08000000   0x000000c0   Data   RO         1637    RESET               startup_ft32f030x8.o
    0x080000c0   0x080000c0   0x00000000   Code   RO         1662  * .ARM.Collect$$$$00000000  mc_p.l(entry.o)
    0x080000c0   0x080000c0   0x00000004   Code   RO         1705    .ARM.Collect$$$$00000001  mc_p.l(entry2.o)
    0x080000c4   0x080000c4   0x00000004   Code   RO         1708    .ARM.Collect$$$$00000004  mc_p.l(entry5.o)
    0x080000c8   0x080000c8   0x00000000   Code   RO         1710    .ARM.Collect$$$$00000008  mc_p.l(entry7b.o)
    0x080000c8   0x080000c8   0x00000000   Code   RO         1712    .ARM.Collect$$$$0000000A  mc_p.l(entry8b.o)
    0x080000c8   0x080000c8   0x00000008   Code   RO         1713    .ARM.Collect$$$$0000000B  mc_p.l(entry9a.o)
    0x080000d0   0x080000d0   0x00000000   Code   RO         1715    .ARM.Collect$$$$0000000D  mc_p.l(entry10a.o)
    0x080000d0   0x080000d0   0x00000000   Code   RO         1717    .ARM.Collect$$$$0000000F  mc_p.l(entry11a.o)
    0x080000d0   0x080000d0   0x00000004   Code   RO         1706    .ARM.Collect$$$$00002712  mc_p.l(entry2.o)
    0x080000d4   0x080000d4   0x00000058   Code   RO         1638  * .text               startup_ft32f030x8.o
    0x0800012c   0x0800012c   0x0000002c   Code   RO         1665    .text               mc_p.l(uidiv.o)
    0x08000158   0x08000158   0x00000024   Code   RO         1669    .text               mc_p.l(memseta.o)
    0x0800017c   0x0800017c   0x000000b2   Code   RO         1673    .text               mf_p.l(fadd.o)
    0x0800022e   0x0800022e   0x0000007a   Code   RO         1675    .text               mf_p.l(fmul.o)
    0x080002a8   0x080002a8   0x0000007c   Code   RO         1677    .text               mf_p.l(fdiv.o)
    0x08000324   0x08000324   0x00000164   Code   RO         1679    .text               mf_p.l(dadd.o)
    0x08000488   0x08000488   0x000000d0   Code   RO         1681    .text               mf_p.l(dmul.o)
    0x08000558   0x08000558   0x000000f0   Code   RO         1683    .text               mf_p.l(ddiv.o)
    0x08000648   0x08000648   0x0000001c   Code   RO         1685    .text               mf_p.l(fcmple.o)
    0x08000664   0x08000664   0x0000001c   Code   RO         1687    .text               mf_p.l(fcmpge.o)
    0x08000680   0x08000680   0x0000001c   Code   RO         1689    .text               mf_p.l(fcmpgt.o)
    0x0800069c   0x0800069c   0x00000016   Code   RO         1691    .text               mf_p.l(fflti.o)
    0x080006b2   0x080006b2   0x00000002   PAD
    0x080006b4   0x080006b4   0x00000028   Code   RO         1693    .text               mf_p.l(dflti.o)
    0x080006dc   0x080006dc   0x0000001c   Code   RO         1695    .text               mf_p.l(dfltui.o)
    0x080006f8   0x080006f8   0x00000048   Code   RO         1697    .text               mf_p.l(dfixi.o)
    0x08000740   0x08000740   0x0000003c   Code   RO         1699    .text               mf_p.l(dfixui.o)
    0x0800077c   0x0800077c   0x00000028   Code   RO         1701    .text               mf_p.l(f2d.o)
    0x080007a4   0x080007a4   0x00000038   Code   RO         1703    .text               mf_p.l(d2f.o)
    0x080007dc   0x080007dc   0x00000020   Code   RO         1719    .text               mc_p.l(llshl.o)
    0x080007fc   0x080007fc   0x00000022   Code   RO         1721    .text               mc_p.l(llushr.o)
    0x0800081e   0x0800081e   0x00000026   Code   RO         1723    .text               mc_p.l(llsshr.o)
    0x08000844   0x08000844   0x00000000   Code   RO         1725    .text               mc_p.l(iusefp.o)
    0x08000844   0x08000844   0x00000082   Code   RO         1726    .text               mf_p.l(fepilogue.o)
    0x080008c6   0x080008c6   0x000000be   Code   RO         1728    .text               mf_p.l(depilogue.o)
    0x08000984   0x08000984   0x00000024   Code   RO         1732    .text               mc_p.l(init.o)
    0x080009a8   0x080009a8   0x00000024   Code   RO          458    .text.AD9833_Delay  dev_ad9877.o
    0x080009cc   0x080009cc   0x00000020   Code   RO          452    .text.AD9833_FSYNC_Set  dev_ad9877.o
    0x080009ec   0x080009ec   0x00000032   Code   RO          450    .text.AD9833_InitIo  dev_ad9877.o
    0x08000a1e   0x08000a1e   0x00000020   Code   RO          454    .text.AD9833_SCLK_Set  dev_ad9877.o
    0x08000a3e   0x08000a3e   0x00000020   Code   RO          456    .text.AD9833_SDATA_Set  dev_ad9877.o
    0x08000a5e   0x08000a5e   0x000000b8   Code   RO          442    .text.AD9833_SendData  dev_ad9877.o
    0x08000b16   0x08000b16   0x00000002   PAD
    0x08000b18   0x08000b18   0x000000d0   Code   RO          444    .text.AD9833_SendFrequency  dev_ad9877.o
    0x08000be8   0x08000be8   0x00000036   Code   RO          446    .text.AD9833_SendPhase  dev_ad9877.o
    0x08000c1e   0x08000c1e   0x0000004a   Code   RO          448    .text.AD9833_SendWave  dev_ad9877.o
    0x08000c68   0x08000c68   0x000000b4   Code   RO          440    .text.AD9833_SetPara  dev_ad9877.o
    0x08000d1c   0x08000d1c   0x000000ee   Code   RO          472    .text.ADCSample_Filter  dev_adc.o
    0x08000e0a   0x08000e0a   0x0000003e   Code   RO          589    .text.ADC_ChannelConfig  ft32f0xx_adc.o
    0x08000e48   0x08000e48   0x00000034   Code   RO          565    .text.ADC_Cmd       ft32f0xx_adc.o
    0x08000e7c   0x08000e7c   0x00000034   Code   RO          605    .text.ADC_DMACmd    ft32f0xx_adc.o
    0x08000eb0   0x08000eb0   0x00000028   Code   RO          607    .text.ADC_DMARequestModeConfig  ft32f0xx_adc.o
    0x08000ed8   0x08000ed8   0x00000110   Code   RO           46    .text.ADC_DMA_Config  main.o
    0x08000fe8   0x08000fe8   0x00000038   Code   RO          559    .text.ADC_DeInit    ft32f0xx_adc.o
    0x08001020   0x08001020   0x00000082   Code   RO          597    .text.ADC_GetCalibrationFactor  ft32f0xx_adc.o
    0x080010a2   0x080010a2   0x0000005a   Code   RO          611    .text.ADC_GetFlagStatus  ft32f0xx_adc.o
    0x080010fc   0x080010fc   0x00000050   Code   RO          561    .text.ADC_Init      ft32f0xx_adc.o
    0x0800114c   0x0800114c   0x000001a0   Code   RO          470    .text.ADC_MainFunc  dev_adc.o
    0x080012ec   0x080012ec   0x00000016   Code   RO          601    .text.ADC_StartOfConversion  ft32f0xx_adc.o
    0x08001302   0x08001302   0x00000026   Code   RO          563    .text.ADC_StructInit  ft32f0xx_adc.o
    0x08001328   0x08001328   0x0000002c   Code   RO          400    .text.APP_Start     app.o
    0x08001354   0x08001354   0x000001bc   Code   RO          406    .text.Beep_MainFunc  app.o
    0x08001510   0x08001510   0x00000024   Code   RO          767    .text.DMA_ClearFlag  ft32f0xx_dma.o
    0x08001534   0x08001534   0x00000034   Code   RO          757    .text.DMA_Cmd       ft32f0xx_dma.o
    0x08001568   0x08001568   0x000000c0   Code   RO          751    .text.DMA_DeInit    ft32f0xx_dma.o
    0x08001628   0x08001628   0x0000004c   Code   RO          765    .text.DMA_GetFlagStatus  ft32f0xx_dma.o
    0x08001674   0x08001674   0x00000070   Code   RO          753    .text.DMA_Init      ft32f0xx_dma.o
    0x080016e4   0x080016e4   0x00000038   Code   RO          515    .text.DevGpio_ReadInPut  dev_gpio.o
    0x0800171c   0x0800171c   0x00000048   Code   RO          513    .text.DevGpio_SetOutPut  dev_gpio.o
    0x08001764   0x08001764   0x00000028   Code   RO          542    .text.Devpwm_SetDuty  dev_pwm.o
    0x0800178c   0x0800178c   0x00000064   Code   RO           10    .text.EXTI4_15_IRQHandler  ft32f0xx_it.o
    0x080017f0   0x080017f0   0x00000014   Code   RO          795    .text.EXTI_ClearITPendingBit  ft32f0xx_exti.o
    0x08001804   0x08001804   0x00000038   Code   RO          793    .text.EXTI_GetITStatus  ft32f0xx_exti.o
    0x0800183c   0x0800183c   0x000000d0   Code   RO          783    .text.EXTI_Init     ft32f0xx_exti.o
    0x0800190c   0x0800190c   0x0000007c   Code   RO          815    .text.FLASH_ErasePage  ft32f0xx_flash.o
    0x08001988   0x08001988   0x0000005c   Code   RO          859    .text.FLASH_GetStatus  ft32f0xx_flash.o
    0x080019e4   0x080019e4   0x0000000c   Code   RO          813    .text.FLASH_Lock    ft32f0xx_flash.o
    0x080019f0   0x080019f0   0x00000034   Code   RO          807    .text.FLASH_PrefetchBufferCmd  ft32f0xx_flash.o
    0x08001a24   0x08001a24   0x00000078   Code   RO          821    .text.FLASH_ProgramWord  ft32f0xx_flash.o
    0x08001a9c   0x08001a9c   0x0000002c   Code   RO          811    .text.FLASH_Unlock  ft32f0xx_flash.o
    0x08001ac8   0x08001ac8   0x00000072   Code   RO          817    .text.FLASH_WaitForLastOperation  ft32f0xx_flash.o
    0x08001b3a   0x08001b3a   0x00000074   Code   RO           44    .text.FT32_EXIT_Init  main.o
    0x08001bae   0x08001bae   0x0000006c   Code   RO           40    .text.FT32_GPIOA_Init  main.o
    0x08001c1a   0x08001c1a   0x00000002   PAD
    0x08001c1c   0x08001c1c   0x00000070   Code   RO           42    .text.FT32_GPIOB_Init  main.o
    0x08001c8c   0x08001c8c   0x0000006a   Code   RO          496    .text.Flash_Read    dev_flash.o
    0x08001cf6   0x08001cf6   0x000000c0   Code   RO          494    .text.Flash_Write   dev_flash.o
    0x08001db6   0x08001db6   0x00000002   PAD
    0x08001db8   0x08001db8   0x000000e8   Code   RO          869    .text.GPIO_DeInit   ft32f0xx_gpio.o
    0x08001ea0   0x08001ea0   0x000000ec   Code   RO          871    .text.GPIO_Init     ft32f0xx_gpio.o
    0x08001f8c   0x08001f8c   0x00000070   Code   RO          893    .text.GPIO_PinAFConfig  ft32f0xx_gpio.o
    0x08001ffc   0x08001ffc   0x0000003e   Code   RO          877    .text.GPIO_ReadInputDataBit  ft32f0xx_gpio.o
    0x0800203a   0x0800203a   0x00000002   PAD
    0x0800203c   0x0800203c   0x0000004c   Code   RO          517    .text.GPIO_ToggleBit  dev_gpio.o
    0x08002088   0x08002088   0x00000038   Code   RO          889    .text.GPIO_WriteBit  ft32f0xx_gpio.o
    0x080020c0   0x080020c0   0x00000004   Code   RO            4    .text.HardFault_Handler  ft32f0xx_it.o
    0x080020c4   0x080020c4   0x00000016   Code   RO          394    .text.HighProTask   app.o
    0x080020da   0x080020da   0x00000002   PAD
    0x080020dc   0x080020dc   0x0000002c   Code   RO           58    .text.IWDG_Config   main.o
    0x08002108   0x08002108   0x0000000c   Code   RO         1005    .text.IWDG_Enable   ft32f0xx_iwdg.o
    0x08002114   0x08002114   0x0000000c   Code   RO         1001    .text.IWDG_ReloadCounter  ft32f0xx_iwdg.o
    0x08002120   0x08002120   0x00000018   Code   RO          997    .text.IWDG_SetPrescaler  ft32f0xx_iwdg.o
    0x08002138   0x08002138   0x00000018   Code   RO          999    .text.IWDG_SetReload  ft32f0xx_iwdg.o
    0x08002150   0x08002150   0x00000018   Code   RO          995    .text.IWDG_WriteAccessCmd  ft32f0xx_iwdg.o
    0x08002168   0x08002168   0x00000090   Code   RO          392    .text.InitTask1     app.o
    0x080021f8   0x080021f8   0x0000001c   Code   RO          402    .text.LED_Init      app.o
    0x08002214   0x08002214   0x00000104   Code   RO          404    .text.LED_MainFunc  app.o
    0x08002318   0x08002318   0x000000a0   Code   RO          412    .text.Lipus_MainFunc  app.o
    0x080023b8   0x080023b8   0x00000022   Code   RO          398    .text.LowProTask    app.o
    0x080023da   0x080023da   0x00000002   PAD
    0x080023dc   0x080023dc   0x00000028   Code   RO          396    .text.MediumProTask  app.o
    0x08002404   0x08002404   0x00000002   Code   RO            2    .text.NMI_Handler   ft32f0xx_it.o
    0x08002406   0x08002406   0x00000002   PAD
    0x08002408   0x08002408   0x00000094   Code   RO         1017    .text.NVIC_Init     ft32f0xx_misc.o
    0x0800249c   0x0800249c   0x0000005e   Code   RO          529    .text.PIDController_Init  dev_pid.o
    0x080024fa   0x080024fa   0x00000006   PAD
    0x08002500   0x08002500   0x00000044   Code   RO          379    .text.PendSV_Handler  port.o
    0x08002544   0x08002544   0x000000bc   Code   RO          414    .text.Power_MainFunc  app.o
    0x08002600   0x08002600   0x00000038   Code   RO         1119    .text.RCC_AHBPeriphClockCmd  ft32f0xx_rcc.o
    0x08002638   0x08002638   0x00000038   Code   RO         1125    .text.RCC_AHBPeriphResetCmd  ft32f0xx_rcc.o
    0x08002670   0x08002670   0x00000038   Code   RO         1123    .text.RCC_APB1PeriphClockCmd  ft32f0xx_rcc.o
    0x080026a8   0x080026a8   0x00000038   Code   RO         1121    .text.RCC_APB2PeriphClockCmd  ft32f0xx_rcc.o
    0x080026e0   0x080026e0   0x00000038   Code   RO         1127    .text.RCC_APB2PeriphResetCmd  ft32f0xx_rcc.o
    0x08002718   0x08002718   0x00000002   Code   RO          359    .text.SVC_Handler   port.o
    0x0800271a   0x0800271a   0x00000002   PAD
    0x0800271c   0x0800271c   0x00000054   Code   RO         1324    .text.SYSCFG_EXTILineConfig  ft32f0xx_syscfg.o
    0x08002770   0x08002770   0x00000008   Code   RO         1647    .text.SetSysClock   system_ft32f0xx.o
    0x08002778   0x08002778   0x000000dc   Code   RO         1651    .text.SetSysClockTo72  system_ft32f0xx.o
    0x08002854   0x08002854   0x00000030   Code   RO          544    .text.Set_PWM1_Duty  dev_pwm.o
    0x08002884   0x08002884   0x0000003c   Code   RO          546    .text.Set_PWM2_Duty  dev_pwm.o
    0x080028c0   0x080028c0   0x0000003c   Code   RO          548    .text.Set_PWM3_Duty  dev_pwm.o
    0x080028fc   0x080028fc   0x00000038   Code   RO          418    .text.StandyDete    app.o
    0x08002934   0x08002934   0x0000002c   Code   RO          381    .text.SysTick_Handler  port.o
    0x08002960   0x08002960   0x0000007c   Code   RO         1645    .text.SystemInit    system_ft32f0xx.o
    0x080029dc   0x080029dc   0x00000094   Code   RO            6    .text.TIM14_IRQHandler  ft32f0xx_it.o
    0x08002a70   0x08002a70   0x00000288   Code   RO            8    .text.TIM17_IRQHandler  ft32f0xx_it.o
    0x08002cf8   0x08002cf8   0x0000001c   Code   RO         1488    .text.TIM_ClearITPendingBit  ft32f0xx_tim.o
    0x08002d14   0x08002d14   0x00000034   Code   RO         1364    .text.TIM_Cmd       ft32f0xx_tim.o
    0x08002d48   0x08002d48   0x00000040   Code   RO         1370    .text.TIM_CtrlPWMOutputs  ft32f0xx_tim.o
    0x08002d88   0x08002d88   0x0000005e   Code   RO         1486    .text.TIM_GetITStatus  ft32f0xx_tim.o
    0x08002de6   0x08002de6   0x00000040   Code   RO         1478    .text.TIM_ITConfig  ft32f0xx_tim.o
    0x08002e26   0x08002e26   0x00000002   PAD
    0x08002e28   0x08002e28   0x0000010c   Code   RO         1372    .text.TIM_OC1Init   ft32f0xx_tim.o
    0x08002f34   0x08002f34   0x00000018   Code   RO         1384    .text.TIM_SetCompare1  ft32f0xx_tim.o
    0x08002f4c   0x08002f4c   0x000000d4   Code   RO         1338    .text.TIM_TimeBaseInit  ft32f0xx_tim.o
    0x08003020   0x08003020   0x00000064   Code   RO           56    .text.Tim14BaseInit  main.o
    0x08003084   0x08003084   0x000000ac   Code   RO           50    .text.Tim15BaseInit  main.o
    0x08003130   0x08003130   0x000000b4   Code   RO           52    .text.Tim16BaseInit  main.o
    0x080031e4   0x080031e4   0x00000068   Code   RO           54    .text.Tim17BaseInit  main.o
    0x0800324c   0x0800324c   0x000000bc   Code   RO           48    .text.Tim3BaseInit  main.o
    0x08003308   0x08003308   0x00000094   Code   RO          498    .text.UltraParam_Init  dev_flash.o
    0x0800339c   0x0800339c   0x0000011c   Code   RO          500    .text.UltraParam_Set  dev_flash.o
    0x080034b8   0x080034b8   0x00000154   Code   RO          468    .text.look1_iflf_binlxpw  dev_adc.o
    0x0800360c   0x0800360c   0x000000a0   Code   RO           38    .text.main          main.o
    0x080036ac   0x080036ac   0x0000008c   Code   RO          203    .text.prvAddCurrentTaskToDelayedList  tasks.o
    0x08003738   0x08003738   0x000000e0   Code   RO          191    .text.prvAddNewTaskToReadyList  tasks.o
    0x08003818   0x08003818   0x00000050   Code   RO          291    .text.prvCheckTasksWaitingTermination  tasks.o
    0x08003868   0x08003868   0x0000001c   Code   RO          195    .text.prvDeleteTCB  tasks.o
    0x08003884   0x08003884   0x000000a8   Code   RO          325    .text.prvHeapInit   heap_4.o
    0x0800392c   0x0800392c   0x00000024   Code   RO          217    .text.prvIdleTask   tasks.o
    0x08003950   0x08003950   0x0000011c   Code   RO          189    .text.prvInitialiseNewTask  tasks.o
    0x08003a6c   0x08003a6c   0x00000074   Code   RO          289    .text.prvInitialiseTaskLists  tasks.o
    0x08003ae0   0x08003ae0   0x000000c0   Code   RO          327    .text.prvInsertBlockIntoFreeList  heap_4.o
    0x08003ba0   0x08003ba0   0x00000038   Code   RO          197    .text.prvResetNextTaskUnblockTime  tasks.o
    0x08003bd8   0x08003bd8   0x00000018   Code   RO          357    .text.prvTaskExitError  port.o
    0x08003bf0   0x08003bf0   0x00000184   Code   RO          323    .text.pvPortMalloc  heap_4.o
    0x08003d74   0x08003d74   0x00000058   Code   RO          355    .text.pxPortInitialiseStack  port.o
    0x08003dcc   0x08003dcc   0x00000008   Code   RO          375    .text.ulSetInterruptMaskFromISR  port.o
    0x08003dd4   0x08003dd4   0x0000004c   Code   RO          100    .text.uxListRemove  list.o
    0x08003e20   0x08003e20   0x00000006   Code   RO           79    .text.vApplicationMallocFailedHook  taskmanager.o
    0x08003e26   0x08003e26   0x00000014   Code   RO           81    .text.vApplicationStackOverflowHook  taskmanager.o
    0x08003e3a   0x08003e3a   0x00000002   PAD
    0x08003e3c   0x08003e3c   0x00000010   Code   RO           77    .text.vApplicationTickHook  taskmanager.o
    0x08003e4c   0x08003e4c   0x00000006   Code   RO          377    .text.vClearInterruptMaskFromISR  port.o
    0x08003e52   0x08003e52   0x00000030   Code   RO           92    .text.vListInitialise  list.o
    0x08003e82   0x08003e82   0x00000012   Code   RO           94    .text.vListInitialiseItem  list.o
    0x08003e94   0x08003e94   0x00000074   Code   RO           98    .text.vListInsert   list.o
    0x08003f08   0x08003f08   0x00000042   Code   RO           96    .text.vListInsertEnd  list.o
    0x08003f4a   0x08003f4a   0x00000002   PAD
    0x08003f4c   0x08003f4c   0x00000014   Code   RO          371    .text.vPortEnterCritical  port.o
    0x08003f60   0x08003f60   0x00000018   Code   RO          373    .text.vPortExitCritical  port.o
    0x08003f78   0x08003f78   0x00000084   Code   RO          329    .text.vPortFree     heap_4.o
    0x08003ffc   0x08003ffc   0x00000040   Code   RO          363    .text.vPortSetupTimerInterrupt  port.o
    0x0800403c   0x0800403c   0x00000004   PAD
    0x08004040   0x08004040   0x00000034   Code   RO          365    .text.vPortStartFirstTask  port.o
    0x08004074   0x08004074   0x00000018   Code   RO          369    .text.vPortYield    port.o
    0x0800408c   0x0800408c   0x00000040   Code   RO          199    .text.vTaskDelay    tasks.o
    0x080040cc   0x080040cc   0x000000c8   Code   RO          193    .text.vTaskDelete   tasks.o
    0x08004194   0x08004194   0x00000068   Code   RO          215    .text.vTaskStartScheduler  tasks.o
    0x080041fc   0x080041fc   0x0000000c   Code   RO          201    .text.vTaskSuspendAll  tasks.o
    0x08004208   0x08004208   0x000000d4   Code   RO          237    .text.vTaskSwitchContext  tasks.o
    0x080042dc   0x080042dc   0x00000040   Code   RO          361    .text.xPortStartScheduler  port.o
    0x0800431c   0x0800431c   0x000000aa   Code   RO          187    .text.xTaskCreate   tasks.o
    0x080043c6   0x080043c6   0x00000002   PAD
    0x080043c8   0x080043c8   0x0000017c   Code   RO          221    .text.xTaskIncrementTick  tasks.o
    0x08004544   0x08004544   0x00000130   Code   RO          205    .text.xTaskResumeAll  tasks.o
    0x08004674   0x08004674   0x0000002e   Code   RO         1730    i.__ARM_clz         mf_p.l(depilogue.o)
    0x080046a2   0x080046a2   0x0000000e   Code   RO         1736    i.__scatterload_copy  mc_p.l(handlers.o)
    0x080046b0   0x080046b0   0x00000002   Code   RO         1737    i.__scatterload_null  mc_p.l(handlers.o)
    0x080046b2   0x080046b2   0x0000000e   Code   RO         1738    i.__scatterload_zeroinit  mc_p.l(handlers.o)
    0x080046c0   0x080046c0   0x00000280   Data   RO          477    .rodata.INP_HWTemp1_R  dev_adc.o
    0x08004940   0x08004940   0x00000280   Data   RO          478    .rodata.OUT_HWTemp1_T  dev_adc.o
    0x08004bc0   0x08004bc0   0x0000000c   Data   RO          550    .rodata.set_pwm_duty  dev_pwm.o
    0x08004bcc   0x08004bcc   0x00000005   Data   RO          303    .rodata.str1.1      tasks.o
    0x08004bd1   0x08004bd1   0x0000002f   Data   RO          425    .rodata.str1.1      app.o
    0x08004c00   0x08004c00   0x00000020   Data   RO         1735    Region$$Table       anon$$obj.o


    Execution Region ER_RW (Exec base: 0x20000000, Load base: 0x08004c20, Size: 0x000000f4, Max: 0xffffffff, ABSOLUTE)

    Exec Addr    Load Addr    Size         Type   Attr      Idx    E Section Name        Object

    0x20000000   0x08004c20   0x00000001   Data   RW           24    .data.Motor_Level   ft32f0xx_it.o
    0x20000001   0x08004c21   0x00000001   Data   RW           60    .data.PowerOff_Flg  main.o
    0x20000002   0x08004c22   0x00000002   PAD
    0x20000004   0x08004c24   0x00000078   Data   RW          474    .data.SampleVol_Buff  dev_adc.o
    0x2000007c   0x08004c9c   0x00000004   Data   RW         1653    .data.SystemCoreClock  system_ft32f0xx.o
    0x20000080   0x08004ca0   0x00000001   Data   RW           28    .data.TIM17_IRQHandler.Key2_Sta  ft32f0xx_it.o
    0x20000081   0x08004ca1   0x00000001   Data   RW           23    .data.UltraModule   ft32f0xx_it.o
    0x20000082   0x08004ca2   0x00000002   PAD
    0x20000084   0x08004ca4   0x00000068   Data   RW          520    .data.dev_gpio_handle  dev_gpio.o
    0x200000ec   0x08004d0c   0x00000004   Data   RW           62    .data.lsi_freq      main.o
    0x200000f0   0x08004d10   0x00000004   Data   RW          383    .data.uxCriticalNesting  port.o


    Execution Region ER_ZI (Exec base: 0x200000f8, Load base: 0x08004d14, Size: 0x00001210, Max: 0xffffffff, ABSOLUTE)

    Exec Addr    Load Addr    Size         Type   Attr      Idx    E Section Name        Object

    0x200000f8        -       0x00000001   Zero   RW          479    .bss.ADC_MainFunc.SampleCount  dev_adc.o
    0x200000f9   0x08004d14   0x00000003   PAD
    0x200000fc        -       0x00000004   Zero   RW          482    .bss.ADC_MainFunc.Temp_R  dev_adc.o
    0x20000100        -       0x00000004   Zero   RW          483    .bss.ADC_MainFunc.Temp_T  dev_adc.o
    0x20000104        -       0x00000004   Zero   RW          481    .bss.ADC_MainFunc.Temp_V  dev_adc.o
    0x20000108        -       0x00000004   Zero   RW          480    .bss.ADC_MainFunc.Vol  dev_adc.o
    0x2000010c        -       0x00000004   Zero   RW          475    .bss.Battery_vol    dev_adc.o
    0x20000110        -       0x00000001   Zero   RW          427    .bss.Beep_MainFunc.BeepCount  app.o
    0x20000111        -       0x00000001   Zero   RW          428    .bss.Beep_MainFunc.BeepSta  app.o
    0x20000112        -       0x00000001   Zero   RW           18    .bss.Beep_SatrtFlg  ft32f0xx_it.o
    0x20000113        -       0x00000001   Zero   RW          424    .bss.ChargeFlg      app.o
    0x20000114        -       0x00000001   Zero   RW           22    .bss.Clear_Flg      ft32f0xx_it.o
    0x20000115   0x08004d14   0x00000001   PAD
    0x20000116        -       0x00000002   Zero   RW           21    .bss.CycleTime      ft32f0xx_it.o
    0x20000118        -       0x00000004   Zero   RW           61    .bss.DMA_DualConvertedValue  main.o
    0x2000011c        -       0x00000004   Zero   RW          502    .bss.Data_Store     dev_flash.o
    0x20000120        -       0x00000004   Zero   RW           12    .bss.KEY1_Count     ft32f0xx_it.o
    0x20000124        -       0x00000001   Zero   RW           15    .bss.KEY1_Flg       ft32f0xx_it.o
    0x20000125   0x08004d14   0x00000003   PAD
    0x20000128        -       0x00000004   Zero   RW           13    .bss.KEY2_Count     ft32f0xx_it.o
    0x2000012c        -       0x00000001   Zero   RW           16    .bss.KEY2_Flg       ft32f0xx_it.o
    0x2000012d        -       0x00000001   Zero   RW          423    .bss.Led_GreenFlg   app.o
    0x2000012e        -       0x00000001   Zero   RW          422    .bss.Led_RedFlg     app.o
    0x2000012f   0x08004d14   0x00000001   PAD
    0x20000130        -       0x00000004   Zero   RW           14    .bss.POWER_Count    ft32f0xx_it.o
    0x20000134        -       0x00000020   Zero   RW          533    .bss.Pid_Contronl   dev_pid.o
    0x20000154        -       0x00000001   Zero   RW           17    .bss.PowerOn_Flg    ft32f0xx_it.o
    0x20000155   0x08004d14   0x00000003   PAD
    0x20000158        -       0x00000078   Zero   RW          484    .bss.SampleTemp_Buff  dev_adc.o
    0x200001d0        -       0x00000001   Zero   RW           20    .bss.SetFreq_Flg    ft32f0xx_it.o
    0x200001d1   0x08004d14   0x00000003   PAD
    0x200001d4        -       0x00000004   Zero   RW          431    .bss.StandyDete.StandyCount  app.o
    0x200001d8        -       0x00000002   Zero   RW           25    .bss.TIM14_IRQHandler.ChargeCount  ft32f0xx_it.o
    0x200001da        -       0x00000001   Zero   RW           27    .bss.TIM17_IRQHandler.Key1_Sta  ft32f0xx_it.o
    0x200001db        -       0x00000001   Zero   RW           29    .bss.TIM17_IRQHandler.SetFlg  ft32f0xx_it.o
    0x200001dc        -       0x00000001   Zero   RW          504    .bss.UltraParam_Set.Clear_Flg_old  dev_flash.o
    0x200001dd        -       0x00000001   Zero   RW          503    .bss.UltraParam_Set.SetFreq_Flg_old  dev_flash.o
    0x200001de   0x08004d14   0x00000002   PAD
    0x200001e0        -       0x00000004   Zero   RW          476    .bss.Ultra_Temp     dev_adc.o
    0x200001e4        -       0x00000001   Zero   RW           19    .bss.WorkStart_Flg  ft32f0xx_it.o
    0x200001e5   0x08004d14   0x00000003   PAD
    0x200001e8        -       0x00000004   Zero   RW           26    .bss.WorkTime       ft32f0xx_it.o
    0x200001ec        -       0x00000004   Zero   RW          426    .bss.pInitTaskHandle  app.o
    0x200001f0        -       0x00000004   Zero   RW          293    .bss.pxCurrentTCB   tasks.o
    0x200001f4        -       0x00000004   Zero   RW          299    .bss.pxDelayedTaskList  tasks.o
    0x200001f8        -       0x00000004   Zero   RW          339    .bss.pxEnd          heap_4.o
    0x200001fc        -       0x00000004   Zero   RW          300    .bss.pxOverflowDelayedTaskList  tasks.o
    0x20000200        -       0x00000064   Zero   RW          301    .bss.pxReadyTasksLists  tasks.o
    0x20000264        -       0x00000c00   Zero   RW          346    .bss.ucHeap         heap_4.o
    0x20000e64        -       0x00000004   Zero   RW           83    .bss.ulSystemTimeTickCount  taskmanager.o
    0x20000e68        -       0x00000004   Zero   RW          297    .bss.uxCurrentNumberOfTasks  tasks.o
    0x20000e6c        -       0x00000004   Zero   RW          296    .bss.uxDeletedTasksWaitingCleanUp  tasks.o
    0x20000e70        -       0x00000004   Zero   RW          307    .bss.uxSchedulerSuspended  tasks.o
    0x20000e74        -       0x00000004   Zero   RW          294    .bss.uxTaskNumber   tasks.o
    0x20000e78        -       0x00000004   Zero   RW          302    .bss.uxTopReadyPriority  tasks.o
    0x20000e7c        -       0x00000004   Zero   RW          340    .bss.xBlockAllocatedBit  heap_4.o
    0x20000e80        -       0x00000014   Zero   RW          312    .bss.xDelayedTaskList1  tasks.o
    0x20000e94        -       0x00000014   Zero   RW          313    .bss.xDelayedTaskList2  tasks.o
    0x20000ea8        -       0x00000004   Zero   RW          341    .bss.xFreeBytesRemaining  heap_4.o
    0x20000eac        -       0x00000004   Zero   RW          304    .bss.xIdleTaskHandle  tasks.o
    0x20000eb0        -       0x00000004   Zero   RW          343    .bss.xMinimumEverFreeBytesRemaining  heap_4.o
    0x20000eb4        -       0x00000004   Zero   RW          305    .bss.xNextTaskUnblockTime  tasks.o
    0x20000eb8        -       0x00000004   Zero   RW          311    .bss.xNumOfOverflows  tasks.o
    0x20000ebc        -       0x00000004   Zero   RW          344    .bss.xNumberOfSuccessfulAllocations  heap_4.o
    0x20000ec0        -       0x00000004   Zero   RW          345    .bss.xNumberOfSuccessfulFrees  heap_4.o
    0x20000ec4        -       0x00000004   Zero   RW          310    .bss.xPendedTicks   tasks.o
    0x20000ec8        -       0x00000014   Zero   RW          308    .bss.xPendingReadyList  tasks.o
    0x20000edc        -       0x00000004   Zero   RW          298    .bss.xSchedulerRunning  tasks.o
    0x20000ee0        -       0x00000008   Zero   RW          342    .bss.xStart         heap_4.o
    0x20000ee8        -       0x00000014   Zero   RW          295    .bss.xTasksWaitingTermination  tasks.o
    0x20000efc        -       0x00000004   Zero   RW          306    .bss.xTickCount     tasks.o
    0x20000f00        -       0x00000004   Zero   RW          309    .bss.xYieldPending  tasks.o
    0x20000f04   0x08004d14   0x00000004   PAD
    0x20000f08        -       0x00000400   Zero   RW         1635    STACK               startup_ft32f030x8.o


==============================================================================

Image component sizes


      Code (inc. data)   RO Data    RW Data    ZI Data      Debug   Object Name

      1420        116         47          0         13       5500   app.o
       882         16          0          0          0       3144   dev_ad9877.o
       994         92       1280        120        145       2552   dev_adc.o
       730         32          0          0          6       2385   dev_flash.o
       204          8          0        104          0       2088   dev_gpio.o
        94          0          0          0         32       1427   dev_pid.o
       208         28         12          0          0       2195   dev_pwm.o
       622          8          0          0          0       7256   ft32f0xx_adc.o
       468         36          0          0          0       3635   ft32f0xx_dma.o
       284         20          0          0          0       2762   ft32f0xx_exti.o
       558         28          0          0          0       8136   ft32f0xx_flash.o
       698         20          0          0          0       4698   ft32f0xx_gpio.o
       902         92          0          3         29       3715   ft32f0xx_it.o
        96         20          0          0          0       1884   ft32f0xx_iwdg.o
       148         16          0          0          0       2372   ft32f0xx_misc.o
       280         20          0          0          0       9124   ft32f0xx_rcc.o
        84          4          0          0          0       2168   ft32f0xx_syscfg.o
       806         28          0          0          0      21041   ft32f0xx_tim.o
       880         52          0          0       3104       3930   heap_4.o
       324          0          0          0          0       2054   list.o
      1556         92          0          5          4       7391   main.o
       488         44          0          4          0       2522   port.o
        88         38        192          0       1024        660   startup_ft32f030x8.o
       352         36          0          4          0       2461   system_ft32f0xx.o
        42          4          0          0          4       1759   taskmanager.o
      2410        184          5          0        240      17900   tasks.o

    ----------------------------------------------------------------------
     15652       1038       1568        244       4624     124759   Object Totals
         0          0         32          0          0          0   (incl. Generated)
        34          4          0          4         23          0   (incl. Padding)

    ----------------------------------------------------------------------

      Code (inc. data)   RO Data    RW Data    ZI Data      Debug   Library Member Name

         0          0          0          0          0          0   entry.o
         0          0          0          0          0          0   entry10a.o
         0          0          0          0          0          0   entry11a.o
         8          4          0          0          0          0   entry2.o
         4          0          0          0          0          0   entry5.o
         0          0          0          0          0          0   entry7b.o
         0          0          0          0          0          0   entry8b.o
         8          4          0          0          0          0   entry9a.o
        30          0          0          0          0          0   handlers.o
        36          8          0          0          0         68   init.o
         0          0          0          0          0          0   iusefp.o
        32          0          0          0          0         68   llshl.o
        38          0          0          0          0         68   llsshr.o
        34          0          0          0          0         68   llushr.o
        36          0          0          0          0        100   memseta.o
        44          0          0          0          0         72   uidiv.o
        56          0          0          0          0         68   d2f.o
       356          4          0          0          0        140   dadd.o
       240          6          0          0          0         84   ddiv.o
       236          0          0          0          0        216   depilogue.o
        72         10          0          0          0         72   dfixi.o
        60         10          0          0          0         68   dfixui.o
        40          6          0          0          0         68   dflti.o
        28          4          0          0          0         68   dfltui.o
       208          6          0          0          0         88   dmul.o
        40          0          0          0          0         60   f2d.o
       178          0          0          0          0        108   fadd.o
        28          0          0          0          0         60   fcmpge.o
        28          0          0          0          0         60   fcmpgt.o
        28          0          0          0          0         60   fcmple.o
       124          0          0          0          0         72   fdiv.o
       130          0          0          0          0        144   fepilogue.o
        22          0          0          0          0         68   fflti.o
       122          0          0          0          0         72   fmul.o

    ----------------------------------------------------------------------
      2268         62          0          0          0       2020   Library Totals
         2          0          0          0          0          0   (incl. Padding)

    ----------------------------------------------------------------------

      Code (inc. data)   RO Data    RW Data    ZI Data      Debug   Library Name

       270         16          0          0          0        444   mc_p.l
      1996         46          0          0          0       1576   mf_p.l

    ----------------------------------------------------------------------
      2268         62          0          0          0       2020   Library Totals

    ----------------------------------------------------------------------

==============================================================================


      Code (inc. data)   RO Data    RW Data    ZI Data      Debug   

     17920       1100       1568        244       4624     125579   Grand Totals
     17920       1100       1568        244       4624     125579   ELF Image Totals
     17920       1100       1568        244          0          0   ROM Totals

==============================================================================

    Total RO  Size (Code + RO Data)                19488 (  19.03kB)
    Total RW  Size (RW Data + ZI Data)              4868 (   4.75kB)
    Total ROM Size (Code + RO Data + RW Data)      19732 (  19.27kB)

==============================================================================

