Component: ARM Compiler 6.12 Tool: armlink [5d624300]

==============================================================================

Section Cross References

    ft32f0xx_it.o(.ARM.exidx.text.NMI_Handler) refers to ft32f0xx_it.o(.text.NMI_Handler) for [Anonymous Symbol]
    ft32f0xx_it.o(.ARM.exidx.text.HardFault_Handler) refers to ft32f0xx_it.o(.text.HardFault_Handler) for [Anonymous Symbol]
    ft32f0xx_it.o(.text.TIM14_IRQHandler) refers to ft32f0xx_tim.o(.text.TIM_GetITStatus) for TIM_GetITStatus
    ft32f0xx_it.o(.text.TIM14_IRQHandler) refers to dev_gpio.o(.text.DevGpio_ReadInPut) for DevGpio_ReadInPut
    ft32f0xx_it.o(.text.TIM14_IRQHandler) refers to ft32f0xx_tim.o(.text.TIM_ClearITPendingBit) for TIM_ClearITPendingBit
    ft32f0xx_it.o(.text.TIM14_IRQHandler) refers to ft32f0xx_it.o(.bss.StandyTime) for StandyTime
    ft32f0xx_it.o(.text.TIM14_IRQHandler) refers to ft32f0xx_it.o(.bss.TIM14_IRQHandler.ChargeCount) for [Anonymous Symbol]
    ft32f0xx_it.o(.text.TIM14_IRQHandler) refers to main.o(.data.PowerOff_Flg) for PowerOff_Flg
    ft32f0xx_it.o(.text.TIM14_IRQHandler) refers to app.o(.bss.DevWorkState) for DevWorkState
    ft32f0xx_it.o(.text.TIM14_IRQHandler) refers to ft32f0xx_it.o(.bss.ChargeFlg) for [Anonymous Symbol]
    ft32f0xx_it.o(.text.TIM14_IRQHandler) refers to ft32f0xx_it.o(.bss.WorkTime) for WorkTime
    ft32f0xx_it.o(.text.TIM14_IRQHandler) refers to dev_beep.o(.bss.BeepState) for BeepState
    ft32f0xx_it.o(.ARM.exidx.text.TIM14_IRQHandler) refers to ft32f0xx_it.o(.text.TIM14_IRQHandler) for [Anonymous Symbol]
    ft32f0xx_it.o(.text.TIM17_IRQHandler) refers to ft32f0xx_tim.o(.text.TIM_GetITStatus) for TIM_GetITStatus
    ft32f0xx_it.o(.text.TIM17_IRQHandler) refers to ft32f0xx_gpio.o(.text.GPIO_ReadInputDataBit) for GPIO_ReadInputDataBit
    ft32f0xx_it.o(.text.TIM17_IRQHandler) refers to ft32f0xx_tim.o(.text.TIM_ClearITPendingBit) for TIM_ClearITPendingBit
    ft32f0xx_it.o(.text.TIM17_IRQHandler) refers to ft32f0xx_it.o(.bss.KEY1_Flg) for KEY1_Flg
    ft32f0xx_it.o(.text.TIM17_IRQHandler) refers to ft32f0xx_it.o(.bss.KEY1_Count) for KEY1_Count
    ft32f0xx_it.o(.text.TIM17_IRQHandler) refers to dev_beep.o(.bss.BeepState) for BeepState
    ft32f0xx_it.o(.text.TIM17_IRQHandler) refers to app.o(.bss.DevWorkState) for DevWorkState
    ft32f0xx_it.o(.text.TIM17_IRQHandler) refers to app.o(.data.UltraDuty) for UltraDuty
    ft32f0xx_it.o(.text.TIM17_IRQHandler) refers to ft32f0xx_it.o(.bss.KEY2_Flg) for KEY2_Flg
    ft32f0xx_it.o(.text.TIM17_IRQHandler) refers to ft32f0xx_it.o(.bss.KEY2_Count) for KEY2_Count
    ft32f0xx_it.o(.text.TIM17_IRQHandler) refers to ft32f0xx_it.o(.bss.PowerOn_Flg) for PowerOn_Flg
    ft32f0xx_it.o(.text.TIM17_IRQHandler) refers to ft32f0xx_it.o(.bss.POWER_Count) for POWER_Count
    ft32f0xx_it.o(.text.TIM17_IRQHandler) refers to ft32f0xx_it.o(.bss.TIM17_IRQHandler.SetFlg) for [Anonymous Symbol]
    ft32f0xx_it.o(.text.TIM17_IRQHandler) refers to ft32f0xx_it.o(.bss.ChargeFlg) for [Anonymous Symbol]
    ft32f0xx_it.o(.text.TIM17_IRQHandler) refers to main.o(.data.PowerOff_Flg) for PowerOff_Flg
    ft32f0xx_it.o(.ARM.exidx.text.TIM17_IRQHandler) refers to ft32f0xx_it.o(.text.TIM17_IRQHandler) for [Anonymous Symbol]
    ft32f0xx_it.o(.text.EXTI4_15_IRQHandler) refers to ft32f0xx_exti.o(.text.EXTI_GetITStatus) for EXTI_GetITStatus
    ft32f0xx_it.o(.text.EXTI4_15_IRQHandler) refers to ft32f0xx_gpio.o(.text.GPIO_ReadInputDataBit) for GPIO_ReadInputDataBit
    ft32f0xx_it.o(.text.EXTI4_15_IRQHandler) refers to ft32f0xx_exti.o(.text.EXTI_ClearITPendingBit) for EXTI_ClearITPendingBit
    ft32f0xx_it.o(.text.EXTI4_15_IRQHandler) refers to ft32f0xx_it.o(.bss.KEY2_Flg) for KEY2_Flg
    ft32f0xx_it.o(.text.EXTI4_15_IRQHandler) refers to ft32f0xx_it.o(.bss.KEY1_Flg) for KEY1_Flg
    ft32f0xx_it.o(.ARM.exidx.text.EXTI4_15_IRQHandler) refers to ft32f0xx_it.o(.text.EXTI4_15_IRQHandler) for [Anonymous Symbol]
    main.o(.text.main) refers to main.o(.text.FT32_GPIOA_Init) for FT32_GPIOA_Init
    main.o(.text.main) refers to main.o(.text.FT32_GPIOB_Init) for FT32_GPIOB_Init
    main.o(.text.main) refers to main.o(.text.FT32_EXIT_Init) for FT32_EXIT_Init
    main.o(.text.main) refers to main.o(.text.ADC_DMA_Config) for ADC_DMA_Config
    main.o(.text.main) refers to main.o(.text.Tim3BaseInit) for Tim3BaseInit
    main.o(.text.main) refers to main.o(.text.Tim15BaseInit) for Tim15BaseInit
    main.o(.text.main) refers to main.o(.text.Tim16BaseInit) for Tim16BaseInit
    main.o(.text.main) refers to main.o(.text.Tim17BaseInit) for Tim17BaseInit
    main.o(.text.main) refers to main.o(.text.Tim14BaseInit) for Tim14BaseInit
    main.o(.text.main) refers to ft32f0xx_gpio.o(.text.GPIO_WriteBit) for GPIO_WriteBit
    main.o(.text.main) refers to app.o(.text.APP_Start) for APP_Start
    main.o(.text.main) refers to tasks.o(.text.vTaskStartScheduler) for vTaskStartScheduler
    main.o(.text.main) refers to main.o(.data.PowerOff_Flg) for PowerOff_Flg
[...]
    [Anonymous Symbol]                       0x08002220   Section        0  app.o(.text.Lipus_MainFunc)
    __arm_cp.5_0                             0x08002348   Number         4  app.o(.text.Lipus_MainFunc)
    __arm_cp.5_1                             0x0800234c   Number         4  app.o(.text.Lipus_MainFunc)
    __arm_cp.5_2                             0x08002350   Number         4  app.o(.text.Lipus_MainFunc)
    __arm_cp.5_3                             0x08002354   Number         4  app.o(.text.Lipus_MainFunc)
    __arm_cp.5_4                             0x08002358   Number         4  app.o(.text.Lipus_MainFunc)
    __arm_cp.5_5                             0x0800235c   Number         4  app.o(.text.Lipus_MainFunc)
    LowProTask                               0x08002361   Thumb Code    30  app.o(.text.LowProTask)
    [Anonymous Symbol]                       0x08002360   Section        0  app.o(.text.LowProTask)
    MediumProTask                            0x0800237f   Thumb Code    28  app.o(.text.MediumProTask)
    [Anonymous Symbol]                       0x0800237e   Section        0  app.o(.text.MediumProTask)
    [Anonymous Symbol]                       0x0800239a   Section        0  ft32f0xx_it.o(.text.NMI_Handler)
    [Anonymous Symbol]                       0x0800239c   Section        0  ft32f0xx_misc.o(.text.NVIC_Init)
    __arm_cp.0_0                             0x08002420   Number         4  ft32f0xx_misc.o(.text.NVIC_Init)
    __arm_cp.0_1                             0x08002424   Number         4  ft32f0xx_misc.o(.text.NVIC_Init)
    __arm_cp.0_2                             0x08002428   Number         4  ft32f0xx_misc.o(.text.NVIC_Init)
    __arm_cp.0_3                             0x0800242c   Number         4  ft32f0xx_misc.o(.text.NVIC_Init)
    [Anonymous Symbol]                       0x08002430   Section        0  port.o(.text.PendSV_Handler)
    pxCurrentTCBConst                        0x08002470   Number         0  port.o(.text.PendSV_Handler)
    [Anonymous Symbol]                       0x08002474   Section        0  app.o(.text.Power_MainFunc)
    __arm_cp.6_0                             0x08002518   Number         4  app.o(.text.Power_MainFunc)
    __arm_cp.6_1                             0x0800251c   Number         4  app.o(.text.Power_MainFunc)
    [Anonymous Symbol]                       0x08002520   Section        0  ft32f0xx_rcc.o(.text.RCC_AHBPeriphClockCmd)
    __arm_cp.30_0                            0x08002554   Number         4  ft32f0xx_rcc.o(.text.RCC_AHBPeriphClockCmd)
    [Anonymous Symbol]                       0x08002558   Section        0  ft32f0xx_rcc.o(.text.RCC_AHBPeriphResetCmd)
    __arm_cp.33_0                            0x0800258c   Number         4  ft32f0xx_rcc.o(.text.RCC_AHBPeriphResetCmd)
    [Anonymous Symbol]                       0x08002590   Section        0  ft32f0xx_rcc.o(.text.RCC_APB1PeriphClockCmd)
    __arm_cp.32_0                            0x080025c4   Number         4  ft32f0xx_rcc.o(.text.RCC_APB1PeriphClockCmd)
    [Anonymous Symbol]                       0x080025c8   Section        0  ft32f0xx_rcc.o(.text.RCC_APB2PeriphClockCmd)
    __arm_cp.31_0                            0x080025fc   Number         4  ft32f0xx_rcc.o(.text.RCC_APB2PeriphClockCmd)
    [Anonymous Symbol]                       0x08002600   Section        0  ft32f0xx_rcc.o(.text.RCC_APB2PeriphResetCmd)
    __arm_cp.34_0                            0x08002634   Number         4  ft32f0xx_rcc.o(.text.RCC_APB2PeriphResetCmd)
    [Anonymous Symbol]                       0x08002638   Section        0  port.o(.text.SVC_Handler)
    [Anonymous Symbol]                       0x0800263c   Section        0  ft32f0xx_syscfg.o(.text.SYSCFG_EXTILineConfig)
    __arm_cp.5_0                             0x0800268c   Number         4  ft32f0xx_syscfg.o(.text.SYSCFG_EXTILineConfig)
    SetSysClock                              0x08002691   Thumb Code     8  system_ft32f0xx.o(.text.SetSysClock)
    [Anonymous Symbol]                       0x08002690   Section        0  system_ft32f0xx.o(.text.SetSysClock)
    SetSysClockTo72                          0x08002699   Thumb Code   228  system_ft32f0xx.o(.text.SetSysClockTo72)
    [Anonymous Symbol]                       0x08002698   Section        0  system_ft32f0xx.o(.text.SetSysClockTo72)
    __arm_cp.3_1                             0x08002770   Number         4  system_ft32f0xx.o(.text.SetSysClockTo72)
    Set_PWM1_Duty                            0x08002775   Thumb Code    48  dev_pwm.o(.text.Set_PWM1_Duty)
    [Anonymous Symbol]                       0x08002774   Section        0  dev_pwm.o(.text.Set_PWM1_Duty)
    __arm_cp.1_0                             0x080027a0   Number         4  dev_pwm.o(.text.Set_PWM1_Duty)
    Set_PWM2_Duty                            0x080027a5   Thumb Code    60  dev_pwm.o(.text.Set_PWM2_Duty)
    [Anonymous Symbol]                       0x080027a4   Section        0  dev_pwm.o(.text.Set_PWM2_Duty)
    __arm_cp.2_0                             0x080027d8   Number         4  dev_pwm.o(.text.Set_PWM2_Duty)
    __arm_cp.2_1                             0x080027dc   Number         4  dev_pwm.o(.text.Set_PWM2_Duty)
    Set_PWM3_Duty                            0x080027e1   Thumb Code    60  dev_pwm.o(.text.Set_PWM3_Duty)
    [Anonymous Symbol]                       0x080027e0   Section        0  dev_pwm.o(.text.Set_PWM3_Duty)
    __arm_cp.3_0                             0x08002810   Number         4  dev_pwm.o(.text.Set_PWM3_Duty)
    __arm_cp.3_1                             0x08002814   Number         4  dev_pwm.o(.text.Set_PWM3_Duty)
    __arm_cp.3_2                             0x08002818   Number         4  dev_pwm.o(.text.Set_PWM3_Duty)
    [Anonymous Symbol]                       0x0800281c   Section        0  port.o(.text.SysTick_Handler)
    __arm_cp.13_0                            0x08002844   Number         4  port.o(.text.SysTick_Handler)
    [Anonymous Symbol]                       0x08002848   Section        0  system_ft32f0xx.o(.text.SystemInit)
    __arm_cp.0_0                             0x080028a4   Number         4  system_ft32f0xx.o(.text.SystemInit)
    __arm_cp.0_1                             0x080028a8   Number         4  system_ft32f0xx.o(.text.SystemInit)
    __arm_cp.0_2                             0x080028ac   Number         4  system_ft32f0xx.o(.text.SystemInit)
    __arm_cp.0_3                             0x080028b0   Number         4  system_ft32f0xx.o(.text.SystemInit)
    __arm_cp.0_4                             0x080028b4   Number         4  system_ft32f0xx.o(.text.SystemInit)
    __arm_cp.0_5                             0x080028b8   Number         4  system_ft32f0xx.o(.text.SystemInit)
    __arm_cp.0_6                             0x080028bc   Number         4  system_ft32f0xx.o(.text.SystemInit)
    __arm_cp.0_7                             0x080028c0   Number         4  system_ft32f0xx.o(.text.SystemInit)
    [Anonymous Symbol]                       0x080028c4   Section        0  ft32f0xx_it.o(.text.TIM14_IRQHandler)
    __arm_cp.2_0                             0x08002964   Number         4  ft32f0xx_it.o(.text.TIM14_IRQHandler)
    __arm_cp.2_1                             0x08002968   Number         4  ft32f0xx_it.o(.text.TIM14_IRQHandler)
    __arm_cp.2_2                             0x0800296c   Number         4  ft32f0xx_it.o(.text.TIM14_IRQHandler)
    __arm_cp.2_6                             0x08002970   Number         4  ft32f0xx_it.o(.text.TIM14_IRQHandler)
    __arm_cp.2_7                             0x08002974   Number         4  ft32f0xx_it.o(.text.TIM14_IRQHandler)
    [Anonymous Symbol]                       0x08002978   Section        0  ft32f0xx_it.o(.text.TIM17_IRQHandler)
    __arm_cp.3_1                             0x08002ab4   Number         4  ft32f0xx_it.o(.text.TIM17_IRQHandler)
    __arm_cp.3_2                             0x08002ab8   Number         4  ft32f0xx_it.o(.text.TIM17_IRQHandler)
    __arm_cp.3_3                             0x08002abc   Number         4  ft32f0xx_it.o(.text.TIM17_IRQHandler)
    __arm_cp.3_4                             0x08002ac0   Number         4  ft32f0xx_it.o(.text.TIM17_IRQHandler)
    __arm_cp.3_5                             0x08002ac4   Number         4  ft32f0xx_it.o(.text.TIM17_IRQHandler)
    __arm_cp.3_6                             0x08002ac8   Number         4  ft32f0xx_it.o(.text.TIM17_IRQHandler)
    __arm_cp.3_7                             0x08002acc   Number         4  ft32f0xx_it.o(.text.TIM17_IRQHandler)
    __arm_cp.3_8                             0x08002ad0   Number         4  ft32f0xx_it.o(.text.TIM17_IRQHandler)
    __arm_cp.3_9                             0x08002ad4   Number         4  ft32f0xx_it.o(.text.TIM17_IRQHandler)
    __arm_cp.3_10                            0x08002ad8   Number         4  ft32f0xx_it.o(.text.TIM17_IRQHandler)
    __arm_cp.3_11                            0x08002adc   Number         4  ft32f0xx_it.o(.text.TIM17_IRQHandler)
    __arm_cp.3_12                            0x08002ae0   Number         4  ft32f0xx_it.o(.text.TIM17_IRQHandler)
    __arm_cp.3_13                            0x08002ae4   Number         4  ft32f0xx_it.o(.text.TIM17_IRQHandler)
    [Anonymous Symbol]                       0x08002ae8   Section        0  ft32f0xx_tim.o(.text.TIM_ClearITPendingBit)
    [Anonymous Symbol]                       0x08002b04   Section        0  ft32f0xx_tim.o(.text.TIM_Cmd)
    [Anonymous Symbol]                       0x08002b38   Section        0  ft32f0xx_tim.o(.text.TIM_CtrlPWMOutputs)
    __arm_cp.17_0                            0x08002b74   Number         4  ft32f0xx_tim.o(.text.TIM_CtrlPWMOutputs)
    [Anonymous Symbol]                       0x08002b78   Section        0  ft32f0xx_tim.o(.text.TIM_GetITStatus)
    [Anonymous Symbol]                       0x08002bd6   Section        0  ft32f0xx_tim.o(.text.TIM_ITConfig)
    [Anonymous Symbol]                       0x08002c18   Section        0  ft32f0xx_tim.o(.text.TIM_OC1Init)
    __arm_cp.18_3                            0x08002d1c   Number         4  ft32f0xx_tim.o(.text.TIM_OC1Init)
    __arm_cp.18_4                            0x08002d20   Number         4  ft32f0xx_tim.o(.text.TIM_OC1Init)
    __arm_cp.18_5                            0x08002d24   Number         4  ft32f0xx_tim.o(.text.TIM_OC1Init)
    [Anonymous Symbol]                       0x08002d28   Section        0  ft32f0xx_tim.o(.text.TIM_SetCompare1)
    [Anonymous Symbol]                       0x08002d40   Section        0  ft32f0xx_tim.o(.text.TIM_TimeBaseInit)
    __arm_cp.1_0                             0x08002e04   Number         4  ft32f0xx_tim.o(.text.TIM_TimeBaseInit)
    __arm_cp.1_2                             0x08002e08   Number         4  ft32f0xx_tim.o(.text.TIM_TimeBaseInit)
    __arm_cp.1_3                             0x08002e0c   Number         4  ft32f0xx_tim.o(.text.TIM_TimeBaseInit)
    __arm_cp.1_6                             0x08002e10   Number         4  ft32f0xx_tim.o(.text.TIM_TimeBaseInit)
    Tim14BaseInit                            0x08002e15   Thumb Code   100  main.o(.text.Tim14BaseInit)
    [Anonymous Symbol]                       0x08002e14   Section        0  main.o(.text.Tim14BaseInit)
    __arm_cp.9_0                             0x08002e70   Number         4  main.o(.text.Tim14BaseInit)
    __arm_cp.9_1                             0x08002e74   Number         4  main.o(.text.Tim14BaseInit)
    Tim15BaseInit                            0x08002e79   Thumb Code   172  main.o(.text.Tim15BaseInit)
    [Anonymous Symbol]                       0x08002e78   Section        0  main.o(.text.Tim15BaseInit)
    __arm_cp.6_0                             0x08002f20   Number         4  main.o(.text.Tim15BaseInit)
    Tim16BaseInit                            0x08002f25   Thumb Code   180  main.o(.text.Tim16BaseInit)
    [Anonymous Symbol]                       0x08002f24   Section        0  main.o(.text.Tim16BaseInit)
    __arm_cp.7_0                             0x08002fd0   Number         4  main.o(.text.Tim16BaseInit)
    __arm_cp.7_1                             0x08002fd4   Number         4  main.o(.text.Tim16BaseInit)
    Tim17BaseInit                            0x08002fd9   Thumb Code   104  main.o(.text.Tim17BaseInit)
    [Anonymous Symbol]                       0x08002fd8   Section        0  main.o(.text.Tim17BaseInit)
    __arm_cp.8_0                             0x08003038   Number         4  main.o(.text.Tim17BaseInit)
    __arm_cp.8_1                             0x0800303c   Number         4  main.o(.text.Tim17BaseInit)
    Tim3BaseInit                             0x08003041   Thumb Code   188  main.o(.text.Tim3BaseInit)
    [Anonymous Symbol]                       0x08003040   Section        0  main.o(.text.Tim3BaseInit)
    __arm_cp.5_0                             0x080030f0   Number         4  main.o(.text.Tim3BaseInit)
    __arm_cp.5_1                             0x080030f4   Number         4  main.o(.text.Tim3BaseInit)
    __arm_cp.5_2                             0x080030f8   Number         4  main.o(.text.Tim3BaseInit)
    [Anonymous Symbol]                       0x080030fc   Section        0  dev_flash.o(.text.UltraParam_Init)
    __arm_cp.2_0                             0x0800318c   Number         4  dev_flash.o(.text.UltraParam_Init)
    __arm_cp.2_1                             0x08003190   Number         4  dev_flash.o(.text.UltraParam_Init)
    __arm_cp.2_2                             0x08003194   Number         4  dev_flash.o(.text.UltraParam_Init)
    [Anonymous Symbol]                       0x08003198   Section        0  dev_adc.o(.text.look1_iflf_binlxpw)
    [Anonymous Symbol]                       0x080032ec   Section        0  main.o(.text.main)
    __arm_cp.0_0                             0x08003344   Number         4  main.o(.text.main)
    prvAddCurrentTaskToDelayedList           0x08003349   Thumb Code   148  tasks.o(.text.prvAddCurrentTaskToDelayedList)
    [Anonymous Symbol]                       0x08003348   Section        0  tasks.o(.text.prvAddCurrentTaskToDelayedList)
    __arm_cp.8_0                             0x080033c8   Number         4  tasks.o(.text.prvAddCurrentTaskToDelayedList)
    __arm_cp.8_3                             0x080033cc   Number         4  tasks.o(.text.prvAddCurrentTaskToDelayedList)
    __arm_cp.8_4                             0x080033d0   Number         4  tasks.o(.text.prvAddCurrentTaskToDelayedList)
    prvAddNewTaskToReadyList                 0x080033d5   Thumb Code   232  tasks.o(.text.prvAddNewTaskToReadyList)
    [Anonymous Symbol]                       0x080033d4   Section        0  tasks.o(.text.prvAddNewTaskToReadyList)
    __arm_cp.2_1                             0x080034a4   Number         4  tasks.o(.text.prvAddNewTaskToReadyList)
    __arm_cp.2_2                             0x080034a8   Number         4  tasks.o(.text.prvAddNewTaskToReadyList)
    __arm_cp.2_3                             0x080034ac   Number         4  tasks.o(.text.prvAddNewTaskToReadyList)
    __arm_cp.2_4                             0x080034b0   Number         4  tasks.o(.text.prvAddNewTaskToReadyList)
    prvCheckTasksWaitingTermination          0x080034b5   Thumb Code    84  tasks.o(.text.prvCheckTasksWaitingTermination)
    [Anonymous Symbol]                       0x080034b4   Section        0  tasks.o(.text.prvCheckTasksWaitingTermination)
    __arm_cp.52_0                            0x080034fc   Number         4  tasks.o(.text.prvCheckTasksWaitingTermination)
    __arm_cp.52_2                            0x08003500   Number         4  tasks.o(.text.prvCheckTasksWaitingTermination)
    prvDeleteTCB                             0x08003505   Thumb Code    28  tasks.o(.text.prvDeleteTCB)
    [Anonymous Symbol]                       0x08003504   Section        0  tasks.o(.text.prvDeleteTCB)
    prvHeapInit                              0x08003521   Thumb Code   176  heap_4.o(.text.prvHeapInit)
    [Anonymous Symbol]                       0x08003520   Section        0  heap_4.o(.text.prvHeapInit)
    __arm_cp.1_0                             0x080035b8   Number         4  heap_4.o(.text.prvHeapInit)
    __arm_cp.1_3                             0x080035bc   Number         4  heap_4.o(.text.prvHeapInit)
    __arm_cp.1_4                             0x080035c0   Number         4  heap_4.o(.text.prvHeapInit)
    __arm_cp.1_5                             0x080035c4   Number         4  heap_4.o(.text.prvHeapInit)
    prvIdleTask                              0x080035c9   Thumb Code    40  tasks.o(.text.prvIdleTask)
    [Anonymous Symbol]                       0x080035c8   Section        0  tasks.o(.text.prvIdleTask)
    prvInitialiseNewTask                     0x080035ed   Thumb Code   284  tasks.o(.text.prvInitialiseNewTask)
    [Anonymous Symbol]                       0x080035ec   Section        0  tasks.o(.text.prvInitialiseNewTask)
    prvInitialiseTaskLists                   0x08003709   Thumb Code   116  tasks.o(.text.prvInitialiseTaskLists)
    [Anonymous Symbol]                       0x08003708   Section        0  tasks.o(.text.prvInitialiseTaskLists)
    __arm_cp.51_0                            0x08003760   Number         4  tasks.o(.text.prvInitialiseTaskLists)
    __arm_cp.51_1                            0x08003764   Number         4  tasks.o(.text.prvInitialiseTaskLists)
    __arm_cp.51_2                            0x08003768   Number         4  tasks.o(.text.prvInitialiseTaskLists)
    __arm_cp.51_3                            0x0800376c   Number         4  tasks.o(.text.prvInitialiseTaskLists)
    __arm_cp.51_4                            0x08003770   Number         4  tasks.o(.text.prvInitialiseTaskLists)
    __arm_cp.51_5                            0x08003774   Number         4  tasks.o(.text.prvInitialiseTaskLists)
    __arm_cp.51_6                            0x08003778   Number         4  tasks.o(.text.prvInitialiseTaskLists)
    prvInsertBlockIntoFreeList               0x0800377d   Thumb Code   192  heap_4.o(.text.prvInsertBlockIntoFreeList)
    [Anonymous Symbol]                       0x0800377c   Section        0  heap_4.o(.text.prvInsertBlockIntoFreeList)
    __arm_cp.2_0                             0x08003834   Number         4  heap_4.o(.text.prvInsertBlockIntoFreeList)
    __arm_cp.2_1                             0x08003838   Number         4  heap_4.o(.text.prvInsertBlockIntoFreeList)
    prvResetNextTaskUnblockTime              0x0800383d   Thumb Code    56  tasks.o(.text.prvResetNextTaskUnblockTime)
    [Anonymous Symbol]                       0x0800383c   Section        0  tasks.o(.text.prvResetNextTaskUnblockTime)
    __arm_cp.5_0                             0x0800386c   Number         4  tasks.o(.text.prvResetNextTaskUnblockTime)
    __arm_cp.5_1                             0x08003870   Number         4  tasks.o(.text.prvResetNextTaskUnblockTime)
    prvTaskExitError                         0x08003875   Thumb Code    24  port.o(.text.prvTaskExitError)
    [Anonymous Symbol]                       0x08003874   Section        0  port.o(.text.prvTaskExitError)
    [Anonymous Symbol]                       0x0800388c   Section        0  heap_4.o(.text.pvPortMalloc)
    __arm_cp.0_0                             0x08003a00   Number         4  heap_4.o(.text.pvPortMalloc)
    __arm_cp.0_3                             0x08003a04   Number         4  heap_4.o(.text.pvPortMalloc)
    __arm_cp.0_4                             0x08003a08   Number         4  heap_4.o(.text.pvPortMalloc)
    __arm_cp.0_5                             0x08003a0c   Number         4  heap_4.o(.text.pvPortMalloc)
    [Anonymous Symbol]                       0x08003a10   Section        0  port.o(.text.pxPortInitialiseStack)
    __arm_cp.0_0                             0x08003a64   Number         4  port.o(.text.pxPortInitialiseStack)
    [Anonymous Symbol]                       0x08003a68   Section        0  port.o(.text.ulSetInterruptMaskFromISR)
    [Anonymous Symbol]                       0x08003a70   Section        0  list.o(.text.uxListRemove)
    [Anonymous Symbol]                       0x08003abc   Section        0  taskmanager.o(.text.vApplicationMallocFailedHook)
    [Anonymous Symbol]                       0x08003ac2   Section        0  taskmanager.o(.text.vApplicationStackOverflowHook)
    [Anonymous Symbol]                       0x08003ad8   Section        0  taskmanager.o(.text.vApplicationTickHook)
    __arm_cp.3_0                             0x08003ae4   Number         4  taskmanager.o(.text.vApplicationTickHook)
    [Anonymous Symbol]                       0x08003ae8   Section        0  port.o(.text.vClearInterruptMaskFromISR)
    [Anonymous Symbol]                       0x08003aee   Section        0  list.o(.text.vListInitialise)
    [Anonymous Symbol]                       0x08003b1e   Section        0  list.o(.text.vListInitialiseItem)
    [Anonymous Symbol]                       0x08003b30   Section        0  list.o(.text.vListInsert)
    [Anonymous Symbol]                       0x08003ba4   Section        0  list.o(.text.vListInsertEnd)
    [Anonymous Symbol]                       0x08003be8   Section        0  port.o(.text.vPortEnterCritical)
    [Anonymous Symbol]                       0x08003bfc   Section        0  port.o(.text.vPortExitCritical)
    [Anonymous Symbol]                       0x08003c14   Section        0  heap_4.o(.text.vPortFree)
    __arm_cp.3_0                             0x08003c8c   Number         4  heap_4.o(.text.vPortFree)
    __arm_cp.3_1                             0x08003c90   Number         4  heap_4.o(.text.vPortFree)
    __arm_cp.3_2                             0x08003c94   Number         4  heap_4.o(.text.vPortFree)
    [Anonymous Symbol]                       0x08003c98   Section        0  port.o(.text.vPortSetupTimerInterrupt)
    __arm_cp.4_0                             0x08003cc8   Number         4  port.o(.text.vPortSetupTimerInterrupt)
    __arm_cp.4_1                             0x08003ccc   Number         4  port.o(.text.vPortSetupTimerInterrupt)
    __arm_cp.4_2                             0x08003cd0   Number         4  port.o(.text.vPortSetupTimerInterrupt)
    __arm_cp.4_3                             0x08003cd4   Number         4  port.o(.text.vPortSetupTimerInterrupt)
    vPortStartFirstTask                      0x08003ce1   Thumb Code    52  port.o(.text.vPortStartFirstTask)
    [Anonymous Symbol]                       0x08003ce0   Section        0  port.o(.text.vPortStartFirstTask)
    pxCurrentTCBConst2                       0x08003d10   Number         0  port.o(.text.vPortStartFirstTask)
    [Anonymous Symbol]                       0x08003d14   Section        0  port.o(.text.vPortYield)
    __arm_cp.7_0                             0x08003d28   Number         4  port.o(.text.vPortYield)
    [Anonymous Symbol]                       0x08003d2c   Section        0  tasks.o(.text.vTaskDelay)
    [Anonymous Symbol]                       0x08003d6c   Section        0  tasks.o(.text.vTaskDelete)
    __arm_cp.3_1                             0x08003e24   Number         4  tasks.o(.text.vTaskDelete)
    __arm_cp.3_2                             0x08003e28   Number         4  tasks.o(.text.vTaskDelete)
    __arm_cp.3_3                             0x08003e2c   Number         4  tasks.o(.text.vTaskDelete)
    __arm_cp.3_4                             0x08003e30   Number         4  tasks.o(.text.vTaskDelete)
    [Anonymous Symbol]                       0x08003e34   Section        0  tasks.o(.text.vTaskStartScheduler)
    __arm_cp.14_0                            0x08003e8c   Number         4  tasks.o(.text.vTaskStartScheduler)
    __arm_cp.14_1                            0x08003e90   Number         4  tasks.o(.text.vTaskStartScheduler)
    __arm_cp.14_2                            0x08003e94   Number         4  tasks.o(.text.vTaskStartScheduler)
    __arm_cp.14_4                            0x08003e98   Number         4  tasks.o(.text.vTaskStartScheduler)
    [Anonymous Symbol]                       0x08003e9c   Section        0  tasks.o(.text.vTaskSuspendAll)
    [Anonymous Symbol]                       0x08003ea8   Section        0  tasks.o(.text.vTaskSwitchContext)
    __arm_cp.25_2                            0x08003f74   Number         4  tasks.o(.text.vTaskSwitchContext)
    __arm_cp.25_3                            0x08003f78   Number         4  tasks.o(.text.vTaskSwitchContext)
    [Anonymous Symbol]                       0x08003f7c   Section        0  port.o(.text.xPortStartScheduler)
    __arm_cp.3_0                             0x08003fb4   Number         4  port.o(.text.xPortStartScheduler)
    __arm_cp.3_1                             0x08003fb8   Number         4  port.o(.text.xPortStartScheduler)
    [Anonymous Symbol]                       0x08003fbc   Section        0  tasks.o(.text.xTaskCreate)
    [Anonymous Symbol]                       0x08004068   Section        0  tasks.o(.text.xTaskIncrementTick)
    __arm_cp.17_0                            0x080041bc   Number         4  tasks.o(.text.xTaskIncrementTick)
    __arm_cp.17_2                            0x080041c0   Number         4  tasks.o(.text.xTaskIncrementTick)
    __arm_cp.17_3                            0x080041c4   Number         4  tasks.o(.text.xTaskIncrementTick)
    __arm_cp.17_4                            0x080041c8   Number         4  tasks.o(.text.xTaskIncrementTick)
    __arm_cp.17_5                            0x080041cc   Number         4  tasks.o(.text.xTaskIncrementTick)
    __arm_cp.17_6                            0x080041d0   Number         4  tasks.o(.text.xTaskIncrementTick)
    __arm_cp.17_7                            0x080041d4   Number         4  tasks.o(.text.xTaskIncrementTick)
    __arm_cp.17_8                            0x080041d8   Number         4  tasks.o(.text.xTaskIncrementTick)
    __arm_cp.17_9                            0x080041dc   Number         4  tasks.o(.text.xTaskIncrementTick)
    __arm_cp.17_10                           0x080041e0   Number         4  tasks.o(.text.xTaskIncrementTick)
    [Anonymous Symbol]                       0x080041e4   Section        0  tasks.o(.text.xTaskResumeAll)
    __arm_cp.9_0                             0x080042f4   Number         4  tasks.o(.text.xTaskResumeAll)
    __arm_cp.9_1                             0x080042f8   Number         4  tasks.o(.text.xTaskResumeAll)
    __arm_cp.9_2                             0x080042fc   Number         4  tasks.o(.text.xTaskResumeAll)
    __arm_cp.9_3                             0x08004300   Number         4  tasks.o(.text.xTaskResumeAll)
    __arm_cp.9_4                             0x08004304   Number         4  tasks.o(.text.xTaskResumeAll)
    __arm_cp.9_5                             0x08004308   Number         4  tasks.o(.text.xTaskResumeAll)
    __arm_cp.9_6                             0x0800430c   Number         4  tasks.o(.text.xTaskResumeAll)
    __arm_cp.9_7                             0x08004310   Number         4  tasks.o(.text.xTaskResumeAll)
    i.__ARM_clz                              0x08004314   Section        0  depilogue.o(i.__ARM_clz)
    i.__scatterload_copy                     0x08004342   Section       14  handlers.o(i.__scatterload_copy)
    i.__scatterload_null                     0x08004350   Section        2  handlers.o(i.__scatterload_null)
    i.__scatterload_zeroinit                 0x08004352   Section       14  handlers.o(i.__scatterload_zeroinit)
    set_pwm_duty                             0x08004860   Data          12  dev_pwm.o(.rodata.set_pwm_duty)
    [Anonymous Symbol]                       0x08004860   Section        0  dev_pwm.o(.rodata.set_pwm_duty)
    .L.str                                   0x0800486c   Data           5  tasks.o(.rodata.str1.1)
    [Anonymous Symbol]                       0x0800486c   Section        0  tasks.o(.rodata.str1.1)
    .L.str.1                                 0x08004871   Data          12  app.o(.rodata.str1.1)
    [Anonymous Symbol]                       0x08004871   Section        0  app.o(.rodata.str1.1)
    .L.str.2                                 0x0800487d   Data          14  app.o(.rodata.str1.1)
    .L.str.3                                 0x0800488b   Data          11  app.o(.rodata.str1.1)
    .L.str                                   0x08004896   Data          10  app.o(.rodata.str1.1)
    dev_gpio_handle                          0x20000084   Data         104  dev_gpio.o(.data.dev_gpio_handle)
    [Anonymous Symbol]                       0x20000084   Section        0  dev_gpio.o(.data.dev_gpio_handle)
    uxCriticalNesting                        0x200000ec   Data           4  port.o(.data.uxCriticalNesting)
    [Anonymous Symbol]                       0x200000ec   Section        0  port.o(.data.uxCriticalNesting)
    ADC_MainFunc.SampleCount                 0x200000f0   Data           1  dev_adc.o(.bss.ADC_MainFunc.SampleCount)
    [Anonymous Symbol]                       0x200000f0   Section        0  dev_adc.o(.bss.ADC_MainFunc.SampleCount)
    ADC_MainFunc.Temp_R                      0x200000f4   Data           4  dev_adc.o(.bss.ADC_MainFunc.Temp_R)
    [Anonymous Symbol]                       0x200000f4   Section        0  dev_adc.o(.bss.ADC_MainFunc.Temp_R)
    ADC_MainFunc.Temp_T                      0x200000f8   Data           4  dev_adc.o(.bss.ADC_MainFunc.Temp_T)
    [Anonymous Symbol]                       0x200000f8   Section        0  dev_adc.o(.bss.ADC_MainFunc.Temp_T)
    ADC_MainFunc.Temp_V                      0x200000fc   Data           4  dev_adc.o(.bss.ADC_MainFunc.Temp_V)
    [Anonymous Symbol]                       0x200000fc   Section        0  dev_adc.o(.bss.ADC_MainFunc.Temp_V)
    ADC_MainFunc.Vol                         0x20000100   Data           4  dev_adc.o(.bss.ADC_MainFunc.Vol)
    [Anonymous Symbol]                       0x20000100   Section        0  dev_adc.o(.bss.ADC_MainFunc.Vol)
    BatLow_Flag                              0x20000104   Data           1  dev_led.o(.bss.BatLow_Flag)
    [Anonymous Symbol]                       0x20000104   Section        0  dev_led.o(.bss.BatLow_Flag)
    ChargeFlg                                0x2000010d   Data           1  ft32f0xx_it.o(.bss.ChargeFlg)
    [Anonymous Symbol]                       0x2000010d   Section        0  ft32f0xx_it.o(.bss.ChargeFlg)
    DevBeep_MainFunc.cnt                     0x20000118   Data           1  dev_beep.o(.bss.DevBeep_MainFunc.cnt)
    [Anonymous Symbol]                       0x20000118   Section        0  dev_beep.o(.bss.DevBeep_MainFunc.cnt)
    TIM14_IRQHandler.ChargeCount             0x200001b0   Data           2  ft32f0xx_it.o(.bss.TIM14_IRQHandler.ChargeCount)
    [Anonymous Symbol]                       0x200001b0   Section        0  ft32f0xx_it.o(.bss.TIM14_IRQHandler.ChargeCount)
    TIM17_IRQHandler.SetFlg                  0x200001b2   Data           1  ft32f0xx_it.o(.bss.TIM17_IRQHandler.SetFlg)
    [Anonymous Symbol]                       0x200001b2   Section        0  ft32f0xx_it.o(.bss.TIM17_IRQHandler.SetFlg)
    pInitTaskHandle                          0x200001bc   Data           4  app.o(.bss.pInitTaskHandle)
    [Anonymous Symbol]                       0x200001bc   Section        0  app.o(.bss.pInitTaskHandle)
    pxDelayedTaskList                        0x200001c4   Data           4  tasks.o(.bss.pxDelayedTaskList)
    [Anonymous Symbol]                       0x200001c4   Section        0  tasks.o(.bss.pxDelayedTaskList)
    pxEnd                                    0x200001c8   Data           4  heap_4.o(.bss.pxEnd)
    [Anonymous Symbol]                       0x200001c8   Section        0  heap_4.o(.bss.pxEnd)
    pxOverflowDelayedTaskList                0x200001cc   Data           4  tasks.o(.bss.pxOverflowDelayedTaskList)
    [Anonymous Symbol]                       0x200001cc   Section        0  tasks.o(.bss.pxOverflowDelayedTaskList)
    pxReadyTasksLists                        0x200001d0   Data         100  tasks.o(.bss.pxReadyTasksLists)
    [Anonymous Symbol]                       0x200001d0   Section        0  tasks.o(.bss.pxReadyTasksLists)
    ucHeap                                   0x20000234   Data        3072  heap_4.o(.bss.ucHeap)
    [Anonymous Symbol]                       0x20000234   Section        0  heap_4.o(.bss.ucHeap)
    ulSystemTimeTickCount                    0x20000e34   Data           4  taskmanager.o(.bss.ulSystemTimeTickCount)
    [Anonymous Symbol]                       0x20000e34   Section        0  taskmanager.o(.bss.ulSystemTimeTickCount)
    uxCurrentNumberOfTasks                   0x20000e38   Data           4  tasks.o(.bss.uxCurrentNumberOfTasks)
    [Anonymous Symbol]                       0x20000e38   Section        0  tasks.o(.bss.uxCurrentNumberOfTasks)
    uxDeletedTasksWaitingCleanUp             0x20000e3c   Data           4  tasks.o(.bss.uxDeletedTasksWaitingCleanUp)
    [Anonymous Symbol]                       0x20000e3c   Section        0  tasks.o(.bss.uxDeletedTasksWaitingCleanUp)
    uxSchedulerSuspended                     0x20000e40   Data           4  tasks.o(.bss.uxSchedulerSuspended)
    [Anonymous Symbol]                       0x20000e40   Section        0  tasks.o(.bss.uxSchedulerSuspended)
    uxTaskNumber                             0x20000e44   Data           4  tasks.o(.bss.uxTaskNumber)
    [Anonymous Symbol]                       0x20000e44   Section        0  tasks.o(.bss.uxTaskNumber)
    uxTopReadyPriority                       0x20000e48   Data           4  tasks.o(.bss.uxTopReadyPriority)
    [Anonymous Symbol]                       0x20000e48   Section        0  tasks.o(.bss.uxTopReadyPriority)
    xBlockAllocatedBit                       0x20000e4c   Data           4  heap_4.o(.bss.xBlockAllocatedBit)
    [Anonymous Symbol]                       0x20000e4c   Section        0  heap_4.o(.bss.xBlockAllocatedBit)
    xDelayedTaskList1                        0x20000e50   Data          20  tasks.o(.bss.xDelayedTaskList1)
    [Anonymous Symbol]                       0x20000e50   Section        0  tasks.o(.bss.xDelayedTaskList1)
    xDelayedTaskList2                        0x20000e64   Data          20  tasks.o(.bss.xDelayedTaskList2)
    [Anonymous Symbol]                       0x20000e64   Section        0  tasks.o(.bss.xDelayedTaskList2)
    xFreeBytesRemaining                      0x20000e78   Data           4  heap_4.o(.bss.xFreeBytesRemaining)
    [Anonymous Symbol]                       0x20000e78   Section        0  heap_4.o(.bss.xFreeBytesRemaining)
    xIdleTaskHandle                          0x20000e7c   Data           4  tasks.o(.bss.xIdleTaskHandle)
    [Anonymous Symbol]                       0x20000e7c   Section        0  tasks.o(.bss.xIdleTaskHandle)
    xMinimumEverFreeBytesRemaining           0x20000e80   Data           4  heap_4.o(.bss.xMinimumEverFreeBytesRemaining)
    [Anonymous Symbol]                       0x20000e80   Section        0  heap_4.o(.bss.xMinimumEverFreeBytesRemaining)
    xNextTaskUnblockTime                     0x20000e84   Data           4  tasks.o(.bss.xNextTaskUnblockTime)
    [Anonymous Symbol]                       0x20000e84   Section        0  tasks.o(.bss.xNextTaskUnblockTime)
    xNumOfOverflows                          0x20000e88   Data           4  tasks.o(.bss.xNumOfOverflows)
    [Anonymous Symbol]                       0x20000e88   Section        0  tasks.o(.bss.xNumOfOverflows)
    xNumberOfSuccessfulAllocations           0x20000e8c   Data           4  heap_4.o(.bss.xNumberOfSuccessfulAllocations)
    [Anonymous Symbol]                       0x20000e8c   Section        0  heap_4.o(.bss.xNumberOfSuccessfulAllocations)
    xNumberOfSuccessfulFrees                 0x20000e90   Data           4  heap_4.o(.bss.xNumberOfSuccessfulFrees)
    [Anonymous Symbol]                       0x20000e90   Section        0  heap_4.o(.bss.xNumberOfSuccessfulFrees)
    xPendedTicks                             0x20000e94   Data           4  tasks.o(.bss.xPendedTicks)
    [Anonymous Symbol]                       0x20000e94   Section        0  tasks.o(.bss.xPendedTicks)
    xPendingReadyList                        0x20000e98   Data          20  tasks.o(.bss.xPendingReadyList)
    [Anonymous Symbol]                       0x20000e98   Section        0  tasks.o(.bss.xPendingReadyList)
    xSchedulerRunning                        0x20000eac   Data           4  tasks.o(.bss.xSchedulerRunning)
    [Anonymous Symbol]                       0x20000eac   Section        0  tasks.o(.bss.xSchedulerRunning)
    xStart                                   0x20000eb0   Data           8  heap_4.o(.bss.xStart)
    [Anonymous Symbol]                       0x20000eb0   Section        0  heap_4.o(.bss.xStart)
    xTasksWaitingTermination                 0x20000eb8   Data          20  tasks.o(.bss.xTasksWaitingTermination)
    [Anonymous Symbol]                       0x20000eb8   Section        0  tasks.o(.bss.xTasksWaitingTermination)
    xTickCount                               0x20000ecc   Data           4  tasks.o(.bss.xTickCount)
    [Anonymous Symbol]                       0x20000ecc   Section        0  tasks.o(.bss.xTickCount)
    xYieldPending                            0x20000ed0   Data           4  tasks.o(.bss.xYieldPending)
    [Anonymous Symbol]                       0x20000ed0   Section        0  tasks.o(.bss.xYieldPending)
    STACK                                    0x20000ed8   Section     1024  startup_ft32f030x8.o(STACK)

    Global Symbols

    Symbol Name                              Value     Ov Type        Size  Object(Section)

    BuildAttributes$$THM_ISAv3M$S$PE$A:L22$X:L11$S22$IEEE1$IW$~IW$USESV6$~STKCKD$USESV7$~SHL$OTIME$ROPI$EBA8$MICROLIB$REQ8$PRES8$EABIv2 0x00000000   Number         0  anon$$obj.o ABSOLUTE
    __cpp_initialize__aeabi_                  - Undefined Weak Reference
    __cxa_finalize                            - Undefined Weak Reference
    __decompress                              - Undefined Weak Reference
    _clock_init                               - Undefined Weak Reference
    _microlib_exit                            - Undefined Weak Reference
    __Vectors_Size                           0x000000c0   Number         0  startup_ft32f030x8.o ABSOLUTE
    __Vectors                                0x08000000   Data           4  startup_ft32f030x8.o(RESET)
    __Vectors_End                            0x080000c0   Data           0  startup_ft32f030x8.o(RESET)
    __main                                   0x080000c1   Thumb Code     0  entry.o(.ARM.Collect$$$$00000000)
    _main_stk                                0x080000c1   Thumb Code     0  entry2.o(.ARM.Collect$$$$00000001)
    _main_scatterload                        0x080000c5   Thumb Code     0  entry5.o(.ARM.Collect$$$$00000004)
    __main_after_scatterload                 0x080000c9   Thumb Code     0  entry5.o(.ARM.Collect$$$$00000004)
    _main_clock                              0x080000c9   Thumb Code     0  entry7b.o(.ARM.Collect$$$$00000008)
    _main_cpp_init                           0x080000c9   Thumb Code     0  entry8b.o(.ARM.Collect$$$$0000000A)
    _main_init                               0x080000c9   Thumb Code     0  entry9a.o(.ARM.Collect$$$$0000000B)
    __rt_final_cpp                           0x080000d1   Thumb Code     0  entry10a.o(.ARM.Collect$$$$0000000D)
    __rt_final_exit                          0x080000d1   Thumb Code     0  entry11a.o(.ARM.Collect$$$$0000000F)
    Reset_Handler                            0x080000d5   Thumb Code    38  startup_ft32f030x8.o(.text)
    ADC1_IRQHandler                          0x08000105   Thumb Code     0  startup_ft32f030x8.o(.text)
    DMA1_Channel1_IRQHandler                 0x08000105   Thumb Code     0  startup_ft32f030x8.o(.text)
    DMA1_Channel2_3_IRQHandler               0x08000105   Thumb Code     0  startup_ft32f030x8.o(.text)
    DMA1_Channel4_5_IRQHandler               0x08000105   Thumb Code     0  startup_ft32f030x8.o(.text)
    EXTI0_1_IRQHandler                       0x08000105   Thumb Code     0  startup_ft32f030x8.o(.text)
    EXTI2_3_IRQHandler                       0x08000105   Thumb Code     0  startup_ft32f030x8.o(.text)
    FLASH_IRQHandler                         0x08000105   Thumb Code     0  startup_ft32f030x8.o(.text)
    I2C1_IRQHandler                          0x08000105   Thumb Code     0  startup_ft32f030x8.o(.text)
    I2C2_IRQHandler                          0x08000105   Thumb Code     0  startup_ft32f030x8.o(.text)
    PVD_VDDIO_IRQHandler                     0x08000105   Thumb Code     0  startup_ft32f030x8.o(.text)
    RCC_IRQHandler                           0x08000105   Thumb Code     0  startup_ft32f030x8.o(.text)
    RTC_IRQHandler                           0x08000105   Thumb Code     0  startup_ft32f030x8.o(.text)
    SPI1_IRQHandler                          0x08000105   Thumb Code     0  startup_ft32f030x8.o(.text)
    SPI2_IRQHandler                          0x08000105   Thumb Code     0  startup_ft32f030x8.o(.text)
    TIM15_IRQHandler                         0x08000105   Thumb Code     0  startup_ft32f030x8.o(.text)
    TIM16_IRQHandler                         0x08000105   Thumb Code     0  startup_ft32f030x8.o(.text)
    TIM1_BRK_UP_TRG_COM_IRQHandler           0x08000105   Thumb Code     0  startup_ft32f030x8.o(.text)
    TIM1_CC_IRQHandler                       0x08000105   Thumb Code     0  startup_ft32f030x8.o(.text)
    TIM3_IRQHandler                          0x08000105   Thumb Code     0  startup_ft32f030x8.o(.text)
    TIM6_IRQHandler                          0x08000105   Thumb Code     0  startup_ft32f030x8.o(.text)
    USART1_IRQHandler                        0x08000105   Thumb Code     0  startup_ft32f030x8.o(.text)
    USART2_IRQHandler                        0x08000105   Thumb Code     0  startup_ft32f030x8.o(.text)
    USB_IRQHandler                           0x08000105   Thumb Code     0  startup_ft32f030x8.o(.text)
    WWDG_IRQHandler                          0x08000105   Thumb Code     0  startup_ft32f030x8.o(.text)
    __aeabi_uidiv                            0x0800012d   Thumb Code     0  uidiv.o(.text)
    __aeabi_uidivmod                         0x0800012d   Thumb Code    44  uidiv.o(.text)
    __aeabi_memset                           0x08000159   Thumb Code    14  memseta.o(.text)
    __aeabi_memset4                          0x08000159   Thumb Code     0  memseta.o(.text)
    __aeabi_memset8                          0x08000159   Thumb Code     0  memseta.o(.text)
    __aeabi_memclr                           0x08000167   Thumb Code     4  memseta.o(.text)
    __aeabi_memclr4                          0x08000167   Thumb Code     0  memseta.o(.text)
    __aeabi_memclr8                          0x08000167   Thumb Code     0  memseta.o(.text)
    _memset$wrapper                          0x0800016b   Thumb Code    18  memseta.o(.text)
    __aeabi_fadd                             0x0800017d   Thumb Code   162  fadd.o(.text)
    __aeabi_fsub                             0x0800021f   Thumb Code     8  fadd.o(.text)
    __aeabi_frsub                            0x08000227   Thumb Code     8  fadd.o(.text)
    __aeabi_fmul                             0x0800022f   Thumb Code   122  fmul.o(.text)
    __aeabi_fdiv                             0x080002a9   Thumb Code   124  fdiv.o(.text)
    __aeabi_dadd                             0x08000325   Thumb Code   328  dadd.o(.text)
    __aeabi_dsub                             0x0800046d   Thumb Code    12  dadd.o(.text)
    __aeabi_drsub                            0x08000479   Thumb Code    12  dadd.o(.text)
    __aeabi_dmul                             0x08000489   Thumb Code   202  dmul.o(.text)
    __aeabi_ddiv                             0x08000559   Thumb Code   234  ddiv.o(.text)
    __aeabi_fcmple                           0x08000649   Thumb Code    28  fcmple.o(.text)
    __aeabi_fcmpge                           0x08000665   Thumb Code    28  fcmpge.o(.text)
    __aeabi_fcmpgt                           0x08000681   Thumb Code    28  fcmpgt.o(.text)
    __aeabi_i2f                              0x0800069d   Thumb Code    22  fflti.o(.text)
    __aeabi_i2d                              0x080006b5   Thumb Code    34  dflti.o(.text)
    __aeabi_ui2d                             0x080006dd   Thumb Code    24  dfltui.o(.text)
    __aeabi_d2iz                             0x080006f9   Thumb Code    62  dfixi.o(.text)
    __aeabi_d2uiz                            0x08000741   Thumb Code    50  dfixui.o(.text)
    __aeabi_f2d                              0x0800077d   Thumb Code    40  f2d.o(.text)
    __aeabi_d2f                              0x080007a5   Thumb Code    56  d2f.o(.text)
    __aeabi_llsl                             0x080007dd   Thumb Code    32  llshl.o(.text)
    _ll_shift_l                              0x080007dd   Thumb Code     0  llshl.o(.text)
    __aeabi_llsr                             0x080007fd   Thumb Code    34  llushr.o(.text)
    _ll_ushift_r                             0x080007fd   Thumb Code     0  llushr.o(.text)
    __aeabi_lasr                             0x0800081f   Thumb Code    38  llsshr.o(.text)
    _ll_sshift_r                             0x0800081f   Thumb Code     0  llsshr.o(.text)
    __I$use$fp                               0x08000845   Thumb Code     0  iusefp.o(.text)
    _float_round                             0x08000845   Thumb Code    16  fepilogue.o(.text)
    _float_epilogue                          0x08000855   Thumb Code   114  fepilogue.o(.text)
    _double_round                            0x080008c7   Thumb Code    26  depilogue.o(.text)
    _double_epilogue                         0x080008e1   Thumb Code   164  depilogue.o(.text)
    __scatterload                            0x08000985   Thumb Code    28  init.o(.text)
    __scatterload_rt2                        0x08000985   Thumb Code     0  init.o(.text)
    AD9833_InitIo                            0x080009ed   Thumb Code    50  dev_ad9877.o(.text.AD9833_InitIo)
    AD9833_SetPara                           0x08000c69   Thumb Code   180  dev_ad9877.o(.text.AD9833_SetPara)
    ADC_ChannelConfig                        0x08000e0b   Thumb Code    62  ft32f0xx_adc.o(.text.ADC_ChannelConfig)
    ADC_Cmd                                  0x08000e49   Thumb Code    52  ft32f0xx_adc.o(.text.ADC_Cmd)
    ADC_DMACmd                               0x08000e7d   Thumb Code    52  ft32f0xx_adc.o(.text.ADC_DMACmd)
    ADC_DMARequestModeConfig                 0x08000eb1   Thumb Code    40  ft32f0xx_adc.o(.text.ADC_DMARequestModeConfig)
    ADC_DeInit                               0x08000fe9   Thumb Code    56  ft32f0xx_adc.o(.text.ADC_DeInit)
    ADC_GetCalibrationFactor                 0x08001021   Thumb Code   130  ft32f0xx_adc.o(.text.ADC_GetCalibrationFactor)
    ADC_GetFlagStatus                        0x080010a3   Thumb Code    90  ft32f0xx_adc.o(.text.ADC_GetFlagStatus)
    ADC_Init                                 0x080010fd   Thumb Code    80  ft32f0xx_adc.o(.text.ADC_Init)
    ADC_MainFunc                             0x0800114d   Thumb Code   416  dev_adc.o(.text.ADC_MainFunc)
    ADC_StartOfConversion                    0x080012ed   Thumb Code    22  ft32f0xx_adc.o(.text.ADC_StartOfConversion)
    ADC_StructInit                           0x08001303   Thumb Code    38  ft32f0xx_adc.o(.text.ADC_StructInit)
    APP_Start                                0x08001329   Thumb Code    44  app.o(.text.APP_Start)
    DMA_ClearFlag                            0x08001355   Thumb Code    40  ft32f0xx_dma.o(.text.DMA_ClearFlag)
    DMA_Cmd                                  0x08001379   Thumb Code    56  ft32f0xx_dma.o(.text.DMA_Cmd)
    DMA_DeInit                               0x080013ad   Thumb Code   192  ft32f0xx_dma.o(.text.DMA_DeInit)
    DMA_GetFlagStatus                        0x0800146d   Thumb Code    76  ft32f0xx_dma.o(.text.DMA_GetFlagStatus)
    DMA_Init                                 0x080014b9   Thumb Code   112  ft32f0xx_dma.o(.text.DMA_Init)
    DevBeep_MainFunc                         0x08001529   Thumb Code   236  dev_beep.o(.text.DevBeep_MainFunc)
    DevGpio_ReadInPut                        0x08001615   Thumb Code    60  dev_gpio.o(.text.DevGpio_ReadInPut)
    DevGpio_SetOutPut                        0x0800164d   Thumb Code    72  dev_gpio.o(.text.DevGpio_SetOutPut)
    DevLed_MainFunc                          0x08001695   Thumb Code   260  dev_led.o(.text.DevLed_MainFunc)
    Devpwm_SetDuty                           0x08001799   Thumb Code    40  dev_pwm.o(.text.Devpwm_SetDuty)
    EXTI4_15_IRQHandler                      0x080017c1   Thumb Code   100  ft32f0xx_it.o(.text.EXTI4_15_IRQHandler)
    EXTI_ClearITPendingBit                   0x08001825   Thumb Code    24  ft32f0xx_exti.o(.text.EXTI_ClearITPendingBit)
    EXTI_GetITStatus                         0x08001839   Thumb Code    56  ft32f0xx_exti.o(.text.EXTI_GetITStatus)
    EXTI_Init                                0x08001871   Thumb Code   208  ft32f0xx_exti.o(.text.EXTI_Init)
    FLASH_ErasePage                          0x08001941   Thumb Code   128  ft32f0xx_flash.o(.text.FLASH_ErasePage)
    FLASH_GetStatus                          0x080019bd   Thumb Code    92  ft32f0xx_flash.o(.text.FLASH_GetStatus)
    FLASH_Lock                               0x08001a19   Thumb Code    16  ft32f0xx_flash.o(.text.FLASH_Lock)
    FLASH_PrefetchBufferCmd                  0x08001a25   Thumb Code    52  ft32f0xx_flash.o(.text.FLASH_PrefetchBufferCmd)
    FLASH_ProgramWord                        0x08001a59   Thumb Code   124  ft32f0xx_flash.o(.text.FLASH_ProgramWord)
    FLASH_Unlock                             0x08001ad1   Thumb Code    44  ft32f0xx_flash.o(.text.FLASH_Unlock)
    FLASH_WaitForLastOperation               0x08001afd   Thumb Code   114  ft32f0xx_flash.o(.text.FLASH_WaitForLastOperation)
    Flash_Read                               0x08001cc1   Thumb Code   106  dev_flash.o(.text.Flash_Read)
    Flash_Write                              0x08001d2b   Thumb Code   192  dev_flash.o(.text.Flash_Write)
    GPIO_DeInit                              0x08001ded   Thumb Code   232  ft32f0xx_gpio.o(.text.GPIO_DeInit)
    GPIO_Init                                0x08001ed5   Thumb Code   236  ft32f0xx_gpio.o(.text.GPIO_Init)
    GPIO_PinAFConfig                         0x08001fc1   Thumb Code   112  ft32f0xx_gpio.o(.text.GPIO_PinAFConfig)
    GPIO_ReadInputDataBit                    0x08002031   Thumb Code    62  ft32f0xx_gpio.o(.text.GPIO_ReadInputDataBit)
    GPIO_ToggleBit                           0x08002071   Thumb Code    76  dev_gpio.o(.text.GPIO_ToggleBit)
    GPIO_WriteBit                            0x080020bd   Thumb Code    56  ft32f0xx_gpio.o(.text.GPIO_WriteBit)
    HardFault_Handler                        0x080020f5   Thumb Code     4  ft32f0xx_it.o(.text.HardFault_Handler)
    InitTask1                                0x08002119   Thumb Code   144  app.o(.text.InitTask1)
    LED_Init                                 0x080021a9   Thumb Code    28  dev_led.o(.text.LED_Init)
    Lipus_MainFunc                           0x08002221   Thumb Code   324  app.o(.text.Lipus_MainFunc)
    NMI_Handler                              0x0800239b   Thumb Code     2  ft32f0xx_it.o(.text.NMI_Handler)
    NVIC_Init                                0x0800239d   Thumb Code   148  ft32f0xx_misc.o(.text.NVIC_Init)
    PendSV_Handler                           0x08002431   Thumb Code    68  port.o(.text.PendSV_Handler)
    Power_MainFunc                           0x08002475   Thumb Code   184  app.o(.text.Power_MainFunc)
    RCC_AHBPeriphClockCmd                    0x08002521   Thumb Code    56  ft32f0xx_rcc.o(.text.RCC_AHBPeriphClockCmd)
    RCC_AHBPeriphResetCmd                    0x08002559   Thumb Code    56  ft32f0xx_rcc.o(.text.RCC_AHBPeriphResetCmd)
    RCC_APB1PeriphClockCmd                   0x08002591   Thumb Code    56  ft32f0xx_rcc.o(.text.RCC_APB1PeriphClockCmd)
    RCC_APB2PeriphClockCmd                   0x080025c9   Thumb Code    56  ft32f0xx_rcc.o(.text.RCC_APB2PeriphClockCmd)
    RCC_APB2PeriphResetCmd                   0x08002601   Thumb Code    56  ft32f0xx_rcc.o(.text.RCC_APB2PeriphResetCmd)
    SVC_Handler                              0x08002639   Thumb Code     2  port.o(.text.SVC_Handler)
    SYSCFG_EXTILineConfig                    0x0800263d   Thumb Code    84  ft32f0xx_syscfg.o(.text.SYSCFG_EXTILineConfig)
    SysTick_Handler                          0x0800281d   Thumb Code    44  port.o(.text.SysTick_Handler)
    SystemInit                               0x08002849   Thumb Code   124  system_ft32f0xx.o(.text.SystemInit)
    TIM14_IRQHandler                         0x080028c5   Thumb Code   196  ft32f0xx_it.o(.text.TIM14_IRQHandler)
    TIM17_IRQHandler                         0x08002979   Thumb Code   372  ft32f0xx_it.o(.text.TIM17_IRQHandler)
    TIM_ClearITPendingBit                    0x08002ae9   Thumb Code    28  ft32f0xx_tim.o(.text.TIM_ClearITPendingBit)
    TIM_Cmd                                  0x08002b05   Thumb Code    52  ft32f0xx_tim.o(.text.TIM_Cmd)
    TIM_CtrlPWMOutputs                       0x08002b39   Thumb Code    64  ft32f0xx_tim.o(.text.TIM_CtrlPWMOutputs)
    TIM_GetITStatus                          0x08002b79   Thumb Code    94  ft32f0xx_tim.o(.text.TIM_GetITStatus)
    TIM_ITConfig                             0x08002bd7   Thumb Code    64  ft32f0xx_tim.o(.text.TIM_ITConfig)
    TIM_OC1Init                              0x08002c19   Thumb Code   284  ft32f0xx_tim.o(.text.TIM_OC1Init)
    TIM_SetCompare1                          0x08002d29   Thumb Code    24  ft32f0xx_tim.o(.text.TIM_SetCompare1)
    TIM_TimeBaseInit                         0x08002d41   Thumb Code   224  ft32f0xx_tim.o(.text.TIM_TimeBaseInit)
    UltraParam_Init                          0x080030fd   Thumb Code   156  dev_flash.o(.text.UltraParam_Init)
    look1_iflf_binlxpw                       0x08003199   Thumb Code   340  dev_adc.o(.text.look1_iflf_binlxpw)
    main                                     0x080032ed   Thumb Code    92  main.o(.text.main)
    pvPortMalloc                             0x0800388d   Thumb Code   396  heap_4.o(.text.pvPortMalloc)
    pxPortInitialiseStack                    0x08003a11   Thumb Code    88  port.o(.text.pxPortInitialiseStack)
    ulSetInterruptMaskFromISR                0x08003a69   Thumb Code     8  port.o(.text.ulSetInterruptMaskFromISR)
    uxListRemove                             0x08003a71   Thumb Code    76  list.o(.text.uxListRemove)
    vApplicationMallocFailedHook             0x08003abd   Thumb Code     6  taskmanager.o(.text.vApplicationMallocFailedHook)
    vApplicationStackOverflowHook            0x08003ac3   Thumb Code    20  taskmanager.o(.text.vApplicationStackOverflowHook)
    vApplicationTickHook                     0x08003ad9   Thumb Code    16  taskmanager.o(.text.vApplicationTickHook)
    vClearInterruptMaskFromISR               0x08003ae9   Thumb Code     6  port.o(.text.vClearInterruptMaskFromISR)
    vListInitialise                          0x08003aef   Thumb Code    48  list.o(.text.vListInitialise)
    vListInitialiseItem                      0x08003b1f   Thumb Code    18  list.o(.text.vListInitialiseItem)
    vListInsert                              0x08003b31   Thumb Code   116  list.o(.text.vListInsert)
    vListInsertEnd                           0x08003ba5   Thumb Code    66  list.o(.text.vListInsertEnd)
    vPortEnterCritical                       0x08003be9   Thumb Code    24  port.o(.text.vPortEnterCritical)
    vPortExitCritical                        0x08003bfd   Thumb Code    28  port.o(.text.vPortExitCritical)
    vPortFree                                0x08003c15   Thumb Code   132  heap_4.o(.text.vPortFree)
    vPortSetupTimerInterrupt                 0x08003c99   Thumb Code    64  port.o(.text.vPortSetupTimerInterrupt)
    vPortYield                               0x08003d15   Thumb Code    24  port.o(.text.vPortYield)
    vTaskDelay                               0x08003d2d   Thumb Code    64  tasks.o(.text.vTaskDelay)
    vTaskDelete                              0x08003d6d   Thumb Code   208  tasks.o(.text.vTaskDelete)
    vTaskStartScheduler                      0x08003e35   Thumb Code   112  tasks.o(.text.vTaskStartScheduler)
    vTaskSuspendAll                          0x08003e9d   Thumb Code    16  tasks.o(.text.vTaskSuspendAll)
    vTaskSwitchContext                       0x08003ea9   Thumb Code   228  tasks.o(.text.vTaskSwitchContext)
    xPortStartScheduler                      0x08003f7d   Thumb Code    64  port.o(.text.xPortStartScheduler)
    xTaskCreate                              0x08003fbd   Thumb Code   170  tasks.o(.text.xTaskCreate)
    xTaskIncrementTick                       0x08004069   Thumb Code   384  tasks.o(.text.xTaskIncrementTick)
    xTaskResumeAll                           0x080041e5   Thumb Code   304  tasks.o(.text.xTaskResumeAll)
    __ARM_clz                                0x08004315   Thumb Code    46  depilogue.o(i.__ARM_clz)
    __scatterload_copy                       0x08004343   Thumb Code    14  handlers.o(i.__scatterload_copy)
    __scatterload_null                       0x08004351   Thumb Code     2  handlers.o(i.__scatterload_null)
    __scatterload_zeroinit                   0x08004353   Thumb Code    14  handlers.o(i.__scatterload_zeroinit)
    INP_HWTemp1_R                            0x08004360   Data         640  dev_adc.o(.rodata.INP_HWTemp1_R)
    OUT_HWTemp1_T                            0x080045e0   Data         640  dev_adc.o(.rodata.OUT_HWTemp1_T)
    Region$$Table$$Base                      0x080048a0   Number         0  anon$$obj.o(Region$$Table)
    Region$$Table$$Limit                     0x080048c0   Number         0  anon$$obj.o(Region$$Table)
    PowerOff_Flg                             0x20000000   Data           1  main.o(.data.PowerOff_Flg)
    SampleVol_Buff                           0x20000004   Data         120  dev_adc.o(.data.SampleVol_Buff)
    SystemCoreClock                          0x2000007c   Data           4  system_ft32f0xx.o(.data.SystemCoreClock)
    UltraDuty                                0x20000080   Data           1  app.o(.data.UltraDuty)
    Battery_vol                              0x20000108   Data           4  dev_adc.o(.bss.Battery_vol)
    BeepState                                0x2000010c   Data           1  dev_beep.o(.bss.BeepState)
    DMA_DualConvertedValue                   0x20000110   Data           4  main.o(.bss.DMA_DualConvertedValue)
    Data_Store                               0x20000114   Data           4  dev_flash.o(.bss.Data_Store)
    DevWorkState                             0x20000119   Data           1  app.o(.bss.DevWorkState)
    DuratTime                                0x2000011a   Data           2  dev_beep.o(.bss.DuratTime)
    KEY1_Count                               0x2000011c   Data           4  ft32f0xx_it.o(.bss.KEY1_Count)
    KEY1_Flg                                 0x20000120   Data           1  ft32f0xx_it.o(.bss.KEY1_Flg)
    KEY2_Count                               0x20000124   Data           4  ft32f0xx_it.o(.bss.KEY2_Count)
    KEY2_Flg                                 0x20000128   Data           1  ft32f0xx_it.o(.bss.KEY2_Flg)
    LCD_ToggleTime                           0x2000012a   Data           2  dev_led.o(.bss.LCD_ToggleTime)
    POWER_Count                              0x2000012c   Data           4  ft32f0xx_it.o(.bss.POWER_Count)
    PowerOn_Flg                              0x20000130   Data           1  ft32f0xx_it.o(.bss.PowerOn_Flg)
    SampleTemp_Buff                          0x20000134   Data         120  dev_adc.o(.bss.SampleTemp_Buff)
    StandyTime                               0x200001ac   Data           4  ft32f0xx_it.o(.bss.StandyTime)
    Ultra_Temp                               0x200001b4   Data           4  dev_adc.o(.bss.Ultra_Temp)
    WorkTime                                 0x200001b8   Data           4  ft32f0xx_it.o(.bss.WorkTime)
    pxCurrentTCB                             0x200001c0   Data           4  tasks.o(.bss.pxCurrentTCB)
    __initial_sp                             0x200012d8   Data           0  startup_ft32f030x8.o(STACK)



==============================================================================

Memory Map of the image

  Image Entry point : 0x080000d5

  Load Region LR_1 (Base: 0x08000000, Size: 0x000049b0, Max: 0xffffffff, ABSOLUTE)

    Execution Region ER_RO (Exec base: 0x08000000, Load base: 0x08000000, Size: 0x000048c0, Max: 0xffffffff, ABSOLUTE)

    Exec Addr    Load Addr    Size         Type   Attr      Idx    E Section Name        Object

    0x08000000   0x08000000   0x000000c0   Data   RO         1616    RESET               startup_ft32f030x8.o
    0x080000c0   0x080000c0   0x00000000   Code   RO         1641  * .ARM.Collect$$$$00000000  mc_p.l(entry.o)
    0x080000c0   0x080000c0   0x00000004   Code   RO         1684    .ARM.Collect$$$$00000001  mc_p.l(entry2.o)
    0x080000c4   0x080000c4   0x00000004   Code   RO         1687    .ARM.Collect$$$$00000004  mc_p.l(entry5.o)
    0x080000c8   0x080000c8   0x00000000   Code   RO         1689    .ARM.Collect$$$$00000008  mc_p.l(entry7b.o)
    0x080000c8   0x080000c8   0x00000000   Code   RO         1691    .ARM.Collect$$$$0000000A  mc_p.l(entry8b.o)
    0x080000c8   0x080000c8   0x00000008   Code   RO         1692    .ARM.Collect$$$$0000000B  mc_p.l(entry9a.o)
    0x080000d0   0x080000d0   0x00000000   Code   RO         1694    .ARM.Collect$$$$0000000D  mc_p.l(entry10a.o)
    0x080000d0   0x080000d0   0x00000000   Code   RO         1696    .ARM.Collect$$$$0000000F  mc_p.l(entry11a.o)
    0x080000d0   0x080000d0   0x00000004   Code   RO         1685    .ARM.Collect$$$$00002712  mc_p.l(entry2.o)
    0x080000d4   0x080000d4   0x00000058   Code   RO         1617  * .text               startup_ft32f030x8.o
    0x0800012c   0x0800012c   0x0000002c   Code   RO         1644    .text               mc_p.l(uidiv.o)
    0x08000158   0x08000158   0x00000024   Code   RO         1648    .text               mc_p.l(memseta.o)
    0x0800017c   0x0800017c   0x000000b2   Code   RO         1652    .text               mf_p.l(fadd.o)
    0x0800022e   0x0800022e   0x0000007a   Code   RO         1654    .text               mf_p.l(fmul.o)
    0x080002a8   0x080002a8   0x0000007c   Code   RO         1656    .text               mf_p.l(fdiv.o)
    0x08000324   0x08000324   0x00000164   Code   RO         1658    .text               mf_p.l(dadd.o)
    0x08000488   0x08000488   0x000000d0   Code   RO         1660    .text               mf_p.l(dmul.o)
    0x08000558   0x08000558   0x000000f0   Code   RO         1662    .text               mf_p.l(ddiv.o)
    0x08000648   0x08000648   0x0000001c   Code   RO         1664    .text               mf_p.l(fcmple.o)
    0x08000664   0x08000664   0x0000001c   Code   RO         1666    .text               mf_p.l(fcmpge.o)
    0x08000680   0x08000680   0x0000001c   Code   RO         1668    .text               mf_p.l(fcmpgt.o)
    0x0800069c   0x0800069c   0x00000016   Code   RO         1670    .text               mf_p.l(fflti.o)
    0x080006b2   0x080006b2   0x00000002   PAD
    0x080006b4   0x080006b4   0x00000028   Code   RO         1672    .text               mf_p.l(dflti.o)
    0x080006dc   0x080006dc   0x0000001c   Code   RO         1674    .text               mf_p.l(dfltui.o)
    0x080006f8   0x080006f8   0x00000048   Code   RO         1676    .text               mf_p.l(dfixi.o)
    0x08000740   0x08000740   0x0000003c   Code   RO         1678    .text               mf_p.l(dfixui.o)
    0x0800077c   0x0800077c   0x00000028   Code   RO         1680    .text               mf_p.l(f2d.o)
    0x080007a4   0x080007a4   0x00000038   Code   RO         1682    .text               mf_p.l(d2f.o)
    0x080007dc   0x080007dc   0x00000020   Code   RO         1698    .text               mc_p.l(llshl.o)
    0x080007fc   0x080007fc   0x00000022   Code   RO         1700    .text               mc_p.l(llushr.o)
    0x0800081e   0x0800081e   0x00000026   Code   RO         1702    .text               mc_p.l(llsshr.o)
    0x08000844   0x08000844   0x00000000   Code   RO         1704    .text               mc_p.l(iusefp.o)
    0x08000844   0x08000844   0x00000082   Code   RO         1705    .text               mf_p.l(fepilogue.o)
    0x080008c6   0x080008c6   0x000000be   Code   RO         1707    .text               mf_p.l(depilogue.o)
    0x08000984   0x08000984   0x00000024   Code   RO         1711    .text               mc_p.l(init.o)
    0x080009a8   0x080009a8   0x00000024   Code   RO          452    .text.AD9833_Delay  dev_ad9877.o
    0x080009cc   0x080009cc   0x00000020   Code   RO          446    .text.AD9833_FSYNC_Set  dev_ad9877.o
    0x080009ec   0x080009ec   0x00000032   Code   RO          444    .text.AD9833_InitIo  dev_ad9877.o
    0x08000a1e   0x08000a1e   0x00000020   Code   RO          448    .text.AD9833_SCLK_Set  dev_ad9877.o
    0x08000a3e   0x08000a3e   0x00000020   Code   RO          450    .text.AD9833_SDATA_Set  dev_ad9877.o
    0x08000a5e   0x08000a5e   0x000000b8   Code   RO          436    .text.AD9833_SendData  dev_ad9877.o
    0x08000b16   0x08000b16   0x00000002   PAD
    0x08000b18   0x08000b18   0x000000d0   Code   RO          438    .text.AD9833_SendFrequency  dev_ad9877.o
    0x08000be8   0x08000be8   0x00000036   Code   RO          440    .text.AD9833_SendPhase  dev_ad9877.o
    0x08000c1e   0x08000c1e   0x0000004a   Code   RO          442    .text.AD9833_SendWave  dev_ad9877.o
    0x08000c68   0x08000c68   0x000000b4   Code   RO          434    .text.AD9833_SetPara  dev_ad9877.o
    0x08000d1c   0x08000d1c   0x000000ee   Code   RO          413    .text.ADCSample_Filter  dev_adc.o
    0x08000e0a   0x08000e0a   0x0000003e   Code   RO          568    .text.ADC_ChannelConfig  ft32f0xx_adc.o
    0x08000e48   0x08000e48   0x00000034   Code   RO          544    .text.ADC_Cmd       ft32f0xx_adc.o
    0x08000e7c   0x08000e7c   0x00000034   Code   RO          584    .text.ADC_DMACmd    ft32f0xx_adc.o
    0x08000eb0   0x08000eb0   0x00000028   Code   RO          586    .text.ADC_DMARequestModeConfig  ft32f0xx_adc.o
    0x08000ed8   0x08000ed8   0x00000110   Code   RO           39    .text.ADC_DMA_Config  main.o
    0x08000fe8   0x08000fe8   0x00000038   Code   RO          538    .text.ADC_DeInit    ft32f0xx_adc.o
    0x08001020   0x08001020   0x00000082   Code   RO          576    .text.ADC_GetCalibrationFactor  ft32f0xx_adc.o
    0x080010a2   0x080010a2   0x0000005a   Code   RO          590    .text.ADC_GetFlagStatus  ft32f0xx_adc.o
    0x080010fc   0x080010fc   0x00000050   Code   RO          540    .text.ADC_Init      ft32f0xx_adc.o
    0x0800114c   0x0800114c   0x000001a0   Code   RO          411    .text.ADC_MainFunc  dev_adc.o
    0x080012ec   0x080012ec   0x00000016   Code   RO          580    .text.ADC_StartOfConversion  ft32f0xx_adc.o
    0x08001302   0x08001302   0x00000026   Code   RO          542    .text.ADC_StructInit  ft32f0xx_adc.o
    0x08001328   0x08001328   0x0000002c   Code   RO          383    .text.APP_Start     app.o
    0x08001354   0x08001354   0x00000024   Code   RO          746    .text.DMA_ClearFlag  ft32f0xx_dma.o
    0x08001378   0x08001378   0x00000034   Code   RO          736    .text.DMA_Cmd       ft32f0xx_dma.o
    0x080013ac   0x080013ac   0x000000c0   Code   RO          730    .text.DMA_DeInit    ft32f0xx_dma.o
    0x0800146c   0x0800146c   0x0000004c   Code   RO          744    .text.DMA_GetFlagStatus  ft32f0xx_dma.o
    0x080014b8   0x080014b8   0x00000070   Code   RO          732    .text.DMA_Init      ft32f0xx_dma.o
    0x08001528   0x08001528   0x000000ec   Code   RO          462    .text.DevBeep_MainFunc  dev_beep.o
    0x08001614   0x08001614   0x00000038   Code   RO          491    .text.DevGpio_ReadInPut  dev_gpio.o
    0x0800164c   0x0800164c   0x00000048   Code   RO          489    .text.DevGpio_SetOutPut  dev_gpio.o
    0x08001694   0x08001694   0x00000104   Code   RO          524    .text.DevLed_MainFunc  dev_led.o
    0x08001798   0x08001798   0x00000028   Code   RO          505    .text.Devpwm_SetDuty  dev_pwm.o
    0x080017c0   0x080017c0   0x00000064   Code   RO           10    .text.EXTI4_15_IRQHandler  ft32f0xx_it.o
    0x08001824   0x08001824   0x00000014   Code   RO          774    .text.EXTI_ClearITPendingBit  ft32f0xx_exti.o
    0x08001838   0x08001838   0x00000038   Code   RO          772    .text.EXTI_GetITStatus  ft32f0xx_exti.o
    0x08001870   0x08001870   0x000000d0   Code   RO          762    .text.EXTI_Init     ft32f0xx_exti.o
    0x08001940   0x08001940   0x0000007c   Code   RO          794    .text.FLASH_ErasePage  ft32f0xx_flash.o
    0x080019bc   0x080019bc   0x0000005c   Code   RO          838    .text.FLASH_GetStatus  ft32f0xx_flash.o
    0x08001a18   0x08001a18   0x0000000c   Code   RO          792    .text.FLASH_Lock    ft32f0xx_flash.o
    0x08001a24   0x08001a24   0x00000034   Code   RO          786    .text.FLASH_PrefetchBufferCmd  ft32f0xx_flash.o
    0x08001a58   0x08001a58   0x00000078   Code   RO          800    .text.FLASH_ProgramWord  ft32f0xx_flash.o
    0x08001ad0   0x08001ad0   0x0000002c   Code   RO          790    .text.FLASH_Unlock  ft32f0xx_flash.o
    0x08001afc   0x08001afc   0x00000072   Code   RO          796    .text.FLASH_WaitForLastOperation  ft32f0xx_flash.o
    0x08001b6e   0x08001b6e   0x00000074   Code   RO           37    .text.FT32_EXIT_Init  main.o
    0x08001be2   0x08001be2   0x0000006c   Code   RO           33    .text.FT32_GPIOA_Init  main.o
    0x08001c4e   0x08001c4e   0x00000002   PAD
    0x08001c50   0x08001c50   0x00000070   Code   RO           35    .text.FT32_GPIOB_Init  main.o
    0x08001cc0   0x08001cc0   0x0000006a   Code   RO          476    .text.Flash_Read    dev_flash.o
    0x08001d2a   0x08001d2a   0x000000c0   Code   RO          474    .text.Flash_Write   dev_flash.o
    0x08001dea   0x08001dea   0x00000002   PAD
    0x08001dec   0x08001dec   0x000000e8   Code   RO          848    .text.GPIO_DeInit   ft32f0xx_gpio.o
    0x08001ed4   0x08001ed4   0x000000ec   Code   RO          850    .text.GPIO_Init     ft32f0xx_gpio.o
    0x08001fc0   0x08001fc0   0x00000070   Code   RO          872    .text.GPIO_PinAFConfig  ft32f0xx_gpio.o
    0x08002030   0x08002030   0x0000003e   Code   RO          856    .text.GPIO_ReadInputDataBit  ft32f0xx_gpio.o
    0x0800206e   0x0800206e   0x00000002   PAD
    0x08002070   0x08002070   0x0000004c   Code   RO          493    .text.GPIO_ToggleBit  dev_gpio.o
    0x080020bc   0x080020bc   0x00000038   Code   RO          868    .text.GPIO_WriteBit  ft32f0xx_gpio.o
    0x080020f4   0x080020f4   0x00000004   Code   RO            4    .text.HardFault_Handler  ft32f0xx_it.o
    0x080020f8   0x080020f8   0x00000020   Code   RO          387    .text.HighProTask   app.o
    0x08002118   0x08002118   0x00000090   Code   RO          385    .text.InitTask1     app.o
    0x080021a8   0x080021a8   0x0000001c   Code   RO          522    .text.LED_Init      dev_led.o
    0x080021c4   0x080021c4   0x0000005c   Code   RO          526    .text.LED_Toggle    dev_led.o
    0x08002220   0x08002220   0x00000140   Code   RO          393    .text.Lipus_MainFunc  app.o
    0x08002360   0x08002360   0x0000001e   Code   RO          391    .text.LowProTask    app.o
    0x0800237e   0x0800237e   0x0000001c   Code   RO          389    .text.MediumProTask  app.o
    0x0800239a   0x0800239a   0x00000002   Code   RO            2    .text.NMI_Handler   ft32f0xx_it.o
    0x0800239c   0x0800239c   0x00000094   Code   RO          996    .text.NVIC_Init     ft32f0xx_misc.o
    0x08002430   0x08002430   0x00000044   Code   RO          370    .text.PendSV_Handler  port.o
    0x08002474   0x08002474   0x000000ac   Code   RO          395    .text.Power_MainFunc  app.o
    0x08002520   0x08002520   0x00000038   Code   RO         1098    .text.RCC_AHBPeriphClockCmd  ft32f0xx_rcc.o
    0x08002558   0x08002558   0x00000038   Code   RO         1104    .text.RCC_AHBPeriphResetCmd  ft32f0xx_rcc.o
    0x08002590   0x08002590   0x00000038   Code   RO         1102    .text.RCC_APB1PeriphClockCmd  ft32f0xx_rcc.o
    0x080025c8   0x080025c8   0x00000038   Code   RO         1100    .text.RCC_APB2PeriphClockCmd  ft32f0xx_rcc.o
    0x08002600   0x08002600   0x00000038   Code   RO         1106    .text.RCC_APB2PeriphResetCmd  ft32f0xx_rcc.o
    0x08002638   0x08002638   0x00000002   Code   RO          350    .text.SVC_Handler   port.o
    0x0800263a   0x0800263a   0x00000002   PAD
    0x0800263c   0x0800263c   0x00000054   Code   RO         1303    .text.SYSCFG_EXTILineConfig  ft32f0xx_syscfg.o
    0x08002690   0x08002690   0x00000008   Code   RO         1626    .text.SetSysClock   system_ft32f0xx.o
    0x08002698   0x08002698   0x000000dc   Code   RO         1630    .text.SetSysClockTo72  system_ft32f0xx.o
    0x08002774   0x08002774   0x00000030   Code   RO          507    .text.Set_PWM1_Duty  dev_pwm.o
    0x080027a4   0x080027a4   0x0000003c   Code   RO          509    .text.Set_PWM2_Duty  dev_pwm.o
    0x080027e0   0x080027e0   0x0000003c   Code   RO          511    .text.Set_PWM3_Duty  dev_pwm.o
    0x0800281c   0x0800281c   0x0000002c   Code   RO          372    .text.SysTick_Handler  port.o
    0x08002848   0x08002848   0x0000007c   Code   RO         1624    .text.SystemInit    system_ft32f0xx.o
    0x080028c4   0x080028c4   0x000000b4   Code   RO            6    .text.TIM14_IRQHandler  ft32f0xx_it.o
    0x08002978   0x08002978   0x00000170   Code   RO            8    .text.TIM17_IRQHandler  ft32f0xx_it.o
    0x08002ae8   0x08002ae8   0x0000001c   Code   RO         1467    .text.TIM_ClearITPendingBit  ft32f0xx_tim.o
    0x08002b04   0x08002b04   0x00000034   Code   RO         1343    .text.TIM_Cmd       ft32f0xx_tim.o
    0x08002b38   0x08002b38   0x00000040   Code   RO         1349    .text.TIM_CtrlPWMOutputs  ft32f0xx_tim.o
    0x08002b78   0x08002b78   0x0000005e   Code   RO         1465    .text.TIM_GetITStatus  ft32f0xx_tim.o
    0x08002bd6   0x08002bd6   0x00000040   Code   RO         1457    .text.TIM_ITConfig  ft32f0xx_tim.o
    0x08002c16   0x08002c16   0x00000002   PAD
    0x08002c18   0x08002c18   0x00000110   Code   RO         1351    .text.TIM_OC1Init   ft32f0xx_tim.o
    0x08002d28   0x08002d28   0x00000018   Code   RO         1363    .text.TIM_SetCompare1  ft32f0xx_tim.o
    0x08002d40   0x08002d40   0x000000d4   Code   RO         1317    .text.TIM_TimeBaseInit  ft32f0xx_tim.o
    0x08002e14   0x08002e14   0x00000064   Code   RO           49    .text.Tim14BaseInit  main.o
    0x08002e78   0x08002e78   0x000000ac   Code   RO           43    .text.Tim15BaseInit  main.o
    0x08002f24   0x08002f24   0x000000b4   Code   RO           45    .text.Tim16BaseInit  main.o
    0x08002fd8   0x08002fd8   0x00000068   Code   RO           47    .text.Tim17BaseInit  main.o
    0x08003040   0x08003040   0x000000bc   Code   RO           41    .text.Tim3BaseInit  main.o
    0x080030fc   0x080030fc   0x0000009c   Code   RO          478    .text.UltraParam_Init  dev_flash.o
    0x08003198   0x08003198   0x00000154   Code   RO          409    .text.look1_iflf_binlxpw  dev_adc.o
    0x080032ec   0x080032ec   0x0000005c   Code   RO           31    .text.main          main.o
    0x08003348   0x08003348   0x0000008c   Code   RO          194    .text.prvAddCurrentTaskToDelayedList  tasks.o
    0x080033d4   0x080033d4   0x000000e0   Code   RO          182    .text.prvAddNewTaskToReadyList  tasks.o
    0x080034b4   0x080034b4   0x00000050   Code   RO          282    .text.prvCheckTasksWaitingTermination  tasks.o
    0x08003504   0x08003504   0x0000001c   Code   RO          186    .text.prvDeleteTCB  tasks.o
    0x08003520   0x08003520   0x000000a8   Code   RO          316    .text.prvHeapInit   heap_4.o
    0x080035c8   0x080035c8   0x00000024   Code   RO          208    .text.prvIdleTask   tasks.o
    0x080035ec   0x080035ec   0x0000011c   Code   RO          180    .text.prvInitialiseNewTask  tasks.o
    0x08003708   0x08003708   0x00000074   Code   RO          280    .text.prvInitialiseTaskLists  tasks.o
    0x0800377c   0x0800377c   0x000000c0   Code   RO          318    .text.prvInsertBlockIntoFreeList  heap_4.o
    0x0800383c   0x0800383c   0x00000038   Code   RO          188    .text.prvResetNextTaskUnblockTime  tasks.o
    0x08003874   0x08003874   0x00000018   Code   RO          348    .text.prvTaskExitError  port.o
    0x0800388c   0x0800388c   0x00000184   Code   RO          314    .text.pvPortMalloc  heap_4.o
    0x08003a10   0x08003a10   0x00000058   Code   RO          346    .text.pxPortInitialiseStack  port.o
    0x08003a68   0x08003a68   0x00000008   Code   RO          366    .text.ulSetInterruptMaskFromISR  port.o
    0x08003a70   0x08003a70   0x0000004c   Code   RO           91    .text.uxListRemove  list.o
    0x08003abc   0x08003abc   0x00000006   Code   RO           70    .text.vApplicationMallocFailedHook  taskmanager.o
    0x08003ac2   0x08003ac2   0x00000014   Code   RO           72    .text.vApplicationStackOverflowHook  taskmanager.o
    0x08003ad6   0x08003ad6   0x00000002   PAD
    0x08003ad8   0x08003ad8   0x00000010   Code   RO           68    .text.vApplicationTickHook  taskmanager.o
    0x08003ae8   0x08003ae8   0x00000006   Code   RO          368    .text.vClearInterruptMaskFromISR  port.o
    0x08003aee   0x08003aee   0x00000030   Code   RO           83    .text.vListInitialise  list.o
    0x08003b1e   0x08003b1e   0x00000012   Code   RO           85    .text.vListInitialiseItem  list.o
    0x08003b30   0x08003b30   0x00000074   Code   RO           89    .text.vListInsert   list.o
    0x08003ba4   0x08003ba4   0x00000042   Code   RO           87    .text.vListInsertEnd  list.o
    0x08003be6   0x08003be6   0x00000002   PAD
    0x08003be8   0x08003be8   0x00000014   Code   RO          362    .text.vPortEnterCritical  port.o
    0x08003bfc   0x08003bfc   0x00000018   Code   RO          364    .text.vPortExitCritical  port.o
    0x08003c14   0x08003c14   0x00000084   Code   RO          320    .text.vPortFree     heap_4.o
    0x08003c98   0x08003c98   0x00000040   Code   RO          354    .text.vPortSetupTimerInterrupt  port.o
    0x08003cd8   0x08003cd8   0x00000008   PAD
    0x08003ce0   0x08003ce0   0x00000034   Code   RO          356    .text.vPortStartFirstTask  port.o
    0x08003d14   0x08003d14   0x00000018   Code   RO          360    .text.vPortYield    port.o
    0x08003d2c   0x08003d2c   0x00000040   Code   RO          190    .text.vTaskDelay    tasks.o
    0x08003d6c   0x08003d6c   0x000000c8   Code   RO          184    .text.vTaskDelete   tasks.o
    0x08003e34   0x08003e34   0x00000068   Code   RO          206    .text.vTaskStartScheduler  tasks.o
    0x08003e9c   0x08003e9c   0x0000000c   Code   RO          192    .text.vTaskSuspendAll  tasks.o
    0x08003ea8   0x08003ea8   0x000000d4   Code   RO          228    .text.vTaskSwitchContext  tasks.o
    0x08003f7c   0x08003f7c   0x00000040   Code   RO          352    .text.xPortStartScheduler  port.o
    0x08003fbc   0x08003fbc   0x000000aa   Code   RO          178    .text.xTaskCreate   tasks.o
    0x08004066   0x08004066   0x00000002   PAD
    0x08004068   0x08004068   0x0000017c   Code   RO          212    .text.xTaskIncrementTick  tasks.o
    0x080041e4   0x080041e4   0x00000130   Code   RO          196    .text.xTaskResumeAll  tasks.o
    0x08004314   0x08004314   0x0000002e   Code   RO         1709    i.__ARM_clz         mf_p.l(depilogue.o)
    0x08004342   0x08004342   0x0000000e   Code   RO         1715    i.__scatterload_copy  mc_p.l(handlers.o)
    0x08004350   0x08004350   0x00000002   Code   RO         1716    i.__scatterload_null  mc_p.l(handlers.o)
    0x08004352   0x08004352   0x0000000e   Code   RO         1717    i.__scatterload_zeroinit  mc_p.l(handlers.o)
    0x08004360   0x08004360   0x00000280   Data   RO          418    .rodata.INP_HWTemp1_R  dev_adc.o
    0x080045e0   0x080045e0   0x00000280   Data   RO          419    .rodata.OUT_HWTemp1_T  dev_adc.o
    0x08004860   0x08004860   0x0000000c   Data   RO          513    .rodata.set_pwm_duty  dev_pwm.o
    0x0800486c   0x0800486c   0x00000005   Data   RO          294    .rodata.str1.1      tasks.o
    0x08004871   0x08004871   0x0000002f   Data   RO          399    .rodata.str1.1      app.o
    0x080048a0   0x080048a0   0x00000020   Data   RO         1714    Region$$Table       anon$$obj.o


    Execution Region ER_RW (Exec base: 0x20000000, Load base: 0x080048c0, Size: 0x000000f0, Max: 0xffffffff, ABSOLUTE)

    Exec Addr    Load Addr    Size         Type   Attr      Idx    E Section Name        Object

    0x20000000   0x080048c0   0x00000001   Data   RW           51    .data.PowerOff_Flg  main.o
    0x20000001   0x080048c1   0x00000003   PAD
    0x20000004   0x080048c4   0x00000078   Data   RW          415    .data.SampleVol_Buff  dev_adc.o
    0x2000007c   0x0800493c   0x00000004   Data   RW         1632    .data.SystemCoreClock  system_ft32f0xx.o
    0x20000080   0x08004940   0x00000001   Data   RW          398    .data.UltraDuty     app.o
    0x20000081   0x08004941   0x00000003   PAD
    0x20000084   0x08004944   0x00000068   Data   RW          496    .data.dev_gpio_handle  dev_gpio.o
    0x200000ec   0x080049ac   0x00000004   Data   RW          374    .data.uxCriticalNesting  port.o


    Execution Region ER_ZI (Exec base: 0x200000f0, Load base: 0x080049b0, Size: 0x000011e8, Max: 0xffffffff, ABSOLUTE)

    Exec Addr    Load Addr    Size         Type   Attr      Idx    E Section Name        Object

    0x200000f0        -       0x00000001   Zero   RW          420    .bss.ADC_MainFunc.SampleCount  dev_adc.o
    0x200000f1   0x080049b0   0x00000003   PAD
    0x200000f4        -       0x00000004   Zero   RW          423    .bss.ADC_MainFunc.Temp_R  dev_adc.o
    0x200000f8        -       0x00000004   Zero   RW          424    .bss.ADC_MainFunc.Temp_T  dev_adc.o
    0x200000fc        -       0x00000004   Zero   RW          422    .bss.ADC_MainFunc.Temp_V  dev_adc.o
    0x20000100        -       0x00000004   Zero   RW          421    .bss.ADC_MainFunc.Vol  dev_adc.o
    0x20000104        -       0x00000001   Zero   RW          529    .bss.BatLow_Flag    dev_led.o
    0x20000105   0x080049b0   0x00000003   PAD
    0x20000108        -       0x00000004   Zero   RW          416    .bss.Battery_vol    dev_adc.o
    0x2000010c        -       0x00000001   Zero   RW          465    .bss.BeepState      dev_beep.o
    0x2000010d        -       0x00000001   Zero   RW           21    .bss.ChargeFlg      ft32f0xx_it.o
    0x2000010e   0x080049b0   0x00000002   PAD
    0x20000110        -       0x00000004   Zero   RW           52    .bss.DMA_DualConvertedValue  main.o
    0x20000114        -       0x00000004   Zero   RW          480    .bss.Data_Store     dev_flash.o
    0x20000118        -       0x00000001   Zero   RW          466    .bss.DevBeep_MainFunc.cnt  dev_beep.o
    0x20000119        -       0x00000001   Zero   RW          397    .bss.DevWorkState   app.o
    0x2000011a        -       0x00000002   Zero   RW          464    .bss.DuratTime      dev_beep.o
    0x2000011c        -       0x00000004   Zero   RW           13    .bss.KEY1_Count     ft32f0xx_it.o
    0x20000120        -       0x00000001   Zero   RW           16    .bss.KEY1_Flg       ft32f0xx_it.o
    0x20000121   0x080049b0   0x00000003   PAD
    0x20000124        -       0x00000004   Zero   RW           14    .bss.KEY2_Count     ft32f0xx_it.o
    0x20000128        -       0x00000001   Zero   RW           17    .bss.KEY2_Flg       ft32f0xx_it.o
    0x20000129   0x080049b0   0x00000001   PAD
    0x2000012a        -       0x00000002   Zero   RW          528    .bss.LCD_ToggleTime  dev_led.o
    0x2000012c        -       0x00000004   Zero   RW           15    .bss.POWER_Count    ft32f0xx_it.o
    0x20000130        -       0x00000001   Zero   RW           18    .bss.PowerOn_Flg    ft32f0xx_it.o
    0x20000131   0x080049b0   0x00000003   PAD
    0x20000134        -       0x00000078   Zero   RW          425    .bss.SampleTemp_Buff  dev_adc.o
    0x200001ac        -       0x00000004   Zero   RW           19    .bss.StandyTime     ft32f0xx_it.o
    0x200001b0        -       0x00000002   Zero   RW           20    .bss.TIM14_IRQHandler.ChargeCount  ft32f0xx_it.o
    0x200001b2        -       0x00000001   Zero   RW           22    .bss.TIM17_IRQHandler.SetFlg  ft32f0xx_it.o
    0x200001b3   0x080049b0   0x00000001   PAD
    0x200001b4        -       0x00000004   Zero   RW          417    .bss.Ultra_Temp     dev_adc.o
    0x200001b8        -       0x00000004   Zero   RW           12    .bss.WorkTime       ft32f0xx_it.o
    0x200001bc        -       0x00000004   Zero   RW          400    .bss.pInitTaskHandle  app.o
    0x200001c0        -       0x00000004   Zero   RW          284    .bss.pxCurrentTCB   tasks.o
    0x200001c4        -       0x00000004   Zero   RW          290    .bss.pxDelayedTaskList  tasks.o
    0x200001c8        -       0x00000004   Zero   RW          330    .bss.pxEnd          heap_4.o
    0x200001cc        -       0x00000004   Zero   RW          291    .bss.pxOverflowDelayedTaskList  tasks.o
    0x200001d0        -       0x00000064   Zero   RW          292    .bss.pxReadyTasksLists  tasks.o
    0x20000234        -       0x00000c00   Zero   RW          337    .bss.ucHeap         heap_4.o
    0x20000e34        -       0x00000004   Zero   RW           74    .bss.ulSystemTimeTickCount  taskmanager.o
    0x20000e38        -       0x00000004   Zero   RW          288    .bss.uxCurrentNumberOfTasks  tasks.o
    0x20000e3c        -       0x00000004   Zero   RW          287    .bss.uxDeletedTasksWaitingCleanUp  tasks.o
    0x20000e40        -       0x00000004   Zero   RW          298    .bss.uxSchedulerSuspended  tasks.o
    0x20000e44        -       0x00000004   Zero   RW          285    .bss.uxTaskNumber   tasks.o
    0x20000e48        -       0x00000004   Zero   RW          293    .bss.uxTopReadyPriority  tasks.o
    0x20000e4c        -       0x00000004   Zero   RW          331    .bss.xBlockAllocatedBit  heap_4.o
    0x20000e50        -       0x00000014   Zero   RW          303    .bss.xDelayedTaskList1  tasks.o
    0x20000e64        -       0x00000014   Zero   RW          304    .bss.xDelayedTaskList2  tasks.o
    0x20000e78        -       0x00000004   Zero   RW          332    .bss.xFreeBytesRemaining  heap_4.o
    0x20000e7c        -       0x00000004   Zero   RW          295    .bss.xIdleTaskHandle  tasks.o
    0x20000e80        -       0x00000004   Zero   RW          334    .bss.xMinimumEverFreeBytesRemaining  heap_4.o
    0x20000e84        -       0x00000004   Zero   RW          296    .bss.xNextTaskUnblockTime  tasks.o
    0x20000e88        -       0x00000004   Zero   RW          302    .bss.xNumOfOverflows  tasks.o
    0x20000e8c        -       0x00000004   Zero   RW          335    .bss.xNumberOfSuccessfulAllocations  heap_4.o
    0x20000e90        -       0x00000004   Zero   RW          336    .bss.xNumberOfSuccessfulFrees  heap_4.o
    0x20000e94        -       0x00000004   Zero   RW          301    .bss.xPendedTicks   tasks.o
    0x20000e98        -       0x00000014   Zero   RW          299    .bss.xPendingReadyList  tasks.o
    0x20000eac        -       0x00000004   Zero   RW          289    .bss.xSchedulerRunning  tasks.o
    0x20000eb0        -       0x00000008   Zero   RW          333    .bss.xStart         heap_4.o
    0x20000eb8        -       0x00000014   Zero   RW          286    .bss.xTasksWaitingTermination  tasks.o
    0x20000ecc        -       0x00000004   Zero   RW          297    .bss.xTickCount     tasks.o
    0x20000ed0        -       0x00000004   Zero   RW          300    .bss.xYieldPending  tasks.o
    0x20000ed4   0x080049b0   0x00000004   PAD
    0x20000ed8        -       0x00000400   Zero   RW         1614    STACK               startup_ft32f030x8.o


==============================================================================

Image component sizes


      Code (inc. data)   RO Data    RW Data    ZI Data      Debug   Object Name

       770         78         47          1          5       3667   app.o
       882         16          0          0          0       3124   dev_ad9877.o
       994         92       1280        120        145       2516   dev_adc.o
       236         16          0          0          4       1020   dev_beep.o
       454         12          0          0          4       2039   dev_flash.o
       204          8          0        104          0       2068   dev_gpio.o
       380         24          0          0          3       1502   dev_led.o
       208         28         12          0          0       2175   dev_pwm.o
       622          8          0          0          0       7236   ft32f0xx_adc.o
       468         36          0          0          0       3615   ft32f0xx_dma.o
       284         20          0          0          0       2742   ft32f0xx_exti.o
       558         28          0          0          0       8116   ft32f0xx_flash.o
       698         20          0          0          0       4678   ft32f0xx_gpio.o
       654         80          0          0         27       3450   ft32f0xx_it.o
       148         16          0          0          0       2352   ft32f0xx_misc.o
       280         20          0          0          0       9104   ft32f0xx_rcc.o
        84          4          0          0          0       2148   ft32f0xx_syscfg.o
       810         32          0          0          0      21021   ft32f0xx_tim.o
       880         52          0          0       3104       3946   heap_4.o
       324          0          0          0          0       2034   list.o
      1444         56          0          1          4       7238   main.o
       488         44          0          4          0       2502   port.o
        88         38        192          0       1024        640   startup_ft32f030x8.o
       352         36          0          4          0       2441   system_ft32f0xx.o
        42          4          0          0          4       1739   taskmanager.o
      2410        184          5          0        240      17916   tasks.o

    ----------------------------------------------------------------------
     14788        960       1568        240       4584     121029   Object Totals
         0          0         32          0          0          0   (incl. Generated)
        26          8          0          6         20          0   (incl. Padding)

    ----------------------------------------------------------------------

      Code (inc. data)   RO Data    RW Data    ZI Data      Debug   Library Member Name

         0          0          0          0          0          0   entry.o
         0          0          0          0          0          0   entry10a.o
         0          0          0          0          0          0   entry11a.o
         8          4          0          0          0          0   entry2.o
         4          0          0          0          0          0   entry5.o
         0          0          0          0          0          0   entry7b.o
         0          0          0          0          0          0   entry8b.o
         8          4          0          0          0          0   entry9a.o
        30          0          0          0          0          0   handlers.o
        36          8          0          0          0         68   init.o
         0          0          0          0          0          0   iusefp.o
        32          0          0          0          0         68   llshl.o
        38          0          0          0          0         68   llsshr.o
        34          0          0          0          0         68   llushr.o
        36          0          0          0          0        100   memseta.o
        44          0          0          0          0         72   uidiv.o
        56          0          0          0          0         68   d2f.o
       356          4          0          0          0        140   dadd.o
       240          6          0          0          0         84   ddiv.o
       236          0          0          0          0        216   depilogue.o
        72         10          0          0          0         72   dfixi.o
        60         10          0          0          0         68   dfixui.o
        40          6          0          0          0         68   dflti.o
        28          4          0          0          0         68   dfltui.o
       208          6          0          0          0         88   dmul.o
        40          0          0          0          0         60   f2d.o
       178          0          0          0          0        108   fadd.o
        28          0          0          0          0         60   fcmpge.o
        28          0          0          0          0         60   fcmpgt.o
        28          0          0          0          0         60   fcmple.o
       124          0          0          0          0         72   fdiv.o
       130          0          0          0          0        144   fepilogue.o
        22          0          0          0          0         68   fflti.o
       122          0          0          0          0         72   fmul.o

    ----------------------------------------------------------------------
      2268         62          0          0          0       2020   Library Totals
         2          0          0          0          0          0   (incl. Padding)

    ----------------------------------------------------------------------

      Code (inc. data)   RO Data    RW Data    ZI Data      Debug   Library Name

       270         16          0          0          0        444   mc_p.l
      1996         46          0          0          0       1576   mf_p.l

    ----------------------------------------------------------------------
      2268         62          0          0          0       2020   Library Totals

    ----------------------------------------------------------------------

==============================================================================


      Code (inc. data)   RO Data    RW Data    ZI Data      Debug   

     17056       1022       1568        240       4584     121849   Grand Totals
     17056       1022       1568        240       4584     121849   ELF Image Totals
     17056       1022       1568        240          0          0   ROM Totals

==============================================================================

    Total RO  Size (Code + RO Data)                18624 (  18.19kB)
    Total RW  Size (RW Data + ZI Data)              4824 (   4.71kB)
    Total ROM Size (Code + RO Data + RW Data)      18864 (  18.42kB)

==============================================================================

