Component: ARM Compiler 6.12 Tool: armlink [5d624300]

==============================================================================

Section Cross References

    ft32f0xx_it.o(.ARM.exidx.text.NMI_Handler) refers to ft32f0xx_it.o(.text.NMI_Handler) for [Anonymous Symbol]
    ft32f0xx_it.o(.ARM.exidx.text.HardFault_Handler) refers to ft32f0xx_it.o(.text.HardFault_Handler) for [Anonymous Symbol]
    ft32f0xx_it.o(.text.TIM14_IRQHandler) refers to ft32f0xx_tim.o(.text.TIM_GetITStatus) for TIM_GetITStatus
    ft32f0xx_it.o(.text.TIM14_IRQHandler) refers to ft32f0xx_tim.o(.text.TIM_ClearITPendingBit) for TIM_ClearITPendingBit
    ft32f0xx_it.o(.text.TIM14_IRQHandler) refers to ft32f0xx_it.o(.bss.WorkStart_Flg) for WorkStart_Flg
    ft32f0xx_it.o(.text.TIM14_IRQHandler) refers to ft32f0xx_it.o(.bss.WorkTime) for [Anonymous Symbol]
    ft32f0xx_it.o(.text.TIM14_IRQHandler) refers to ft32f0xx_it.o(.bss.Beep_SatrtFlg) for Beep_SatrtFlg
    ft32f0xx_it.o(.ARM.exidx.text.TIM14_IRQHandler) refers to ft32f0xx_it.o(.text.TIM14_IRQHandler) for [Anonymous Symbol]
    ft32f0xx_it.o(.text.TIM17_IRQHandler) refers to ft32f0xx_tim.o(.text.TIM_GetITStatus) for TIM_GetITStatus
    ft32f0xx_it.o(.text.TIM17_IRQHandler) refers to ft32f0xx_gpio.o(.text.GPIO_ReadInputDataBit) for GPIO_ReadInputDataBit
    ft32f0xx_it.o(.text.TIM17_IRQHandler) refers to ft32f0xx_tim.o(.text.TIM_ClearITPendingBit) for TIM_ClearITPendingBit
    ft32f0xx_it.o(.text.TIM17_IRQHandler) refers to ft32f0xx_it.o(.bss.KEY1_Flg) for KEY1_Flg
    ft32f0xx_it.o(.text.TIM17_IRQHandler) refers to ft32f0xx_it.o(.bss.KEY1_Count) for KEY1_Count
    ft32f0xx_it.o(.text.TIM17_IRQHandler) refers to ft32f0xx_it.o(.data.UltraModule) for UltraModule
    ft32f0xx_it.o(.text.TIM17_IRQHandler) refers to ft32f0xx_it.o(.bss.Beep_SatrtFlg) for Beep_SatrtFlg
    ft32f0xx_it.o(.text.TIM17_IRQHandler) refers to ft32f0xx_it.o(.bss.TIM17_IRQHandler.Key1_Sta) for [Anonymous Symbol]
    ft32f0xx_it.o(.text.TIM17_IRQHandler) refers to ft32f0xx_it.o(.data.Motor_Level) for Motor_Level
    ft32f0xx_it.o(.text.TIM17_IRQHandler) refers to ft32f0xx_it.o(.bss.KEY2_Flg) for KEY2_Flg
    ft32f0xx_it.o(.text.TIM17_IRQHandler) refers to ft32f0xx_it.o(.bss.KEY2_Count) for KEY2_Count
    ft32f0xx_it.o(.text.TIM17_IRQHandler) refers to ft32f0xx_it.o(.data.TIM17_IRQHandler.Key2_Sta) for [Anonymous Symbol]
    ft32f0xx_it.o(.text.TIM17_IRQHandler) refers to ft32f0xx_it.o(.bss.PowerOn_Flg) for PowerOn_Flg
    ft32f0xx_it.o(.text.TIM17_IRQHandler) refers to ft32f0xx_it.o(.bss.POWER_Count) for POWER_Count
    ft32f0xx_it.o(.text.TIM17_IRQHandler) refers to ft32f0xx_it.o(.bss.WorkStart_Flg) for WorkStart_Flg
    ft32f0xx_it.o(.text.TIM17_IRQHandler) refers to app.o(.bss.Led_RedFlg) for Led_RedFlg
    ft32f0xx_it.o(.text.TIM17_IRQHandler) refers to ft32f0xx_it.o(.bss.TIM17_IRQHandler.SetFlg) for [Anonymous Symbol]
    ft32f0xx_it.o(.text.TIM17_IRQHandler) refers to main.o(.data.PowerOff_Flg) for PowerOff_Flg
    ft32f0xx_it.o(.ARM.exidx.text.TIM17_IRQHandler) refers to ft32f0xx_it.o(.text.TIM17_IRQHandler) for [Anonymous Symbol]
    ft32f0xx_it.o(.text.EXTI4_15_IRQHandler) refers to ft32f0xx_exti.o(.text.EXTI_GetITStatus) for EXTI_GetITStatus
    ft32f0xx_it.o(.text.EXTI4_15_IRQHandler) refers to ft32f0xx_gpio.o(.text.GPIO_ReadInputDataBit) for GPIO_ReadInputDataBit
    ft32f0xx_it.o(.text.EXTI4_15_IRQHandler) refers to ft32f0xx_exti.o(.text.EXTI_ClearITPendingBit) for EXTI_ClearITPendingBit
    ft32f0xx_it.o(.text.EXTI4_15_IRQHandler) refers to ft32f0xx_it.o(.bss.KEY2_Flg) for KEY2_Flg
    ft32f0xx_it.o(.text.EXTI4_15_IRQHandler) refers to ft32f0xx_it.o(.bss.KEY1_Flg) for KEY1_Flg
    ft32f0xx_it.o(.ARM.exidx.text.EXTI4_15_IRQHandler) refers to ft32f0xx_it.o(.text.EXTI4_15_IRQHandler) for [Anonymous Symbol]
    main.o(.text.main) refers to main.o(.text.FT32_GPIOA_Init) for FT32_GPIOA_Init
    main.o(.text.main) refers to main.o(.text.FT32_GPIOB_Init) for FT32_GPIOB_Init
    main.o(.text.main) refers to main.o(.text.FT32_EXIT_Init) for FT32_EXIT_Init
    main.o(.text.main) refers to main.o(.text.ADC_DMA_Config) for ADC_DMA_Config
    main.o(.text.main) refers to main.o(.text.Tim3BaseInit) for Tim3BaseInit
    main.o(.text.main) refers to main.o(.text.Tim15BaseInit) for Tim15BaseInit
    main.o(.text.main) refers to main.o(.text.Tim16BaseInit) for Tim16BaseInit
    main.o(.text.main) refers to main.o(.text.Tim17BaseInit) for Tim17BaseInit
    main.o(.text.main) refers to main.o(.text.Tim14BaseInit) for Tim14BaseInit
    main.o(.text.main) refers to ft32f0xx_gpio.o(.text.GPIO_WriteBit) for GPIO_WriteBit
    main.o(.text.main) refers to main.o(.text.IWDG_Config) for IWDG_Config
    main.o(.text.main) refers to app.o(.text.LED_Init) for LED_Init
    main.o(.text.main) refers to dev_flash.o(.text.UltraParam_Init) for UltraParam_Init
    main.o(.text.main) refers to dev_pid.o(.text.PIDController_Init) for PIDController_Init
    main.o(.text.main) refers to app.o(.text.APP_Start) for APP_Start
[...]
    [Anonymous Symbol]                       0x08002b48   Section        0  app.o(.text.StandyDete)
    __arm_cp.13_1                            0x08002b78   Number         4  app.o(.text.StandyDete)
    __arm_cp.13_2                            0x08002b7c   Number         4  app.o(.text.StandyDete)
    [Anonymous Symbol]                       0x08002b80   Section        0  port.o(.text.SysTick_Handler)
    __arm_cp.13_0                            0x08002ba8   Number         4  port.o(.text.SysTick_Handler)
    [Anonymous Symbol]                       0x08002bac   Section        0  system_ft32f0xx.o(.text.SystemInit)
    __arm_cp.0_0                             0x08002c08   Number         4  system_ft32f0xx.o(.text.SystemInit)
    __arm_cp.0_1                             0x08002c0c   Number         4  system_ft32f0xx.o(.text.SystemInit)
    __arm_cp.0_2                             0x08002c10   Number         4  system_ft32f0xx.o(.text.SystemInit)
    __arm_cp.0_3                             0x08002c14   Number         4  system_ft32f0xx.o(.text.SystemInit)
    __arm_cp.0_4                             0x08002c18   Number         4  system_ft32f0xx.o(.text.SystemInit)
    __arm_cp.0_5                             0x08002c1c   Number         4  system_ft32f0xx.o(.text.SystemInit)
    __arm_cp.0_6                             0x08002c20   Number         4  system_ft32f0xx.o(.text.SystemInit)
    __arm_cp.0_7                             0x08002c24   Number         4  system_ft32f0xx.o(.text.SystemInit)
    [Anonymous Symbol]                       0x08002c28   Section        0  ft32f0xx_it.o(.text.TIM14_IRQHandler)
    __arm_cp.2_0                             0x08002c80   Number         4  ft32f0xx_it.o(.text.TIM14_IRQHandler)
    __arm_cp.2_2                             0x08002c84   Number         4  ft32f0xx_it.o(.text.TIM14_IRQHandler)
    __arm_cp.2_3                             0x08002c88   Number         4  ft32f0xx_it.o(.text.TIM14_IRQHandler)
    [Anonymous Symbol]                       0x08002c8c   Section        0  ft32f0xx_it.o(.text.TIM17_IRQHandler)
    __arm_cp.3_0                             0x08002ed0   Number         4  ft32f0xx_it.o(.text.TIM17_IRQHandler)
    __arm_cp.3_1                             0x08002ed4   Number         4  ft32f0xx_it.o(.text.TIM17_IRQHandler)
    __arm_cp.3_2                             0x08002ed8   Number         4  ft32f0xx_it.o(.text.TIM17_IRQHandler)
    __arm_cp.3_3                             0x08002edc   Number         4  ft32f0xx_it.o(.text.TIM17_IRQHandler)
    __arm_cp.3_4                             0x08002ee0   Number         4  ft32f0xx_it.o(.text.TIM17_IRQHandler)
    __arm_cp.3_5                             0x08002ee4   Number         4  ft32f0xx_it.o(.text.TIM17_IRQHandler)
    __arm_cp.3_6                             0x08002ee8   Number         4  ft32f0xx_it.o(.text.TIM17_IRQHandler)
    __arm_cp.3_7                             0x08002eec   Number         4  ft32f0xx_it.o(.text.TIM17_IRQHandler)
    __arm_cp.3_8                             0x08002ef0   Number         4  ft32f0xx_it.o(.text.TIM17_IRQHandler)
    __arm_cp.3_9                             0x08002ef4   Number         4  ft32f0xx_it.o(.text.TIM17_IRQHandler)
    __arm_cp.3_10                            0x08002ef8   Number         4  ft32f0xx_it.o(.text.TIM17_IRQHandler)
    __arm_cp.3_11                            0x08002efc   Number         4  ft32f0xx_it.o(.text.TIM17_IRQHandler)
    __arm_cp.3_12                            0x08002f00   Number         4  ft32f0xx_it.o(.text.TIM17_IRQHandler)
    __arm_cp.3_13                            0x08002f04   Number         4  ft32f0xx_it.o(.text.TIM17_IRQHandler)
    __arm_cp.3_14                            0x08002f08   Number         4  ft32f0xx_it.o(.text.TIM17_IRQHandler)
    __arm_cp.3_15                            0x08002f0c   Number         4  ft32f0xx_it.o(.text.TIM17_IRQHandler)
    __arm_cp.3_16                            0x08002f10   Number         4  ft32f0xx_it.o(.text.TIM17_IRQHandler)
    [Anonymous Symbol]                       0x08002f14   Section        0  ft32f0xx_tim.o(.text.TIM_ClearITPendingBit)
    [Anonymous Symbol]                       0x08002f30   Section        0  ft32f0xx_tim.o(.text.TIM_Cmd)
    [Anonymous Symbol]                       0x08002f64   Section        0  ft32f0xx_tim.o(.text.TIM_CtrlPWMOutputs)
    __arm_cp.17_0                            0x08002fa0   Number         4  ft32f0xx_tim.o(.text.TIM_CtrlPWMOutputs)
    [Anonymous Symbol]                       0x08002fa4   Section        0  ft32f0xx_tim.o(.text.TIM_GetITStatus)
    [Anonymous Symbol]                       0x08003002   Section        0  ft32f0xx_tim.o(.text.TIM_ITConfig)
    [Anonymous Symbol]                       0x08003044   Section        0  ft32f0xx_tim.o(.text.TIM_OC1Init)
    __arm_cp.18_4                            0x08003148   Number         4  ft32f0xx_tim.o(.text.TIM_OC1Init)
    __arm_cp.18_5                            0x0800314c   Number         4  ft32f0xx_tim.o(.text.TIM_OC1Init)
    [Anonymous Symbol]                       0x08003150   Section        0  ft32f0xx_tim.o(.text.TIM_SetCompare1)
    [Anonymous Symbol]                       0x08003168   Section        0  ft32f0xx_tim.o(.text.TIM_TimeBaseInit)
    __arm_cp.1_0                             0x0800322c   Number         4  ft32f0xx_tim.o(.text.TIM_TimeBaseInit)
    __arm_cp.1_2                             0x08003230   Number         4  ft32f0xx_tim.o(.text.TIM_TimeBaseInit)
    __arm_cp.1_3                             0x08003234   Number         4  ft32f0xx_tim.o(.text.TIM_TimeBaseInit)
    __arm_cp.1_6                             0x08003238   Number         4  ft32f0xx_tim.o(.text.TIM_TimeBaseInit)
    Tim14BaseInit                            0x0800323d   Thumb Code   100  main.o(.text.Tim14BaseInit)
    [Anonymous Symbol]                       0x0800323c   Section        0  main.o(.text.Tim14BaseInit)
    __arm_cp.9_0                             0x08003298   Number         4  main.o(.text.Tim14BaseInit)
    __arm_cp.9_1                             0x0800329c   Number         4  main.o(.text.Tim14BaseInit)
    Tim15BaseInit                            0x080032a1   Thumb Code   172  main.o(.text.Tim15BaseInit)
    [Anonymous Symbol]                       0x080032a0   Section        0  main.o(.text.Tim15BaseInit)
    __arm_cp.6_0                             0x08003348   Number         4  main.o(.text.Tim15BaseInit)
    Tim16BaseInit                            0x0800334d   Thumb Code   180  main.o(.text.Tim16BaseInit)
    [Anonymous Symbol]                       0x0800334c   Section        0  main.o(.text.Tim16BaseInit)
    __arm_cp.7_0                             0x080033f8   Number         4  main.o(.text.Tim16BaseInit)
    __arm_cp.7_1                             0x080033fc   Number         4  main.o(.text.Tim16BaseInit)
    Tim17BaseInit                            0x08003401   Thumb Code   104  main.o(.text.Tim17BaseInit)
    [Anonymous Symbol]                       0x08003400   Section        0  main.o(.text.Tim17BaseInit)
    __arm_cp.8_0                             0x08003460   Number         4  main.o(.text.Tim17BaseInit)
    __arm_cp.8_1                             0x08003464   Number         4  main.o(.text.Tim17BaseInit)
    Tim3BaseInit                             0x08003469   Thumb Code   188  main.o(.text.Tim3BaseInit)
    [Anonymous Symbol]                       0x08003468   Section        0  main.o(.text.Tim3BaseInit)
    __arm_cp.5_0                             0x08003518   Number         4  main.o(.text.Tim3BaseInit)
    __arm_cp.5_1                             0x0800351c   Number         4  main.o(.text.Tim3BaseInit)
    __arm_cp.5_2                             0x08003520   Number         4  main.o(.text.Tim3BaseInit)
    [Anonymous Symbol]                       0x08003524   Section        0  dev_flash.o(.text.UltraParam_Init)
    __arm_cp.2_2                             0x080035b4   Number         4  dev_flash.o(.text.UltraParam_Init)
    [Anonymous Symbol]                       0x080035b8   Section        0  dev_flash.o(.text.UltraParam_Set)
    __arm_cp.3_0                             0x080036b8   Number         4  dev_flash.o(.text.UltraParam_Set)
    __arm_cp.3_1                             0x080036bc   Number         4  dev_flash.o(.text.UltraParam_Set)
    __arm_cp.3_2                             0x080036c0   Number         4  dev_flash.o(.text.UltraParam_Set)
    __arm_cp.3_3                             0x080036c4   Number         4  dev_flash.o(.text.UltraParam_Set)
    __arm_cp.3_4                             0x080036c8   Number         4  dev_flash.o(.text.UltraParam_Set)
    __arm_cp.3_5                             0x080036cc   Number         4  dev_flash.o(.text.UltraParam_Set)
    __arm_cp.3_6                             0x080036d0   Number         4  dev_flash.o(.text.UltraParam_Set)
    [Anonymous Symbol]                       0x080036d4   Section        0  dev_adc.o(.text.look1_iflf_binlxpw)
    [Anonymous Symbol]                       0x08003828   Section        0  main.o(.text.main)
    __arm_cp.0_0                             0x080038a8   Number         4  main.o(.text.main)
    __arm_cp.0_1                             0x080038ac   Number         4  main.o(.text.main)
    __arm_cp.0_2                             0x080038b0   Number         4  main.o(.text.main)
    __arm_cp.0_3                             0x080038b4   Number         4  main.o(.text.main)
    __arm_cp.0_4                             0x080038b8   Number         4  main.o(.text.main)
    __arm_cp.0_5                             0x080038bc   Number         4  main.o(.text.main)
    __arm_cp.0_6                             0x080038c0   Number         4  main.o(.text.main)
    __arm_cp.0_7                             0x080038c4   Number         4  main.o(.text.main)
    prvAddCurrentTaskToDelayedList           0x080038c9   Thumb Code   148  tasks.o(.text.prvAddCurrentTaskToDelayedList)
    [Anonymous Symbol]                       0x080038c8   Section        0  tasks.o(.text.prvAddCurrentTaskToDelayedList)
    __arm_cp.8_0                             0x08003948   Number         4  tasks.o(.text.prvAddCurrentTaskToDelayedList)
    __arm_cp.8_3                             0x0800394c   Number         4  tasks.o(.text.prvAddCurrentTaskToDelayedList)
    __arm_cp.8_4                             0x08003950   Number         4  tasks.o(.text.prvAddCurrentTaskToDelayedList)
    prvAddNewTaskToReadyList                 0x08003955   Thumb Code   232  tasks.o(.text.prvAddNewTaskToReadyList)
    [Anonymous Symbol]                       0x08003954   Section        0  tasks.o(.text.prvAddNewTaskToReadyList)
    __arm_cp.2_1                             0x08003a24   Number         4  tasks.o(.text.prvAddNewTaskToReadyList)
    __arm_cp.2_2                             0x08003a28   Number         4  tasks.o(.text.prvAddNewTaskToReadyList)
    __arm_cp.2_3                             0x08003a2c   Number         4  tasks.o(.text.prvAddNewTaskToReadyList)
    __arm_cp.2_4                             0x08003a30   Number         4  tasks.o(.text.prvAddNewTaskToReadyList)
    prvCheckTasksWaitingTermination          0x08003a35   Thumb Code    84  tasks.o(.text.prvCheckTasksWaitingTermination)
    [Anonymous Symbol]                       0x08003a34   Section        0  tasks.o(.text.prvCheckTasksWaitingTermination)
    __arm_cp.52_0                            0x08003a7c   Number         4  tasks.o(.text.prvCheckTasksWaitingTermination)
    __arm_cp.52_2                            0x08003a80   Number         4  tasks.o(.text.prvCheckTasksWaitingTermination)
    prvDeleteTCB                             0x08003a85   Thumb Code    28  tasks.o(.text.prvDeleteTCB)
    [Anonymous Symbol]                       0x08003a84   Section        0  tasks.o(.text.prvDeleteTCB)
    prvHeapInit                              0x08003aa1   Thumb Code   176  heap_4.o(.text.prvHeapInit)
    [Anonymous Symbol]                       0x08003aa0   Section        0  heap_4.o(.text.prvHeapInit)
    __arm_cp.1_0                             0x08003b38   Number         4  heap_4.o(.text.prvHeapInit)
    __arm_cp.1_3                             0x08003b3c   Number         4  heap_4.o(.text.prvHeapInit)
    __arm_cp.1_4                             0x08003b40   Number         4  heap_4.o(.text.prvHeapInit)
    __arm_cp.1_5                             0x08003b44   Number         4  heap_4.o(.text.prvHeapInit)
    prvIdleTask                              0x08003b49   Thumb Code    40  tasks.o(.text.prvIdleTask)
    [Anonymous Symbol]                       0x08003b48   Section        0  tasks.o(.text.prvIdleTask)
    prvInitialiseNewTask                     0x08003b6d   Thumb Code   284  tasks.o(.text.prvInitialiseNewTask)
    [Anonymous Symbol]                       0x08003b6c   Section        0  tasks.o(.text.prvInitialiseNewTask)
    prvInitialiseTaskLists                   0x08003c89   Thumb Code   116  tasks.o(.text.prvInitialiseTaskLists)
    [Anonymous Symbol]                       0x08003c88   Section        0  tasks.o(.text.prvInitialiseTaskLists)
    __arm_cp.51_0                            0x08003ce0   Number         4  tasks.o(.text.prvInitialiseTaskLists)
    __arm_cp.51_1                            0x08003ce4   Number         4  tasks.o(.text.prvInitialiseTaskLists)
    __arm_cp.51_2                            0x08003ce8   Number         4  tasks.o(.text.prvInitialiseTaskLists)
    __arm_cp.51_3                            0x08003cec   Number         4  tasks.o(.text.prvInitialiseTaskLists)
    __arm_cp.51_4                            0x08003cf0   Number         4  tasks.o(.text.prvInitialiseTaskLists)
    __arm_cp.51_5                            0x08003cf4   Number         4  tasks.o(.text.prvInitialiseTaskLists)
    __arm_cp.51_6                            0x08003cf8   Number         4  tasks.o(.text.prvInitialiseTaskLists)
    prvInsertBlockIntoFreeList               0x08003cfd   Thumb Code   192  heap_4.o(.text.prvInsertBlockIntoFreeList)
    [Anonymous Symbol]                       0x08003cfc   Section        0  heap_4.o(.text.prvInsertBlockIntoFreeList)
    __arm_cp.2_0                             0x08003db4   Number         4  heap_4.o(.text.prvInsertBlockIntoFreeList)
    __arm_cp.2_1                             0x08003db8   Number         4  heap_4.o(.text.prvInsertBlockIntoFreeList)
    prvResetNextTaskUnblockTime              0x08003dbd   Thumb Code    56  tasks.o(.text.prvResetNextTaskUnblockTime)
    [Anonymous Symbol]                       0x08003dbc   Section        0  tasks.o(.text.prvResetNextTaskUnblockTime)
    __arm_cp.5_0                             0x08003dec   Number         4  tasks.o(.text.prvResetNextTaskUnblockTime)
    __arm_cp.5_1                             0x08003df0   Number         4  tasks.o(.text.prvResetNextTaskUnblockTime)
    prvTaskExitError                         0x08003df5   Thumb Code    24  port.o(.text.prvTaskExitError)
    [Anonymous Symbol]                       0x08003df4   Section        0  port.o(.text.prvTaskExitError)
    [Anonymous Symbol]                       0x08003e0c   Section        0  heap_4.o(.text.pvPortMalloc)
    __arm_cp.0_0                             0x08003f80   Number         4  heap_4.o(.text.pvPortMalloc)
    __arm_cp.0_3                             0x08003f84   Number         4  heap_4.o(.text.pvPortMalloc)
    __arm_cp.0_4                             0x08003f88   Number         4  heap_4.o(.text.pvPortMalloc)
    __arm_cp.0_5                             0x08003f8c   Number         4  heap_4.o(.text.pvPortMalloc)
    [Anonymous Symbol]                       0x08003f90   Section        0  port.o(.text.pxPortInitialiseStack)
    __arm_cp.0_0                             0x08003fe4   Number         4  port.o(.text.pxPortInitialiseStack)
    [Anonymous Symbol]                       0x08003fe8   Section        0  port.o(.text.ulSetInterruptMaskFromISR)
    [Anonymous Symbol]                       0x08003ff0   Section        0  list.o(.text.uxListRemove)
    [Anonymous Symbol]                       0x0800403c   Section        0  taskmanager.o(.text.vApplicationMallocFailedHook)
    [Anonymous Symbol]                       0x08004042   Section        0  taskmanager.o(.text.vApplicationStackOverflowHook)
    [Anonymous Symbol]                       0x08004058   Section        0  taskmanager.o(.text.vApplicationTickHook)
    __arm_cp.3_0                             0x08004064   Number         4  taskmanager.o(.text.vApplicationTickHook)
    [Anonymous Symbol]                       0x08004068   Section        0  port.o(.text.vClearInterruptMaskFromISR)
    [Anonymous Symbol]                       0x0800406e   Section        0  list.o(.text.vListInitialise)
    [Anonymous Symbol]                       0x0800409e   Section        0  list.o(.text.vListInitialiseItem)
    [Anonymous Symbol]                       0x080040b0   Section        0  list.o(.text.vListInsert)
    [Anonymous Symbol]                       0x08004124   Section        0  list.o(.text.vListInsertEnd)
    [Anonymous Symbol]                       0x08004168   Section        0  port.o(.text.vPortEnterCritical)
    [Anonymous Symbol]                       0x0800417c   Section        0  port.o(.text.vPortExitCritical)
    [Anonymous Symbol]                       0x08004194   Section        0  heap_4.o(.text.vPortFree)
    __arm_cp.3_0                             0x0800420c   Number         4  heap_4.o(.text.vPortFree)
    __arm_cp.3_1                             0x08004210   Number         4  heap_4.o(.text.vPortFree)
    __arm_cp.3_2                             0x08004214   Number         4  heap_4.o(.text.vPortFree)
    [Anonymous Symbol]                       0x08004218   Section        0  port.o(.text.vPortSetupTimerInterrupt)
    __arm_cp.4_0                             0x08004248   Number         4  port.o(.text.vPortSetupTimerInterrupt)
    __arm_cp.4_1                             0x0800424c   Number         4  port.o(.text.vPortSetupTimerInterrupt)
    __arm_cp.4_2                             0x08004250   Number         4  port.o(.text.vPortSetupTimerInterrupt)
    __arm_cp.4_3                             0x08004254   Number         4  port.o(.text.vPortSetupTimerInterrupt)
    vPortStartFirstTask                      0x08004261   Thumb Code    52  port.o(.text.vPortStartFirstTask)
    [Anonymous Symbol]                       0x08004260   Section        0  port.o(.text.vPortStartFirstTask)
    pxCurrentTCBConst2                       0x08004290   Number         0  port.o(.text.vPortStartFirstTask)
    [Anonymous Symbol]                       0x08004294   Section        0  port.o(.text.vPortYield)
    __arm_cp.7_0                             0x080042a8   Number         4  port.o(.text.vPortYield)
    [Anonymous Symbol]                       0x080042ac   Section        0  tasks.o(.text.vTaskDelay)
    [Anonymous Symbol]                       0x080042ec   Section        0  tasks.o(.text.vTaskDelete)
    __arm_cp.3_1                             0x080043a4   Number         4  tasks.o(.text.vTaskDelete)
    __arm_cp.3_2                             0x080043a8   Number         4  tasks.o(.text.vTaskDelete)
    __arm_cp.3_3                             0x080043ac   Number         4  tasks.o(.text.vTaskDelete)
    __arm_cp.3_4                             0x080043b0   Number         4  tasks.o(.text.vTaskDelete)
    [Anonymous Symbol]                       0x080043b4   Section        0  tasks.o(.text.vTaskStartScheduler)
    __arm_cp.14_0                            0x0800440c   Number         4  tasks.o(.text.vTaskStartScheduler)
    __arm_cp.14_1                            0x08004410   Number         4  tasks.o(.text.vTaskStartScheduler)
    __arm_cp.14_2                            0x08004414   Number         4  tasks.o(.text.vTaskStartScheduler)
    __arm_cp.14_4                            0x08004418   Number         4  tasks.o(.text.vTaskStartScheduler)
    [Anonymous Symbol]                       0x0800441c   Section        0  tasks.o(.text.vTaskSuspendAll)
    [Anonymous Symbol]                       0x08004428   Section        0  tasks.o(.text.vTaskSwitchContext)
    __arm_cp.25_2                            0x080044f4   Number         4  tasks.o(.text.vTaskSwitchContext)
    __arm_cp.25_3                            0x080044f8   Number         4  tasks.o(.text.vTaskSwitchContext)
    [Anonymous Symbol]                       0x080044fc   Section        0  port.o(.text.xPortStartScheduler)
    __arm_cp.3_0                             0x08004534   Number         4  port.o(.text.xPortStartScheduler)
    __arm_cp.3_1                             0x08004538   Number         4  port.o(.text.xPortStartScheduler)
    [Anonymous Symbol]                       0x0800453c   Section        0  tasks.o(.text.xTaskCreate)
    [Anonymous Symbol]                       0x080045e8   Section        0  tasks.o(.text.xTaskIncrementTick)
    __arm_cp.17_0                            0x0800473c   Number         4  tasks.o(.text.xTaskIncrementTick)
    __arm_cp.17_2                            0x08004740   Number         4  tasks.o(.text.xTaskIncrementTick)
    __arm_cp.17_3                            0x08004744   Number         4  tasks.o(.text.xTaskIncrementTick)
    __arm_cp.17_4                            0x08004748   Number         4  tasks.o(.text.xTaskIncrementTick)
    __arm_cp.17_5                            0x0800474c   Number         4  tasks.o(.text.xTaskIncrementTick)
    __arm_cp.17_6                            0x08004750   Number         4  tasks.o(.text.xTaskIncrementTick)
    __arm_cp.17_7                            0x08004754   Number         4  tasks.o(.text.xTaskIncrementTick)
    __arm_cp.17_8                            0x08004758   Number         4  tasks.o(.text.xTaskIncrementTick)
    __arm_cp.17_9                            0x0800475c   Number         4  tasks.o(.text.xTaskIncrementTick)
    __arm_cp.17_10                           0x08004760   Number         4  tasks.o(.text.xTaskIncrementTick)
    [Anonymous Symbol]                       0x08004764   Section        0  tasks.o(.text.xTaskResumeAll)
    __arm_cp.9_0                             0x08004874   Number         4  tasks.o(.text.xTaskResumeAll)
    __arm_cp.9_1                             0x08004878   Number         4  tasks.o(.text.xTaskResumeAll)
    __arm_cp.9_2                             0x0800487c   Number         4  tasks.o(.text.xTaskResumeAll)
    __arm_cp.9_3                             0x08004880   Number         4  tasks.o(.text.xTaskResumeAll)
    __arm_cp.9_4                             0x08004884   Number         4  tasks.o(.text.xTaskResumeAll)
    __arm_cp.9_5                             0x08004888   Number         4  tasks.o(.text.xTaskResumeAll)
    __arm_cp.9_6                             0x0800488c   Number         4  tasks.o(.text.xTaskResumeAll)
    __arm_cp.9_7                             0x08004890   Number         4  tasks.o(.text.xTaskResumeAll)
    i.__ARM_clz                              0x08004894   Section        0  depilogue.o(i.__ARM_clz)
    i.__scatterload_copy                     0x080048c2   Section       14  handlers.o(i.__scatterload_copy)
    i.__scatterload_null                     0x080048d0   Section        2  handlers.o(i.__scatterload_null)
    i.__scatterload_zeroinit                 0x080048d2   Section       14  handlers.o(i.__scatterload_zeroinit)
    set_pwm_duty                             0x08004de0   Data          12  dev_pwm.o(.rodata.set_pwm_duty)
    [Anonymous Symbol]                       0x08004de0   Section        0  dev_pwm.o(.rodata.set_pwm_duty)
    .L.str                                   0x08004dec   Data           5  tasks.o(.rodata.str1.1)
    [Anonymous Symbol]                       0x08004dec   Section        0  tasks.o(.rodata.str1.1)
    .L.str                                   0x08004df1   Data          12  app.o(.rodata.str1.1)
    [Anonymous Symbol]                       0x08004df1   Section        0  app.o(.rodata.str1.1)
    .L.str.1                                 0x08004dfd   Data          14  app.o(.rodata.str1.1)
    .L.str.2                                 0x08004e0b   Data          11  app.o(.rodata.str1.1)
    .L.str.3                                 0x08004e16   Data          10  app.o(.rodata.str1.1)
    Lipus_MainFunc.CycleDuty                 0x20000000   Data           1  app.o(.data.Lipus_MainFunc.CycleDuty)
    [Anonymous Symbol]                       0x20000000   Section        0  app.o(.data.Lipus_MainFunc.CycleDuty)
    TIM17_IRQHandler.Key2_Sta                0x20000048   Data           1  ft32f0xx_it.o(.data.TIM17_IRQHandler.Key2_Sta)
    [Anonymous Symbol]                       0x20000048   Section        0  ft32f0xx_it.o(.data.TIM17_IRQHandler.Key2_Sta)
    dev_gpio_handle                          0x2000004c   Data          96  dev_gpio.o(.data.dev_gpio_handle)
    [Anonymous Symbol]                       0x2000004c   Section        0  dev_gpio.o(.data.dev_gpio_handle)
    uxCriticalNesting                        0x200000b0   Data           4  port.o(.data.uxCriticalNesting)
    [Anonymous Symbol]                       0x200000b0   Section        0  port.o(.data.uxCriticalNesting)
    ADC_MainFunc.SampleCount                 0x200000b8   Data           1  dev_adc.o(.bss.ADC_MainFunc.SampleCount)
    [Anonymous Symbol]                       0x200000b8   Section        0  dev_adc.o(.bss.ADC_MainFunc.SampleCount)
    Beep_MainFunc.BeepCount                  0x200000c0   Data           1  app.o(.bss.Beep_MainFunc.BeepCount)
    [Anonymous Symbol]                       0x200000c0   Section        0  app.o(.bss.Beep_MainFunc.BeepCount)
    Beep_MainFunc.BeepSta                    0x200000c1   Data           1  app.o(.bss.Beep_MainFunc.BeepSta)
    [Anonymous Symbol]                       0x200000c1   Section        0  app.o(.bss.Beep_MainFunc.BeepSta)
    StandyDete.StandyCount                   0x2000014c   Data           4  app.o(.bss.StandyDete.StandyCount)
    [Anonymous Symbol]                       0x2000014c   Section        0  app.o(.bss.StandyDete.StandyCount)
    TIM17_IRQHandler.Key1_Sta                0x20000150   Data           1  ft32f0xx_it.o(.bss.TIM17_IRQHandler.Key1_Sta)
    [Anonymous Symbol]                       0x20000150   Section        0  ft32f0xx_it.o(.bss.TIM17_IRQHandler.Key1_Sta)
    TIM17_IRQHandler.SetFlg                  0x20000151   Data           1  ft32f0xx_it.o(.bss.TIM17_IRQHandler.SetFlg)
    [Anonymous Symbol]                       0x20000151   Section        0  ft32f0xx_it.o(.bss.TIM17_IRQHandler.SetFlg)
    UltraParam_Set.Clear_Flg_old             0x20000152   Data           1  dev_flash.o(.bss.UltraParam_Set.Clear_Flg_old)
    [Anonymous Symbol]                       0x20000152   Section        0  dev_flash.o(.bss.UltraParam_Set.Clear_Flg_old)
    UltraParam_Set.SetFreq_Flg_old           0x20000153   Data           1  dev_flash.o(.bss.UltraParam_Set.SetFreq_Flg_old)
    [Anonymous Symbol]                       0x20000153   Section        0  dev_flash.o(.bss.UltraParam_Set.SetFreq_Flg_old)
    WorkTime                                 0x2000015c   Data           4  ft32f0xx_it.o(.bss.WorkTime)
    [Anonymous Symbol]                       0x2000015c   Section        0  ft32f0xx_it.o(.bss.WorkTime)
    pInitTaskHandle                          0x20000160   Data           4  app.o(.bss.pInitTaskHandle)
    [Anonymous Symbol]                       0x20000160   Section        0  app.o(.bss.pInitTaskHandle)
    pxDelayedTaskList                        0x20000168   Data           4  tasks.o(.bss.pxDelayedTaskList)
    [Anonymous Symbol]                       0x20000168   Section        0  tasks.o(.bss.pxDelayedTaskList)
    pxEnd                                    0x2000016c   Data           4  heap_4.o(.bss.pxEnd)
    [Anonymous Symbol]                       0x2000016c   Section        0  heap_4.o(.bss.pxEnd)
    pxOverflowDelayedTaskList                0x20000170   Data           4  tasks.o(.bss.pxOverflowDelayedTaskList)
    [Anonymous Symbol]                       0x20000170   Section        0  tasks.o(.bss.pxOverflowDelayedTaskList)
    pxReadyTasksLists                        0x20000174   Data         100  tasks.o(.bss.pxReadyTasksLists)
    [Anonymous Symbol]                       0x20000174   Section        0  tasks.o(.bss.pxReadyTasksLists)
    ucHeap                                   0x200001d8   Data        3072  heap_4.o(.bss.ucHeap)
    [Anonymous Symbol]                       0x200001d8   Section        0  heap_4.o(.bss.ucHeap)
    ulSystemTimeTickCount                    0x20000dd8   Data           4  taskmanager.o(.bss.ulSystemTimeTickCount)
    [Anonymous Symbol]                       0x20000dd8   Section        0  taskmanager.o(.bss.ulSystemTimeTickCount)
    uxCurrentNumberOfTasks                   0x20000ddc   Data           4  tasks.o(.bss.uxCurrentNumberOfTasks)
    [Anonymous Symbol]                       0x20000ddc   Section        0  tasks.o(.bss.uxCurrentNumberOfTasks)
    uxDeletedTasksWaitingCleanUp             0x20000de0   Data           4  tasks.o(.bss.uxDeletedTasksWaitingCleanUp)
    [Anonymous Symbol]                       0x20000de0   Section        0  tasks.o(.bss.uxDeletedTasksWaitingCleanUp)
    uxSchedulerSuspended                     0x20000de4   Data           4  tasks.o(.bss.uxSchedulerSuspended)
    [Anonymous Symbol]                       0x20000de4   Section        0  tasks.o(.bss.uxSchedulerSuspended)
    uxTaskNumber                             0x20000de8   Data           4  tasks.o(.bss.uxTaskNumber)
    [Anonymous Symbol]                       0x20000de8   Section        0  tasks.o(.bss.uxTaskNumber)
    uxTopReadyPriority                       0x20000dec   Data           4  tasks.o(.bss.uxTopReadyPriority)
    [Anonymous Symbol]                       0x20000dec   Section        0  tasks.o(.bss.uxTopReadyPriority)
    xBlockAllocatedBit                       0x20000df0   Data           4  heap_4.o(.bss.xBlockAllocatedBit)
    [Anonymous Symbol]                       0x20000df0   Section        0  heap_4.o(.bss.xBlockAllocatedBit)
    xDelayedTaskList1                        0x20000df4   Data          20  tasks.o(.bss.xDelayedTaskList1)
    [Anonymous Symbol]                       0x20000df4   Section        0  tasks.o(.bss.xDelayedTaskList1)
    xDelayedTaskList2                        0x20000e08   Data          20  tasks.o(.bss.xDelayedTaskList2)
    [Anonymous Symbol]                       0x20000e08   Section        0  tasks.o(.bss.xDelayedTaskList2)
    xFreeBytesRemaining                      0x20000e1c   Data           4  heap_4.o(.bss.xFreeBytesRemaining)
    [Anonymous Symbol]                       0x20000e1c   Section        0  heap_4.o(.bss.xFreeBytesRemaining)
    xIdleTaskHandle                          0x20000e20   Data           4  tasks.o(.bss.xIdleTaskHandle)
    [Anonymous Symbol]                       0x20000e20   Section        0  tasks.o(.bss.xIdleTaskHandle)
    xMinimumEverFreeBytesRemaining           0x20000e24   Data           4  heap_4.o(.bss.xMinimumEverFreeBytesRemaining)
    [Anonymous Symbol]                       0x20000e24   Section        0  heap_4.o(.bss.xMinimumEverFreeBytesRemaining)
    xNextTaskUnblockTime                     0x20000e28   Data           4  tasks.o(.bss.xNextTaskUnblockTime)
    [Anonymous Symbol]                       0x20000e28   Section        0  tasks.o(.bss.xNextTaskUnblockTime)
    xNumOfOverflows                          0x20000e2c   Data           4  tasks.o(.bss.xNumOfOverflows)
    [Anonymous Symbol]                       0x20000e2c   Section        0  tasks.o(.bss.xNumOfOverflows)
    xNumberOfSuccessfulAllocations           0x20000e30   Data           4  heap_4.o(.bss.xNumberOfSuccessfulAllocations)
    [Anonymous Symbol]                       0x20000e30   Section        0  heap_4.o(.bss.xNumberOfSuccessfulAllocations)
    xNumberOfSuccessfulFrees                 0x20000e34   Data           4  heap_4.o(.bss.xNumberOfSuccessfulFrees)
    [Anonymous Symbol]                       0x20000e34   Section        0  heap_4.o(.bss.xNumberOfSuccessfulFrees)
    xPendedTicks                             0x20000e38   Data           4  tasks.o(.bss.xPendedTicks)
    [Anonymous Symbol]                       0x20000e38   Section        0  tasks.o(.bss.xPendedTicks)
    xPendingReadyList                        0x20000e3c   Data          20  tasks.o(.bss.xPendingReadyList)
    [Anonymous Symbol]                       0x20000e3c   Section        0  tasks.o(.bss.xPendingReadyList)
    xSchedulerRunning                        0x20000e50   Data           4  tasks.o(.bss.xSchedulerRunning)
    [Anonymous Symbol]                       0x20000e50   Section        0  tasks.o(.bss.xSchedulerRunning)
    xStart                                   0x20000e54   Data           8  heap_4.o(.bss.xStart)
    [Anonymous Symbol]                       0x20000e54   Section        0  heap_4.o(.bss.xStart)
    xTasksWaitingTermination                 0x20000e5c   Data          20  tasks.o(.bss.xTasksWaitingTermination)
    [Anonymous Symbol]                       0x20000e5c   Section        0  tasks.o(.bss.xTasksWaitingTermination)
    xTickCount                               0x20000e70   Data           4  tasks.o(.bss.xTickCount)
    [Anonymous Symbol]                       0x20000e70   Section        0  tasks.o(.bss.xTickCount)
    xYieldPending                            0x20000e74   Data           4  tasks.o(.bss.xYieldPending)
    [Anonymous Symbol]                       0x20000e74   Section        0  tasks.o(.bss.xYieldPending)
    STACK                                    0x20000e78   Section     1024  startup_ft32f030x8.o(STACK)

    Global Symbols

    Symbol Name                              Value     Ov Type        Size  Object(Section)

    BuildAttributes$$THM_ISAv3M$S$PE$A:L22$X:L11$S22$IEEE1$IW$~IW$USESV6$~STKCKD$USESV7$~SHL$OTIME$ROPI$EBA8$MICROLIB$REQ8$PRES8$EABIv2 0x00000000   Number         0  anon$$obj.o ABSOLUTE
    __cpp_initialize__aeabi_                  - Undefined Weak Reference
    __cxa_finalize                            - Undefined Weak Reference
    __decompress                              - Undefined Weak Reference
    _clock_init                               - Undefined Weak Reference
    _microlib_exit                            - Undefined Weak Reference
    __Vectors_Size                           0x000000c0   Number         0  startup_ft32f030x8.o ABSOLUTE
    __Vectors                                0x08000000   Data           4  startup_ft32f030x8.o(RESET)
    __Vectors_End                            0x080000c0   Data           0  startup_ft32f030x8.o(RESET)
    __main                                   0x080000c1   Thumb Code     0  entry.o(.ARM.Collect$$$$00000000)
    _main_stk                                0x080000c1   Thumb Code     0  entry2.o(.ARM.Collect$$$$00000001)
    _main_scatterload                        0x080000c5   Thumb Code     0  entry5.o(.ARM.Collect$$$$00000004)
    __main_after_scatterload                 0x080000c9   Thumb Code     0  entry5.o(.ARM.Collect$$$$00000004)
    _main_clock                              0x080000c9   Thumb Code     0  entry7b.o(.ARM.Collect$$$$00000008)
    _main_cpp_init                           0x080000c9   Thumb Code     0  entry8b.o(.ARM.Collect$$$$0000000A)
    _main_init                               0x080000c9   Thumb Code     0  entry9a.o(.ARM.Collect$$$$0000000B)
    __rt_final_cpp                           0x080000d1   Thumb Code     0  entry10a.o(.ARM.Collect$$$$0000000D)
    __rt_final_exit                          0x080000d1   Thumb Code     0  entry11a.o(.ARM.Collect$$$$0000000F)
    Reset_Handler                            0x080000d5   Thumb Code    38  startup_ft32f030x8.o(.text)
    ADC1_IRQHandler                          0x08000105   Thumb Code     0  startup_ft32f030x8.o(.text)
    DMA1_Channel1_IRQHandler                 0x08000105   Thumb Code     0  startup_ft32f030x8.o(.text)
    DMA1_Channel2_3_IRQHandler               0x08000105   Thumb Code     0  startup_ft32f030x8.o(.text)
    DMA1_Channel4_5_IRQHandler               0x08000105   Thumb Code     0  startup_ft32f030x8.o(.text)
    EXTI0_1_IRQHandler                       0x08000105   Thumb Code     0  startup_ft32f030x8.o(.text)
    EXTI2_3_IRQHandler                       0x08000105   Thumb Code     0  startup_ft32f030x8.o(.text)
    FLASH_IRQHandler                         0x08000105   Thumb Code     0  startup_ft32f030x8.o(.text)
    I2C1_IRQHandler                          0x08000105   Thumb Code     0  startup_ft32f030x8.o(.text)
    I2C2_IRQHandler                          0x08000105   Thumb Code     0  startup_ft32f030x8.o(.text)
    PVD_VDDIO_IRQHandler                     0x08000105   Thumb Code     0  startup_ft32f030x8.o(.text)
    RCC_IRQHandler                           0x08000105   Thumb Code     0  startup_ft32f030x8.o(.text)
    RTC_IRQHandler                           0x08000105   Thumb Code     0  startup_ft32f030x8.o(.text)
    SPI1_IRQHandler                          0x08000105   Thumb Code     0  startup_ft32f030x8.o(.text)
    SPI2_IRQHandler                          0x08000105   Thumb Code     0  startup_ft32f030x8.o(.text)
    TIM15_IRQHandler                         0x08000105   Thumb Code     0  startup_ft32f030x8.o(.text)
    TIM16_IRQHandler                         0x08000105   Thumb Code     0  startup_ft32f030x8.o(.text)
    TIM1_BRK_UP_TRG_COM_IRQHandler           0x08000105   Thumb Code     0  startup_ft32f030x8.o(.text)
    TIM1_CC_IRQHandler                       0x08000105   Thumb Code     0  startup_ft32f030x8.o(.text)
    TIM3_IRQHandler                          0x08000105   Thumb Code     0  startup_ft32f030x8.o(.text)
    TIM6_IRQHandler                          0x08000105   Thumb Code     0  startup_ft32f030x8.o(.text)
    USART1_IRQHandler                        0x08000105   Thumb Code     0  startup_ft32f030x8.o(.text)
    USART2_IRQHandler                        0x08000105   Thumb Code     0  startup_ft32f030x8.o(.text)
    USB_IRQHandler                           0x08000105   Thumb Code     0  startup_ft32f030x8.o(.text)
    WWDG_IRQHandler                          0x08000105   Thumb Code     0  startup_ft32f030x8.o(.text)
    __aeabi_uidiv                            0x0800012d   Thumb Code     0  uidiv.o(.text)
    __aeabi_uidivmod                         0x0800012d   Thumb Code    44  uidiv.o(.text)
    __aeabi_memset                           0x08000159   Thumb Code    14  memseta.o(.text)
    __aeabi_memset4                          0x08000159   Thumb Code     0  memseta.o(.text)
    __aeabi_memset8                          0x08000159   Thumb Code     0  memseta.o(.text)
    __aeabi_memclr                           0x08000167   Thumb Code     4  memseta.o(.text)
    __aeabi_memclr4                          0x08000167   Thumb Code     0  memseta.o(.text)
    __aeabi_memclr8                          0x08000167   Thumb Code     0  memseta.o(.text)
    _memset$wrapper                          0x0800016b   Thumb Code    18  memseta.o(.text)
    __aeabi_fadd                             0x0800017d   Thumb Code   162  fadd.o(.text)
    __aeabi_fsub                             0x0800021f   Thumb Code     8  fadd.o(.text)
    __aeabi_frsub                            0x08000227   Thumb Code     8  fadd.o(.text)
    __aeabi_fmul                             0x0800022f   Thumb Code   122  fmul.o(.text)
    __aeabi_fdiv                             0x080002a9   Thumb Code   124  fdiv.o(.text)
    __aeabi_dadd                             0x08000325   Thumb Code   328  dadd.o(.text)
    __aeabi_dsub                             0x0800046d   Thumb Code    12  dadd.o(.text)
    __aeabi_drsub                            0x08000479   Thumb Code    12  dadd.o(.text)
    __aeabi_dmul                             0x08000489   Thumb Code   202  dmul.o(.text)
    __aeabi_ddiv                             0x08000559   Thumb Code   234  ddiv.o(.text)
    __aeabi_fcmple                           0x08000649   Thumb Code    28  fcmple.o(.text)
    __aeabi_fcmpge                           0x08000665   Thumb Code    28  fcmpge.o(.text)
    __aeabi_fcmpgt                           0x08000681   Thumb Code    28  fcmpgt.o(.text)
    __aeabi_dcmple                           0x0800069d   Thumb Code    44  dcmple.o(.text)
    __aeabi_dcmpge                           0x080006c9   Thumb Code    44  dcmpge.o(.text)
    __aeabi_i2f                              0x080006f5   Thumb Code    22  fflti.o(.text)
    __aeabi_i2d                              0x0800070d   Thumb Code    34  dflti.o(.text)
    __aeabi_ui2d                             0x08000735   Thumb Code    24  dfltui.o(.text)
    __aeabi_f2uiz                            0x08000751   Thumb Code    40  ffixui.o(.text)
    __aeabi_d2iz                             0x08000779   Thumb Code    62  dfixi.o(.text)
    __aeabi_d2uiz                            0x080007c1   Thumb Code    50  dfixui.o(.text)
    __aeabi_f2d                              0x080007fd   Thumb Code    40  f2d.o(.text)
    __aeabi_d2f                              0x08000825   Thumb Code    56  d2f.o(.text)
    __aeabi_llsl                             0x0800085d   Thumb Code    32  llshl.o(.text)
    _ll_shift_l                              0x0800085d   Thumb Code     0  llshl.o(.text)
    __aeabi_llsr                             0x0800087d   Thumb Code    34  llushr.o(.text)
    _ll_ushift_r                             0x0800087d   Thumb Code     0  llushr.o(.text)
    __aeabi_lasr                             0x0800089f   Thumb Code    38  llsshr.o(.text)
    _ll_sshift_r                             0x0800089f   Thumb Code     0  llsshr.o(.text)
    __I$use$fp                               0x080008c5   Thumb Code     0  iusefp.o(.text)
    _float_round                             0x080008c5   Thumb Code    16  fepilogue.o(.text)
    _float_epilogue                          0x080008d5   Thumb Code   114  fepilogue.o(.text)
    _double_round                            0x08000947   Thumb Code    26  depilogue.o(.text)
    _double_epilogue                         0x08000961   Thumb Code   164  depilogue.o(.text)
    __scatterload                            0x08000a05   Thumb Code    28  init.o(.text)
    __scatterload_rt2                        0x08000a05   Thumb Code     0  init.o(.text)
    AD9833_InitIo                            0x08000a6d   Thumb Code    50  dev_ad9877.o(.text.AD9833_InitIo)
    AD9833_SetPara                           0x08000ce9   Thumb Code   180  dev_ad9877.o(.text.AD9833_SetPara)
    ADC_ChannelConfig                        0x08000e8b   Thumb Code    62  ft32f0xx_adc.o(.text.ADC_ChannelConfig)
    ADC_Cmd                                  0x08000ec9   Thumb Code    52  ft32f0xx_adc.o(.text.ADC_Cmd)
    ADC_DMACmd                               0x08000efd   Thumb Code    52  ft32f0xx_adc.o(.text.ADC_DMACmd)
    ADC_DMARequestModeConfig                 0x08000f31   Thumb Code    40  ft32f0xx_adc.o(.text.ADC_DMARequestModeConfig)
    ADC_DeInit                               0x08001069   Thumb Code    56  ft32f0xx_adc.o(.text.ADC_DeInit)
    ADC_GetCalibrationFactor                 0x080010a1   Thumb Code   130  ft32f0xx_adc.o(.text.ADC_GetCalibrationFactor)
    ADC_GetFlagStatus                        0x08001123   Thumb Code    90  ft32f0xx_adc.o(.text.ADC_GetFlagStatus)
    ADC_Init                                 0x0800117d   Thumb Code    80  ft32f0xx_adc.o(.text.ADC_Init)
    ADC_MainFunc                             0x080011cd   Thumb Code   404  dev_adc.o(.text.ADC_MainFunc)
    ADC_StartOfConversion                    0x08001361   Thumb Code    22  ft32f0xx_adc.o(.text.ADC_StartOfConversion)
    ADC_StructInit                           0x08001377   Thumb Code    38  ft32f0xx_adc.o(.text.ADC_StructInit)
    APP_Start                                0x0800139d   Thumb Code    44  app.o(.text.APP_Start)
    Beep_MainFunc                            0x080013c9   Thumb Code   444  app.o(.text.Beep_MainFunc)
    DMA_ClearFlag                            0x08001585   Thumb Code    40  ft32f0xx_dma.o(.text.DMA_ClearFlag)
    DMA_Cmd                                  0x080015a9   Thumb Code    56  ft32f0xx_dma.o(.text.DMA_Cmd)
    DMA_DeInit                               0x080015dd   Thumb Code   192  ft32f0xx_dma.o(.text.DMA_DeInit)
    DMA_GetFlagStatus                        0x0800169d   Thumb Code    76  ft32f0xx_dma.o(.text.DMA_GetFlagStatus)
    DMA_Init                                 0x080016e9   Thumb Code   112  ft32f0xx_dma.o(.text.DMA_Init)
    DevGpio_SetOutPut                        0x08001759   Thumb Code    72  dev_gpio.o(.text.DevGpio_SetOutPut)
    Devpwm_SetDuty                           0x080017a1   Thumb Code    40  dev_pwm.o(.text.Devpwm_SetDuty)
    EXTI4_15_IRQHandler                      0x080017c9   Thumb Code   100  ft32f0xx_it.o(.text.EXTI4_15_IRQHandler)
    EXTI_ClearITPendingBit                   0x0800182d   Thumb Code    24  ft32f0xx_exti.o(.text.EXTI_ClearITPendingBit)
    EXTI_GetITStatus                         0x08001841   Thumb Code    56  ft32f0xx_exti.o(.text.EXTI_GetITStatus)
    EXTI_Init                                0x08001879   Thumb Code   208  ft32f0xx_exti.o(.text.EXTI_Init)
    FLASH_ErasePage                          0x08001949   Thumb Code   128  ft32f0xx_flash.o(.text.FLASH_ErasePage)
    FLASH_GetStatus                          0x080019c5   Thumb Code    92  ft32f0xx_flash.o(.text.FLASH_GetStatus)
    FLASH_Lock                               0x08001a21   Thumb Code    16  ft32f0xx_flash.o(.text.FLASH_Lock)
    FLASH_PrefetchBufferCmd                  0x08001a2d   Thumb Code    52  ft32f0xx_flash.o(.text.FLASH_PrefetchBufferCmd)
    FLASH_ProgramWord                        0x08001a61   Thumb Code   124  ft32f0xx_flash.o(.text.FLASH_ProgramWord)
    FLASH_Unlock                             0x08001ad9   Thumb Code    44  ft32f0xx_flash.o(.text.FLASH_Unlock)
    FLASH_WaitForLastOperation               0x08001b05   Thumb Code   114  ft32f0xx_flash.o(.text.FLASH_WaitForLastOperation)
    Flash_Read                               0x08001cb1   Thumb Code   106  dev_flash.o(.text.Flash_Read)
    Flash_Write                              0x08001d1b   Thumb Code   192  dev_flash.o(.text.Flash_Write)
    GPIO_DeInit                              0x08001ddd   Thumb Code   232  ft32f0xx_gpio.o(.text.GPIO_DeInit)
    GPIO_Init                                0x08001ec5   Thumb Code   236  ft32f0xx_gpio.o(.text.GPIO_Init)
    GPIO_PinAFConfig                         0x08001fb1   Thumb Code   112  ft32f0xx_gpio.o(.text.GPIO_PinAFConfig)
    GPIO_ReadInputDataBit                    0x08002021   Thumb Code    62  ft32f0xx_gpio.o(.text.GPIO_ReadInputDataBit)
    GPIO_ToggleBit                           0x08002061   Thumb Code    76  dev_gpio.o(.text.GPIO_ToggleBit)
    GPIO_WriteBit                            0x080020ad   Thumb Code    56  ft32f0xx_gpio.o(.text.GPIO_WriteBit)
    HardFault_Handler                        0x080020e5   Thumb Code     4  ft32f0xx_it.o(.text.HardFault_Handler)
    IWDG_Enable                              0x0800212d   Thumb Code    16  ft32f0xx_iwdg.o(.text.IWDG_Enable)
    IWDG_ReloadCounter                       0x08002139   Thumb Code    16  ft32f0xx_iwdg.o(.text.IWDG_ReloadCounter)
    IWDG_SetPrescaler                        0x08002145   Thumb Code    24  ft32f0xx_iwdg.o(.text.IWDG_SetPrescaler)
    IWDG_SetReload                           0x0800215d   Thumb Code    24  ft32f0xx_iwdg.o(.text.IWDG_SetReload)
    IWDG_WriteAccessCmd                      0x08002175   Thumb Code    24  ft32f0xx_iwdg.o(.text.IWDG_WriteAccessCmd)
    InitTask1                                0x0800218d   Thumb Code   144  app.o(.text.InitTask1)
    LED_Init                                 0x0800221d   Thumb Code    28  app.o(.text.LED_Init)
    LED_MainFunc                             0x08002239   Thumb Code   248  app.o(.text.LED_MainFunc)
    Lipus_MainFunc                           0x0800232d   Thumb Code   468  app.o(.text.Lipus_MainFunc)
    NMI_Handler                              0x0800254d   Thumb Code     2  ft32f0xx_it.o(.text.NMI_Handler)
    NVIC_Init                                0x08002551   Thumb Code   148  ft32f0xx_misc.o(.text.NVIC_Init)
    PIDController_Init                       0x080025e5   Thumb Code    94  dev_pid.o(.text.PIDController_Init)
    PIDController_Update                     0x08002643   Thumb Code   272  dev_pid.o(.text.PIDController_Update)
    PendSV_Handler                           0x08002761   Thumb Code    68  port.o(.text.PendSV_Handler)
    Power_MainFunc                           0x080027a5   Thumb Code   184  app.o(.text.Power_MainFunc)
    RCC_AHBPeriphClockCmd                    0x0800284d   Thumb Code    56  ft32f0xx_rcc.o(.text.RCC_AHBPeriphClockCmd)
    RCC_AHBPeriphResetCmd                    0x08002885   Thumb Code    56  ft32f0xx_rcc.o(.text.RCC_AHBPeriphResetCmd)
    RCC_APB1PeriphClockCmd                   0x080028bd   Thumb Code    56  ft32f0xx_rcc.o(.text.RCC_APB1PeriphClockCmd)
    RCC_APB2PeriphClockCmd                   0x080028f5   Thumb Code    56  ft32f0xx_rcc.o(.text.RCC_APB2PeriphClockCmd)
    RCC_APB2PeriphResetCmd                   0x0800292d   Thumb Code    56  ft32f0xx_rcc.o(.text.RCC_APB2PeriphResetCmd)
    SVC_Handler                              0x08002965   Thumb Code     2  port.o(.text.SVC_Handler)
    SYSCFG_EXTILineConfig                    0x08002969   Thumb Code    84  ft32f0xx_syscfg.o(.text.SYSCFG_EXTILineConfig)
    StandyDete                               0x08002b49   Thumb Code    60  app.o(.text.StandyDete)
    SysTick_Handler                          0x08002b81   Thumb Code    44  port.o(.text.SysTick_Handler)
    SystemInit                               0x08002bad   Thumb Code   124  system_ft32f0xx.o(.text.SystemInit)
    TIM14_IRQHandler                         0x08002c29   Thumb Code   108  ft32f0xx_it.o(.text.TIM14_IRQHandler)
    TIM17_IRQHandler                         0x08002c8d   Thumb Code   648  ft32f0xx_it.o(.text.TIM17_IRQHandler)
    TIM_ClearITPendingBit                    0x08002f15   Thumb Code    28  ft32f0xx_tim.o(.text.TIM_ClearITPendingBit)
    TIM_Cmd                                  0x08002f31   Thumb Code    52  ft32f0xx_tim.o(.text.TIM_Cmd)
    TIM_CtrlPWMOutputs                       0x08002f65   Thumb Code    64  ft32f0xx_tim.o(.text.TIM_CtrlPWMOutputs)
    TIM_GetITStatus                          0x08002fa5   Thumb Code    94  ft32f0xx_tim.o(.text.TIM_GetITStatus)
    TIM_ITConfig                             0x08003003   Thumb Code    64  ft32f0xx_tim.o(.text.TIM_ITConfig)
    TIM_OC1Init                              0x08003045   Thumb Code   284  ft32f0xx_tim.o(.text.TIM_OC1Init)
    TIM_SetCompare1                          0x08003151   Thumb Code    24  ft32f0xx_tim.o(.text.TIM_SetCompare1)
    TIM_TimeBaseInit                         0x08003169   Thumb Code   224  ft32f0xx_tim.o(.text.TIM_TimeBaseInit)
    UltraParam_Init                          0x08003525   Thumb Code   156  dev_flash.o(.text.UltraParam_Init)
    UltraParam_Set                           0x080035b9   Thumb Code   284  dev_flash.o(.text.UltraParam_Set)
    look1_iflf_binlxpw                       0x080036d5   Thumb Code   340  dev_adc.o(.text.look1_iflf_binlxpw)
    main                                     0x08003829   Thumb Code   160  main.o(.text.main)
    pvPortMalloc                             0x08003e0d   Thumb Code   396  heap_4.o(.text.pvPortMalloc)
    pxPortInitialiseStack                    0x08003f91   Thumb Code    88  port.o(.text.pxPortInitialiseStack)
    ulSetInterruptMaskFromISR                0x08003fe9   Thumb Code     8  port.o(.text.ulSetInterruptMaskFromISR)
    uxListRemove                             0x08003ff1   Thumb Code    76  list.o(.text.uxListRemove)
    vApplicationMallocFailedHook             0x0800403d   Thumb Code     6  taskmanager.o(.text.vApplicationMallocFailedHook)
    vApplicationStackOverflowHook            0x08004043   Thumb Code    20  taskmanager.o(.text.vApplicationStackOverflowHook)
    vApplicationTickHook                     0x08004059   Thumb Code    16  taskmanager.o(.text.vApplicationTickHook)
    vClearInterruptMaskFromISR               0x08004069   Thumb Code     6  port.o(.text.vClearInterruptMaskFromISR)
    vListInitialise                          0x0800406f   Thumb Code    48  list.o(.text.vListInitialise)
    vListInitialiseItem                      0x0800409f   Thumb Code    18  list.o(.text.vListInitialiseItem)
    vListInsert                              0x080040b1   Thumb Code   116  list.o(.text.vListInsert)
    vListInsertEnd                           0x08004125   Thumb Code    66  list.o(.text.vListInsertEnd)
    vPortEnterCritical                       0x08004169   Thumb Code    24  port.o(.text.vPortEnterCritical)
    vPortExitCritical                        0x0800417d   Thumb Code    28  port.o(.text.vPortExitCritical)
    vPortFree                                0x08004195   Thumb Code   132  heap_4.o(.text.vPortFree)
    vPortSetupTimerInterrupt                 0x08004219   Thumb Code    64  port.o(.text.vPortSetupTimerInterrupt)
    vPortYield                               0x08004295   Thumb Code    24  port.o(.text.vPortYield)
    vTaskDelay                               0x080042ad   Thumb Code    64  tasks.o(.text.vTaskDelay)
    vTaskDelete                              0x080042ed   Thumb Code   208  tasks.o(.text.vTaskDelete)
    vTaskStartScheduler                      0x080043b5   Thumb Code   112  tasks.o(.text.vTaskStartScheduler)
    vTaskSuspendAll                          0x0800441d   Thumb Code    16  tasks.o(.text.vTaskSuspendAll)
    vTaskSwitchContext                       0x08004429   Thumb Code   228  tasks.o(.text.vTaskSwitchContext)
    xPortStartScheduler                      0x080044fd   Thumb Code    64  port.o(.text.xPortStartScheduler)
    xTaskCreate                              0x0800453d   Thumb Code   170  tasks.o(.text.xTaskCreate)
    xTaskIncrementTick                       0x080045e9   Thumb Code   384  tasks.o(.text.xTaskIncrementTick)
    xTaskResumeAll                           0x08004765   Thumb Code   304  tasks.o(.text.xTaskResumeAll)
    __ARM_clz                                0x08004895   Thumb Code    46  depilogue.o(i.__ARM_clz)
    __scatterload_copy                       0x080048c3   Thumb Code    14  handlers.o(i.__scatterload_copy)
    __scatterload_null                       0x080048d1   Thumb Code     2  handlers.o(i.__scatterload_null)
    __scatterload_zeroinit                   0x080048d3   Thumb Code    14  handlers.o(i.__scatterload_zeroinit)
    INP_HWTemp1_R                            0x080048e0   Data         640  dev_adc.o(.rodata.INP_HWTemp1_R)
    OUT_HWTemp1_T                            0x08004b60   Data         640  dev_adc.o(.rodata.OUT_HWTemp1_T)
    Region$$Table$$Base                      0x08004e20   Number         0  anon$$obj.o(Region$$Table)
    Region$$Table$$Limit                     0x08004e40   Number         0  anon$$obj.o(Region$$Table)
    Motor_Level                              0x20000001   Data           1  ft32f0xx_it.o(.data.Motor_Level)
    PowerOff_Flg                             0x20000002   Data           1  main.o(.data.PowerOff_Flg)
    SampleVol_Buff                           0x20000004   Data          64  dev_adc.o(.data.SampleVol_Buff)
    SystemCoreClock                          0x20000044   Data           4  system_ft32f0xx.o(.data.SystemCoreClock)
    UltraModule                              0x20000049   Data           1  ft32f0xx_it.o(.data.UltraModule)
    lsi_freq                                 0x200000ac   Data           4  main.o(.data.lsi_freq)
    Battery_vol                              0x200000bc   Data           4  dev_adc.o(.bss.Battery_vol)
    Beep_SatrtFlg                            0x200000c2   Data           1  ft32f0xx_it.o(.bss.Beep_SatrtFlg)
    Clear_Flg                                0x200000c3   Data           1  ft32f0xx_it.o(.bss.Clear_Flg)
    CycleTime                                0x200000c4   Data           2  ft32f0xx_it.o(.bss.CycleTime)
    DMA_DualConvertedValue                   0x200000c8   Data           4  main.o(.bss.DMA_DualConvertedValue)
    Data_Store                               0x200000cc   Data           4  dev_flash.o(.bss.Data_Store)
    KEY1_Count                               0x200000d0   Data           4  ft32f0xx_it.o(.bss.KEY1_Count)
    KEY1_Flg                                 0x200000d4   Data           1  ft32f0xx_it.o(.bss.KEY1_Flg)
    KEY2_Count                               0x200000d8   Data           4  ft32f0xx_it.o(.bss.KEY2_Count)
    KEY2_Flg                                 0x200000dc   Data           1  ft32f0xx_it.o(.bss.KEY2_Flg)
    Led_GreenFlg                             0x200000dd   Data           1  app.o(.bss.Led_GreenFlg)
    Led_RedFlg                               0x200000de   Data           1  app.o(.bss.Led_RedFlg)
    POWER_Count                              0x200000e0   Data           4  ft32f0xx_it.o(.bss.POWER_Count)
    Pid_Contronl                             0x200000e4   Data          32  dev_pid.o(.bss.Pid_Contronl)
    PowerOn_Flg                              0x20000104   Data           1  ft32f0xx_it.o(.bss.PowerOn_Flg)
    SampleTemp_Buff                          0x20000108   Data          64  dev_adc.o(.bss.SampleTemp_Buff)
    SetFreq_Flg                              0x20000148   Data           1  ft32f0xx_it.o(.bss.SetFreq_Flg)
    Ultra_Temp                               0x20000154   Data           4  dev_adc.o(.bss.Ultra_Temp)
    WorkStart_Flg                            0x20000158   Data           1  ft32f0xx_it.o(.bss.WorkStart_Flg)
    pxCurrentTCB                             0x20000164   Data           4  tasks.o(.bss.pxCurrentTCB)
    __initial_sp                             0x20001278   Data           0  startup_ft32f030x8.o(STACK)



==============================================================================

Memory Map of the image

  Image Entry point : 0x080000d5

  Load Region LR_1 (Base: 0x08000000, Size: 0x00004ef4, Max: 0xffffffff, ABSOLUTE)

    Execution Region ER_RO (Exec base: 0x08000000, Load base: 0x08000000, Size: 0x00004e40, Max: 0xffffffff, ABSOLUTE)

    Exec Addr    Load Addr    Size         Type   Attr      Idx    E Section Name        Object

    0x08000000   0x08000000   0x000000c0   Data   RO         1631    RESET               startup_ft32f030x8.o
    0x080000c0   0x080000c0   0x00000000   Code   RO         1656  * .ARM.Collect$$$$00000000  mc_p.l(entry.o)
    0x080000c0   0x080000c0   0x00000004   Code   RO         1705    .ARM.Collect$$$$00000001  mc_p.l(entry2.o)
    0x080000c4   0x080000c4   0x00000004   Code   RO         1708    .ARM.Collect$$$$00000004  mc_p.l(entry5.o)
    0x080000c8   0x080000c8   0x00000000   Code   RO         1710    .ARM.Collect$$$$00000008  mc_p.l(entry7b.o)
    0x080000c8   0x080000c8   0x00000000   Code   RO         1712    .ARM.Collect$$$$0000000A  mc_p.l(entry8b.o)
    0x080000c8   0x080000c8   0x00000008   Code   RO         1713    .ARM.Collect$$$$0000000B  mc_p.l(entry9a.o)
    0x080000d0   0x080000d0   0x00000000   Code   RO         1715    .ARM.Collect$$$$0000000D  mc_p.l(entry10a.o)
    0x080000d0   0x080000d0   0x00000000   Code   RO         1717    .ARM.Collect$$$$0000000F  mc_p.l(entry11a.o)
    0x080000d0   0x080000d0   0x00000004   Code   RO         1706    .ARM.Collect$$$$00002712  mc_p.l(entry2.o)
    0x080000d4   0x080000d4   0x00000058   Code   RO         1632  * .text               startup_ft32f030x8.o
    0x0800012c   0x0800012c   0x0000002c   Code   RO         1659    .text               mc_p.l(uidiv.o)
    0x08000158   0x08000158   0x00000024   Code   RO         1663    .text               mc_p.l(memseta.o)
    0x0800017c   0x0800017c   0x000000b2   Code   RO         1667    .text               mf_p.l(fadd.o)
    0x0800022e   0x0800022e   0x0000007a   Code   RO         1669    .text               mf_p.l(fmul.o)
    0x080002a8   0x080002a8   0x0000007c   Code   RO         1671    .text               mf_p.l(fdiv.o)
    0x08000324   0x08000324   0x00000164   Code   RO         1673    .text               mf_p.l(dadd.o)
    0x08000488   0x08000488   0x000000d0   Code   RO         1675    .text               mf_p.l(dmul.o)
    0x08000558   0x08000558   0x000000f0   Code   RO         1677    .text               mf_p.l(ddiv.o)
    0x08000648   0x08000648   0x0000001c   Code   RO         1679    .text               mf_p.l(fcmple.o)
    0x08000664   0x08000664   0x0000001c   Code   RO         1681    .text               mf_p.l(fcmpge.o)
    0x08000680   0x08000680   0x0000001c   Code   RO         1683    .text               mf_p.l(fcmpgt.o)
    0x0800069c   0x0800069c   0x0000002c   Code   RO         1685    .text               mf_p.l(dcmple.o)
    0x080006c8   0x080006c8   0x0000002c   Code   RO         1687    .text               mf_p.l(dcmpge.o)
    0x080006f4   0x080006f4   0x00000016   Code   RO         1689    .text               mf_p.l(fflti.o)
    0x0800070a   0x0800070a   0x00000002   PAD
    0x0800070c   0x0800070c   0x00000028   Code   RO         1691    .text               mf_p.l(dflti.o)
    0x08000734   0x08000734   0x0000001c   Code   RO         1693    .text               mf_p.l(dfltui.o)
    0x08000750   0x08000750   0x00000028   Code   RO         1695    .text               mf_p.l(ffixui.o)
    0x08000778   0x08000778   0x00000048   Code   RO         1697    .text               mf_p.l(dfixi.o)
    0x080007c0   0x080007c0   0x0000003c   Code   RO         1699    .text               mf_p.l(dfixui.o)
    0x080007fc   0x080007fc   0x00000028   Code   RO         1701    .text               mf_p.l(f2d.o)
    0x08000824   0x08000824   0x00000038   Code   RO         1703    .text               mf_p.l(d2f.o)
    0x0800085c   0x0800085c   0x00000020   Code   RO         1719    .text               mc_p.l(llshl.o)
    0x0800087c   0x0800087c   0x00000022   Code   RO         1721    .text               mc_p.l(llushr.o)
    0x0800089e   0x0800089e   0x00000026   Code   RO         1723    .text               mc_p.l(llsshr.o)
    0x080008c4   0x080008c4   0x00000000   Code   RO         1725    .text               mc_p.l(iusefp.o)
    0x080008c4   0x080008c4   0x00000082   Code   RO         1726    .text               mf_p.l(fepilogue.o)
    0x08000946   0x08000946   0x000000be   Code   RO         1728    .text               mf_p.l(depilogue.o)
    0x08000a04   0x08000a04   0x00000024   Code   RO         1732    .text               mc_p.l(init.o)
    0x08000a28   0x08000a28   0x00000024   Code   RO          456    .text.AD9833_Delay  dev_ad9877.o
    0x08000a4c   0x08000a4c   0x00000020   Code   RO          450    .text.AD9833_FSYNC_Set  dev_ad9877.o
    0x08000a6c   0x08000a6c   0x00000032   Code   RO          448    .text.AD9833_InitIo  dev_ad9877.o
    0x08000a9e   0x08000a9e   0x00000020   Code   RO          452    .text.AD9833_SCLK_Set  dev_ad9877.o
    0x08000abe   0x08000abe   0x00000020   Code   RO          454    .text.AD9833_SDATA_Set  dev_ad9877.o
    0x08000ade   0x08000ade   0x000000b8   Code   RO          440    .text.AD9833_SendData  dev_ad9877.o
    0x08000b96   0x08000b96   0x00000002   PAD
    0x08000b98   0x08000b98   0x000000d0   Code   RO          442    .text.AD9833_SendFrequency  dev_ad9877.o
    0x08000c68   0x08000c68   0x00000036   Code   RO          444    .text.AD9833_SendPhase  dev_ad9877.o
    0x08000c9e   0x08000c9e   0x0000004a   Code   RO          446    .text.AD9833_SendWave  dev_ad9877.o
    0x08000ce8   0x08000ce8   0x000000b4   Code   RO          438    .text.AD9833_SetPara  dev_ad9877.o
    0x08000d9c   0x08000d9c   0x000000ee   Code   RO          470    .text.ADCSample_Filter  dev_adc.o
    0x08000e8a   0x08000e8a   0x0000003e   Code   RO          583    .text.ADC_ChannelConfig  ft32f0xx_adc.o
    0x08000ec8   0x08000ec8   0x00000034   Code   RO          559    .text.ADC_Cmd       ft32f0xx_adc.o
    0x08000efc   0x08000efc   0x00000034   Code   RO          599    .text.ADC_DMACmd    ft32f0xx_adc.o
    0x08000f30   0x08000f30   0x00000028   Code   RO          601    .text.ADC_DMARequestModeConfig  ft32f0xx_adc.o
    0x08000f58   0x08000f58   0x00000110   Code   RO           45    .text.ADC_DMA_Config  main.o
    0x08001068   0x08001068   0x00000038   Code   RO          553    .text.ADC_DeInit    ft32f0xx_adc.o
    0x080010a0   0x080010a0   0x00000082   Code   RO          591    .text.ADC_GetCalibrationFactor  ft32f0xx_adc.o
    0x08001122   0x08001122   0x0000005a   Code   RO          605    .text.ADC_GetFlagStatus  ft32f0xx_adc.o
    0x0800117c   0x0800117c   0x00000050   Code   RO          555    .text.ADC_Init      ft32f0xx_adc.o
    0x080011cc   0x080011cc   0x00000194   Code   RO          468    .text.ADC_MainFunc  dev_adc.o
    0x08001360   0x08001360   0x00000016   Code   RO          595    .text.ADC_StartOfConversion  ft32f0xx_adc.o
    0x08001376   0x08001376   0x00000026   Code   RO          557    .text.ADC_StructInit  ft32f0xx_adc.o
    0x0800139c   0x0800139c   0x0000002c   Code   RO          399    .text.APP_Start     app.o
    0x080013c8   0x080013c8   0x000001bc   Code   RO          405    .text.Beep_MainFunc  app.o
    0x08001584   0x08001584   0x00000024   Code   RO          761    .text.DMA_ClearFlag  ft32f0xx_dma.o
    0x080015a8   0x080015a8   0x00000034   Code   RO          751    .text.DMA_Cmd       ft32f0xx_dma.o
    0x080015dc   0x080015dc   0x000000c0   Code   RO          745    .text.DMA_DeInit    ft32f0xx_dma.o
    0x0800169c   0x0800169c   0x0000004c   Code   RO          759    .text.DMA_GetFlagStatus  ft32f0xx_dma.o
    0x080016e8   0x080016e8   0x00000070   Code   RO          747    .text.DMA_Init      ft32f0xx_dma.o
    0x08001758   0x08001758   0x00000048   Code   RO          507    .text.DevGpio_SetOutPut  dev_gpio.o
    0x080017a0   0x080017a0   0x00000028   Code   RO          536    .text.Devpwm_SetDuty  dev_pwm.o
    0x080017c8   0x080017c8   0x00000064   Code   RO           10    .text.EXTI4_15_IRQHandler  ft32f0xx_it.o
    0x0800182c   0x0800182c   0x00000014   Code   RO          789    .text.EXTI_ClearITPendingBit  ft32f0xx_exti.o
    0x08001840   0x08001840   0x00000038   Code   RO          787    .text.EXTI_GetITStatus  ft32f0xx_exti.o
    0x08001878   0x08001878   0x000000d0   Code   RO          777    .text.EXTI_Init     ft32f0xx_exti.o
    0x08001948   0x08001948   0x0000007c   Code   RO          809    .text.FLASH_ErasePage  ft32f0xx_flash.o
    0x080019c4   0x080019c4   0x0000005c   Code   RO          853    .text.FLASH_GetStatus  ft32f0xx_flash.o
    0x08001a20   0x08001a20   0x0000000c   Code   RO          807    .text.FLASH_Lock    ft32f0xx_flash.o
    0x08001a2c   0x08001a2c   0x00000034   Code   RO          801    .text.FLASH_PrefetchBufferCmd  ft32f0xx_flash.o
    0x08001a60   0x08001a60   0x00000078   Code   RO          815    .text.FLASH_ProgramWord  ft32f0xx_flash.o
    0x08001ad8   0x08001ad8   0x0000002c   Code   RO          805    .text.FLASH_Unlock  ft32f0xx_flash.o
    0x08001b04   0x08001b04   0x00000072   Code   RO          811    .text.FLASH_WaitForLastOperation  ft32f0xx_flash.o
    0x08001b76   0x08001b76   0x00000074   Code   RO           43    .text.FT32_EXIT_Init  main.o
    0x08001bea   0x08001bea   0x00000054   Code   RO           39    .text.FT32_GPIOA_Init  main.o
    0x08001c3e   0x08001c3e   0x00000002   PAD
    0x08001c40   0x08001c40   0x00000070   Code   RO           41    .text.FT32_GPIOB_Init  main.o
    0x08001cb0   0x08001cb0   0x0000006a   Code   RO          490    .text.Flash_Read    dev_flash.o
    0x08001d1a   0x08001d1a   0x000000c0   Code   RO          488    .text.Flash_Write   dev_flash.o
    0x08001dda   0x08001dda   0x00000002   PAD
    0x08001ddc   0x08001ddc   0x000000e8   Code   RO          863    .text.GPIO_DeInit   ft32f0xx_gpio.o
    0x08001ec4   0x08001ec4   0x000000ec   Code   RO          865    .text.GPIO_Init     ft32f0xx_gpio.o
    0x08001fb0   0x08001fb0   0x00000070   Code   RO          887    .text.GPIO_PinAFConfig  ft32f0xx_gpio.o
    0x08002020   0x08002020   0x0000003e   Code   RO          871    .text.GPIO_ReadInputDataBit  ft32f0xx_gpio.o
    0x0800205e   0x0800205e   0x00000002   PAD
    0x08002060   0x08002060   0x0000004c   Code   RO          511    .text.GPIO_ToggleBit  dev_gpio.o
    0x080020ac   0x080020ac   0x00000038   Code   RO          883    .text.GPIO_WriteBit  ft32f0xx_gpio.o
    0x080020e4   0x080020e4   0x00000004   Code   RO            4    .text.HardFault_Handler  ft32f0xx_it.o
    0x080020e8   0x080020e8   0x00000016   Code   RO          393    .text.HighProTask   app.o
    0x080020fe   0x080020fe   0x00000002   PAD
    0x08002100   0x08002100   0x0000002c   Code   RO           57    .text.IWDG_Config   main.o
    0x0800212c   0x0800212c   0x0000000c   Code   RO          999    .text.IWDG_Enable   ft32f0xx_iwdg.o
    0x08002138   0x08002138   0x0000000c   Code   RO          995    .text.IWDG_ReloadCounter  ft32f0xx_iwdg.o
    0x08002144   0x08002144   0x00000018   Code   RO          991    .text.IWDG_SetPrescaler  ft32f0xx_iwdg.o
    0x0800215c   0x0800215c   0x00000018   Code   RO          993    .text.IWDG_SetReload  ft32f0xx_iwdg.o
    0x08002174   0x08002174   0x00000018   Code   RO          989    .text.IWDG_WriteAccessCmd  ft32f0xx_iwdg.o
    0x0800218c   0x0800218c   0x00000090   Code   RO          391    .text.InitTask1     app.o
    0x0800221c   0x0800221c   0x0000001c   Code   RO          401    .text.LED_Init      app.o
    0x08002238   0x08002238   0x000000f4   Code   RO          403    .text.LED_MainFunc  app.o
    0x0800232c   0x0800232c   0x000001d4   Code   RO          411    .text.Lipus_MainFunc  app.o
    0x08002500   0x08002500   0x00000022   Code   RO          397    .text.LowProTask    app.o
    0x08002522   0x08002522   0x00000002   PAD
    0x08002524   0x08002524   0x00000028   Code   RO          395    .text.MediumProTask  app.o
    0x0800254c   0x0800254c   0x00000002   Code   RO            2    .text.NMI_Handler   ft32f0xx_it.o
    0x0800254e   0x0800254e   0x00000002   PAD
    0x08002550   0x08002550   0x00000094   Code   RO         1011    .text.NVIC_Init     ft32f0xx_misc.o
    0x080025e4   0x080025e4   0x0000005e   Code   RO          523    .text.PIDController_Init  dev_pid.o
    0x08002642   0x08002642   0x00000110   Code   RO          525    .text.PIDController_Update  dev_pid.o
    0x08002752   0x08002752   0x0000000e   PAD
    0x08002760   0x08002760   0x00000044   Code   RO          378    .text.PendSV_Handler  port.o
    0x080027a4   0x080027a4   0x000000a8   Code   RO          413    .text.Power_MainFunc  app.o
    0x0800284c   0x0800284c   0x00000038   Code   RO         1113    .text.RCC_AHBPeriphClockCmd  ft32f0xx_rcc.o
    0x08002884   0x08002884   0x00000038   Code   RO         1119    .text.RCC_AHBPeriphResetCmd  ft32f0xx_rcc.o
    0x080028bc   0x080028bc   0x00000038   Code   RO         1117    .text.RCC_APB1PeriphClockCmd  ft32f0xx_rcc.o
    0x080028f4   0x080028f4   0x00000038   Code   RO         1115    .text.RCC_APB2PeriphClockCmd  ft32f0xx_rcc.o
    0x0800292c   0x0800292c   0x00000038   Code   RO         1121    .text.RCC_APB2PeriphResetCmd  ft32f0xx_rcc.o
    0x08002964   0x08002964   0x00000002   Code   RO          358    .text.SVC_Handler   port.o
    0x08002966   0x08002966   0x00000002   PAD
    0x08002968   0x08002968   0x00000054   Code   RO         1318    .text.SYSCFG_EXTILineConfig  ft32f0xx_syscfg.o
    0x080029bc   0x080029bc   0x00000008   Code   RO         1641    .text.SetSysClock   system_ft32f0xx.o
    0x080029c4   0x080029c4   0x000000dc   Code   RO         1645    .text.SetSysClockTo72  system_ft32f0xx.o
    0x08002aa0   0x08002aa0   0x00000030   Code   RO          538    .text.Set_PWM1_Duty  dev_pwm.o
    0x08002ad0   0x08002ad0   0x0000003c   Code   RO          540    .text.Set_PWM2_Duty  dev_pwm.o
    0x08002b0c   0x08002b0c   0x0000003c   Code   RO          542    .text.Set_PWM3_Duty  dev_pwm.o
    0x08002b48   0x08002b48   0x00000038   Code   RO          417    .text.StandyDete    app.o
    0x08002b80   0x08002b80   0x0000002c   Code   RO          380    .text.SysTick_Handler  port.o
    0x08002bac   0x08002bac   0x0000007c   Code   RO         1639    .text.SystemInit    system_ft32f0xx.o
    0x08002c28   0x08002c28   0x00000064   Code   RO            6    .text.TIM14_IRQHandler  ft32f0xx_it.o
    0x08002c8c   0x08002c8c   0x00000288   Code   RO            8    .text.TIM17_IRQHandler  ft32f0xx_it.o
    0x08002f14   0x08002f14   0x0000001c   Code   RO         1482    .text.TIM_ClearITPendingBit  ft32f0xx_tim.o
    0x08002f30   0x08002f30   0x00000034   Code   RO         1358    .text.TIM_Cmd       ft32f0xx_tim.o
    0x08002f64   0x08002f64   0x00000040   Code   RO         1364    .text.TIM_CtrlPWMOutputs  ft32f0xx_tim.o
    0x08002fa4   0x08002fa4   0x0000005e   Code   RO         1480    .text.TIM_GetITStatus  ft32f0xx_tim.o
    0x08003002   0x08003002   0x00000040   Code   RO         1472    .text.TIM_ITConfig  ft32f0xx_tim.o
    0x08003042   0x08003042   0x00000002   PAD
    0x08003044   0x08003044   0x0000010c   Code   RO         1366    .text.TIM_OC1Init   ft32f0xx_tim.o
    0x08003150   0x08003150   0x00000018   Code   RO         1378    .text.TIM_SetCompare1  ft32f0xx_tim.o
    0x08003168   0x08003168   0x000000d4   Code   RO         1332    .text.TIM_TimeBaseInit  ft32f0xx_tim.o
    0x0800323c   0x0800323c   0x00000064   Code   RO           55    .text.Tim14BaseInit  main.o
    0x080032a0   0x080032a0   0x000000ac   Code   RO           49    .text.Tim15BaseInit  main.o
    0x0800334c   0x0800334c   0x000000b4   Code   RO           51    .text.Tim16BaseInit  main.o
    0x08003400   0x08003400   0x00000068   Code   RO           53    .text.Tim17BaseInit  main.o
    0x08003468   0x08003468   0x000000bc   Code   RO           47    .text.Tim3BaseInit  main.o
    0x08003524   0x08003524   0x00000094   Code   RO          492    .text.UltraParam_Init  dev_flash.o
    0x080035b8   0x080035b8   0x0000011c   Code   RO          494    .text.UltraParam_Set  dev_flash.o
    0x080036d4   0x080036d4   0x00000154   Code   RO          466    .text.look1_iflf_binlxpw  dev_adc.o
    0x08003828   0x08003828   0x000000a0   Code   RO           37    .text.main          main.o
    0x080038c8   0x080038c8   0x0000008c   Code   RO          202    .text.prvAddCurrentTaskToDelayedList  tasks.o
    0x08003954   0x08003954   0x000000e0   Code   RO          190    .text.prvAddNewTaskToReadyList  tasks.o
    0x08003a34   0x08003a34   0x00000050   Code   RO          290    .text.prvCheckTasksWaitingTermination  tasks.o
    0x08003a84   0x08003a84   0x0000001c   Code   RO          194    .text.prvDeleteTCB  tasks.o
    0x08003aa0   0x08003aa0   0x000000a8   Code   RO          324    .text.prvHeapInit   heap_4.o
    0x08003b48   0x08003b48   0x00000024   Code   RO          216    .text.prvIdleTask   tasks.o
    0x08003b6c   0x08003b6c   0x0000011c   Code   RO          188    .text.prvInitialiseNewTask  tasks.o
    0x08003c88   0x08003c88   0x00000074   Code   RO          288    .text.prvInitialiseTaskLists  tasks.o
    0x08003cfc   0x08003cfc   0x000000c0   Code   RO          326    .text.prvInsertBlockIntoFreeList  heap_4.o
    0x08003dbc   0x08003dbc   0x00000038   Code   RO          196    .text.prvResetNextTaskUnblockTime  tasks.o
    0x08003df4   0x08003df4   0x00000018   Code   RO          356    .text.prvTaskExitError  port.o
    0x08003e0c   0x08003e0c   0x00000184   Code   RO          322    .text.pvPortMalloc  heap_4.o
    0x08003f90   0x08003f90   0x00000058   Code   RO          354    .text.pxPortInitialiseStack  port.o
    0x08003fe8   0x08003fe8   0x00000008   Code   RO          374    .text.ulSetInterruptMaskFromISR  port.o
    0x08003ff0   0x08003ff0   0x0000004c   Code   RO           99    .text.uxListRemove  list.o
    0x0800403c   0x0800403c   0x00000006   Code   RO           78    .text.vApplicationMallocFailedHook  taskmanager.o
    0x08004042   0x08004042   0x00000014   Code   RO           80    .text.vApplicationStackOverflowHook  taskmanager.o
    0x08004056   0x08004056   0x00000002   PAD
    0x08004058   0x08004058   0x00000010   Code   RO           76    .text.vApplicationTickHook  taskmanager.o
    0x08004068   0x08004068   0x00000006   Code   RO          376    .text.vClearInterruptMaskFromISR  port.o
    0x0800406e   0x0800406e   0x00000030   Code   RO           91    .text.vListInitialise  list.o
    0x0800409e   0x0800409e   0x00000012   Code   RO           93    .text.vListInitialiseItem  list.o
    0x080040b0   0x080040b0   0x00000074   Code   RO           97    .text.vListInsert   list.o
    0x08004124   0x08004124   0x00000042   Code   RO           95    .text.vListInsertEnd  list.o
    0x08004166   0x08004166   0x00000002   PAD
    0x08004168   0x08004168   0x00000014   Code   RO          370    .text.vPortEnterCritical  port.o
    0x0800417c   0x0800417c   0x00000018   Code   RO          372    .text.vPortExitCritical  port.o
    0x08004194   0x08004194   0x00000084   Code   RO          328    .text.vPortFree     heap_4.o
    0x08004218   0x08004218   0x00000040   Code   RO          362    .text.vPortSetupTimerInterrupt  port.o
    0x08004258   0x08004258   0x00000008   PAD
    0x08004260   0x08004260   0x00000034   Code   RO          364    .text.vPortStartFirstTask  port.o
    0x08004294   0x08004294   0x00000018   Code   RO          368    .text.vPortYield    port.o
    0x080042ac   0x080042ac   0x00000040   Code   RO          198    .text.vTaskDelay    tasks.o
    0x080042ec   0x080042ec   0x000000c8   Code   RO          192    .text.vTaskDelete   tasks.o
    0x080043b4   0x080043b4   0x00000068   Code   RO          214    .text.vTaskStartScheduler  tasks.o
    0x0800441c   0x0800441c   0x0000000c   Code   RO          200    .text.vTaskSuspendAll  tasks.o
    0x08004428   0x08004428   0x000000d4   Code   RO          236    .text.vTaskSwitchContext  tasks.o
    0x080044fc   0x080044fc   0x00000040   Code   RO          360    .text.xPortStartScheduler  port.o
    0x0800453c   0x0800453c   0x000000aa   Code   RO          186    .text.xTaskCreate   tasks.o
    0x080045e6   0x080045e6   0x00000002   PAD
    0x080045e8   0x080045e8   0x0000017c   Code   RO          220    .text.xTaskIncrementTick  tasks.o
    0x08004764   0x08004764   0x00000130   Code   RO          204    .text.xTaskResumeAll  tasks.o
    0x08004894   0x08004894   0x0000002e   Code   RO         1730    i.__ARM_clz         mf_p.l(depilogue.o)
    0x080048c2   0x080048c2   0x0000000e   Code   RO         1736    i.__scatterload_copy  mc_p.l(handlers.o)
    0x080048d0   0x080048d0   0x00000002   Code   RO         1737    i.__scatterload_null  mc_p.l(handlers.o)
    0x080048d2   0x080048d2   0x0000000e   Code   RO         1738    i.__scatterload_zeroinit  mc_p.l(handlers.o)
    0x080048e0   0x080048e0   0x00000280   Data   RO          475    .rodata.INP_HWTemp1_R  dev_adc.o
    0x08004b60   0x08004b60   0x00000280   Data   RO          476    .rodata.OUT_HWTemp1_T  dev_adc.o
    0x08004de0   0x08004de0   0x0000000c   Data   RO          544    .rodata.set_pwm_duty  dev_pwm.o
    0x08004dec   0x08004dec   0x00000005   Data   RO          302    .rodata.str1.1      tasks.o
    0x08004df1   0x08004df1   0x0000002f   Data   RO          423    .rodata.str1.1      app.o
    0x08004e20   0x08004e20   0x00000020   Data   RO         1735    Region$$Table       anon$$obj.o


    Execution Region ER_RW (Exec base: 0x20000000, Load base: 0x08004e40, Size: 0x000000b4, Max: 0xffffffff, ABSOLUTE)

    Exec Addr    Load Addr    Size         Type   Attr      Idx    E Section Name        Object

    0x20000000   0x08004e40   0x00000001   Data   RW          428    .data.Lipus_MainFunc.CycleDuty  app.o
    0x20000001   0x08004e41   0x00000001   Data   RW           24    .data.Motor_Level   ft32f0xx_it.o
    0x20000002   0x08004e42   0x00000001   Data   RW           59    .data.PowerOff_Flg  main.o
    0x20000003   0x08004e43   0x00000001   PAD
    0x20000004   0x08004e44   0x00000040   Data   RW          472    .data.SampleVol_Buff  dev_adc.o
    0x20000044   0x08004e84   0x00000004   Data   RW         1647    .data.SystemCoreClock  system_ft32f0xx.o
    0x20000048   0x08004e88   0x00000001   Data   RW           27    .data.TIM17_IRQHandler.Key2_Sta  ft32f0xx_it.o
    0x20000049   0x08004e89   0x00000001   Data   RW           23    .data.UltraModule   ft32f0xx_it.o
    0x2000004a   0x08004e8a   0x00000002   PAD
    0x2000004c   0x08004e8c   0x00000060   Data   RW          514    .data.dev_gpio_handle  dev_gpio.o
    0x200000ac   0x08004eec   0x00000004   Data   RW           61    .data.lsi_freq      main.o
    0x200000b0   0x08004ef0   0x00000004   Data   RW          382    .data.uxCriticalNesting  port.o


    Execution Region ER_ZI (Exec base: 0x200000b8, Load base: 0x08004ef4, Size: 0x000011c0, Max: 0xffffffff, ABSOLUTE)

    Exec Addr    Load Addr    Size         Type   Attr      Idx    E Section Name        Object

    0x200000b8        -       0x00000001   Zero   RW          477    .bss.ADC_MainFunc.SampleCount  dev_adc.o
    0x200000b9   0x08004ef4   0x00000003   PAD
    0x200000bc        -       0x00000004   Zero   RW          473    .bss.Battery_vol    dev_adc.o
    0x200000c0        -       0x00000001   Zero   RW          425    .bss.Beep_MainFunc.BeepCount  app.o
    0x200000c1        -       0x00000001   Zero   RW          426    .bss.Beep_MainFunc.BeepSta  app.o
    0x200000c2        -       0x00000001   Zero   RW           18    .bss.Beep_SatrtFlg  ft32f0xx_it.o
    0x200000c3        -       0x00000001   Zero   RW           22    .bss.Clear_Flg      ft32f0xx_it.o
    0x200000c4        -       0x00000002   Zero   RW           21    .bss.CycleTime      ft32f0xx_it.o
    0x200000c6   0x08004ef4   0x00000002   PAD
    0x200000c8        -       0x00000004   Zero   RW           60    .bss.DMA_DualConvertedValue  main.o
    0x200000cc        -       0x00000004   Zero   RW          496    .bss.Data_Store     dev_flash.o
    0x200000d0        -       0x00000004   Zero   RW           12    .bss.KEY1_Count     ft32f0xx_it.o
    0x200000d4        -       0x00000001   Zero   RW           15    .bss.KEY1_Flg       ft32f0xx_it.o
    0x200000d5   0x08004ef4   0x00000003   PAD
    0x200000d8        -       0x00000004   Zero   RW           13    .bss.KEY2_Count     ft32f0xx_it.o
    0x200000dc        -       0x00000001   Zero   RW           16    .bss.KEY2_Flg       ft32f0xx_it.o
    0x200000dd        -       0x00000001   Zero   RW          422    .bss.Led_GreenFlg   app.o
    0x200000de        -       0x00000001   Zero   RW          421    .bss.Led_RedFlg     app.o
    0x200000df   0x08004ef4   0x00000001   PAD
    0x200000e0        -       0x00000004   Zero   RW           14    .bss.POWER_Count    ft32f0xx_it.o
    0x200000e4        -       0x00000020   Zero   RW          527    .bss.Pid_Contronl   dev_pid.o
    0x20000104        -       0x00000001   Zero   RW           17    .bss.PowerOn_Flg    ft32f0xx_it.o
    0x20000105   0x08004ef4   0x00000003   PAD
    0x20000108        -       0x00000040   Zero   RW          478    .bss.SampleTemp_Buff  dev_adc.o
    0x20000148        -       0x00000001   Zero   RW           20    .bss.SetFreq_Flg    ft32f0xx_it.o
    0x20000149   0x08004ef4   0x00000003   PAD
    0x2000014c        -       0x00000004   Zero   RW          429    .bss.StandyDete.StandyCount  app.o
    0x20000150        -       0x00000001   Zero   RW           26    .bss.TIM17_IRQHandler.Key1_Sta  ft32f0xx_it.o
    0x20000151        -       0x00000001   Zero   RW           28    .bss.TIM17_IRQHandler.SetFlg  ft32f0xx_it.o
    0x20000152        -       0x00000001   Zero   RW          498    .bss.UltraParam_Set.Clear_Flg_old  dev_flash.o
    0x20000153        -       0x00000001   Zero   RW          497    .bss.UltraParam_Set.SetFreq_Flg_old  dev_flash.o
    0x20000154        -       0x00000004   Zero   RW          474    .bss.Ultra_Temp     dev_adc.o
    0x20000158        -       0x00000001   Zero   RW           19    .bss.WorkStart_Flg  ft32f0xx_it.o
    0x20000159   0x08004ef4   0x00000003   PAD
    0x2000015c        -       0x00000004   Zero   RW           25    .bss.WorkTime       ft32f0xx_it.o
    0x20000160        -       0x00000004   Zero   RW          424    .bss.pInitTaskHandle  app.o
    0x20000164        -       0x00000004   Zero   RW          292    .bss.pxCurrentTCB   tasks.o
    0x20000168        -       0x00000004   Zero   RW          298    .bss.pxDelayedTaskList  tasks.o
    0x2000016c        -       0x00000004   Zero   RW          338    .bss.pxEnd          heap_4.o
    0x20000170        -       0x00000004   Zero   RW          299    .bss.pxOverflowDelayedTaskList  tasks.o
    0x20000174        -       0x00000064   Zero   RW          300    .bss.pxReadyTasksLists  tasks.o
    0x200001d8        -       0x00000c00   Zero   RW          345    .bss.ucHeap         heap_4.o
    0x20000dd8        -       0x00000004   Zero   RW           82    .bss.ulSystemTimeTickCount  taskmanager.o
    0x20000ddc        -       0x00000004   Zero   RW          296    .bss.uxCurrentNumberOfTasks  tasks.o
    0x20000de0        -       0x00000004   Zero   RW          295    .bss.uxDeletedTasksWaitingCleanUp  tasks.o
    0x20000de4        -       0x00000004   Zero   RW          306    .bss.uxSchedulerSuspended  tasks.o
    0x20000de8        -       0x00000004   Zero   RW          293    .bss.uxTaskNumber   tasks.o
    0x20000dec        -       0x00000004   Zero   RW          301    .bss.uxTopReadyPriority  tasks.o
    0x20000df0        -       0x00000004   Zero   RW          339    .bss.xBlockAllocatedBit  heap_4.o
    0x20000df4        -       0x00000014   Zero   RW          311    .bss.xDelayedTaskList1  tasks.o
    0x20000e08        -       0x00000014   Zero   RW          312    .bss.xDelayedTaskList2  tasks.o
    0x20000e1c        -       0x00000004   Zero   RW          340    .bss.xFreeBytesRemaining  heap_4.o
    0x20000e20        -       0x00000004   Zero   RW          303    .bss.xIdleTaskHandle  tasks.o
    0x20000e24        -       0x00000004   Zero   RW          342    .bss.xMinimumEverFreeBytesRemaining  heap_4.o
    0x20000e28        -       0x00000004   Zero   RW          304    .bss.xNextTaskUnblockTime  tasks.o
    0x20000e2c        -       0x00000004   Zero   RW          310    .bss.xNumOfOverflows  tasks.o
    0x20000e30        -       0x00000004   Zero   RW          343    .bss.xNumberOfSuccessfulAllocations  heap_4.o
    0x20000e34        -       0x00000004   Zero   RW          344    .bss.xNumberOfSuccessfulFrees  heap_4.o
    0x20000e38        -       0x00000004   Zero   RW          309    .bss.xPendedTicks   tasks.o
    0x20000e3c        -       0x00000014   Zero   RW          307    .bss.xPendingReadyList  tasks.o
    0x20000e50        -       0x00000004   Zero   RW          297    .bss.xSchedulerRunning  tasks.o
    0x20000e54        -       0x00000008   Zero   RW          341    .bss.xStart         heap_4.o
    0x20000e5c        -       0x00000014   Zero   RW          294    .bss.xTasksWaitingTermination  tasks.o
    0x20000e70        -       0x00000004   Zero   RW          305    .bss.xTickCount     tasks.o
    0x20000e74        -       0x00000004   Zero   RW          308    .bss.xYieldPending  tasks.o
    0x20000e78        -       0x00000400   Zero   RW         1629    STACK               startup_ft32f030x8.o


==============================================================================

Image component sizes


      Code (inc. data)   RO Data    RW Data    ZI Data      Debug   Object Name

      1692        132         47          1         12       5683   app.o
       882         16          0          0          0       3128   dev_ad9877.o
       982         76       1280         64         73       2532   dev_adc.o
       730         32          0          0          6       2385   dev_flash.o
       148          8          0         96          0       2088   dev_gpio.o
       366          0          0          0         32       1427   dev_pid.o
       208         28         12          0          0       2195   dev_pwm.o
       622          8          0          0          0       7256   ft32f0xx_adc.o
       468         36          0          0          0       3635   ft32f0xx_dma.o
       284         20          0          0          0       2762   ft32f0xx_exti.o
       558         28          0          0          0       8136   ft32f0xx_flash.o
       698         20          0          0          0       4698   ft32f0xx_gpio.o
       854         88          0          3         27       3388   ft32f0xx_it.o
        96         20          0          0          0       1884   ft32f0xx_iwdg.o
       148         16          0          0          0       2372   ft32f0xx_misc.o
       280         20          0          0          0       9124   ft32f0xx_rcc.o
        84          4          0          0          0       2168   ft32f0xx_syscfg.o
       806         28          0          0          0      21041   ft32f0xx_tim.o
       880         52          0          0       3104       3930   heap_4.o
       324          0          0          0          0       2054   list.o
      1532         92          0          5          4       7380   main.o
       488         44          0          4          0       2522   port.o
        88         38        192          0       1024        660   startup_ft32f030x8.o
       352         36          0          4          0       2461   system_ft32f0xx.o
        42          4          0          0          4       1759   taskmanager.o
      2410        184          5          0        240      17900   tasks.o

    ----------------------------------------------------------------------
     16068       1038       1568        180       4544     124568   Object Totals
         0          0         32          0          0          0   (incl. Generated)
        46          8          0          3         18          0   (incl. Padding)

    ----------------------------------------------------------------------

      Code (inc. data)   RO Data    RW Data    ZI Data      Debug   Library Member Name

         0          0          0          0          0          0   entry.o
         0          0          0          0          0          0   entry10a.o
         0          0          0          0          0          0   entry11a.o
         8          4          0          0          0          0   entry2.o
         4          0          0          0          0          0   entry5.o
         0          0          0          0          0          0   entry7b.o
         0          0          0          0          0          0   entry8b.o
         8          4          0          0          0          0   entry9a.o
        30          0          0          0          0          0   handlers.o
        36          8          0          0          0         68   init.o
         0          0          0          0          0          0   iusefp.o
        32          0          0          0          0         68   llshl.o
        38          0          0          0          0         68   llsshr.o
        34          0          0          0          0         68   llushr.o
        36          0          0          0          0        100   memseta.o
        44          0          0          0          0         72   uidiv.o
        56          0          0          0          0         68   d2f.o
       356          4          0          0          0        140   dadd.o
        44          0          0          0          0         68   dcmpge.o
        44          0          0          0          0         68   dcmple.o
       240          6          0          0          0         84   ddiv.o
       236          0          0          0          0        216   depilogue.o
        72         10          0          0          0         72   dfixi.o
        60         10          0          0          0         68   dfixui.o
        40          6          0          0          0         68   dflti.o
        28          4          0          0          0         68   dfltui.o
       208          6          0          0          0         88   dmul.o
        40          0          0          0          0         60   f2d.o
       178          0          0          0          0        108   fadd.o
        28          0          0          0          0         60   fcmpge.o
        28          0          0          0          0         60   fcmpgt.o
        28          0          0          0          0         60   fcmple.o
       124          0          0          0          0         72   fdiv.o
       130          0          0          0          0        144   fepilogue.o
        40          0          0          0          0         60   ffixui.o
        22          0          0          0          0         68   fflti.o
       122          0          0          0          0         72   fmul.o

    ----------------------------------------------------------------------
      2396         62          0          0          0       2216   Library Totals
         2          0          0          0          0          0   (incl. Padding)

    ----------------------------------------------------------------------

      Code (inc. data)   RO Data    RW Data    ZI Data      Debug   Library Name

       270         16          0          0          0        444   mc_p.l
      2124         46          0          0          0       1772   mf_p.l

    ----------------------------------------------------------------------
      2396         62          0          0          0       2216   Library Totals

    ----------------------------------------------------------------------

==============================================================================


      Code (inc. data)   RO Data    RW Data    ZI Data      Debug   

     18464       1100       1568        180       4544     125452   Grand Totals
     18464       1100       1568        180       4544     125452   ELF Image Totals
     18464       1100       1568        180          0          0   ROM Totals

==============================================================================

    Total RO  Size (Code + RO Data)                20032 (  19.56kB)
    Total RW  Size (RW Data + ZI Data)              4724 (   4.61kB)
    Total ROM Size (Code + RO Data + RW Data)      20212 (  19.74kB)

==============================================================================

