<html>
<body>
<pre>
<h1>µVision Build Log</h1>
<h2>Tool Versions:</h2>
IDE-Version: ¦ÌVision V5.27.1.0
Copyright (C) 2019 ARM Ltd and ARM Germany GmbH. All rights reserved.
License Information: 1 1, 1, LIC=IK1BF-6GBYC-VESHA-1DDPY-Z5PI2-LKTLM
 
Tool Versions:
Toolchain:       MDK-ARM Plus  Version: 5.27.1.0
Toolchain Path:  D:\Keil_v5\ARM\ARMCC\Bin
C Compiler:      Armcc.exe V5.06 update 6 (build 750)
Assembler:       Armasm.exe V5.06 update 6 (build 750)
Linker/Locator:  ArmLink.exe V5.06 update 6 (build 750)
Library Manager: ArmAr.exe V5.06 update 6 (build 750)
Hex Converter:   FromElf.exe V5.06 update 6 (build 750)
CPU DLL:         SARMCM3.DLL V5.27.1.0
Dialog DLL:      DARMCM1.DLL V1.19.2.0
Target DLL:      STLink\ST-LINKIII-KEIL_SWO.dll V3.0.6.0
Dialog DLL:      TARMCM1.DLL V1.14.1.0
 
<h2>Project:</h2>
C:\Users\15754\Desktop\CSNKZLY\Project\MDK-ARM\CSNKZLY.uvprojx
Project File Date:  07/12/2024

<h2>Output:</h2>
*** Using Compiler 'V5.06 update 6 (build 750)', folder: 'D:\Keil_v5\ARM\ARMCC\Bin'
Build target 'Target 1'
compiling ft32f0xx_it.c...
compiling main.c...
linking...
Program Size: Code=8348 RO-data=1516 RW-data=188 ZI-data=1028  
FromELF: creating hex file...
".\Objects\CSNKZLY.axf" - 0 Error(s), 0 Warning(s).

<h2>Software Packages used:</h2>

Package Vendor: ARM
                http://www.keil.com/pack/ARM.CMSIS.5.5.1.pack
                ARM.CMSIS.5.5.1
                CMSIS (Cortex Microcontroller Software Interface Standard)
   * Component: CORE Version: 5.2.0

Package Vendor: FMD
                https://www.fremontmicro.com/upload/tools/pack/FMD.FT32F0xx_DFP.1.1.0.pack
                FMD.FT32F0xx_DFP.1.1.0
                FremontMicro FT32F0 Series Device Support and Examples
   * Component: ADC Version: 1.0.1
   * Component: COMMON Version: 1.0.1
   * Component: CRC Version: 1.0.1
   * Component: CRS Version: 1.0.1
   * Component: DAC Version: 1.0.1
   * Component: DEBUG Version: 1.0.1
   * Component: DMA Version: 1.0.1
   * Component: EXTI Version: 1.0.1
   * Component: FLASH Version: 1.0.1
   * Component: GPIO Version: 1.0.1
   * Component: I2C Version: 1.0.1
   * Component: IWDG Version: 1.0.1
   * Component: MISC Version: 1.0.1
   * Component: PWR Version: 1.0.1
   * Component: RCC Version: 1.0.1
   * Component: RTC Version: 1.0.1
   * Component: SPI Version: 1.0.1
   * Component: SYSCFG Version: 1.0.1
   * Component: TIM Version: 1.0.1
   * Component: USART Version: 1.0.1
   * Component: WWDG Version: 1.0.1
   * Component: Startup Version: 1.0.1

<h2>Collection of Component include folders:</h2>
  .\RTE\Device\FT32F030G8BUx
  .\RTE\_Target_1
  D:\Arm\Packs\ARM\CMSIS\5.5.1\CMSIS\Core\Include
  D:\Arm\Packs\FMD\FT32F0xx_DFP\1.1.0\Drivers\CMSIS\FT32F0xx\Include
  D:\Arm\Packs\FMD\FT32F0xx_DFP\1.1.0\Drivers\FT32F0xx_Driver\Inc

<h2>Collection of Component Files used:</h2>

   * Component: ARM::CMSIS:CORE:5.2.0

   * Component: FMD.StdDriverOne::Device:FT32Driver:ADC:1.0.1
      Source file:   Drivers\FT32F0xx_Driver\Src\ft32f0xx_adc.c

   * Component: FMD.StdDriverOne::Device:FT32Driver:COMMON:1.0.1
      Include file:  Drivers\FT32F0xx_Driver\templates\Inc\ft32f0xx_conf.h
      Include file:  Drivers\FT32F0xx_Driver\templates\Inc\ft32f0xx_it.h
      Include file:  Drivers\FT32F0xx_Driver\templates\Inc\main.h
      Source file:   Drivers\FT32F0xx_Driver\templates\Src\ft32f0xx_it.c
      Source file:   Drivers\FT32F0xx_Driver\templates\Src\main.c

   * Component: FMD.StdDriverOne::Device:FT32Driver:CRC:1.0.1
      Source file:   Drivers\FT32F0xx_Driver\Src\ft32f0xx_crc.c

   * Component: FMD.StdDriverOne::Device:FT32Driver:CRS:1.0.1
      Source file:   Drivers\FT32F0xx_Driver\Src\ft32f0xx_crs.c

   * Component: FMD.StdDriverOne::Device:FT32Driver:DAC:1.0.1
      Source file:   Drivers\FT32F0xx_Driver\Src\ft32f0xx_dac.c

   * Component: FMD.StdDriverOne::Device:FT32Driver:DEBUG:1.0.1
      Source file:   Drivers\FT32F0xx_Driver\Src\ft32f0xx_debug.c

   * Component: FMD.StdDriverOne::Device:FT32Driver:DMA:1.0.1
      Source file:   Drivers\FT32F0xx_Driver\Src\ft32f0xx_dma.c

   * Component: FMD.StdDriverOne::Device:FT32Driver:EXTI:1.0.1
      Source file:   Drivers\FT32F0xx_Driver\Src\ft32f0xx_exti.c

   * Component: FMD.StdDriverOne::Device:FT32Driver:FLASH:1.0.1
      Source file:   Drivers\FT32F0xx_Driver\Src\ft32f0xx_flash.c

   * Component: FMD.StdDriverOne::Device:FT32Driver:GPIO:1.0.1
      Source file:   Drivers\FT32F0xx_Driver\Src\ft32f0xx_gpio.c

   * Component: FMD.StdDriverOne::Device:FT32Driver:I2C:1.0.1
      Source file:   Drivers\FT32F0xx_Driver\Src\ft32f0xx_i2c.c

   * Component: FMD.StdDriverOne::Device:FT32Driver:IWDG:1.0.1
      Source file:   Drivers\FT32F0xx_Driver\Src\ft32f0xx_iwdg.c

   * Component: FMD.StdDriverOne::Device:FT32Driver:MISC:1.0.1
      Source file:   Drivers\FT32F0xx_Driver\Src\ft32f0xx_misc.c

   * Component: FMD.StdDriverOne::Device:FT32Driver:PWR:1.0.1
      Source file:   Drivers\FT32F0xx_Driver\Src\ft32f0xx_pwr.c

   * Component: FMD.StdDriverOne::Device:FT32Driver:RCC:1.0.1
      Source file:   Drivers\FT32F0xx_Driver\Src\ft32f0xx_rcc.c

   * Component: FMD.StdDriverOne::Device:FT32Driver:RTC:1.0.1
      Source file:   Drivers\FT32F0xx_Driver\Src\ft32f0xx_rtc.c

   * Component: FMD.StdDriverOne::Device:FT32Driver:SPI:1.0.1
      Source file:   Drivers\FT32F0xx_Driver\Src\ft32f0xx_spi.c

   * Component: FMD.StdDriverOne::Device:FT32Driver:SYSCFG:1.0.1
      Source file:   Drivers\FT32F0xx_Driver\Src\ft32f0xx_syscfg.c

   * Component: FMD.StdDriverOne::Device:FT32Driver:TIM:1.0.1
      Source file:   Drivers\FT32F0xx_Driver\Src\ft32f0xx_tim.c

   * Component: FMD.StdDriverOne::Device:FT32Driver:USART:1.0.1
      Source file:   Drivers\FT32F0xx_Driver\Src\ft32f0xx_usart.c

   * Component: FMD.StdDriverOne::Device:FT32Driver:WWDG:1.0.1
      Source file:   Drivers\FT32F0xx_Driver\Src\ft32f0xx_wwdg.c

   * Component: FMD.StdDriverOne::Device:Startup:1.0.1
      Include file:  Drivers\CMSIS\FT32F0xx\Include\ft32f0xx.h
      Source file:   Drivers\CMSIS\FT32F0xx\source\arm\startup_ft32f030x8.s
      Source file:   Drivers\CMSIS\FT32F0xx\source\system_ft32f0xx.c
Build Time Elapsed:  00:00:01
</pre>
</body>
</html>
