Component: ARM Compiler 5.06 update 6 (build 750) Tool: armlink [4d35ed]

==============================================================================

Section Cross References

    ft32f0xx_it.o(i.EXTI4_15_IRQHandler) refers to ft32f0xx_exti.o(i.EXTI_GetITStatus) for EXTI_GetITStatus
    main.o(i.ADC_DMA_Config) refers to ft32f0xx_adc.o(i.ADC_DeInit) for ADC_DeInit
    main.o(i.ADC_DMA_Config) refers to ft32f0xx_rcc.o(i.RCC_AHBPeriphClockCmd) for RCC_AHBPeriphClockCmd
    main.o(i.ADC_DMA_Config) refers to ft32f0xx_rcc.o(i.RCC_APB2PeriphClockCmd) for RCC_APB2PeriphClockCmd
    main.o(i.ADC_DMA_Config) refers to ft32f0xx_gpio.o(i.GPIO_Init) for GPIO_Init
    main.o(i.ADC_DMA_Config) refers to ft32f0xx_adc.o(i.ADC_StructInit) for ADC_StructInit
    main.o(i.ADC_DMA_Config) refers to ft32f0xx_adc.o(i.ADC_Init) for ADC_Init
    main.o(i.ADC_DMA_Config) refers to ft32f0xx_adc.o(i.ADC_ChannelConfig) for ADC_ChannelConfig
    main.o(i.ADC_DMA_Config) refers to ft32f0xx_adc.o(i.ADC_GetCalibrationFactor) for ADC_GetCalibrationFactor
    main.o(i.ADC_DMA_Config) refers to ft32f0xx_adc.o(i.ADC_DMARequestModeConfig) for ADC_DMARequestModeConfig
    main.o(i.ADC_DMA_Config) refers to ft32f0xx_adc.o(i.ADC_DMACmd) for ADC_DMACmd
    main.o(i.ADC_DMA_Config) refers to ft32f0xx_adc.o(i.ADC_Cmd) for ADC_Cmd
    main.o(i.ADC_DMA_Config) refers to ft32f0xx_adc.o(i.ADC_GetFlagStatus) for ADC_GetFlagStatus
    main.o(i.ADC_DMA_Config) refers to ft32f0xx_dma.o(i.DMA_DeInit) for DMA_DeInit
    main.o(i.ADC_DMA_Config) refers to ft32f0xx_dma.o(i.DMA_Init) for DMA_Init
    main.o(i.ADC_DMA_Config) refers to ft32f0xx_dma.o(i.DMA_Cmd) for DMA_Cmd
    main.o(i.ADC_DMA_Config) refers to ft32f0xx_dma.o(i.DMA_ITConfig) for DMA_ITConfig
    main.o(i.ADC_DMA_Config) refers to ft32f0xx_misc.o(i.NVIC_Init) for NVIC_Init
    main.o(i.ADC_DMA_Config) refers to ft32f0xx_adc.o(i.ADC_StartOfConversion) for ADC_StartOfConversion
    main.o(i.ADC_DMA_Config) refers to main.o(.data) for DMA_DualConvertedValue
    main.o(i.FT32_EXIT_Init) refers to ft32f0xx_rcc.o(i.RCC_AHBPeriphClockCmd) for RCC_AHBPeriphClockCmd
    main.o(i.FT32_EXIT_Init) refers to ft32f0xx_rcc.o(i.RCC_APB2PeriphClockCmd) for RCC_APB2PeriphClockCmd
    main.o(i.FT32_EXIT_Init) refers to ft32f0xx_gpio.o(i.GPIO_Init) for GPIO_Init
    main.o(i.FT32_EXIT_Init) refers to ft32f0xx_syscfg.o(i.SYSCFG_EXTILineConfig) for SYSCFG_EXTILineConfig
    main.o(i.FT32_EXIT_Init) refers to ft32f0xx_exti.o(i.EXTI_Init) for EXTI_Init
    main.o(i.FT32_EXIT_Init) refers to ft32f0xx_misc.o(i.NVIC_Init) for NVIC_Init
    main.o(i.FT32_GPIO_Init) refers to ft32f0xx_rcc.o(i.RCC_AHBPeriphClockCmd) for RCC_AHBPeriphClockCmd
    main.o(i.FT32_GPIO_Init) refers to ft32f0xx_gpio.o(i.GPIO_Init) for GPIO_Init
    main.o(i.Tim14BaseInit) refers to ft32f0xx_rcc.o(i.RCC_AHBPeriphClockCmd) for RCC_AHBPeriphClockCmd
    main.o(i.Tim14BaseInit) refers to ft32f0xx_rcc.o(i.RCC_APB1PeriphClockCmd) for RCC_APB1PeriphClockCmd
    main.o(i.Tim14BaseInit) refers to ft32f0xx_gpio.o(i.GPIO_Init) for GPIO_Init
    main.o(i.Tim14BaseInit) refers to ft32f0xx_tim.o(i.TIM_TimeBaseInit) for TIM_TimeBaseInit
    main.o(i.Tim14BaseInit) refers to ft32f0xx_tim.o(i.TIM_OC1Init) for TIM_OC1Init
    main.o(i.Tim1BaseInit) refers to ft32f0xx_rcc.o(i.RCC_AHBPeriphClockCmd) for RCC_AHBPeriphClockCmd
    main.o(i.Tim1BaseInit) refers to ft32f0xx_rcc.o(i.RCC_APB1PeriphClockCmd) for RCC_APB1PeriphClockCmd
    main.o(i.Tim1BaseInit) refers to ft32f0xx_tim.o(i.TIM_TimeBaseInit) for TIM_TimeBaseInit
    main.o(i.Tim1BaseInit) refers to ft32f0xx_tim.o(i.TIM_ITConfig) for TIM_ITConfig
    main.o(i.Tim1BaseInit) refers to ft32f0xx_tim.o(i.TIM_Cmd) for TIM_Cmd
    main.o(i.Tim1BaseInit) refers to ft32f0xx_tim.o(i.TIM_CtrlPWMOutputs) for TIM_CtrlPWMOutputs
    main.o(i.Tim1BaseInit) refers to ft32f0xx_misc.o(i.NVIC_Init) for NVIC_Init
    main.o(i.Tim3BaseInit) refers to ft32f0xx_rcc.o(i.RCC_AHBPeriphClockCmd) for RCC_AHBPeriphClockCmd
    main.o(i.Tim3BaseInit) refers to ft32f0xx_rcc.o(i.RCC_APB1PeriphClockCmd) for RCC_APB1PeriphClockCmd
    main.o(i.Tim3BaseInit) refers to ft32f0xx_gpio.o(i.GPIO_Init) for GPIO_Init
    main.o(i.Tim3BaseInit) refers to ft32f0xx_tim.o(i.TIM_TimeBaseInit) for TIM_TimeBaseInit
    main.o(i.Tim3BaseInit) refers to ft32f0xx_tim.o(i.TIM_OC1Init) for TIM_OC1Init
    main.o(i.Tim3BaseInit) refers to ft32f0xx_tim.o(i.TIM_Cmd) for TIM_Cmd
    main.o(i.Tim3BaseInit) refers to ft32f0xx_tim.o(i.TIM_CtrlPWMOutputs) for TIM_CtrlPWMOutputs
    main.o(i.main) refers to main.o(i.FT32_GPIO_Init) for FT32_GPIO_Init
    main.o(i.main) refers to main.o(i.FT32_EXIT_Init) for FT32_EXIT_Init
    main.o(i.main) refers to main.o(i.ADC_DMA_Config) for ADC_DMA_Config
    main.o(i.main) refers to main.o(i.Tim1BaseInit) for Tim1BaseInit
    main.o(i.main) refers to main.o(i.Tim3BaseInit) for Tim3BaseInit
    main.o(i.main) refers to main.o(i.Tim14BaseInit) for Tim14BaseInit
[...]
    startup_ft32f030x8.o(RESET) refers to ft32f0xx_it.o(i.TIM1_BRK_UP_TRG_COM_IRQHandler) for TIM1_BRK_UP_TRG_COM_IRQHandler
    startup_ft32f030x8.o(RESET) refers to ft32f0xx_it.o(i.TIM14_IRQHandler) for TIM14_IRQHandler
    startup_ft32f030x8.o(.text) refers (Special) to heapauxi.o(.text) for __use_two_region_memory
    startup_ft32f030x8.o(.text) refers to startup_ft32f030x8.o(STACK) for __initial_sp
    startup_ft32f030x8.o(.text) refers to system_ft32f0xx.o(i.SystemInit) for SystemInit
    startup_ft32f030x8.o(.text) refers to __main.o(!!!main) for __main
    startup_ft32f030x8.o(.text) refers to startup_ft32f030x8.o(HEAP) for Heap_Mem
    system_ft32f0xx.o(i.SetSysClock) refers to system_ft32f0xx.o(i.SetSysClockTo48) for SetSysClockTo48
    system_ft32f0xx.o(i.SystemCoreClockUpdate) refers to aeabi_sdiv.o(.text) for __aeabi_uidivmod
    system_ft32f0xx.o(i.SystemCoreClockUpdate) refers to system_ft32f0xx.o(.data) for SystemCoreClock
    system_ft32f0xx.o(i.SystemInit) refers to system_ft32f0xx.o(i.SetSysClock) for SetSysClock
    __main.o(!!!main) refers to __rtentry.o(.ARM.Collect$$rtentry$$00000000) for __rt_entry
    ddiv.o(.text) refers (Special) to usenofp.o(x$fpl$usenofp) for __I$use$fp
    ddiv.o(.text) refers to ddiv.o(.constdata) for .constdata
    ddiv.o(.constdata) refers (Special) to usenofp.o(x$fpl$usenofp) for __I$use$fp
    dfixi.o(.text) refers (Special) to usenofp.o(x$fpl$usenofp) for __I$use$fp
    dmul.o(.text) refers (Special) to usenofp.o(x$fpl$usenofp) for __I$use$fp
    faddsub.o(x$fpl$fadd) refers (Special) to usenofp.o(x$fpl$usenofp) for __I$use$fp
    faddsub.o(x$fpl$fadd) refers to faddsub.o(x$fpl$fsub) for _fsub1
    faddsub.o(x$fpl$frsb) refers (Special) to usenofp.o(x$fpl$usenofp) for __I$use$fp
    faddsub.o(x$fpl$frsb) refers to faddsub.o(x$fpl$fsub) for _fsub1
    faddsub.o(x$fpl$frsb) refers to faddsub.o(x$fpl$fadd) for _fadd1
    faddsub.o(x$fpl$fsub) refers (Special) to usenofp.o(x$fpl$usenofp) for __I$use$fp
    faddsub.o(x$fpl$fsub) refers to faddsub.o(x$fpl$fadd) for _fadd1
    fdiv.o(.text) refers (Special) to usenofp.o(x$fpl$usenofp) for __I$use$fp
    fdiv.o(.text) refers to fdiv.o(.constdata) for .constdata
    fdiv.o(.constdata) refers (Special) to usenofp.o(x$fpl$usenofp) for __I$use$fp
    fflti.o(.text) refers (Special) to usenofp.o(x$fpl$usenofp) for __I$use$fp
    flef.o(x$fpl$fleqf) refers (Special) to usenofp.o(x$fpl$usenofp) for __I$use$fp
    flef.o(x$fpl$fleqf) refers to fcmpin.o(.text) for __fpl_fcmp_InfNaN
    fmul.o(x$fpl$fmul) refers (Special) to usenofp.o(x$fpl$usenofp) for __I$use$fp
    __rtentry.o(.ARM.Collect$$rtentry$$00000000) refers (Special) to __rtentry2.o(.ARM.Collect$$rtentry$$0000000A) for __rt_entry_li
    __rtentry.o(.ARM.Collect$$rtentry$$00000000) refers (Special) to __rtentry2.o(.ARM.Collect$$rtentry$$0000000D) for __rt_entry_main
    __rtentry.o(.ARM.Collect$$rtentry$$00000000) refers (Special) to __rtentry2.o(.ARM.Collect$$rtentry$$0000000C) for __rt_entry_postli_1
    __rtentry.o(.ARM.Collect$$rtentry$$00000000) refers (Special) to __rtentry2.o(.ARM.Collect$$rtentry$$00000009) for __rt_entry_postsh_1
    __rtentry.o(.ARM.Collect$$rtentry$$00000000) refers (Special) to __rtentry2.o(.ARM.Collect$$rtentry$$00000002) for __rt_entry_presh_1
    __rtentry.o(.ARM.Collect$$rtentry$$00000000) refers (Special) to __rtentry4.o(.ARM.Collect$$rtentry$$00000004) for __rt_entry_sh
    aeabi_idiv0_sigfpe.o(.text) refers to rt_div0.o(.text) for __rt_div0
    fcmpin.o(.text) refers (Special) to usenofp.o(x$fpl$usenofp) for __I$use$fp
    fcmpin.o(.text) refers to cmpret.o(.text) for __fpl_cmpreturn
    fcmpin.o(.text) refers to fnan2.o(.text) for __fpl_fcheck_NaN2
    __rtentry2.o(.ARM.Collect$$rtentry$$00000008) refers to boardinit2.o(.text) for _platform_post_stackheap_init
    __rtentry2.o(.ARM.Collect$$rtentry$$0000000A) refers to libinit.o(.ARM.Collect$$libinit$$00000000) for __rt_lib_init
    __rtentry2.o(.ARM.Collect$$rtentry$$0000000B) refers to boardinit3.o(.text) for _platform_post_lib_init
    __rtentry2.o(.ARM.Collect$$rtentry$$0000000D) refers to main.o(i.main) for main
    __rtentry2.o(.ARM.Collect$$rtentry$$0000000D) refers to exit.o(.text) for exit
    __rtentry2.o(.ARM.exidx) refers to __rtentry2.o(.ARM.Collect$$rtentry$$00000001) for .ARM.Collect$$rtentry$$00000001
    __rtentry2.o(.ARM.exidx) refers to __rtentry2.o(.ARM.Collect$$rtentry$$00000008) for .ARM.Collect$$rtentry$$00000008
    __rtentry2.o(.ARM.exidx) refers to __rtentry2.o(.ARM.Collect$$rtentry$$0000000A) for .ARM.Collect$$rtentry$$0000000A
    __rtentry2.o(.ARM.exidx) refers to __rtentry2.o(.ARM.Collect$$rtentry$$0000000B) for .ARM.Collect$$rtentry$$0000000B
    __rtentry2.o(.ARM.exidx) refers to __rtentry2.o(.ARM.Collect$$rtentry$$0000000D) for .ARM.Collect$$rtentry$$0000000D
    __rtentry4.o(.ARM.Collect$$rtentry$$00000004) refers to sys_stackheap_outer.o(.text) for __user_setup_stackheap
    __rtentry4.o(.ARM.exidx) refers to __rtentry4.o(.ARM.Collect$$rtentry$$00000004) for .ARM.Collect$$rtentry$$00000004
    rt_div0.o(.text) refers to defsig_fpe_outer.o(.text) for __rt_SIGFPE
    cmpret.o(.text) refers (Special) to usenofp.o(x$fpl$usenofp) for __I$use$fp
    fnan2.o(.text) refers (Special) to usenofp.o(x$fpl$usenofp) for __I$use$fp
    fnan2.o(.text) refers to retnan.o(.text) for __fpl_return_NaN
    sys_stackheap_outer.o(.text) refers to libspace.o(.text) for __user_perproc_libspace
    sys_stackheap_outer.o(.text) refers to startup_ft32f030x8.o(.text) for __user_initial_stackheap
    sys_stackheap_outer.o(__vectab_stack_and_reset_area) refers to tempstk.o(.text) for __temporary_stack_top
    sys_stackheap_outer.o(__vectab_stack_and_reset_area) refers to __main.o(!!!main) for __main
    exit.o(.text) refers to rtexit.o(.ARM.Collect$$rtexit$$00000000) for __rt_exit
    defsig_fpe_outer.o(.text) refers to defsig_fpe_inner.o(.text) for __rt_SIGFPE_inner
    defsig_fpe_outer.o(.text) refers to defsig_exit.o(.text) for __sig_exit
    defsig_fpe_formal.o(.text) refers to rt_raise.o(.text) for __rt_raise
    libinit.o(.ARM.Collect$$libinit$$00000000) refers (Special) to libinit2.o(.ARM.Collect$$libinit$$0000002E) for __rt_lib_init_alloca_1
    libinit.o(.ARM.Collect$$libinit$$00000000) refers (Special) to libinit2.o(.ARM.Collect$$libinit$$0000002C) for __rt_lib_init_argv_1
    libinit.o(.ARM.Collect$$libinit$$00000000) refers (Special) to libinit2.o(.ARM.Collect$$libinit$$0000001B) for __rt_lib_init_atexit_1
    libinit.o(.ARM.Collect$$libinit$$00000000) refers (Special) to libinit2.o(.ARM.Collect$$libinit$$00000021) for __rt_lib_init_clock_1
    libinit.o(.ARM.Collect$$libinit$$00000000) refers (Special) to libinit2.o(.ARM.Collect$$libinit$$00000032) for __rt_lib_init_cpp_1
    libinit.o(.ARM.Collect$$libinit$$00000000) refers (Special) to libinit2.o(.ARM.Collect$$libinit$$00000030) for __rt_lib_init_exceptions_1
    libinit.o(.ARM.Collect$$libinit$$00000000) refers (Special) to libinit2.o(.ARM.Collect$$libinit$$00000002) for __rt_lib_init_fp_1
    libinit.o(.ARM.Collect$$libinit$$00000000) refers (Special) to libinit2.o(.ARM.Collect$$libinit$$0000001F) for __rt_lib_init_fp_trap_1
    libinit.o(.ARM.Collect$$libinit$$00000000) refers (Special) to libinit2.o(.ARM.Collect$$libinit$$00000023) for __rt_lib_init_getenv_1
    libinit.o(.ARM.Collect$$libinit$$00000000) refers (Special) to libinit2.o(.ARM.Collect$$libinit$$0000000A) for __rt_lib_init_heap_1
    libinit.o(.ARM.Collect$$libinit$$00000000) refers (Special) to libinit2.o(.ARM.Collect$$libinit$$00000011) for __rt_lib_init_lc_collate_1
    libinit.o(.ARM.Collect$$libinit$$00000000) refers (Special) to libinit2.o(.ARM.Collect$$libinit$$00000013) for __rt_lib_init_lc_ctype_1
    libinit.o(.ARM.Collect$$libinit$$00000000) refers (Special) to libinit2.o(.ARM.Collect$$libinit$$00000015) for __rt_lib_init_lc_monetary_1
    libinit.o(.ARM.Collect$$libinit$$00000000) refers (Special) to libinit2.o(.ARM.Collect$$libinit$$00000017) for __rt_lib_init_lc_numeric_1
    libinit.o(.ARM.Collect$$libinit$$00000000) refers (Special) to libinit2.o(.ARM.Collect$$libinit$$00000019) for __rt_lib_init_lc_time_1
    libinit.o(.ARM.Collect$$libinit$$00000000) refers (Special) to libinit2.o(.ARM.Collect$$libinit$$00000004) for __rt_lib_init_preinit_1
    libinit.o(.ARM.Collect$$libinit$$00000000) refers (Special) to libinit2.o(.ARM.Collect$$libinit$$0000000E) for __rt_lib_init_rand_1
    libinit.o(.ARM.Collect$$libinit$$00000000) refers (Special) to libinit2.o(.ARM.Collect$$libinit$$00000033) for __rt_lib_init_return
    libinit.o(.ARM.Collect$$libinit$$00000000) refers (Special) to libinit2.o(.ARM.Collect$$libinit$$0000001D) for __rt_lib_init_signal_1
    libinit.o(.ARM.Collect$$libinit$$00000000) refers (Special) to libinit2.o(.ARM.Collect$$libinit$$00000025) for __rt_lib_init_stdio_1
    libinit.o(.ARM.Collect$$libinit$$00000000) refers (Special) to libinit2.o(.ARM.Collect$$libinit$$0000000C) for __rt_lib_init_user_alloc_1
    retnan.o(.text) refers (Special) to usenofp.o(x$fpl$usenofp) for __I$use$fp
    retnan.o(.text) refers to cmpret.o(.text) for __fpl_cmpreturn
    libspace.o(.text) refers to libspace.o(.bss) for __libspace_start
    rtexit.o(.ARM.Collect$$rtexit$$00000000) refers (Special) to rtexit2.o(.ARM.Collect$$rtexit$$00000004) for __rt_exit_exit
    rtexit.o(.ARM.Collect$$rtexit$$00000000) refers (Special) to rtexit2.o(.ARM.Collect$$rtexit$$00000003) for __rt_exit_ls
    rtexit.o(.ARM.Collect$$rtexit$$00000000) refers (Special) to rtexit2.o(.ARM.Collect$$rtexit$$00000002) for __rt_exit_prels_1
    rtexit.o(.ARM.exidx) refers (Special) to rtexit2.o(.ARM.Collect$$rtexit$$00000004) for __rt_exit_exit
    rtexit.o(.ARM.exidx) refers (Special) to rtexit2.o(.ARM.Collect$$rtexit$$00000003) for __rt_exit_ls
    rtexit.o(.ARM.exidx) refers (Special) to rtexit2.o(.ARM.Collect$$rtexit$$00000002) for __rt_exit_prels_1
    rtexit.o(.ARM.exidx) refers to rtexit.o(.ARM.Collect$$rtexit$$00000000) for .ARM.Collect$$rtexit$$00000000
    rt_raise.o(.text) refers to __raise.o(.text) for __raise
    rt_raise.o(.text) refers to sys_exit.o(.text) for _sys_exit
    defsig_exit.o(.text) refers to sys_exit.o(.text) for _sys_exit
    defsig_fpe_inner.o(.text) refers to defsig_general.o(.text) for __default_signal_display
    libinit2.o(.ARM.Collect$$libinit$$00000010) refers to libinit2.o(.ARM.Collect$$libinit$$0000000F) for .ARM.Collect$$libinit$$0000000F
    libinit2.o(.ARM.Collect$$libinit$$00000012) refers to libinit2.o(.ARM.Collect$$libinit$$0000000F) for .ARM.Collect$$libinit$$0000000F
    libinit2.o(.ARM.Collect$$libinit$$00000014) refers to libinit2.o(.ARM.Collect$$libinit$$0000000F) for .ARM.Collect$$libinit$$0000000F
    libinit2.o(.ARM.Collect$$libinit$$00000016) refers to libinit2.o(.ARM.Collect$$libinit$$0000000F) for .ARM.Collect$$libinit$$0000000F
    libinit2.o(.ARM.Collect$$libinit$$00000018) refers to libinit2.o(.ARM.Collect$$libinit$$0000000F) for .ARM.Collect$$libinit$$0000000F
    libinit2.o(.ARM.Collect$$libinit$$00000026) refers to argv_veneer.o(.text) for __ARM_argv_veneer
    libinit2.o(.ARM.Collect$$libinit$$00000027) refers to argv_veneer.o(.text) for __ARM_argv_veneer
    sys_exit.o(.text) refers (Special) to use_no_semi.o(.text) for __I$use$semihosting
    sys_exit.o(.text) refers (Special) to indicate_semi.o(.text) for __semihosting_library_function
    rtexit2.o(.ARM.Collect$$rtexit$$00000003) refers to libshutdown.o(.ARM.Collect$$libshutdown$$00000000) for __rt_lib_shutdown
    rtexit2.o(.ARM.Collect$$rtexit$$00000004) refers to sys_exit.o(.text) for _sys_exit
    rtexit2.o(.ARM.exidx) refers to rtexit2.o(.ARM.Collect$$rtexit$$00000001) for .ARM.Collect$$rtexit$$00000001
    rtexit2.o(.ARM.exidx) refers to rtexit2.o(.ARM.Collect$$rtexit$$00000003) for .ARM.Collect$$rtexit$$00000003
    rtexit2.o(.ARM.exidx) refers to rtexit2.o(.ARM.Collect$$rtexit$$00000004) for .ARM.Collect$$rtexit$$00000004
    __raise.o(.text) refers to defsig.o(CL$$defsig) for __default_signal_handler
    defsig_general.o(.text) refers to sys_wrch.o(.text) for _ttywrch
    sys_wrch.o(.text) refers (Special) to use_no_semi.o(.text) for __I$use$semihosting
    sys_wrch.o(.text) refers (Special) to indicate_semi.o(.text) for __semihosting_library_function
    defsig.o(CL$$defsig) refers to defsig_fpe_inner.o(.text) for __rt_SIGFPE_inner
    defsig.o(CL$$defsig) refers to defsig_rtmem_inner.o(.text) for __rt_SIGRTMEM_inner
    _get_argv_nomalloc.o(.text) refers (Special) to hrguard.o(.text) for __heap_region$guard
    _get_argv_nomalloc.o(.text) refers to defsig_rtmem_outer.o(.text) for __rt_SIGRTMEM
    _get_argv_nomalloc.o(.text) refers to sys_command.o(.text) for _sys_command_string
    libshutdown.o(.ARM.Collect$$libshutdown$$00000000) refers (Special) to libshutdown2.o(.ARM.Collect$$libshutdown$$00000002) for __rt_lib_shutdown_cpp_1
    libshutdown.o(.ARM.Collect$$libshutdown$$00000000) refers (Special) to libshutdown2.o(.ARM.Collect$$libshutdown$$00000007) for __rt_lib_shutdown_fp_trap_1
    libshutdown.o(.ARM.Collect$$libshutdown$$00000000) refers (Special) to libshutdown2.o(.ARM.Collect$$libshutdown$$0000000F) for __rt_lib_shutdown_heap_1
    libshutdown.o(.ARM.Collect$$libshutdown$$00000000) refers (Special) to libshutdown2.o(.ARM.Collect$$libshutdown$$00000010) for __rt_lib_shutdown_return
    libshutdown.o(.ARM.Collect$$libshutdown$$00000000) refers (Special) to libshutdown2.o(.ARM.Collect$$libshutdown$$0000000A) for __rt_lib_shutdown_signal_1
    libshutdown.o(.ARM.Collect$$libshutdown$$00000000) refers (Special) to libshutdown2.o(.ARM.Collect$$libshutdown$$00000004) for __rt_lib_shutdown_stdio_1
    libshutdown.o(.ARM.Collect$$libshutdown$$00000000) refers (Special) to libshutdown2.o(.ARM.Collect$$libshutdown$$0000000C) for __rt_lib_shutdown_user_alloc_1
    sys_command.o(.text) refers (Special) to use_no_semi.o(.text) for __I$use$semihosting
    sys_command.o(.text) refers (Special) to indicate_semi.o(.text) for __semihosting_library_function
    defsig_abrt_inner.o(.text) refers to defsig_general.o(.text) for __default_signal_display
    defsig_rtred_inner.o(.text) refers to defsig_general.o(.text) for __default_signal_display
    defsig_rtmem_inner.o(.text) refers to defsig_general.o(.text) for __default_signal_display
    defsig_rtmem_outer.o(.text) refers to defsig_rtmem_inner.o(.text) for __rt_SIGRTMEM_inner
    defsig_rtmem_outer.o(.text) refers to defsig_exit.o(.text) for __sig_exit
    defsig_rtmem_formal.o(.text) refers to rt_raise.o(.text) for __rt_raise
    defsig_stak_inner.o(.text) refers to defsig_general.o(.text) for __default_signal_display
    defsig_pvfn_inner.o(.text) refers to defsig_general.o(.text) for __default_signal_display
    defsig_cppl_inner.o(.text) refers to defsig_general.o(.text) for __default_signal_display
    defsig_segv_inner.o(.text) refers to defsig_general.o(.text) for __default_signal_display
    defsig_other.o(.text) refers to defsig_general.o(.text) for __default_signal_display


==============================================================================

Removing Unused input sections from the image.

    Removing ft32f0xx_it.o(.rev16_text), (4 bytes).
    Removing ft32f0xx_it.o(.revsh_text), (4 bytes).
    Removing main.o(.rev16_text), (4 bytes).
    Removing main.o(.revsh_text), (4 bytes).
    Removing dev_adc.o(.rev16_text), (4 bytes).
    Removing dev_adc.o(.revsh_text), (4 bytes).
    Removing dev_adc.o(i.get_adc_val), (180 bytes).
    Removing dev_adc.o(i.look1_iflf_binlxpw), (232 bytes).
    Removing dev_adc.o(.constdata), (1168 bytes).
    Removing dev_ad9877.o(.rev16_text), (4 bytes).
    Removing dev_ad9877.o(.revsh_text), (4 bytes).
    Removing dev_ad9877.o(i.AD9833_Delay), (14 bytes).
    Removing dev_ad9877.o(i.AD9833_FSYNC_Set), (16 bytes).
    Removing dev_ad9877.o(i.AD9833_InitIo), (30 bytes).
    Removing dev_ad9877.o(i.AD9833_SCLK_Set), (16 bytes).
    Removing dev_ad9877.o(i.AD9833_SDATA_Set), (16 bytes).
    Removing dev_ad9877.o(i.AD9833_SendData), (108 bytes).
    Removing dev_ad9877.o(i.AD9833_SendFrequency), (148 bytes).
    Removing dev_ad9877.o(i.AD9833_SendPhase), (26 bytes).
    Removing dev_ad9877.o(i.AD9833_SendWave), (34 bytes).
    Removing dev_ad9877.o(i.AD9833_SetPara), (90 bytes).
    Removing dev_gpio.o(.rev16_text), (4 bytes).
    Removing dev_gpio.o(.revsh_text), (4 bytes).
    Removing dev_gpio.o(i.DevGpio_SetOutPut), (36 bytes).
    Removing dev_gpio.o(.data), (72 bytes).
    Removing dev_pwm.o(.rev16_text), (4 bytes).
    Removing dev_pwm.o(.revsh_text), (4 bytes).
    Removing dev_pwm.o(i.Devpwm_SetDuty), (20 bytes).
    Removing dev_pwm.o(i.Set_PWM14_Duty), (24 bytes).
    Removing dev_pwm.o(i.Set_PWM1_Duty), (24 bytes).
    Removing dev_pwm.o(.constdata), (8 bytes).
    Removing ft32f0xx_adc.o(.rev16_text), (4 bytes).
    Removing ft32f0xx_adc.o(.revsh_text), (4 bytes).
    Removing ft32f0xx_adc.o(i.ADC_AnalogWatchdogCmd), (28 bytes).
    Removing ft32f0xx_adc.o(i.ADC_AnalogWatchdogSingleChannelCmd), (28 bytes).
    Removing ft32f0xx_adc.o(i.ADC_AnalogWatchdogSingleChannelConfig), (28 bytes).
    Removing ft32f0xx_adc.o(i.ADC_AnalogWatchdogThresholdsConfig), (8 bytes).
    Removing ft32f0xx_adc.o(i.ADC_AutoPowerOffCmd), (28 bytes).
    Removing ft32f0xx_adc.o(i.ADC_ClearFlag), (4 bytes).
    Removing ft32f0xx_adc.o(i.ADC_ClearITPendingBit), (4 bytes).
    Removing ft32f0xx_adc.o(i.ADC_ClockModeConfig), (4 bytes).
    Removing ft32f0xx_adc.o(i.ADC_ContinuousModeCmd), (28 bytes).
    Removing ft32f0xx_adc.o(i.ADC_DiscModeCmd), (28 bytes).
    Removing ft32f0xx_adc.o(i.ADC_GetConversionValue), (8 bytes).
    Removing ft32f0xx_adc.o(i.ADC_GetITStatus), (34 bytes).
    Removing ft32f0xx_adc.o(i.ADC_ITConfig), (20 bytes).
    Removing ft32f0xx_adc.o(i.ADC_IoshAmpCmd), (32 bytes).
    Removing ft32f0xx_adc.o(i.ADC_IoshSmpCmd), (32 bytes).
    Removing ft32f0xx_adc.o(i.ADC_JitterCmd), (20 bytes).
    Removing ft32f0xx_adc.o(i.ADC_OverrunModeCmd), (28 bytes).
    Removing ft32f0xx_adc.o(i.ADC_StopOfConversion), (10 bytes).
    Removing ft32f0xx_adc.o(i.ADC_TempSensorCmd), (40 bytes).
    Removing ft32f0xx_adc.o(i.ADC_VbatCmd), (40 bytes).
    Removing ft32f0xx_adc.o(i.ADC_VrefDecibCmd), (36 bytes).
    Removing ft32f0xx_adc.o(i.ADC_VrefintCmd), (40 bytes).
    Removing ft32f0xx_adc.o(i.ADC_VrefselConfig), (32 bytes).
    Removing ft32f0xx_adc.o(i.ADC_WaitModeCmd), (28 bytes).
    Removing ft32f0xx_debug.o(.rev16_text), (4 bytes).
    Removing ft32f0xx_debug.o(.revsh_text), (4 bytes).
    Removing ft32f0xx_debug.o(i.DBGMCU_APB1PeriphConfig), (32 bytes).
    Removing ft32f0xx_debug.o(i.DBGMCU_APB2PeriphConfig), (32 bytes).
    Removing ft32f0xx_debug.o(i.DBGMCU_Config), (32 bytes).
    Removing ft32f0xx_debug.o(i.DBGMCU_GetDEVID), (16 bytes).
    Removing ft32f0xx_debug.o(i.DBGMCU_GetREVID), (12 bytes).
    Removing ft32f0xx_dma.o(.rev16_text), (4 bytes).
    Removing ft32f0xx_dma.o(.revsh_text), (4 bytes).
    Removing ft32f0xx_dma.o(i.DMA_ClearFlag), (20 bytes).
    Removing ft32f0xx_dma.o(i.DMA_ClearITPendingBit), (20 bytes).
    Removing ft32f0xx_dma.o(i.DMA_GetCurrDataCounter), (8 bytes).
    Removing ft32f0xx_dma.o(i.DMA_GetFlagStatus), (40 bytes).
    Removing ft32f0xx_dma.o(i.DMA_GetITStatus), (40 bytes).
    Removing ft32f0xx_dma.o(i.DMA_SetCurrDataCounter), (4 bytes).
    Removing ft32f0xx_dma.o(i.DMA_StructInit), (26 bytes).
    Removing ft32f0xx_exti.o(.rev16_text), (4 bytes).
    Removing ft32f0xx_exti.o(.revsh_text), (4 bytes).
    Removing ft32f0xx_exti.o(i.EXTI_ClearFlag), (12 bytes).
    Removing ft32f0xx_exti.o(i.EXTI_ClearITPendingBit), (12 bytes).
    Removing ft32f0xx_exti.o(i.EXTI_DeInit), (32 bytes).
    Removing ft32f0xx_exti.o(i.EXTI_GenerateSWInterrupt), (16 bytes).
    Removing ft32f0xx_exti.o(i.EXTI_GetFlagStatus), (28 bytes).
    Removing ft32f0xx_exti.o(i.EXTI_StructInit), (16 bytes).
    Removing ft32f0xx_flash.o(.rev16_text), (4 bytes).
    Removing ft32f0xx_flash.o(.revsh_text), (4 bytes).
    Removing ft32f0xx_flash.o(i.FLASH_ClearFlag), (12 bytes).
    Removing ft32f0xx_flash.o(i.FLASH_EraseAllPages), (88 bytes).
    Removing ft32f0xx_flash.o(i.FLASH_ErasePage), (92 bytes).
    Removing ft32f0xx_flash.o(i.FLASH_GetFlagStatus), (28 bytes).
    Removing ft32f0xx_flash.o(i.FLASH_GetPrefetchBufferStatus), (28 bytes).
    Removing ft32f0xx_flash.o(i.FLASH_GetStatus), (60 bytes).
    Removing ft32f0xx_flash.o(i.FLASH_ITConfig), (32 bytes).
    Removing ft32f0xx_flash.o(i.FLASH_Lock), (20 bytes).
    Removing ft32f0xx_flash.o(i.FLASH_OB_BOOTConfig), (176 bytes).
    Removing ft32f0xx_flash.o(i.FLASH_OB_EnableWRP), (212 bytes).
    Removing ft32f0xx_flash.o(i.FLASH_OB_Erase), (172 bytes).
    Removing ft32f0xx_flash.o(i.FLASH_OB_GetRDP), (28 bytes).
    Removing ft32f0xx_flash.o(i.FLASH_OB_GetUser), (16 bytes).
    Removing ft32f0xx_flash.o(i.FLASH_OB_GetWRP), (12 bytes).
    Removing ft32f0xx_flash.o(i.FLASH_OB_Launch), (20 bytes).
    Removing ft32f0xx_flash.o(i.FLASH_OB_Lock), (20 bytes).
    Removing ft32f0xx_flash.o(i.FLASH_OB_ProgramData), (72 bytes).
    Removing ft32f0xx_flash.o(i.FLASH_OB_RDPConfig), (172 bytes).
    Removing ft32f0xx_flash.o(i.FLASH_OB_SRAMParityConfig), (176 bytes).
    Removing ft32f0xx_flash.o(i.FLASH_OB_Unlock), (40 bytes).
    Removing ft32f0xx_flash.o(i.FLASH_OB_UserConfig), (188 bytes).
    Removing ft32f0xx_flash.o(i.FLASH_OB_VDDAConfig), (176 bytes).
    Removing ft32f0xx_flash.o(i.FLASH_OB_WriteUser), (168 bytes).
    Removing ft32f0xx_flash.o(i.FLASH_PrefetchBufferCmd), (36 bytes).
    Removing ft32f0xx_flash.o(i.FLASH_ProgramWord), (84 bytes).
    Removing ft32f0xx_flash.o(i.FLASH_SetLatency), (28 bytes).
    Removing ft32f0xx_flash.o(i.FLASH_Unlock), (36 bytes).
    Removing ft32f0xx_flash.o(i.FLASH_WaitForLastOperation), (40 bytes).
    Removing ft32f0xx_gpio.o(.rev16_text), (4 bytes).
    Removing ft32f0xx_gpio.o(.revsh_text), (4 bytes).
    Removing ft32f0xx_gpio.o(i.GPIO_DeInit), (148 bytes).
    Removing ft32f0xx_gpio.o(i.GPIO_LedmConfig), (8 bytes).
    Removing ft32f0xx_gpio.o(i.GPIO_PinAFConfig), (68 bytes).
    Removing ft32f0xx_gpio.o(i.GPIO_PinLockConfig), (34 bytes).
    Removing ft32f0xx_gpio.o(i.GPIO_ReadInputData), (6 bytes).
    Removing ft32f0xx_gpio.o(i.GPIO_ReadInputDataBit), (20 bytes).
    Removing ft32f0xx_gpio.o(i.GPIO_ReadOutputData), (6 bytes).
    Removing ft32f0xx_gpio.o(i.GPIO_ReadOutputDataBit), (20 bytes).
    Removing ft32f0xx_gpio.o(i.GPIO_ResetBits), (4 bytes).
    Removing ft32f0xx_gpio.o(i.GPIO_SetBits), (4 bytes).
    Removing ft32f0xx_gpio.o(i.GPIO_StructInit), (24 bytes).
    Removing ft32f0xx_gpio.o(i.GPIO_Write), (4 bytes).
    Removing ft32f0xx_gpio.o(i.GPIO_WriteBit), (12 bytes).
    Removing ft32f0xx_misc.o(.rev16_text), (4 bytes).
    Removing ft32f0xx_misc.o(.revsh_text), (4 bytes).
    Removing ft32f0xx_misc.o(i.NVIC_SystemLPConfig), (32 bytes).
    Removing ft32f0xx_misc.o(i.SysTick_CLKSourceConfig), (36 bytes).
    Removing ft32f0xx_pwr.o(.rev16_text), (4 bytes).
    Removing ft32f0xx_pwr.o(.revsh_text), (4 bytes).
    Removing ft32f0xx_pwr.o(i.PWR_BackupAccessCmd), (40 bytes).
    Removing ft32f0xx_pwr.o(i.PWR_ClearFlag), (20 bytes).
    Removing ft32f0xx_pwr.o(i.PWR_DeInit), (22 bytes).
    Removing ft32f0xx_pwr.o(i.PWR_EnterSTANDBYMode), (36 bytes).
    Removing ft32f0xx_pwr.o(i.PWR_EnterSTOPMode), (104 bytes).
    Removing ft32f0xx_pwr.o(i.PWR_EnterSleepMode), (32 bytes).
    Removing ft32f0xx_pwr.o(i.PWR_GetFlagStatus), (28 bytes).
    Removing ft32f0xx_pwr.o(i.PWR_PVDCmd), (36 bytes).
    Removing ft32f0xx_pwr.o(i.PWR_PVDLevelConfig), (36 bytes).
    Removing ft32f0xx_pwr.o(i.PWR_WakeUpPinCmd), (32 bytes).
    Removing ft32f0xx_rcc.o(.rev16_text), (4 bytes).
    Removing ft32f0xx_rcc.o(.revsh_text), (4 bytes).
    Removing ft32f0xx_rcc.o(i.RCC_ADCCLKConfig), (56 bytes).
    Removing ft32f0xx_rcc.o(i.RCC_AHBPeriphResetCmd), (32 bytes).
    Removing ft32f0xx_rcc.o(i.RCC_APB1PeriphResetCmd), (32 bytes).
    Removing ft32f0xx_rcc.o(i.RCC_AdjustHSI14CalibrationValue), (32 bytes).
    Removing ft32f0xx_rcc.o(i.RCC_AdjustHSICalibrationValue), (32 bytes).
    Removing ft32f0xx_rcc.o(i.RCC_BackupResetCmd), (40 bytes).
    Removing ft32f0xx_rcc.o(i.RCC_ClearFlag), (20 bytes).
    Removing ft32f0xx_rcc.o(i.RCC_ClearITPendingBit), (12 bytes).
    Removing ft32f0xx_rcc.o(i.RCC_ClockSecuritySystemCmd), (40 bytes).
    Removing ft32f0xx_rcc.o(i.RCC_DeInit), (120 bytes).
    Removing ft32f0xx_rcc.o(i.RCC_GetClocksFreq), (388 bytes).
    Removing ft32f0xx_rcc.o(i.RCC_GetFlagStatus), (72 bytes).
    Removing ft32f0xx_rcc.o(i.RCC_GetITStatus), (28 bytes).
    Removing ft32f0xx_rcc.o(i.RCC_GetSYSCLKSource), (16 bytes).
    Removing ft32f0xx_rcc.o(i.RCC_HCLKConfig), (32 bytes).
    Removing ft32f0xx_rcc.o(i.RCC_HSEConfig), (16 bytes).
    Removing ft32f0xx_rcc.o(i.RCC_HSI14ADCRequestCmd), (36 bytes).
    Removing ft32f0xx_rcc.o(i.RCC_HSI14Cmd), (36 bytes).
    Removing ft32f0xx_rcc.o(i.RCC_HSI48Cmd), (40 bytes).
    Removing ft32f0xx_rcc.o(i.RCC_HSICmd), (36 bytes).
    Removing ft32f0xx_rcc.o(i.RCC_I2CCLKConfig), (28 bytes).
    Removing ft32f0xx_rcc.o(i.RCC_ITConfig), (32 bytes).
    Removing ft32f0xx_rcc.o(i.RCC_LSEConfig), (40 bytes).
    Removing ft32f0xx_rcc.o(i.RCC_LSEDriveConfig), (28 bytes).
    Removing ft32f0xx_rcc.o(i.RCC_LSICmd), (36 bytes).
    Removing ft32f0xx_rcc.o(i.RCC_MCOConfig), (28 bytes).
    Removing ft32f0xx_rcc.o(i.RCC_PCLKConfig), (36 bytes).
    Removing ft32f0xx_rcc.o(i.RCC_PLLCmd), (40 bytes).
    Removing ft32f0xx_rcc.o(i.RCC_PLLConfig), (36 bytes).
    Removing ft32f0xx_rcc.o(i.RCC_PREDIV1Config), (28 bytes).
    Removing ft32f0xx_rcc.o(i.RCC_RTCCLKCmd), (40 bytes).
    Removing ft32f0xx_rcc.o(i.RCC_RTCCLKConfig), (16 bytes).
    Removing ft32f0xx_rcc.o(i.RCC_SYSCLKConfig), (28 bytes).
    Removing ft32f0xx_rcc.o(i.RCC_USARTCLKConfig), (36 bytes).
    Removing ft32f0xx_rcc.o(i.RCC_USBCLKConfig), (28 bytes).
    Removing ft32f0xx_rcc.o(i.RCC_WaitForHSEStartUp), (60 bytes).
    Removing ft32f0xx_rcc.o(.data), (16 bytes).
    Removing ft32f0xx_rtc.o(.rev16_text), (4 bytes).
    Removing ft32f0xx_rtc.o(.revsh_text), (4 bytes).
    Removing ft32f0xx_rtc.o(i.RTC_AlarmCmd), (112 bytes).
    Removing ft32f0xx_rtc.o(i.RTC_AlarmStructInit), (22 bytes).
    Removing ft32f0xx_rtc.o(i.RTC_AlarmSubSecondConfig), (40 bytes).
    Removing ft32f0xx_rtc.o(i.RTC_Bcd2ToByte), (26 bytes).
    Removing ft32f0xx_rtc.o(i.RTC_BypassShadowCmd), (52 bytes).
    Removing ft32f0xx_rtc.o(i.RTC_ByteToBcd2), (28 bytes).
    Removing ft32f0xx_rtc.o(i.RTC_CalibOutputCmd), (56 bytes).
    Removing ft32f0xx_rtc.o(i.RTC_CalibOutputConfig), (44 bytes).
    Removing ft32f0xx_rtc.o(i.RTC_ClearFlag), (32 bytes).
    Removing ft32f0xx_rtc.o(i.RTC_ClearITPendingBit), (36 bytes).
    Removing ft32f0xx_rtc.o(i.RTC_DateStructInit), (14 bytes).
    Removing ft32f0xx_rtc.o(i.RTC_DayLightSavingConfig), (48 bytes).
    Removing ft32f0xx_rtc.o(i.RTC_DeInit), (108 bytes).
    Removing ft32f0xx_rtc.o(i.RTC_EnterInitMode), (88 bytes).
    Removing ft32f0xx_rtc.o(i.RTC_ExitInitMode), (32 bytes).
    Removing ft32f0xx_rtc.o(i.RTC_GetAlarm), (120 bytes).
    Removing ft32f0xx_rtc.o(i.RTC_GetAlarmSubSecond), (20 bytes).
    Removing ft32f0xx_rtc.o(i.RTC_GetDate), (96 bytes).
    Removing ft32f0xx_rtc.o(i.RTC_GetFlagStatus), (44 bytes).
    Removing ft32f0xx_rtc.o(i.RTC_GetITStatus), (76 bytes).
    Removing ft32f0xx_rtc.o(i.RTC_GetStoreOperation), (16 bytes).
    Removing ft32f0xx_rtc.o(i.RTC_GetSubSecond), (16 bytes).
    Removing ft32f0xx_rtc.o(i.RTC_GetTime), (92 bytes).
    Removing ft32f0xx_rtc.o(i.RTC_GetTimeStamp), (164 bytes).
    Removing ft32f0xx_rtc.o(i.RTC_GetTimeStampSubSecond), (12 bytes).
    Removing ft32f0xx_rtc.o(i.RTC_ITConfig), (100 bytes).
    Removing ft32f0xx_rtc.o(i.RTC_Init), (88 bytes).
    Removing ft32f0xx_rtc.o(i.RTC_OutputConfig), (48 bytes).
    Removing ft32f0xx_rtc.o(i.RTC_OutputTypeConfig), (28 bytes).
    Removing ft32f0xx_rtc.o(i.RTC_RefClockCmd), (76 bytes).
    Removing ft32f0xx_rtc.o(i.RTC_SetAlarm), (216 bytes).
    Removing ft32f0xx_rtc.o(i.RTC_SetDate), (208 bytes).
    Removing ft32f0xx_rtc.o(i.RTC_SetTime), (216 bytes).
    Removing ft32f0xx_rtc.o(i.RTC_SmoothCalibConfig), (96 bytes).
    Removing ft32f0xx_rtc.o(i.RTC_StructInit), (14 bytes).
    Removing ft32f0xx_rtc.o(i.RTC_SynchroShiftConfig), (124 bytes).
    Removing ft32f0xx_rtc.o(i.RTC_TamperCmd), (32 bytes).
    Removing ft32f0xx_rtc.o(i.RTC_TamperFilterConfig), (28 bytes).
    Removing ft32f0xx_rtc.o(i.RTC_TamperPinsPrechargeDuration), (28 bytes).
    Removing ft32f0xx_rtc.o(i.RTC_TamperPullUpCmd), (40 bytes).
    Removing ft32f0xx_rtc.o(i.RTC_TamperSamplingFreqConfig), (28 bytes).
    Removing ft32f0xx_rtc.o(i.RTC_TamperTriggerConfig), (36 bytes).
    Removing ft32f0xx_rtc.o(i.RTC_TimeStampCmd), (64 bytes).
    Removing ft32f0xx_rtc.o(i.RTC_TimeStampOnTamperDetectionCmd), (36 bytes).
    Removing ft32f0xx_rtc.o(i.RTC_TimeStructInit), (12 bytes).
    Removing ft32f0xx_rtc.o(i.RTC_WaitForSynchro), (108 bytes).
    Removing ft32f0xx_rtc.o(i.RTC_WriteProtectionCmd), (28 bytes).
    Removing ft32f0xx_syscfg.o(.rev16_text), (4 bytes).
    Removing ft32f0xx_syscfg.o(.revsh_text), (4 bytes).
    Removing ft32f0xx_syscfg.o(i.SYSCFG_BreakConfig), (16 bytes).
    Removing ft32f0xx_syscfg.o(i.SYSCFG_DMAChannelRemapConfig), (32 bytes).
    Removing ft32f0xx_syscfg.o(i.SYSCFG_DeInit), (40 bytes).
    Removing ft32f0xx_syscfg.o(i.SYSCFG_I2CFastModePlusConfig), (32 bytes).
    Removing ft32f0xx_syscfg.o(i.SYSCFG_IRDAEnvSelection), (28 bytes).
    Removing ft32f0xx_syscfg.o(i.SYSCFG_MemoryRemapConfig), (28 bytes).
    Removing ft32f0xx_tim.o(.rev16_text), (4 bytes).
    Removing ft32f0xx_tim.o(.revsh_text), (4 bytes).
    Removing ft32f0xx_tim.o(i.TI1_Config), (56 bytes).
    Removing ft32f0xx_tim.o(i.TI2_Config), (76 bytes).
    Removing ft32f0xx_tim.o(i.TI3_Config), (72 bytes).
    Removing ft32f0xx_tim.o(i.TI4_Config), (80 bytes).
    Removing ft32f0xx_tim.o(i.TIM_ARRPreloadConfig), (48 bytes).
    Removing ft32f0xx_tim.o(i.TIM_BDTRConfig), (32 bytes).
    Removing ft32f0xx_tim.o(i.TIM_BDTRStructInit), (18 bytes).
    Removing ft32f0xx_tim.o(i.TIM_CCPreloadControl), (28 bytes).
    Removing ft32f0xx_tim.o(i.TIM_CCxCmd), (30 bytes).
    Removing ft32f0xx_tim.o(i.TIM_CCxNCmd), (30 bytes).
    Removing ft32f0xx_tim.o(i.TIM_ClearFlag), (6 bytes).
    Removing ft32f0xx_tim.o(i.TIM_ClearITPendingBit), (6 bytes).
    Removing ft32f0xx_tim.o(i.TIM_ClearOC1Ref), (24 bytes).
    Removing ft32f0xx_tim.o(i.TIM_ClearOC2Ref), (20 bytes).
    Removing ft32f0xx_tim.o(i.TIM_ClearOC3Ref), (24 bytes).
    Removing ft32f0xx_tim.o(i.TIM_ClearOC4Ref), (20 bytes).
    Removing ft32f0xx_tim.o(i.TIM_CounterModeConfig), (24 bytes).
    Removing ft32f0xx_tim.o(i.TIM_DMACmd), (20 bytes).
    Removing ft32f0xx_tim.o(i.TIM_DMAConfig), (12 bytes).
    Removing ft32f0xx_tim.o(i.TIM_DeInit), (208 bytes).
    Removing ft32f0xx_tim.o(i.TIM_ETRClockMode1Config), (52 bytes).
    Removing ft32f0xx_tim.o(i.TIM_ETRClockMode2Config), (34 bytes).
    Removing ft32f0xx_tim.o(i.TIM_ETRConfig), (24 bytes).
    Removing ft32f0xx_tim.o(i.TIM_EncoderInterfaceConfig), (68 bytes).
    Removing ft32f0xx_tim.o(i.TIM_ForcedOC1Config), (24 bytes).
    Removing ft32f0xx_tim.o(i.TIM_ForcedOC2Config), (24 bytes).
    Removing ft32f0xx_tim.o(i.TIM_ForcedOC3Config), (24 bytes).
    Removing ft32f0xx_tim.o(i.TIM_ForcedOC4Config), (24 bytes).
    Removing ft32f0xx_tim.o(i.TIM_GenerateEvent), (4 bytes).
    Removing ft32f0xx_tim.o(i.TIM_GetCapture1), (6 bytes).
    Removing ft32f0xx_tim.o(i.TIM_GetCapture2), (6 bytes).
    Removing ft32f0xx_tim.o(i.TIM_GetCapture3), (6 bytes).
    Removing ft32f0xx_tim.o(i.TIM_GetCapture4), (6 bytes).
    Removing ft32f0xx_tim.o(i.TIM_GetCounter), (6 bytes).
    Removing ft32f0xx_tim.o(i.TIM_GetFlagStatus), (20 bytes).
    Removing ft32f0xx_tim.o(i.TIM_GetITStatus), (38 bytes).
    Removing ft32f0xx_tim.o(i.TIM_GetPrescaler), (6 bytes).
    Removing ft32f0xx_tim.o(i.TIM_ICInit), (112 bytes).
    Removing ft32f0xx_tim.o(i.TIM_ICStructInit), (18 bytes).
    Removing ft32f0xx_tim.o(i.TIM_ITRxExternalClockConfig), (24 bytes).
    Removing ft32f0xx_tim.o(i.TIM_InternalClockConfig), (16 bytes).
    Removing ft32f0xx_tim.o(i.TIM_OC1FastConfig), (24 bytes).
    Removing ft32f0xx_tim.o(i.TIM_OC1NPolarityConfig), (24 bytes).
    Removing ft32f0xx_tim.o(i.TIM_OC1PolarityConfig), (24 bytes).
    Removing ft32f0xx_tim.o(i.TIM_OC1PreloadConfig), (24 bytes).
    Removing ft32f0xx_tim.o(i.TIM_OC2FastConfig), (24 bytes).
    Removing ft32f0xx_tim.o(i.TIM_OC2Init), (172 bytes).
    Removing ft32f0xx_tim.o(i.TIM_OC2NPolarityConfig), (24 bytes).
    Removing ft32f0xx_tim.o(i.TIM_OC2PolarityConfig), (24 bytes).
    Removing ft32f0xx_tim.o(i.TIM_OC2PreloadConfig), (24 bytes).
    Removing ft32f0xx_tim.o(i.TIM_OC3FastConfig), (24 bytes).
    Removing ft32f0xx_tim.o(i.TIM_OC3Init), (152 bytes).
    Removing ft32f0xx_tim.o(i.TIM_OC3NPolarityConfig), (24 bytes).
    Removing ft32f0xx_tim.o(i.TIM_OC3PolarityConfig), (24 bytes).
    Removing ft32f0xx_tim.o(i.TIM_OC3PreloadConfig), (24 bytes).
    Removing ft32f0xx_tim.o(i.TIM_OC4FastConfig), (24 bytes).
    Removing ft32f0xx_tim.o(i.TIM_OC4Init), (112 bytes).
    Removing ft32f0xx_tim.o(i.TIM_OC4PolarityConfig), (24 bytes).
    Removing ft32f0xx_tim.o(i.TIM_OC4PreloadConfig), (24 bytes).
    Removing ft32f0xx_tim.o(i.TIM_OCStructInit), (20 bytes).
    Removing ft32f0xx_tim.o(i.TIM_PWMIConfig), (124 bytes).
    Removing ft32f0xx_tim.o(i.TIM_PrescalerConfig), (6 bytes).
    Removing ft32f0xx_tim.o(i.TIM_RemapConfig), (6 bytes).
    Removing ft32f0xx_tim.o(i.TIM_SelectCCDMA), (28 bytes).
    Removing ft32f0xx_tim.o(i.TIM_SelectCOM), (28 bytes).
    Removing ft32f0xx_tim.o(i.TIM_SelectHallSensor), (28 bytes).
    Removing ft32f0xx_tim.o(i.TIM_SelectInputTrigger), (24 bytes).
    Removing ft32f0xx_tim.o(i.TIM_SelectMasterSlaveMode), (20 bytes).
    Removing ft32f0xx_tim.o(i.TIM_SelectOCREFClear), (20 bytes).
    Removing ft32f0xx_tim.o(i.TIM_SelectOCxM), (82 bytes).
    Removing ft32f0xx_tim.o(i.TIM_SelectOnePulseMode), (20 bytes).
    Removing ft32f0xx_tim.o(i.TIM_SelectOutputTrigger), (20 bytes).
    Removing ft32f0xx_tim.o(i.TIM_SelectSlaveMode), (20 bytes).
    Removing ft32f0xx_tim.o(i.TIM_SetAutoreload), (4 bytes).
    Removing ft32f0xx_tim.o(i.TIM_SetClockDivision), (20 bytes).
    Removing ft32f0xx_tim.o(i.TIM_SetCompare1), (4 bytes).
    Removing ft32f0xx_tim.o(i.TIM_SetCompare2), (4 bytes).
    Removing ft32f0xx_tim.o(i.TIM_SetCompare3), (4 bytes).
    Removing ft32f0xx_tim.o(i.TIM_SetCompare4), (4 bytes).
    Removing ft32f0xx_tim.o(i.TIM_SetCounter), (4 bytes).
    Removing ft32f0xx_tim.o(i.TIM_SetIC1Prescaler), (20 bytes).
    Removing ft32f0xx_tim.o(i.TIM_SetIC2Prescaler), (24 bytes).
    Removing ft32f0xx_tim.o(i.TIM_SetIC3Prescaler), (20 bytes).
    Removing ft32f0xx_tim.o(i.TIM_SetIC4Prescaler), (24 bytes).
    Removing ft32f0xx_tim.o(i.TIM_TIxExternalClockConfig), (58 bytes).
    Removing ft32f0xx_tim.o(i.TIM_TimeBaseStructInit), (18 bytes).
    Removing ft32f0xx_tim.o(i.TIM_UpdateDisableConfig), (28 bytes).
    Removing ft32f0xx_tim.o(i.TIM_UpdateRequestConfig), (28 bytes).
    Removing system_ft32f0xx.o(.rev16_text), (4 bytes).
    Removing system_ft32f0xx.o(.revsh_text), (4 bytes).
    Removing system_ft32f0xx.o(i.SystemCoreClockUpdate), (176 bytes).
    Removing system_ft32f0xx.o(.data), (20 bytes).

332 unused section(s) (total 14418 bytes) removed from the image.

==============================================================================

Image Symbol Table

    Local Symbols

    Symbol Name                              Value     Ov Type        Size  Object(Section)

    ../clib/angel/boardlib.s                 0x00000000   Number         0  boardinit3.o ABSOLUTE
    ../clib/angel/boardlib.s                 0x00000000   Number         0  boardinit1.o ABSOLUTE
    ../clib/angel/boardlib.s                 0x00000000   Number         0  boardinit2.o ABSOLUTE
    ../clib/angel/boardlib.s                 0x00000000   Number         0  boardshut.o ABSOLUTE
    ../clib/angel/handlers.s                 0x00000000   Number         0  __scatter_copy.o ABSOLUTE
    ../clib/angel/handlers.s                 0x00000000   Number         0  __scatter_zi.o ABSOLUTE
    ../clib/angel/kernel.s                   0x00000000   Number         0  rtexit.o ABSOLUTE
    ../clib/angel/kernel.s                   0x00000000   Number         0  __rtentry2.o ABSOLUTE
    ../clib/angel/kernel.s                   0x00000000   Number         0  __rtentry4.o ABSOLUTE
    ../clib/angel/kernel.s                   0x00000000   Number         0  __rtentry.o ABSOLUTE
    ../clib/angel/kernel.s                   0x00000000   Number         0  rtexit2.o ABSOLUTE
    ../clib/angel/rt.s                       0x00000000   Number         0  rt_div0.o ABSOLUTE
    ../clib/angel/rt.s                       0x00000000   Number         0  aeabi_idiv0_sigfpe.o ABSOLUTE
    ../clib/angel/rt.s                       0x00000000   Number         0  rt_raise.o ABSOLUTE
    ../clib/angel/rt.s                       0x00000000   Number         0  aeabi_idiv0.o ABSOLUTE
    ../clib/angel/scatterp.s                 0x00000000   Number         0  __scatter.o ABSOLUTE
    ../clib/angel/startup.s                  0x00000000   Number         0  __main.o ABSOLUTE
    ../clib/angel/sys.s                      0x00000000   Number         0  libspace.o ABSOLUTE
    ../clib/angel/sys.s                      0x00000000   Number         0  indicate_semi.o ABSOLUTE
    ../clib/angel/sys.s                      0x00000000   Number         0  use_no_semi.o ABSOLUTE
    ../clib/angel/sys.s                      0x00000000   Number         0  tempstk.o ABSOLUTE
    ../clib/angel/sys.s                      0x00000000   Number         0  sys_stackheap_outer.o ABSOLUTE
    ../clib/angel/sysapp.c                   0x00000000   Number         0  sys_command.o ABSOLUTE
    ../clib/angel/sysapp.c                   0x00000000   Number         0  sys_exit.o ABSOLUTE
    ../clib/angel/sysapp.c                   0x00000000   Number         0  sys_wrch.o ABSOLUTE
    ../clib/armsys.c                         0x00000000   Number         0  no_argv.o ABSOLUTE
    ../clib/armsys.c                         0x00000000   Number         0  _get_argv_nomalloc.o ABSOLUTE
    ../clib/armsys.c                         0x00000000   Number         0  argv_veneer.o ABSOLUTE
    ../clib/division.s                       0x00000000   Number         0  aeabi_sdiv.o ABSOLUTE
    ../clib/division.s                       0x00000000   Number         0  aeabi_sdiv_div0.o ABSOLUTE
    ../clib/heapalloc.c                      0x00000000   Number         0  hrguard.o ABSOLUTE
    ../clib/heapaux.c                        0x00000000   Number         0  heapauxi.o ABSOLUTE
    ../clib/libinit.s                        0x00000000   Number         0  libshutdown2.o ABSOLUTE
    ../clib/libinit.s                        0x00000000   Number         0  libinit.o ABSOLUTE
    ../clib/libinit.s                        0x00000000   Number         0  libinit2.o ABSOLUTE
    ../clib/libinit.s                        0x00000000   Number         0  libshutdown.o ABSOLUTE
    ../clib/signal.c                         0x00000000   Number         0  defsig_pvfn_inner.o ABSOLUTE
    ../clib/signal.c                         0x00000000   Number         0  defsig_stak_inner.o ABSOLUTE
    ../clib/signal.c                         0x00000000   Number         0  defsig_rtmem_outer.o ABSOLUTE
    ../clib/signal.c                         0x00000000   Number         0  defsig_rtmem_formal.o ABSOLUTE
    ../clib/signal.c                         0x00000000   Number         0  defsig_fpe_inner.o ABSOLUTE
    ../clib/signal.c                         0x00000000   Number         0  defsig_fpe_outer.o ABSOLUTE
    ../clib/signal.c                         0x00000000   Number         0  defsig_rtred_inner.o ABSOLUTE
    ../clib/signal.c                         0x00000000   Number         0  defsig_fpe_formal.o ABSOLUTE
    ../clib/signal.c                         0x00000000   Number         0  defsig_exit.o ABSOLUTE
    ../clib/signal.c                         0x00000000   Number         0  defsig_segv_inner.o ABSOLUTE
    ../clib/signal.c                         0x00000000   Number         0  defsig_general.o ABSOLUTE
    ../clib/signal.c                         0x00000000   Number         0  defsig_abrt_inner.o ABSOLUTE
    ../clib/signal.c                         0x00000000   Number         0  defsig_rtmem_inner.o ABSOLUTE
    ../clib/signal.c                         0x00000000   Number         0  __raise.o ABSOLUTE
    ../clib/signal.c                         0x00000000   Number         0  defsig_other.o ABSOLUTE
    ../clib/signal.c                         0x00000000   Number         0  defsig_cppl_inner.o ABSOLUTE
    ../clib/signal.s                         0x00000000   Number         0  defsig.o ABSOLUTE
    ../clib/stdlib.c                         0x00000000   Number         0  exit.o ABSOLUTE
    ../fplib/cfplib/cmpret.c                 0x00000000   Number         0  cmpret.o ABSOLUTE
    ../fplib/cfplib/ddiv.c                   0x00000000   Number         0  ddiv.o ABSOLUTE
    ../fplib/cfplib/dmul.c                   0x00000000   Number         0  dmul.o ABSOLUTE
    ../fplib/cfplib/fcmpin.c                 0x00000000   Number         0  fcmpin.o ABSOLUTE
    ../fplib/cfplib/fdiv.c                   0x00000000   Number         0  fdiv.o ABSOLUTE
    ../fplib/cfplib/ffix.c                   0x00000000   Number         0  dfixi.o ABSOLUTE
    ../fplib/cfplib/fflt.c                   0x00000000   Number         0  fflti.o ABSOLUTE
    ../fplib/cfplib/fpinit.c                 0x00000000   Number         0  fpinit.o ABSOLUTE
    ../fplib/cfplib/nan2.c                   0x00000000   Number         0  fnan2.o ABSOLUTE
    ../fplib/cfplib/retnan.c                 0x00000000   Number         0  retnan.o ABSOLUTE
    ../fplib/faddsub6m.s                     0x00000000   Number         0  faddsub.o ABSOLUTE
    ../fplib/fleqf6m.s                       0x00000000   Number         0  flef.o ABSOLUTE
    ../fplib/fmul6m.s                        0x00000000   Number         0  fmul.o ABSOLUTE
    ../fplib/usenofp.s                       0x00000000   Number         0  usenofp.o ABSOLUTE
    D:\Arm\Packs\FMD\FT32F0xx_DFP\1.1.0\Drivers\FT32F0xx_Driver\Src\ft32f0xx_adc.c 0x00000000   Number         0  ft32f0xx_adc.o ABSOLUTE
    D:\Arm\Packs\FMD\FT32F0xx_DFP\1.1.0\Drivers\FT32F0xx_Driver\Src\ft32f0xx_debug.c 0x00000000   Number         0  ft32f0xx_debug.o ABSOLUTE
    D:\Arm\Packs\FMD\FT32F0xx_DFP\1.1.0\Drivers\FT32F0xx_Driver\Src\ft32f0xx_dma.c 0x00000000   Number         0  ft32f0xx_dma.o ABSOLUTE
    D:\Arm\Packs\FMD\FT32F0xx_DFP\1.1.0\Drivers\FT32F0xx_Driver\Src\ft32f0xx_exti.c 0x00000000   Number         0  ft32f0xx_exti.o ABSOLUTE
    D:\Arm\Packs\FMD\FT32F0xx_DFP\1.1.0\Drivers\FT32F0xx_Driver\Src\ft32f0xx_flash.c 0x00000000   Number         0  ft32f0xx_flash.o ABSOLUTE
    D:\Arm\Packs\FMD\FT32F0xx_DFP\1.1.0\Drivers\FT32F0xx_Driver\Src\ft32f0xx_gpio.c 0x00000000   Number         0  ft32f0xx_gpio.o ABSOLUTE
    D:\Arm\Packs\FMD\FT32F0xx_DFP\1.1.0\Drivers\FT32F0xx_Driver\Src\ft32f0xx_misc.c 0x00000000   Number         0  ft32f0xx_misc.o ABSOLUTE
    D:\Arm\Packs\FMD\FT32F0xx_DFP\1.1.0\Drivers\FT32F0xx_Driver\Src\ft32f0xx_pwr.c 0x00000000   Number         0  ft32f0xx_pwr.o ABSOLUTE
    D:\Arm\Packs\FMD\FT32F0xx_DFP\1.1.0\Drivers\FT32F0xx_Driver\Src\ft32f0xx_rcc.c 0x00000000   Number         0  ft32f0xx_rcc.o ABSOLUTE
    D:\Arm\Packs\FMD\FT32F0xx_DFP\1.1.0\Drivers\FT32F0xx_Driver\Src\ft32f0xx_rtc.c 0x00000000   Number         0  ft32f0xx_rtc.o ABSOLUTE
    D:\Arm\Packs\FMD\FT32F0xx_DFP\1.1.0\Drivers\FT32F0xx_Driver\Src\ft32f0xx_syscfg.c 0x00000000   Number         0  ft32f0xx_syscfg.o ABSOLUTE
    D:\Arm\Packs\FMD\FT32F0xx_DFP\1.1.0\Drivers\FT32F0xx_Driver\Src\ft32f0xx_tim.c 0x00000000   Number         0  ft32f0xx_tim.o ABSOLUTE
    D:\\Arm\\Packs\\FMD\\FT32F0xx_DFP\\1.1.0\\Drivers\\FT32F0xx_Driver\\Src\\ft32f0xx_adc.c 0x00000000   Number         0  ft32f0xx_adc.o ABSOLUTE
    D:\\Arm\\Packs\\FMD\\FT32F0xx_DFP\\1.1.0\\Drivers\\FT32F0xx_Driver\\Src\\ft32f0xx_debug.c 0x00000000   Number         0  ft32f0xx_debug.o ABSOLUTE
    D:\\Arm\\Packs\\FMD\\FT32F0xx_DFP\\1.1.0\\Drivers\\FT32F0xx_Driver\\Src\\ft32f0xx_dma.c 0x00000000   Number         0  ft32f0xx_dma.o ABSOLUTE
    D:\\Arm\\Packs\\FMD\\FT32F0xx_DFP\\1.1.0\\Drivers\\FT32F0xx_Driver\\Src\\ft32f0xx_exti.c 0x00000000   Number         0  ft32f0xx_exti.o ABSOLUTE
    D:\\Arm\\Packs\\FMD\\FT32F0xx_DFP\\1.1.0\\Drivers\\FT32F0xx_Driver\\Src\\ft32f0xx_flash.c 0x00000000   Number         0  ft32f0xx_flash.o ABSOLUTE
    D:\\Arm\\Packs\\FMD\\FT32F0xx_DFP\\1.1.0\\Drivers\\FT32F0xx_Driver\\Src\\ft32f0xx_gpio.c 0x00000000   Number         0  ft32f0xx_gpio.o ABSOLUTE
    D:\\Arm\\Packs\\FMD\\FT32F0xx_DFP\\1.1.0\\Drivers\\FT32F0xx_Driver\\Src\\ft32f0xx_misc.c 0x00000000   Number         0  ft32f0xx_misc.o ABSOLUTE
    D:\\Arm\\Packs\\FMD\\FT32F0xx_DFP\\1.1.0\\Drivers\\FT32F0xx_Driver\\Src\\ft32f0xx_pwr.c 0x00000000   Number         0  ft32f0xx_pwr.o ABSOLUTE
    D:\\Arm\\Packs\\FMD\\FT32F0xx_DFP\\1.1.0\\Drivers\\FT32F0xx_Driver\\Src\\ft32f0xx_rcc.c 0x00000000   Number         0  ft32f0xx_rcc.o ABSOLUTE
    D:\\Arm\\Packs\\FMD\\FT32F0xx_DFP\\1.1.0\\Drivers\\FT32F0xx_Driver\\Src\\ft32f0xx_rtc.c 0x00000000   Number         0  ft32f0xx_rtc.o ABSOLUTE
    D:\\Arm\\Packs\\FMD\\FT32F0xx_DFP\\1.1.0\\Drivers\\FT32F0xx_Driver\\Src\\ft32f0xx_syscfg.c 0x00000000   Number         0  ft32f0xx_syscfg.o ABSOLUTE
    D:\\Arm\\Packs\\FMD\\FT32F0xx_DFP\\1.1.0\\Drivers\\FT32F0xx_Driver\\Src\\ft32f0xx_tim.c 0x00000000   Number         0  ft32f0xx_tim.o ABSOLUTE
    RTE\Device\FT32F030G8BUx\startup_ft32f030x8.s 0x00000000   Number         0  startup_ft32f030x8.o ABSOLUTE
    RTE\Device\FT32F030G8BUx\system_ft32f0xx.c 0x00000000   Number         0  system_ft32f0xx.o ABSOLUTE
    RTE\\Device\\FT32F030G8BUx\\system_ft32f0xx.c 0x00000000   Number         0  system_ft32f0xx.o ABSOLUTE
    USER\Sourse\ft32f0xx_it.c                0x00000000   Number         0  ft32f0xx_it.o ABSOLUTE
    USER\Sourse\main.c                       0x00000000   Number         0  main.o ABSOLUTE
    USER\\Sourse\\ft32f0xx_it.c              0x00000000   Number         0  ft32f0xx_it.o ABSOLUTE
    USER\\Sourse\\main.c                     0x00000000   Number         0  main.o ABSOLUTE
    dc.s                                     0x00000000   Number         0  dc.o ABSOLUTE
    dev_ad9877.c                             0x00000000   Number         0  dev_ad9877.o ABSOLUTE
    dev_ad9877.c                             0x00000000   Number         0  dev_ad9877.o ABSOLUTE
    dev_adc.c                                0x00000000   Number         0  dev_adc.o ABSOLUTE
    dev_adc.c                                0x00000000   Number         0  dev_adc.o ABSOLUTE
    dev_gpio.c                               0x00000000   Number         0  dev_gpio.o ABSOLUTE
    dev_gpio.c                               0x00000000   Number         0  dev_gpio.o ABSOLUTE
    dev_pwm.c                                0x00000000   Number         0  dev_pwm.o ABSOLUTE
    dev_pwm.c                                0x00000000   Number         0  dev_pwm.o ABSOLUTE
    RESET                                    0x08000000   Section      192  startup_ft32f030x8.o(RESET)
    !!!main                                  0x080000c0   Section        8  __main.o(!!!main)
    !!!scatter                               0x080000c8   Section       60  __scatter.o(!!!scatter)
    !!handler_copy                           0x08000104   Section       26  __scatter_copy.o(!!handler_copy)
    !!handler_zi                             0x08000120   Section       28  __scatter_zi.o(!!handler_zi)
    .ARM.Collect$$libinit$$00000000          0x0800013c   Section        2  libinit.o(.ARM.Collect$$libinit$$00000000)
    .ARM.Collect$$libinit$$00000002          0x0800013e   Section        0  libinit2.o(.ARM.Collect$$libinit$$00000002)
    .ARM.Collect$$libinit$$00000004          0x0800013e   Section        0  libinit2.o(.ARM.Collect$$libinit$$00000004)
    .ARM.Collect$$libinit$$0000000A          0x0800013e   Section        0  libinit2.o(.ARM.Collect$$libinit$$0000000A)
    .ARM.Collect$$libinit$$0000000C          0x0800013e   Section        0  libinit2.o(.ARM.Collect$$libinit$$0000000C)
    .ARM.Collect$$libinit$$0000000E          0x0800013e   Section        0  libinit2.o(.ARM.Collect$$libinit$$0000000E)
    .ARM.Collect$$libinit$$00000011          0x0800013e   Section        0  libinit2.o(.ARM.Collect$$libinit$$00000011)
    .ARM.Collect$$libinit$$00000013          0x0800013e   Section        0  libinit2.o(.ARM.Collect$$libinit$$00000013)
    .ARM.Collect$$libinit$$00000015          0x0800013e   Section        0  libinit2.o(.ARM.Collect$$libinit$$00000015)
    .ARM.Collect$$libinit$$00000017          0x0800013e   Section        0  libinit2.o(.ARM.Collect$$libinit$$00000017)
    .ARM.Collect$$libinit$$00000019          0x0800013e   Section        0  libinit2.o(.ARM.Collect$$libinit$$00000019)
    .ARM.Collect$$libinit$$0000001B          0x0800013e   Section        0  libinit2.o(.ARM.Collect$$libinit$$0000001B)
    .ARM.Collect$$libinit$$0000001D          0x0800013e   Section        0  libinit2.o(.ARM.Collect$$libinit$$0000001D)
    .ARM.Collect$$libinit$$0000001F          0x0800013e   Section        0  libinit2.o(.ARM.Collect$$libinit$$0000001F)
    .ARM.Collect$$libinit$$00000021          0x0800013e   Section        0  libinit2.o(.ARM.Collect$$libinit$$00000021)
    .ARM.Collect$$libinit$$00000023          0x0800013e   Section        0  libinit2.o(.ARM.Collect$$libinit$$00000023)
    .ARM.Collect$$libinit$$00000025          0x0800013e   Section        0  libinit2.o(.ARM.Collect$$libinit$$00000025)
    .ARM.Collect$$libinit$$0000002C          0x0800013e   Section        0  libinit2.o(.ARM.Collect$$libinit$$0000002C)
    .ARM.Collect$$libinit$$0000002E          0x0800013e   Section        0  libinit2.o(.ARM.Collect$$libinit$$0000002E)
    .ARM.Collect$$libinit$$00000030          0x0800013e   Section        0  libinit2.o(.ARM.Collect$$libinit$$00000030)
    .ARM.Collect$$libinit$$00000032          0x0800013e   Section        0  libinit2.o(.ARM.Collect$$libinit$$00000032)
    .ARM.Collect$$libinit$$00000033          0x0800013e   Section        2  libinit2.o(.ARM.Collect$$libinit$$00000033)
    .ARM.Collect$$libshutdown$$00000000      0x08000140   Section        2  libshutdown.o(.ARM.Collect$$libshutdown$$00000000)
    .ARM.Collect$$libshutdown$$00000002      0x08000142   Section        0  libshutdown2.o(.ARM.Collect$$libshutdown$$00000002)
    .ARM.Collect$$libshutdown$$00000004      0x08000142   Section        0  libshutdown2.o(.ARM.Collect$$libshutdown$$00000004)
    .ARM.Collect$$libshutdown$$00000007      0x08000142   Section        0  libshutdown2.o(.ARM.Collect$$libshutdown$$00000007)
    .ARM.Collect$$libshutdown$$0000000A      0x08000142   Section        0  libshutdown2.o(.ARM.Collect$$libshutdown$$0000000A)
    .ARM.Collect$$libshutdown$$0000000C      0x08000142   Section        0  libshutdown2.o(.ARM.Collect$$libshutdown$$0000000C)
    .ARM.Collect$$libshutdown$$0000000F      0x08000142   Section        0  libshutdown2.o(.ARM.Collect$$libshutdown$$0000000F)
    .ARM.Collect$$libshutdown$$00000010      0x08000142   Section        2  libshutdown2.o(.ARM.Collect$$libshutdown$$00000010)
    .ARM.Collect$$rtentry$$00000000          0x08000144   Section        0  __rtentry.o(.ARM.Collect$$rtentry$$00000000)
    .ARM.Collect$$rtentry$$00000002          0x08000144   Section        0  __rtentry2.o(.ARM.Collect$$rtentry$$00000002)
    .ARM.Collect$$rtentry$$00000004          0x08000144   Section        6  __rtentry4.o(.ARM.Collect$$rtentry$$00000004)
    .ARM.Collect$$rtentry$$00000009          0x0800014a   Section        0  __rtentry2.o(.ARM.Collect$$rtentry$$00000009)
    .ARM.Collect$$rtentry$$0000000A          0x0800014a   Section        4  __rtentry2.o(.ARM.Collect$$rtentry$$0000000A)
    .ARM.Collect$$rtentry$$0000000C          0x0800014e   Section        0  __rtentry2.o(.ARM.Collect$$rtentry$$0000000C)
    .ARM.Collect$$rtentry$$0000000D          0x0800014e   Section        8  __rtentry2.o(.ARM.Collect$$rtentry$$0000000D)
    .ARM.Collect$$rtexit$$00000000           0x08000156   Section        2  rtexit.o(.ARM.Collect$$rtexit$$00000000)
    .ARM.Collect$$rtexit$$00000002           0x08000158   Section        0  rtexit2.o(.ARM.Collect$$rtexit$$00000002)
    .ARM.Collect$$rtexit$$00000003           0x08000158   Section        4  rtexit2.o(.ARM.Collect$$rtexit$$00000003)
    .ARM.Collect$$rtexit$$00000004           0x0800015c   Section        6  rtexit2.o(.ARM.Collect$$rtexit$$00000004)
    .text                                    0x08000164   Section      116  startup_ft32f030x8.o(.text)
    .text                                    0x080001d8   Section        0  heapauxi.o(.text)
    .text                                    0x080001de   Section       62  sys_stackheap_outer.o(.text)
    .text                                    0x0800021c   Section        0  exit.o(.text)
    .text                                    0x0800022c   Section        8  libspace.o(.text)
    .text                                    0x08000234   Section        0  sys_exit.o(.text)
    .text                                    0x08000240   Section        2  use_no_semi.o(.text)
    .text                                    0x08000242   Section        0  indicate_semi.o(.text)
    i.ADC_ChannelConfig                      0x08000242   Section        0  ft32f0xx_adc.o(i.ADC_ChannelConfig)
    i.ADC_Cmd                                0x0800025a   Section        0  ft32f0xx_adc.o(i.ADC_Cmd)
    i.ADC_DMACmd                             0x08000272   Section        0  ft32f0xx_adc.o(i.ADC_DMACmd)
    i.ADC_DMARequestModeConfig               0x0800028a   Section        0  ft32f0xx_adc.o(i.ADC_DMARequestModeConfig)
    i.ADC_DMA_Config                         0x0800029c   Section        0  main.o(i.ADC_DMA_Config)
    i.ADC_DeInit                             0x080003b0   Section        0  ft32f0xx_adc.o(i.ADC_DeInit)
    i.ADC_GetCalibrationFactor               0x080003d0   Section        0  ft32f0xx_adc.o(i.ADC_GetCalibrationFactor)
    i.ADC_GetFlagStatus                      0x0800040c   Section        0  ft32f0xx_adc.o(i.ADC_GetFlagStatus)
    i.ADC_Init                               0x0800043c   Section        0  ft32f0xx_adc.o(i.ADC_Init)
    i.ADC_StartOfConversion                  0x08000468   Section        0  ft32f0xx_adc.o(i.ADC_StartOfConversion)
    i.ADC_StructInit                         0x08000472   Section        0  ft32f0xx_adc.o(i.ADC_StructInit)
    i.DMA_Cmd                                0x08000484   Section        0  ft32f0xx_dma.o(i.DMA_Cmd)
    i.DMA_DeInit                             0x080004a0   Section        0  ft32f0xx_dma.o(i.DMA_DeInit)
    i.DMA_ITConfig                           0x08000540   Section        0  ft32f0xx_dma.o(i.DMA_ITConfig)
    i.DMA_Init                               0x08000554   Section        0  ft32f0xx_dma.o(i.DMA_Init)
    i.EXTI4_15_IRQHandler                    0x08000594   Section        0  ft32f0xx_it.o(i.EXTI4_15_IRQHandler)
    i.EXTI_GetITStatus                       0x080005a4   Section        0  ft32f0xx_exti.o(i.EXTI_GetITStatus)
    i.EXTI_Init                              0x080005c0   Section        0  ft32f0xx_exti.o(i.EXTI_Init)
    i.FT32_EXIT_Init                         0x08000648   Section        0  main.o(i.FT32_EXIT_Init)
    i.FT32_GPIO_Init                         0x080006b4   Section        0  main.o(i.FT32_GPIO_Init)
    i.GPIO_Init                              0x08000708   Section        0  ft32f0xx_gpio.o(i.GPIO_Init)
    i.HardFault_Handler                      0x08000798   Section        0  ft32f0xx_it.o(i.HardFault_Handler)
    i.NMI_Handler                            0x0800079c   Section        0  ft32f0xx_it.o(i.NMI_Handler)
    i.NVIC_Init                              0x080007a0   Section        0  ft32f0xx_misc.o(i.NVIC_Init)
    i.PendSV_Handler                         0x08000810   Section        0  ft32f0xx_it.o(i.PendSV_Handler)
    i.RCC_AHBPeriphClockCmd                  0x08000814   Section        0  ft32f0xx_rcc.o(i.RCC_AHBPeriphClockCmd)
    i.RCC_APB1PeriphClockCmd                 0x08000834   Section        0  ft32f0xx_rcc.o(i.RCC_APB1PeriphClockCmd)
    i.RCC_APB2PeriphClockCmd                 0x08000854   Section        0  ft32f0xx_rcc.o(i.RCC_APB2PeriphClockCmd)
    i.RCC_APB2PeriphResetCmd                 0x08000874   Section        0  ft32f0xx_rcc.o(i.RCC_APB2PeriphResetCmd)
    i.RTC_IRQHandler                         0x08000894   Section        0  ft32f0xx_it.o(i.RTC_IRQHandler)
    i.SVC_Handler                            0x08000896   Section        0  ft32f0xx_it.o(i.SVC_Handler)
    i.SYSCFG_EXTILineConfig                  0x08000898   Section        0  ft32f0xx_syscfg.o(i.SYSCFG_EXTILineConfig)
    i.SetSysClock                            0x080008d8   Section        0  system_ft32f0xx.o(i.SetSysClock)
    SetSysClock                              0x080008d9   Thumb Code     8  system_ft32f0xx.o(i.SetSysClock)
    i.SetSysClockTo48                        0x080008e0   Section        0  system_ft32f0xx.o(i.SetSysClockTo48)
    SetSysClockTo48                          0x080008e1   Thumb Code   198  system_ft32f0xx.o(i.SetSysClockTo48)
    i.SysTick_Handler                        0x080009b0   Section        0  ft32f0xx_it.o(i.SysTick_Handler)
    i.SystemInit                             0x080009b4   Section        0  system_ft32f0xx.o(i.SystemInit)
    i.TIM14_IRQHandler                       0x08000a30   Section        0  ft32f0xx_it.o(i.TIM14_IRQHandler)
    i.TIM1_BRK_UP_TRG_COM_IRQHandler         0x08000a32   Section        0  ft32f0xx_it.o(i.TIM1_BRK_UP_TRG_COM_IRQHandler)
    i.TIM_Cmd                                0x08000a34   Section        0  ft32f0xx_tim.o(i.TIM_Cmd)
    i.TIM_CtrlPWMOutputs                     0x08000a50   Section        0  ft32f0xx_tim.o(i.TIM_CtrlPWMOutputs)
    i.TIM_ITConfig                           0x08000a72   Section        0  ft32f0xx_tim.o(i.TIM_ITConfig)
    i.TIM_OC1Init                            0x08000a88   Section        0  ft32f0xx_tim.o(i.TIM_OC1Init)
    i.TIM_TimeBaseInit                       0x08000b1c   Section        0  ft32f0xx_tim.o(i.TIM_TimeBaseInit)
    i.Tim14BaseInit                          0x08000b98   Section        0  main.o(i.Tim14BaseInit)
    i.Tim1BaseInit                           0x08000c14   Section        0  main.o(i.Tim1BaseInit)
    i.Tim3BaseInit                           0x08000c78   Section        0  main.o(i.Tim3BaseInit)
    i.main                                   0x08000d10   Section        0  main.o(i.main)
    .data                                    0x20000000   Section        8  main.o(.data)
    .bss                                     0x20000008   Section       96  libspace.o(.bss)
    HEAP                                     0x20000068   Section      512  startup_ft32f030x8.o(HEAP)
    Heap_Mem                                 0x20000068   Data         512  startup_ft32f030x8.o(HEAP)
    STACK                                    0x20000268   Section     1024  startup_ft32f030x8.o(STACK)
    Stack_Mem                                0x20000268   Data        1024  startup_ft32f030x8.o(STACK)
    __initial_sp                             0x20000668   Data           0  startup_ft32f030x8.o(STACK)

    Global Symbols

    Symbol Name                              Value     Ov Type        Size  Object(Section)

    BuildAttributes$$THM_ISAv3M$S$PE$A:L22$X:L11$S22$IEEE1$IW$USESV6$~STKCKD$USESV7$~SHL$OSPACE$ROPI$EBA8$UX$STANDARDLIB$REQ8$PRES8$EABIv2 0x00000000   Number         0  anon$$obj.o ABSOLUTE
    __ARM_use_no_argv                        0x00000000   Number         0  main.o ABSOLUTE
    __ARM_exceptions_init                     - Undefined Weak Reference
    __alloca_initialize                       - Undefined Weak Reference
    __arm_preinit_                            - Undefined Weak Reference
    __cpp_initialize__aeabi_                  - Undefined Weak Reference
    __cxa_finalize                            - Undefined Weak Reference
    __rt_locale                               - Undefined Weak Reference
    __sigvec_lookup                           - Undefined Weak Reference
    _atexit_init                              - Undefined Weak Reference
    _call_atexit_fns                          - Undefined Weak Reference
    _clock_init                               - Undefined Weak Reference
    _fp_trap_init                             - Undefined Weak Reference
    _fp_trap_shutdown                         - Undefined Weak Reference
    _get_lc_collate                           - Undefined Weak Reference
    _get_lc_ctype                             - Undefined Weak Reference
    _get_lc_monetary                          - Undefined Weak Reference
    _get_lc_numeric                           - Undefined Weak Reference
    _get_lc_time                              - Undefined Weak Reference
    _getenv_init                              - Undefined Weak Reference
    _handle_redirection                       - Undefined Weak Reference
    _init_alloc                               - Undefined Weak Reference
    _init_user_alloc                          - Undefined Weak Reference
    _initio                                   - Undefined Weak Reference
    _rand_init                                - Undefined Weak Reference
    _signal_finish                            - Undefined Weak Reference
    _signal_init                              - Undefined Weak Reference
    _terminate_alloc                          - Undefined Weak Reference
    _terminate_user_alloc                     - Undefined Weak Reference
    _terminateio                              - Undefined Weak Reference
    __Vectors_Size                           0x000000c0   Number         0  startup_ft32f030x8.o ABSOLUTE
    __Vectors                                0x08000000   Data           4  startup_ft32f030x8.o(RESET)
    __Vectors_End                            0x080000c0   Data           0  startup_ft32f030x8.o(RESET)
    __main                                   0x080000c1   Thumb Code     8  __main.o(!!!main)
    __scatterload                            0x080000c9   Thumb Code     0  __scatter.o(!!!scatter)
    __scatterload_rt2                        0x080000c9   Thumb Code    52  __scatter.o(!!!scatter)
    __scatterload_rt2_thumb_only             0x080000c9   Thumb Code     0  __scatter.o(!!!scatter)
    __scatterload_null                       0x080000d9   Thumb Code     0  __scatter.o(!!!scatter)
    __scatterload_copy                       0x08000105   Thumb Code    26  __scatter_copy.o(!!handler_copy)
    __scatterload_zeroinit                   0x08000121   Thumb Code    28  __scatter_zi.o(!!handler_zi)
    __rt_lib_init                            0x0800013d   Thumb Code     0  libinit.o(.ARM.Collect$$libinit$$00000000)
    __rt_lib_init_alloca_1                   0x0800013f   Thumb Code     0  libinit2.o(.ARM.Collect$$libinit$$0000002E)
    __rt_lib_init_argv_1                     0x0800013f   Thumb Code     0  libinit2.o(.ARM.Collect$$libinit$$0000002C)
    __rt_lib_init_atexit_1                   0x0800013f   Thumb Code     0  libinit2.o(.ARM.Collect$$libinit$$0000001B)
    __rt_lib_init_clock_1                    0x0800013f   Thumb Code     0  libinit2.o(.ARM.Collect$$libinit$$00000021)
    __rt_lib_init_cpp_1                      0x0800013f   Thumb Code     0  libinit2.o(.ARM.Collect$$libinit$$00000032)
    __rt_lib_init_exceptions_1               0x0800013f   Thumb Code     0  libinit2.o(.ARM.Collect$$libinit$$00000030)
    __rt_lib_init_fp_1                       0x0800013f   Thumb Code     0  libinit2.o(.ARM.Collect$$libinit$$00000002)
    __rt_lib_init_fp_trap_1                  0x0800013f   Thumb Code     0  libinit2.o(.ARM.Collect$$libinit$$0000001F)
    __rt_lib_init_getenv_1                   0x0800013f   Thumb Code     0  libinit2.o(.ARM.Collect$$libinit$$00000023)
    __rt_lib_init_heap_1                     0x0800013f   Thumb Code     0  libinit2.o(.ARM.Collect$$libinit$$0000000A)
    __rt_lib_init_lc_collate_1               0x0800013f   Thumb Code     0  libinit2.o(.ARM.Collect$$libinit$$00000011)
    __rt_lib_init_lc_ctype_1                 0x0800013f   Thumb Code     0  libinit2.o(.ARM.Collect$$libinit$$00000013)
    __rt_lib_init_lc_monetary_1              0x0800013f   Thumb Code     0  libinit2.o(.ARM.Collect$$libinit$$00000015)
    __rt_lib_init_lc_numeric_1               0x0800013f   Thumb Code     0  libinit2.o(.ARM.Collect$$libinit$$00000017)
    __rt_lib_init_lc_time_1                  0x0800013f   Thumb Code     0  libinit2.o(.ARM.Collect$$libinit$$00000019)
    __rt_lib_init_preinit_1                  0x0800013f   Thumb Code     0  libinit2.o(.ARM.Collect$$libinit$$00000004)
    __rt_lib_init_rand_1                     0x0800013f   Thumb Code     0  libinit2.o(.ARM.Collect$$libinit$$0000000E)
    __rt_lib_init_return                     0x0800013f   Thumb Code     0  libinit2.o(.ARM.Collect$$libinit$$00000033)
    __rt_lib_init_signal_1                   0x0800013f   Thumb Code     0  libinit2.o(.ARM.Collect$$libinit$$0000001D)
    __rt_lib_init_stdio_1                    0x0800013f   Thumb Code     0  libinit2.o(.ARM.Collect$$libinit$$00000025)
    __rt_lib_init_user_alloc_1               0x0800013f   Thumb Code     0  libinit2.o(.ARM.Collect$$libinit$$0000000C)
    __rt_lib_shutdown                        0x08000141   Thumb Code     0  libshutdown.o(.ARM.Collect$$libshutdown$$00000000)
    __rt_lib_shutdown_cpp_1                  0x08000143   Thumb Code     0  libshutdown2.o(.ARM.Collect$$libshutdown$$00000002)
    __rt_lib_shutdown_fp_trap_1              0x08000143   Thumb Code     0  libshutdown2.o(.ARM.Collect$$libshutdown$$00000007)
    __rt_lib_shutdown_heap_1                 0x08000143   Thumb Code     0  libshutdown2.o(.ARM.Collect$$libshutdown$$0000000F)
    __rt_lib_shutdown_return                 0x08000143   Thumb Code     0  libshutdown2.o(.ARM.Collect$$libshutdown$$00000010)
    __rt_lib_shutdown_signal_1               0x08000143   Thumb Code     0  libshutdown2.o(.ARM.Collect$$libshutdown$$0000000A)
    __rt_lib_shutdown_stdio_1                0x08000143   Thumb Code     0  libshutdown2.o(.ARM.Collect$$libshutdown$$00000004)
    __rt_lib_shutdown_user_alloc_1           0x08000143   Thumb Code     0  libshutdown2.o(.ARM.Collect$$libshutdown$$0000000C)
    __rt_entry                               0x08000145   Thumb Code     0  __rtentry.o(.ARM.Collect$$rtentry$$00000000)
    __rt_entry_presh_1                       0x08000145   Thumb Code     0  __rtentry2.o(.ARM.Collect$$rtentry$$00000002)
    __rt_entry_sh                            0x08000145   Thumb Code     0  __rtentry4.o(.ARM.Collect$$rtentry$$00000004)
    __rt_entry_li                            0x0800014b   Thumb Code     0  __rtentry2.o(.ARM.Collect$$rtentry$$0000000A)
    __rt_entry_postsh_1                      0x0800014b   Thumb Code     0  __rtentry2.o(.ARM.Collect$$rtentry$$00000009)
    __rt_entry_main                          0x0800014f   Thumb Code     0  __rtentry2.o(.ARM.Collect$$rtentry$$0000000D)
    __rt_entry_postli_1                      0x0800014f   Thumb Code     0  __rtentry2.o(.ARM.Collect$$rtentry$$0000000C)
    __rt_exit                                0x08000157   Thumb Code     0  rtexit.o(.ARM.Collect$$rtexit$$00000000)
    __rt_exit_ls                             0x08000159   Thumb Code     0  rtexit2.o(.ARM.Collect$$rtexit$$00000003)
    __rt_exit_prels_1                        0x08000159   Thumb Code     0  rtexit2.o(.ARM.Collect$$rtexit$$00000002)
    __rt_exit_exit                           0x0800015d   Thumb Code     0  rtexit2.o(.ARM.Collect$$rtexit$$00000004)
    Reset_Handler                            0x08000165   Thumb Code    38  startup_ft32f030x8.o(.text)
    ADC1_IRQHandler                          0x08000195   Thumb Code     0  startup_ft32f030x8.o(.text)
    DMA1_Channel1_IRQHandler                 0x08000195   Thumb Code     0  startup_ft32f030x8.o(.text)
    DMA1_Channel2_3_IRQHandler               0x08000195   Thumb Code     0  startup_ft32f030x8.o(.text)
    DMA1_Channel4_5_IRQHandler               0x08000195   Thumb Code     0  startup_ft32f030x8.o(.text)
    EXTI0_1_IRQHandler                       0x08000195   Thumb Code     0  startup_ft32f030x8.o(.text)
    EXTI2_3_IRQHandler                       0x08000195   Thumb Code     0  startup_ft32f030x8.o(.text)
    FLASH_IRQHandler                         0x08000195   Thumb Code     0  startup_ft32f030x8.o(.text)
    I2C1_IRQHandler                          0x08000195   Thumb Code     0  startup_ft32f030x8.o(.text)
    I2C2_IRQHandler                          0x08000195   Thumb Code     0  startup_ft32f030x8.o(.text)
    PVD_VDDIO_IRQHandler                     0x08000195   Thumb Code     0  startup_ft32f030x8.o(.text)
    RCC_IRQHandler                           0x08000195   Thumb Code     0  startup_ft32f030x8.o(.text)
    SPI1_IRQHandler                          0x08000195   Thumb Code     0  startup_ft32f030x8.o(.text)
    SPI2_IRQHandler                          0x08000195   Thumb Code     0  startup_ft32f030x8.o(.text)
    TIM15_IRQHandler                         0x08000195   Thumb Code     0  startup_ft32f030x8.o(.text)
    TIM16_IRQHandler                         0x08000195   Thumb Code     0  startup_ft32f030x8.o(.text)
    TIM17_IRQHandler                         0x08000195   Thumb Code     0  startup_ft32f030x8.o(.text)
    TIM1_CC_IRQHandler                       0x08000195   Thumb Code     0  startup_ft32f030x8.o(.text)
    TIM3_IRQHandler                          0x08000195   Thumb Code     0  startup_ft32f030x8.o(.text)
    TIM6_IRQHandler                          0x08000195   Thumb Code     0  startup_ft32f030x8.o(.text)
    USART1_IRQHandler                        0x08000195   Thumb Code     0  startup_ft32f030x8.o(.text)
    USART2_IRQHandler                        0x08000195   Thumb Code     0  startup_ft32f030x8.o(.text)
    USB_IRQHandler                           0x08000195   Thumb Code     0  startup_ft32f030x8.o(.text)
    WWDG_IRQHandler                          0x08000195   Thumb Code     0  startup_ft32f030x8.o(.text)
    __user_initial_stackheap                 0x08000199   Thumb Code     0  startup_ft32f030x8.o(.text)
    __use_two_region_memory                  0x080001d9   Thumb Code     2  heapauxi.o(.text)
    __rt_heap_escrow$2region                 0x080001db   Thumb Code     2  heapauxi.o(.text)
    __rt_heap_expand$2region                 0x080001dd   Thumb Code     2  heapauxi.o(.text)
    __user_setup_stackheap                   0x080001df   Thumb Code    62  sys_stackheap_outer.o(.text)
    exit                                     0x0800021d   Thumb Code    16  exit.o(.text)
    __user_libspace                          0x0800022d   Thumb Code     8  libspace.o(.text)
    __user_perproc_libspace                  0x0800022d   Thumb Code     0  libspace.o(.text)
    __user_perthread_libspace                0x0800022d   Thumb Code     0  libspace.o(.text)
    _sys_exit                                0x08000235   Thumb Code     8  sys_exit.o(.text)
    __I$use$semihosting                      0x08000241   Thumb Code     0  use_no_semi.o(.text)
    __use_no_semihosting_swi                 0x08000241   Thumb Code     2  use_no_semi.o(.text)
    ADC_ChannelConfig                        0x08000243   Thumb Code    24  ft32f0xx_adc.o(i.ADC_ChannelConfig)
    __semihosting_library_function           0x08000243   Thumb Code     0  indicate_semi.o(.text)
    ADC_Cmd                                  0x0800025b   Thumb Code    24  ft32f0xx_adc.o(i.ADC_Cmd)
    ADC_DMACmd                               0x08000273   Thumb Code    24  ft32f0xx_adc.o(i.ADC_DMACmd)
    ADC_DMARequestModeConfig                 0x0800028b   Thumb Code    16  ft32f0xx_adc.o(i.ADC_DMARequestModeConfig)
    ADC_DMA_Config                           0x0800029d   Thumb Code   264  main.o(i.ADC_DMA_Config)
    ADC_DeInit                               0x080003b1   Thumb Code    28  ft32f0xx_adc.o(i.ADC_DeInit)
    ADC_GetCalibrationFactor                 0x080003d1   Thumb Code    60  ft32f0xx_adc.o(i.ADC_GetCalibrationFactor)
    ADC_GetFlagStatus                        0x0800040d   Thumb Code    48  ft32f0xx_adc.o(i.ADC_GetFlagStatus)
    ADC_Init                                 0x0800043d   Thumb Code    40  ft32f0xx_adc.o(i.ADC_Init)
    ADC_StartOfConversion                    0x08000469   Thumb Code    10  ft32f0xx_adc.o(i.ADC_StartOfConversion)
    ADC_StructInit                           0x08000473   Thumb Code    16  ft32f0xx_adc.o(i.ADC_StructInit)
    DMA_Cmd                                  0x08000485   Thumb Code    24  ft32f0xx_dma.o(i.DMA_Cmd)
    DMA_DeInit                               0x080004a1   Thumb Code   152  ft32f0xx_dma.o(i.DMA_DeInit)
    DMA_ITConfig                             0x08000541   Thumb Code    20  ft32f0xx_dma.o(i.DMA_ITConfig)
    DMA_Init                                 0x08000555   Thumb Code    58  ft32f0xx_dma.o(i.DMA_Init)
    EXTI4_15_IRQHandler                      0x08000595   Thumb Code    16  ft32f0xx_it.o(i.EXTI4_15_IRQHandler)
    EXTI_GetITStatus                         0x080005a5   Thumb Code    22  ft32f0xx_exti.o(i.EXTI_GetITStatus)
    EXTI_Init                                0x080005c1   Thumb Code   132  ft32f0xx_exti.o(i.EXTI_Init)
    FT32_EXIT_Init                           0x08000649   Thumb Code   106  main.o(i.FT32_EXIT_Init)
    FT32_GPIO_Init                           0x080006b5   Thumb Code    76  main.o(i.FT32_GPIO_Init)
    GPIO_Init                                0x08000709   Thumb Code   144  ft32f0xx_gpio.o(i.GPIO_Init)
    HardFault_Handler                        0x08000799   Thumb Code     4  ft32f0xx_it.o(i.HardFault_Handler)
    NMI_Handler                              0x0800079d   Thumb Code     2  ft32f0xx_it.o(i.NMI_Handler)
    NVIC_Init                                0x080007a1   Thumb Code   106  ft32f0xx_misc.o(i.NVIC_Init)
    PendSV_Handler                           0x08000811   Thumb Code     2  ft32f0xx_it.o(i.PendSV_Handler)
    RCC_AHBPeriphClockCmd                    0x08000815   Thumb Code    28  ft32f0xx_rcc.o(i.RCC_AHBPeriphClockCmd)
    RCC_APB1PeriphClockCmd                   0x08000835   Thumb Code    28  ft32f0xx_rcc.o(i.RCC_APB1PeriphClockCmd)
    RCC_APB2PeriphClockCmd                   0x08000855   Thumb Code    28  ft32f0xx_rcc.o(i.RCC_APB2PeriphClockCmd)
    RCC_APB2PeriphResetCmd                   0x08000875   Thumb Code    28  ft32f0xx_rcc.o(i.RCC_APB2PeriphResetCmd)
    RTC_IRQHandler                           0x08000895   Thumb Code     2  ft32f0xx_it.o(i.RTC_IRQHandler)
    SVC_Handler                              0x08000897   Thumb Code     2  ft32f0xx_it.o(i.SVC_Handler)
    SYSCFG_EXTILineConfig                    0x08000899   Thumb Code    60  ft32f0xx_syscfg.o(i.SYSCFG_EXTILineConfig)
    SysTick_Handler                          0x080009b1   Thumb Code     2  ft32f0xx_it.o(i.SysTick_Handler)
    SystemInit                               0x080009b5   Thumb Code   110  system_ft32f0xx.o(i.SystemInit)
    TIM14_IRQHandler                         0x08000a31   Thumb Code     2  ft32f0xx_it.o(i.TIM14_IRQHandler)
    TIM1_BRK_UP_TRG_COM_IRQHandler           0x08000a33   Thumb Code     2  ft32f0xx_it.o(i.TIM1_BRK_UP_TRG_COM_IRQHandler)
    TIM_Cmd                                  0x08000a35   Thumb Code    24  ft32f0xx_tim.o(i.TIM_Cmd)
    TIM_CtrlPWMOutputs                       0x08000a51   Thumb Code    34  ft32f0xx_tim.o(i.TIM_CtrlPWMOutputs)
    TIM_ITConfig                             0x08000a73   Thumb Code    20  ft32f0xx_tim.o(i.TIM_ITConfig)
    TIM_OC1Init                              0x08000a89   Thumb Code   122  ft32f0xx_tim.o(i.TIM_OC1Init)
    TIM_TimeBaseInit                         0x08000b1d   Thumb Code    90  ft32f0xx_tim.o(i.TIM_TimeBaseInit)
    Tim14BaseInit                            0x08000b99   Thumb Code   120  main.o(i.Tim14BaseInit)
    Tim1BaseInit                             0x08000c15   Thumb Code    90  main.o(i.Tim1BaseInit)
    Tim3BaseInit                             0x08000c79   Thumb Code   144  main.o(i.Tim3BaseInit)
    main                                     0x08000d11   Thumb Code    28  main.o(i.main)
    Region$$Table$$Base                      0x08000d2c   Number         0  anon$$obj.o(Region$$Table)
    Region$$Table$$Limit                     0x08000d4c   Number         0  anon$$obj.o(Region$$Table)
    DMA_DualConvertedValue                   0x20000000   Data           8  main.o(.data)
    __libspace_start                         0x20000008   Data          96  libspace.o(.bss)
    __temporary_stack_top$libspace           0x20000068   Data           0  libspace.o(.bss)



==============================================================================

Memory Map of the image

  Image Entry point : 0x080000c1

  Load Region LR_IROM1 (Base: 0x08000000, Size: 0x00000d54, Max: 0x00010000, ABSOLUTE)

    Execution Region ER_IROM1 (Exec base: 0x08000000, Load base: 0x08000000, Size: 0x00000d4c, Max: 0x00010000, ABSOLUTE)

    Exec Addr    Load Addr    Size         Type   Attr      Idx    E Section Name        Object

    0x08000000   0x08000000   0x000000c0   Data   RO         2407    RESET               startup_ft32f030x8.o
    0x080000c0   0x080000c0   0x00000008   Code   RO         2469  * !!!main             c_p.l(__main.o)
    0x080000c8   0x080000c8   0x0000003c   Code   RO         2669    !!!scatter          c_p.l(__scatter.o)
    0x08000104   0x08000104   0x0000001a   Code   RO         2671    !!handler_copy      c_p.l(__scatter_copy.o)
    0x0800011e   0x0800011e   0x00000002   PAD
    0x08000120   0x08000120   0x0000001c   Code   RO         2673    !!handler_zi        c_p.l(__scatter_zi.o)
    0x0800013c   0x0800013c   0x00000002   Code   RO         2536    .ARM.Collect$$libinit$$00000000  c_p.l(libinit.o)
    0x0800013e   0x0800013e   0x00000000   Code   RO         2552    .ARM.Collect$$libinit$$00000002  c_p.l(libinit2.o)
    0x0800013e   0x0800013e   0x00000000   Code   RO         2554    .ARM.Collect$$libinit$$00000004  c_p.l(libinit2.o)
    0x0800013e   0x0800013e   0x00000000   Code   RO         2557    .ARM.Collect$$libinit$$0000000A  c_p.l(libinit2.o)
    0x0800013e   0x0800013e   0x00000000   Code   RO         2559    .ARM.Collect$$libinit$$0000000C  c_p.l(libinit2.o)
    0x0800013e   0x0800013e   0x00000000   Code   RO         2561    .ARM.Collect$$libinit$$0000000E  c_p.l(libinit2.o)
    0x0800013e   0x0800013e   0x00000000   Code   RO         2564    .ARM.Collect$$libinit$$00000011  c_p.l(libinit2.o)
    0x0800013e   0x0800013e   0x00000000   Code   RO         2566    .ARM.Collect$$libinit$$00000013  c_p.l(libinit2.o)
    0x0800013e   0x0800013e   0x00000000   Code   RO         2568    .ARM.Collect$$libinit$$00000015  c_p.l(libinit2.o)
    0x0800013e   0x0800013e   0x00000000   Code   RO         2570    .ARM.Collect$$libinit$$00000017  c_p.l(libinit2.o)
    0x0800013e   0x0800013e   0x00000000   Code   RO         2572    .ARM.Collect$$libinit$$00000019  c_p.l(libinit2.o)
    0x0800013e   0x0800013e   0x00000000   Code   RO         2574    .ARM.Collect$$libinit$$0000001B  c_p.l(libinit2.o)
    0x0800013e   0x0800013e   0x00000000   Code   RO         2576    .ARM.Collect$$libinit$$0000001D  c_p.l(libinit2.o)
    0x0800013e   0x0800013e   0x00000000   Code   RO         2578    .ARM.Collect$$libinit$$0000001F  c_p.l(libinit2.o)
    0x0800013e   0x0800013e   0x00000000   Code   RO         2580    .ARM.Collect$$libinit$$00000021  c_p.l(libinit2.o)
    0x0800013e   0x0800013e   0x00000000   Code   RO         2582    .ARM.Collect$$libinit$$00000023  c_p.l(libinit2.o)
    0x0800013e   0x0800013e   0x00000000   Code   RO         2584    .ARM.Collect$$libinit$$00000025  c_p.l(libinit2.o)
    0x0800013e   0x0800013e   0x00000000   Code   RO         2588    .ARM.Collect$$libinit$$0000002C  c_p.l(libinit2.o)
    0x0800013e   0x0800013e   0x00000000   Code   RO         2590    .ARM.Collect$$libinit$$0000002E  c_p.l(libinit2.o)
    0x0800013e   0x0800013e   0x00000000   Code   RO         2592    .ARM.Collect$$libinit$$00000030  c_p.l(libinit2.o)
    0x0800013e   0x0800013e   0x00000000   Code   RO         2594    .ARM.Collect$$libinit$$00000032  c_p.l(libinit2.o)
    0x0800013e   0x0800013e   0x00000002   Code   RO         2595    .ARM.Collect$$libinit$$00000033  c_p.l(libinit2.o)
    0x08000140   0x08000140   0x00000002   Code   RO         2626    .ARM.Collect$$libshutdown$$00000000  c_p.l(libshutdown.o)
    0x08000142   0x08000142   0x00000000   Code   RO         2652    .ARM.Collect$$libshutdown$$00000002  c_p.l(libshutdown2.o)
    0x08000142   0x08000142   0x00000000   Code   RO         2654    .ARM.Collect$$libshutdown$$00000004  c_p.l(libshutdown2.o)
    0x08000142   0x08000142   0x00000000   Code   RO         2657    .ARM.Collect$$libshutdown$$00000007  c_p.l(libshutdown2.o)
    0x08000142   0x08000142   0x00000000   Code   RO         2660    .ARM.Collect$$libshutdown$$0000000A  c_p.l(libshutdown2.o)
    0x08000142   0x08000142   0x00000000   Code   RO         2662    .ARM.Collect$$libshutdown$$0000000C  c_p.l(libshutdown2.o)
    0x08000142   0x08000142   0x00000000   Code   RO         2665    .ARM.Collect$$libshutdown$$0000000F  c_p.l(libshutdown2.o)
    0x08000142   0x08000142   0x00000002   Code   RO         2666    .ARM.Collect$$libshutdown$$00000010  c_p.l(libshutdown2.o)
    0x08000144   0x08000144   0x00000000   Code   RO         2493    .ARM.Collect$$rtentry$$00000000  c_p.l(__rtentry.o)
    0x08000144   0x08000144   0x00000000   Code   RO         2502    .ARM.Collect$$rtentry$$00000002  c_p.l(__rtentry2.o)
    0x08000144   0x08000144   0x00000006   Code   RO         2514    .ARM.Collect$$rtentry$$00000004  c_p.l(__rtentry4.o)
    0x0800014a   0x0800014a   0x00000000   Code   RO         2504    .ARM.Collect$$rtentry$$00000009  c_p.l(__rtentry2.o)
    0x0800014a   0x0800014a   0x00000004   Code   RO         2505    .ARM.Collect$$rtentry$$0000000A  c_p.l(__rtentry2.o)
    0x0800014e   0x0800014e   0x00000000   Code   RO         2507    .ARM.Collect$$rtentry$$0000000C  c_p.l(__rtentry2.o)
    0x0800014e   0x0800014e   0x00000008   Code   RO         2508    .ARM.Collect$$rtentry$$0000000D  c_p.l(__rtentry2.o)
    0x08000156   0x08000156   0x00000002   Code   RO         2543    .ARM.Collect$$rtexit$$00000000  c_p.l(rtexit.o)
    0x08000158   0x08000158   0x00000000   Code   RO         2599    .ARM.Collect$$rtexit$$00000002  c_p.l(rtexit2.o)
    0x08000158   0x08000158   0x00000004   Code   RO         2600    .ARM.Collect$$rtexit$$00000003  c_p.l(rtexit2.o)
    0x0800015c   0x0800015c   0x00000006   Code   RO         2601    .ARM.Collect$$rtexit$$00000004  c_p.l(rtexit2.o)
    0x08000162   0x08000162   0x00000002   PAD
    0x08000164   0x08000164   0x00000074   Code   RO         2408    .text               startup_ft32f030x8.o
    0x080001d8   0x080001d8   0x00000006   Code   RO         2467    .text               c_p.l(heapauxi.o)
    0x080001de   0x080001de   0x0000003e   Code   RO         2522    .text               c_p.l(sys_stackheap_outer.o)
    0x0800021c   0x0800021c   0x00000010   Code   RO         2525    .text               c_p.l(exit.o)
    0x0800022c   0x0800022c   0x00000008   Code   RO         2539    .text               c_p.l(libspace.o)
    0x08000234   0x08000234   0x0000000c   Code   RO         2596    .text               c_p.l(sys_exit.o)
    0x08000240   0x08000240   0x00000002   Code   RO         2615    .text               c_p.l(use_no_semi.o)
    0x08000242   0x08000242   0x00000000   Code   RO         2617    .text               c_p.l(indicate_semi.o)
    0x08000242   0x08000242   0x00000018   Code   RO          400    i.ADC_ChannelConfig  ft32f0xx_adc.o
    0x0800025a   0x0800025a   0x00000018   Code   RO          404    i.ADC_Cmd           ft32f0xx_adc.o
    0x08000272   0x08000272   0x00000018   Code   RO          406    i.ADC_DMACmd        ft32f0xx_adc.o
    0x0800028a   0x0800028a   0x00000010   Code   RO          407    i.ADC_DMARequestModeConfig  ft32f0xx_adc.o
    0x0800029a   0x0800029a   0x00000002   PAD
    0x0800029c   0x0800029c   0x00000114   Code   RO          145    i.ADC_DMA_Config    main.o
    0x080003b0   0x080003b0   0x00000020   Code   RO          408    i.ADC_DeInit        ft32f0xx_adc.o
    0x080003d0   0x080003d0   0x0000003c   Code   RO          410    i.ADC_GetCalibrationFactor  ft32f0xx_adc.o
    0x0800040c   0x0800040c   0x00000030   Code   RO          412    i.ADC_GetFlagStatus  ft32f0xx_adc.o
    0x0800043c   0x0800043c   0x0000002c   Code   RO          415    i.ADC_Init          ft32f0xx_adc.o
    0x08000468   0x08000468   0x0000000a   Code   RO          420    i.ADC_StartOfConversion  ft32f0xx_adc.o
    0x08000472   0x08000472   0x00000010   Code   RO          422    i.ADC_StructInit    ft32f0xx_adc.o
    0x08000482   0x08000482   0x00000002   PAD
    0x08000484   0x08000484   0x0000001c   Code   RO          667    i.DMA_Cmd           ft32f0xx_dma.o
    0x080004a0   0x080004a0   0x000000a0   Code   RO          668    i.DMA_DeInit        ft32f0xx_dma.o
    0x08000540   0x08000540   0x00000014   Code   RO          672    i.DMA_ITConfig      ft32f0xx_dma.o
    0x08000554   0x08000554   0x00000040   Code   RO          673    i.DMA_Init          ft32f0xx_dma.o
    0x08000594   0x08000594   0x00000010   Code   RO            3    i.EXTI4_15_IRQHandler  ft32f0xx_it.o
    0x080005a4   0x080005a4   0x0000001c   Code   RO          754    i.EXTI_GetITStatus  ft32f0xx_exti.o
    0x080005c0   0x080005c0   0x00000088   Code   RO          755    i.EXTI_Init         ft32f0xx_exti.o
    0x08000648   0x08000648   0x0000006a   Code   RO          146    i.FT32_EXIT_Init    main.o
    0x080006b2   0x080006b2   0x00000002   PAD
    0x080006b4   0x080006b4   0x00000054   Code   RO          147    i.FT32_GPIO_Init    main.o
    0x08000708   0x08000708   0x00000090   Code   RO         1002    i.GPIO_Init         ft32f0xx_gpio.o
    0x08000798   0x08000798   0x00000004   Code   RO            4    i.HardFault_Handler  ft32f0xx_it.o
    0x0800079c   0x0800079c   0x00000002   Code   RO            5    i.NMI_Handler       ft32f0xx_it.o
    0x0800079e   0x0800079e   0x00000002   PAD
    0x080007a0   0x080007a0   0x00000070   Code   RO         1103    i.NVIC_Init         ft32f0xx_misc.o
    0x08000810   0x08000810   0x00000002   Code   RO            6    i.PendSV_Handler    ft32f0xx_it.o
    0x08000812   0x08000812   0x00000002   PAD
    0x08000814   0x08000814   0x00000020   Code   RO         1218    i.RCC_AHBPeriphClockCmd  ft32f0xx_rcc.o
    0x08000834   0x08000834   0x00000020   Code   RO         1220    i.RCC_APB1PeriphClockCmd  ft32f0xx_rcc.o
    0x08000854   0x08000854   0x00000020   Code   RO         1222    i.RCC_APB2PeriphClockCmd  ft32f0xx_rcc.o
    0x08000874   0x08000874   0x00000020   Code   RO         1223    i.RCC_APB2PeriphResetCmd  ft32f0xx_rcc.o
    0x08000894   0x08000894   0x00000002   Code   RO            7    i.RTC_IRQHandler    ft32f0xx_it.o
    0x08000896   0x08000896   0x00000002   Code   RO            8    i.SVC_Handler       ft32f0xx_it.o
    0x08000898   0x08000898   0x00000040   Code   RO         1778    i.SYSCFG_EXTILineConfig  ft32f0xx_syscfg.o
    0x080008d8   0x080008d8   0x00000008   Code   RO         2414    i.SetSysClock       system_ft32f0xx.o
    0x080008e0   0x080008e0   0x000000d0   Code   RO         2415    i.SetSysClockTo48   system_ft32f0xx.o
    0x080009b0   0x080009b0   0x00000002   Code   RO            9    i.SysTick_Handler   ft32f0xx_it.o
    0x080009b2   0x080009b2   0x00000002   PAD
    0x080009b4   0x080009b4   0x0000007c   Code   RO         2417    i.SystemInit        system_ft32f0xx.o
    0x08000a30   0x08000a30   0x00000002   Code   RO           10    i.TIM14_IRQHandler  ft32f0xx_it.o
    0x08000a32   0x08000a32   0x00000002   Code   RO           11    i.TIM1_BRK_UP_TRG_COM_IRQHandler  ft32f0xx_it.o
    0x08000a34   0x08000a34   0x0000001c   Code   RO         1851    i.TIM_Cmd           ft32f0xx_tim.o
    0x08000a50   0x08000a50   0x00000022   Code   RO         1853    i.TIM_CtrlPWMOutputs  ft32f0xx_tim.o
    0x08000a72   0x08000a72   0x00000014   Code   RO         1876    i.TIM_ITConfig      ft32f0xx_tim.o
    0x08000a86   0x08000a86   0x00000002   PAD
    0x08000a88   0x08000a88   0x00000094   Code   RO         1880    i.TIM_OC1Init       ft32f0xx_tim.o
    0x08000b1c   0x08000b1c   0x0000007c   Code   RO         1924    i.TIM_TimeBaseInit  ft32f0xx_tim.o
    0x08000b98   0x08000b98   0x0000007c   Code   RO          148    i.Tim14BaseInit     main.o
    0x08000c14   0x08000c14   0x00000064   Code   RO          149    i.Tim1BaseInit      main.o
    0x08000c78   0x08000c78   0x00000098   Code   RO          150    i.Tim3BaseInit      main.o
    0x08000d10   0x08000d10   0x0000001c   Code   RO          151    i.main              main.o
    0x08000d2c   0x08000d2c   0x00000020   Data   RO         2667    Region$$Table       anon$$obj.o


    Execution Region RW_IRAM1 (Exec base: 0x20000000, Load base: 0x08000d4c, Size: 0x00000668, Max: 0x00002000, ABSOLUTE)

    Exec Addr    Load Addr    Size         Type   Attr      Idx    E Section Name        Object

    0x20000000   0x08000d4c   0x00000008   Data   RW          152    .data               main.o
    0x20000008        -       0x00000060   Zero   RW         2540    .bss                c_p.l(libspace.o)
    0x20000068        -       0x00000200   Zero   RW         2406    HEAP                startup_ft32f030x8.o
    0x20000268        -       0x00000400   Zero   RW         2405    STACK               startup_ft32f030x8.o


==============================================================================

Image component sizes


      Code (inc. data)   RO Data    RW Data    ZI Data      Debug   Object Name

       298          8          0          0          0       6502   ft32f0xx_adc.o
       272         18          0          0          0       4113   ft32f0xx_dma.o
       164         10          0          0          0       1743   ft32f0xx_exti.o
       144          0          0          0          0       1280   ft32f0xx_gpio.o
        34          0          0          0          0     166918   ft32f0xx_it.o
       112          6          0          0          0       1096   ft32f0xx_misc.o
       128         16          0          0          0       2319   ft32f0xx_rcc.o
        64          4          0          0          0        640   ft32f0xx_syscfg.o
       354         64          0          0          0       3779   ft32f0xx_tim.o
       870         42          0          8          0       4549   main.o
       116         56        192          0       1536        652   startup_ft32f030x8.o
       340         24          0          0          0       1981   system_ft32f0xx.o

    ----------------------------------------------------------------------
      2910        248        224          8       1536     195572   Object Totals
         0          0         32          0          0          0   (incl. Generated)
        14          0          0          0          0          0   (incl. Padding)

    ----------------------------------------------------------------------

      Code (inc. data)   RO Data    RW Data    ZI Data      Debug   Library Member Name

         8          0          0          0          0         68   __main.o
         0          0          0          0          0          0   __rtentry.o
        12          0          0          0          0          0   __rtentry2.o
         6          0          0          0          0          0   __rtentry4.o
        60          8          0          0          0          0   __scatter.o
        26          0          0          0          0          0   __scatter_copy.o
        28          0          0          0          0          0   __scatter_zi.o
        16          0          0          0          0         68   exit.o
         6          0          0          0          0        136   heapauxi.o
         0          0          0          0          0          0   indicate_semi.o
         2          0          0          0          0          0   libinit.o
         2          0          0          0          0          0   libinit2.o
         2          0          0          0          0          0   libshutdown.o
         2          0          0          0          0          0   libshutdown2.o
         8          4          0          0         96         68   libspace.o
         2          0          0          0          0          0   rtexit.o
        10          0          0          0          0          0   rtexit2.o
        12          4          0          0          0         60   sys_exit.o
        62          0          0          0          0         80   sys_stackheap_outer.o
         2          0          0          0          0         68   use_no_semi.o

    ----------------------------------------------------------------------
       270         16          0          0         96        548   Library Totals
         4          0          0          0          0          0   (incl. Padding)

    ----------------------------------------------------------------------

      Code (inc. data)   RO Data    RW Data    ZI Data      Debug   Library Name

       266         16          0          0         96        548   c_p.l

    ----------------------------------------------------------------------
       270         16          0          0         96        548   Library Totals

    ----------------------------------------------------------------------

==============================================================================


      Code (inc. data)   RO Data    RW Data    ZI Data      Debug   

      3180        264        224          8       1632     194092   Grand Totals
      3180        264        224          8       1632     194092   ELF Image Totals
      3180        264        224          8          0          0   ROM Totals

==============================================================================

    Total RO  Size (Code + RO Data)                 3404 (   3.32kB)
    Total RW  Size (RW Data + ZI Data)              1640 (   1.60kB)
    Total ROM Size (Code + RO Data + RW Data)       3412 (   3.33kB)

==============================================================================

