Component: ARM Compiler 5.06 update 6 (build 750) Tool: armlink [4d35ed]

==============================================================================

Section Cross References

    ft32f0xx_it.o(i.EXTI4_15_IRQHandler) refers to ft32f0xx_exti.o(i.EXTI_GetITStatus) for EXTI_GetITStatus
    ft32f0xx_it.o(i.EXTI4_15_IRQHandler) refers to ft32f0xx_exti.o(i.EXTI_ClearITPendingBit) for EXTI_ClearITPendingBit
    ft32f0xx_it.o(i.EXTI4_15_IRQHandler) refers to ft32f0xx_it.o(.data) for KEY1_Count
    ft32f0xx_it.o(i.SysTick_Handler) refers to systick.o(i.TimingDelay_Decrement) for TimingDelay_Decrement
    ft32f0xx_it.o(i.SysTick_Handler) refers to ft32f0xx_it.o(.data) for KEY1_Count
    main.o(i.ADC_DMA_Config) refers to ft32f0xx_adc.o(i.ADC_DeInit) for ADC_DeInit
    main.o(i.ADC_DMA_Config) refers to ft32f0xx_rcc.o(i.RCC_AHBPeriphClockCmd) for RCC_AHBPeriphClockCmd
    main.o(i.ADC_DMA_Config) refers to ft32f0xx_rcc.o(i.RCC_APB2PeriphClockCmd) for RCC_APB2PeriphClockCmd
    main.o(i.ADC_DMA_Config) refers to ft32f0xx_gpio.o(i.GPIO_Init) for GPIO_Init
    main.o(i.ADC_DMA_Config) refers to ft32f0xx_adc.o(i.ADC_StructInit) for ADC_StructInit
    main.o(i.ADC_DMA_Config) refers to ft32f0xx_adc.o(i.ADC_Init) for ADC_Init
    main.o(i.ADC_DMA_Config) refers to ft32f0xx_adc.o(i.ADC_ChannelConfig) for ADC_ChannelConfig
    main.o(i.ADC_DMA_Config) refers to ft32f0xx_adc.o(i.ADC_GetCalibrationFactor) for ADC_GetCalibrationFactor
    main.o(i.ADC_DMA_Config) refers to ft32f0xx_adc.o(i.ADC_DMARequestModeConfig) for ADC_DMARequestModeConfig
    main.o(i.ADC_DMA_Config) refers to ft32f0xx_adc.o(i.ADC_DMACmd) for ADC_DMACmd
    main.o(i.ADC_DMA_Config) refers to ft32f0xx_adc.o(i.ADC_Cmd) for ADC_Cmd
    main.o(i.ADC_DMA_Config) refers to ft32f0xx_adc.o(i.ADC_GetFlagStatus) for ADC_GetFlagStatus
    main.o(i.ADC_DMA_Config) refers to ft32f0xx_dma.o(i.DMA_DeInit) for DMA_DeInit
    main.o(i.ADC_DMA_Config) refers to ft32f0xx_dma.o(i.DMA_Init) for DMA_Init
    main.o(i.ADC_DMA_Config) refers to ft32f0xx_dma.o(i.DMA_Cmd) for DMA_Cmd
    main.o(i.ADC_DMA_Config) refers to ft32f0xx_adc.o(i.ADC_StartOfConversion) for ADC_StartOfConversion
    main.o(i.ADC_DMA_Config) refers to main.o(.data) for DMA_DualConvertedValue
    main.o(i.FT32_EXIT_Init) refers to ft32f0xx_rcc.o(i.RCC_AHBPeriphClockCmd) for RCC_AHBPeriphClockCmd
    main.o(i.FT32_EXIT_Init) refers to ft32f0xx_rcc.o(i.RCC_APB2PeriphClockCmd) for RCC_APB2PeriphClockCmd
    main.o(i.FT32_EXIT_Init) refers to ft32f0xx_gpio.o(i.GPIO_Init) for GPIO_Init
    main.o(i.FT32_EXIT_Init) refers to ft32f0xx_syscfg.o(i.SYSCFG_EXTILineConfig) for SYSCFG_EXTILineConfig
    main.o(i.FT32_EXIT_Init) refers to ft32f0xx_exti.o(i.EXTI_Init) for EXTI_Init
    main.o(i.FT32_EXIT_Init) refers to ft32f0xx_misc.o(i.NVIC_Init) for NVIC_Init
    main.o(i.FT32_GPIO_Init) refers to ft32f0xx_rcc.o(i.RCC_AHBPeriphClockCmd) for RCC_AHBPeriphClockCmd
    main.o(i.FT32_GPIO_Init) refers to ft32f0xx_gpio.o(i.GPIO_Init) for GPIO_Init
    main.o(i.IWDG_Config) refers to ft32f0xx_iwdg.o(i.IWDG_WriteAccessCmd) for IWDG_WriteAccessCmd
    main.o(i.IWDG_Config) refers to ft32f0xx_iwdg.o(i.IWDG_SetPrescaler) for IWDG_SetPrescaler
    main.o(i.IWDG_Config) refers to ft32f0xx_iwdg.o(i.IWDG_SetReload) for IWDG_SetReload
    main.o(i.IWDG_Config) refers to ft32f0xx_iwdg.o(i.IWDG_ReloadCounter) for IWDG_ReloadCounter
    main.o(i.IWDG_Config) refers to ft32f0xx_iwdg.o(i.IWDG_Enable) for IWDG_Enable
    main.o(i.IWDG_Config) refers to main.o(.data) for lsi_freq
    main.o(i.Tim16BaseInit) refers to ft32f0xx_rcc.o(i.RCC_AHBPeriphClockCmd) for RCC_AHBPeriphClockCmd
    main.o(i.Tim16BaseInit) refers to ft32f0xx_rcc.o(i.RCC_APB1PeriphClockCmd) for RCC_APB1PeriphClockCmd
    main.o(i.Tim16BaseInit) refers to ft32f0xx_gpio.o(i.GPIO_Init) for GPIO_Init
    main.o(i.Tim16BaseInit) refers to ft32f0xx_tim.o(i.TIM_TimeBaseInit) for TIM_TimeBaseInit
    main.o(i.Tim16BaseInit) refers to ft32f0xx_tim.o(i.TIM_OC1Init) for TIM_OC1Init
    main.o(i.Tim1BaseInit) refers to ft32f0xx_rcc.o(i.RCC_AHBPeriphClockCmd) for RCC_AHBPeriphClockCmd
    main.o(i.Tim1BaseInit) refers to ft32f0xx_rcc.o(i.RCC_APB1PeriphClockCmd) for RCC_APB1PeriphClockCmd
    main.o(i.Tim1BaseInit) refers to ft32f0xx_tim.o(i.TIM_TimeBaseInit) for TIM_TimeBaseInit
    main.o(i.Tim1BaseInit) refers to ft32f0xx_tim.o(i.TIM_ITConfig) for TIM_ITConfig
    main.o(i.Tim1BaseInit) refers to ft32f0xx_tim.o(i.TIM_Cmd) for TIM_Cmd
    main.o(i.Tim1BaseInit) refers to ft32f0xx_misc.o(i.NVIC_Init) for NVIC_Init
    main.o(i.Tim3BaseInit) refers to ft32f0xx_rcc.o(i.RCC_AHBPeriphClockCmd) for RCC_AHBPeriphClockCmd
    main.o(i.Tim3BaseInit) refers to ft32f0xx_rcc.o(i.RCC_APB1PeriphClockCmd) for RCC_APB1PeriphClockCmd
    main.o(i.Tim3BaseInit) refers to ft32f0xx_gpio.o(i.GPIO_Init) for GPIO_Init
    main.o(i.Tim3BaseInit) refers to ft32f0xx_gpio.o(i.GPIO_PinAFConfig) for GPIO_PinAFConfig
    main.o(i.Tim3BaseInit) refers to ft32f0xx_tim.o(i.TIM_TimeBaseInit) for TIM_TimeBaseInit
[...]
    Removing ft32f0xx_rcc.o(.rev16_text), (4 bytes).
    Removing ft32f0xx_rcc.o(.revsh_text), (4 bytes).
    Removing ft32f0xx_rcc.o(i.RCC_ADCCLKConfig), (56 bytes).
    Removing ft32f0xx_rcc.o(i.RCC_AHBPeriphResetCmd), (32 bytes).
    Removing ft32f0xx_rcc.o(i.RCC_APB1PeriphResetCmd), (32 bytes).
    Removing ft32f0xx_rcc.o(i.RCC_AdjustHSI14CalibrationValue), (32 bytes).
    Removing ft32f0xx_rcc.o(i.RCC_AdjustHSICalibrationValue), (32 bytes).
    Removing ft32f0xx_rcc.o(i.RCC_BackupResetCmd), (40 bytes).
    Removing ft32f0xx_rcc.o(i.RCC_ClearFlag), (20 bytes).
    Removing ft32f0xx_rcc.o(i.RCC_ClearITPendingBit), (12 bytes).
    Removing ft32f0xx_rcc.o(i.RCC_ClockSecuritySystemCmd), (40 bytes).
    Removing ft32f0xx_rcc.o(i.RCC_DeInit), (120 bytes).
    Removing ft32f0xx_rcc.o(i.RCC_GetClocksFreq), (388 bytes).
    Removing ft32f0xx_rcc.o(i.RCC_GetFlagStatus), (72 bytes).
    Removing ft32f0xx_rcc.o(i.RCC_GetITStatus), (28 bytes).
    Removing ft32f0xx_rcc.o(i.RCC_GetSYSCLKSource), (16 bytes).
    Removing ft32f0xx_rcc.o(i.RCC_HCLKConfig), (32 bytes).
    Removing ft32f0xx_rcc.o(i.RCC_HSEConfig), (16 bytes).
    Removing ft32f0xx_rcc.o(i.RCC_HSI14ADCRequestCmd), (36 bytes).
    Removing ft32f0xx_rcc.o(i.RCC_HSI14Cmd), (36 bytes).
    Removing ft32f0xx_rcc.o(i.RCC_HSI48Cmd), (40 bytes).
    Removing ft32f0xx_rcc.o(i.RCC_HSICmd), (36 bytes).
    Removing ft32f0xx_rcc.o(i.RCC_I2CCLKConfig), (28 bytes).
    Removing ft32f0xx_rcc.o(i.RCC_ITConfig), (32 bytes).
    Removing ft32f0xx_rcc.o(i.RCC_LSEConfig), (40 bytes).
    Removing ft32f0xx_rcc.o(i.RCC_LSEDriveConfig), (28 bytes).
    Removing ft32f0xx_rcc.o(i.RCC_MCOConfig), (28 bytes).
    Removing ft32f0xx_rcc.o(i.RCC_PCLKConfig), (36 bytes).
    Removing ft32f0xx_rcc.o(i.RCC_PLLCmd), (40 bytes).
    Removing ft32f0xx_rcc.o(i.RCC_PLLConfig), (36 bytes).
    Removing ft32f0xx_rcc.o(i.RCC_PREDIV1Config), (28 bytes).
    Removing ft32f0xx_rcc.o(i.RCC_RTCCLKCmd), (40 bytes).
    Removing ft32f0xx_rcc.o(i.RCC_RTCCLKConfig), (16 bytes).
    Removing ft32f0xx_rcc.o(i.RCC_SYSCLKConfig), (28 bytes).
    Removing ft32f0xx_rcc.o(i.RCC_USARTCLKConfig), (36 bytes).
    Removing ft32f0xx_rcc.o(i.RCC_USBCLKConfig), (28 bytes).
    Removing ft32f0xx_rcc.o(i.RCC_WaitForHSEStartUp), (60 bytes).
    Removing ft32f0xx_rcc.o(.data), (16 bytes).
    Removing ft32f0xx_rtc.o(.rev16_text), (4 bytes).
    Removing ft32f0xx_rtc.o(.revsh_text), (4 bytes).
    Removing ft32f0xx_rtc.o(i.RTC_AlarmCmd), (112 bytes).
    Removing ft32f0xx_rtc.o(i.RTC_AlarmStructInit), (22 bytes).
    Removing ft32f0xx_rtc.o(i.RTC_AlarmSubSecondConfig), (40 bytes).
    Removing ft32f0xx_rtc.o(i.RTC_Bcd2ToByte), (26 bytes).
    Removing ft32f0xx_rtc.o(i.RTC_BypassShadowCmd), (52 bytes).
    Removing ft32f0xx_rtc.o(i.RTC_ByteToBcd2), (28 bytes).
    Removing ft32f0xx_rtc.o(i.RTC_CalibOutputCmd), (56 bytes).
    Removing ft32f0xx_rtc.o(i.RTC_CalibOutputConfig), (44 bytes).
    Removing ft32f0xx_rtc.o(i.RTC_ClearFlag), (32 bytes).
    Removing ft32f0xx_rtc.o(i.RTC_ClearITPendingBit), (36 bytes).
    Removing ft32f0xx_rtc.o(i.RTC_DateStructInit), (14 bytes).
    Removing ft32f0xx_rtc.o(i.RTC_DayLightSavingConfig), (48 bytes).
    Removing ft32f0xx_rtc.o(i.RTC_DeInit), (108 bytes).
    Removing ft32f0xx_rtc.o(i.RTC_EnterInitMode), (88 bytes).
    Removing ft32f0xx_rtc.o(i.RTC_ExitInitMode), (32 bytes).
    Removing ft32f0xx_rtc.o(i.RTC_GetAlarm), (120 bytes).
    Removing ft32f0xx_rtc.o(i.RTC_GetAlarmSubSecond), (20 bytes).
    Removing ft32f0xx_rtc.o(i.RTC_GetDate), (96 bytes).
    Removing ft32f0xx_rtc.o(i.RTC_GetFlagStatus), (44 bytes).
    Removing ft32f0xx_rtc.o(i.RTC_GetITStatus), (76 bytes).
    Removing ft32f0xx_rtc.o(i.RTC_GetStoreOperation), (16 bytes).
    Removing ft32f0xx_rtc.o(i.RTC_GetSubSecond), (16 bytes).
    Removing ft32f0xx_rtc.o(i.RTC_GetTime), (92 bytes).
    Removing ft32f0xx_rtc.o(i.RTC_GetTimeStamp), (164 bytes).
    Removing ft32f0xx_rtc.o(i.RTC_GetTimeStampSubSecond), (12 bytes).
    Removing ft32f0xx_rtc.o(i.RTC_ITConfig), (100 bytes).
    Removing ft32f0xx_rtc.o(i.RTC_Init), (88 bytes).
    Removing ft32f0xx_rtc.o(i.RTC_OutputConfig), (48 bytes).
    Removing ft32f0xx_rtc.o(i.RTC_OutputTypeConfig), (28 bytes).
    Removing ft32f0xx_rtc.o(i.RTC_RefClockCmd), (76 bytes).
    Removing ft32f0xx_rtc.o(i.RTC_SetAlarm), (216 bytes).
    Removing ft32f0xx_rtc.o(i.RTC_SetDate), (208 bytes).
    Removing ft32f0xx_rtc.o(i.RTC_SetTime), (216 bytes).
    Removing ft32f0xx_rtc.o(i.RTC_SmoothCalibConfig), (96 bytes).
    Removing ft32f0xx_rtc.o(i.RTC_StructInit), (14 bytes).
    Removing ft32f0xx_rtc.o(i.RTC_SynchroShiftConfig), (124 bytes).
    Removing ft32f0xx_rtc.o(i.RTC_TamperCmd), (32 bytes).
    Removing ft32f0xx_rtc.o(i.RTC_TamperFilterConfig), (28 bytes).
    Removing ft32f0xx_rtc.o(i.RTC_TamperPinsPrechargeDuration), (28 bytes).
    Removing ft32f0xx_rtc.o(i.RTC_TamperPullUpCmd), (40 bytes).
    Removing ft32f0xx_rtc.o(i.RTC_TamperSamplingFreqConfig), (28 bytes).
    Removing ft32f0xx_rtc.o(i.RTC_TamperTriggerConfig), (36 bytes).
    Removing ft32f0xx_rtc.o(i.RTC_TimeStampCmd), (64 bytes).
    Removing ft32f0xx_rtc.o(i.RTC_TimeStampOnTamperDetectionCmd), (36 bytes).
    Removing ft32f0xx_rtc.o(i.RTC_TimeStructInit), (12 bytes).
    Removing ft32f0xx_rtc.o(i.RTC_WaitForSynchro), (108 bytes).
    Removing ft32f0xx_rtc.o(i.RTC_WriteProtectionCmd), (28 bytes).
    Removing ft32f0xx_syscfg.o(.rev16_text), (4 bytes).
    Removing ft32f0xx_syscfg.o(.revsh_text), (4 bytes).
    Removing ft32f0xx_syscfg.o(i.SYSCFG_BreakConfig), (16 bytes).
    Removing ft32f0xx_syscfg.o(i.SYSCFG_DMAChannelRemapConfig), (32 bytes).
    Removing ft32f0xx_syscfg.o(i.SYSCFG_DeInit), (40 bytes).
    Removing ft32f0xx_syscfg.o(i.SYSCFG_I2CFastModePlusConfig), (32 bytes).
    Removing ft32f0xx_syscfg.o(i.SYSCFG_IRDAEnvSelection), (28 bytes).
    Removing ft32f0xx_syscfg.o(i.SYSCFG_MemoryRemapConfig), (28 bytes).
    Removing ft32f0xx_tim.o(.rev16_text), (4 bytes).
    Removing ft32f0xx_tim.o(.revsh_text), (4 bytes).
    Removing ft32f0xx_tim.o(i.TI1_Config), (56 bytes).
    Removing ft32f0xx_tim.o(i.TI2_Config), (76 bytes).
    Removing ft32f0xx_tim.o(i.TI3_Config), (72 bytes).
    Removing ft32f0xx_tim.o(i.TI4_Config), (80 bytes).
    Removing ft32f0xx_tim.o(i.TIM_ARRPreloadConfig), (48 bytes).
    Removing ft32f0xx_tim.o(i.TIM_BDTRConfig), (32 bytes).
    Removing ft32f0xx_tim.o(i.TIM_BDTRStructInit), (18 bytes).
    Removing ft32f0xx_tim.o(i.TIM_CCPreloadControl), (28 bytes).
    Removing ft32f0xx_tim.o(i.TIM_CCxCmd), (30 bytes).
    Removing ft32f0xx_tim.o(i.TIM_CCxNCmd), (30 bytes).
    Removing ft32f0xx_tim.o(i.TIM_ClearFlag), (6 bytes).
    Removing ft32f0xx_tim.o(i.TIM_ClearITPendingBit), (6 bytes).
    Removing ft32f0xx_tim.o(i.TIM_ClearOC1Ref), (24 bytes).
    Removing ft32f0xx_tim.o(i.TIM_ClearOC2Ref), (20 bytes).
    Removing ft32f0xx_tim.o(i.TIM_ClearOC3Ref), (24 bytes).
    Removing ft32f0xx_tim.o(i.TIM_ClearOC4Ref), (20 bytes).
    Removing ft32f0xx_tim.o(i.TIM_CounterModeConfig), (24 bytes).
    Removing ft32f0xx_tim.o(i.TIM_DMACmd), (20 bytes).
    Removing ft32f0xx_tim.o(i.TIM_DMAConfig), (12 bytes).
    Removing ft32f0xx_tim.o(i.TIM_DeInit), (208 bytes).
    Removing ft32f0xx_tim.o(i.TIM_ETRClockMode1Config), (52 bytes).
    Removing ft32f0xx_tim.o(i.TIM_ETRClockMode2Config), (34 bytes).
    Removing ft32f0xx_tim.o(i.TIM_ETRConfig), (24 bytes).
    Removing ft32f0xx_tim.o(i.TIM_EncoderInterfaceConfig), (68 bytes).
    Removing ft32f0xx_tim.o(i.TIM_ForcedOC1Config), (24 bytes).
    Removing ft32f0xx_tim.o(i.TIM_ForcedOC2Config), (24 bytes).
    Removing ft32f0xx_tim.o(i.TIM_ForcedOC3Config), (24 bytes).
    Removing ft32f0xx_tim.o(i.TIM_ForcedOC4Config), (24 bytes).
    Removing ft32f0xx_tim.o(i.TIM_GenerateEvent), (4 bytes).
    Removing ft32f0xx_tim.o(i.TIM_GetCapture1), (6 bytes).
    Removing ft32f0xx_tim.o(i.TIM_GetCapture2), (6 bytes).
    Removing ft32f0xx_tim.o(i.TIM_GetCapture3), (6 bytes).
    Removing ft32f0xx_tim.o(i.TIM_GetCapture4), (6 bytes).
    Removing ft32f0xx_tim.o(i.TIM_GetCounter), (6 bytes).
    Removing ft32f0xx_tim.o(i.TIM_GetFlagStatus), (20 bytes).
    Removing ft32f0xx_tim.o(i.TIM_GetITStatus), (38 bytes).
    Removing ft32f0xx_tim.o(i.TIM_GetPrescaler), (6 bytes).
    Removing ft32f0xx_tim.o(i.TIM_ICInit), (112 bytes).
    Removing ft32f0xx_tim.o(i.TIM_ICStructInit), (18 bytes).
    Removing ft32f0xx_tim.o(i.TIM_ITRxExternalClockConfig), (24 bytes).
    Removing ft32f0xx_tim.o(i.TIM_InternalClockConfig), (16 bytes).
    Removing ft32f0xx_tim.o(i.TIM_OC1FastConfig), (24 bytes).
    Removing ft32f0xx_tim.o(i.TIM_OC1NPolarityConfig), (24 bytes).
    Removing ft32f0xx_tim.o(i.TIM_OC1PolarityConfig), (24 bytes).
    Removing ft32f0xx_tim.o(i.TIM_OC1PreloadConfig), (24 bytes).
    Removing ft32f0xx_tim.o(i.TIM_OC2FastConfig), (24 bytes).
    Removing ft32f0xx_tim.o(i.TIM_OC2Init), (172 bytes).
    Removing ft32f0xx_tim.o(i.TIM_OC2NPolarityConfig), (24 bytes).
    Removing ft32f0xx_tim.o(i.TIM_OC2PolarityConfig), (24 bytes).
    Removing ft32f0xx_tim.o(i.TIM_OC2PreloadConfig), (24 bytes).
    Removing ft32f0xx_tim.o(i.TIM_OC3FastConfig), (24 bytes).
    Removing ft32f0xx_tim.o(i.TIM_OC3Init), (152 bytes).
    Removing ft32f0xx_tim.o(i.TIM_OC3NPolarityConfig), (24 bytes).
    Removing ft32f0xx_tim.o(i.TIM_OC3PolarityConfig), (24 bytes).
    Removing ft32f0xx_tim.o(i.TIM_OC3PreloadConfig), (24 bytes).
    Removing ft32f0xx_tim.o(i.TIM_OC4FastConfig), (24 bytes).
    Removing ft32f0xx_tim.o(i.TIM_OC4PolarityConfig), (24 bytes).
    Removing ft32f0xx_tim.o(i.TIM_OC4PreloadConfig), (24 bytes).
    Removing ft32f0xx_tim.o(i.TIM_OCStructInit), (20 bytes).
    Removing ft32f0xx_tim.o(i.TIM_PWMIConfig), (124 bytes).
    Removing ft32f0xx_tim.o(i.TIM_PrescalerConfig), (6 bytes).
    Removing ft32f0xx_tim.o(i.TIM_RemapConfig), (6 bytes).
    Removing ft32f0xx_tim.o(i.TIM_SelectCCDMA), (28 bytes).
    Removing ft32f0xx_tim.o(i.TIM_SelectCOM), (28 bytes).
    Removing ft32f0xx_tim.o(i.TIM_SelectHallSensor), (28 bytes).
    Removing ft32f0xx_tim.o(i.TIM_SelectInputTrigger), (24 bytes).
    Removing ft32f0xx_tim.o(i.TIM_SelectMasterSlaveMode), (20 bytes).
    Removing ft32f0xx_tim.o(i.TIM_SelectOCREFClear), (20 bytes).
    Removing ft32f0xx_tim.o(i.TIM_SelectOCxM), (82 bytes).
    Removing ft32f0xx_tim.o(i.TIM_SelectOnePulseMode), (20 bytes).
    Removing ft32f0xx_tim.o(i.TIM_SelectOutputTrigger), (20 bytes).
    Removing ft32f0xx_tim.o(i.TIM_SelectSlaveMode), (20 bytes).
    Removing ft32f0xx_tim.o(i.TIM_SetAutoreload), (4 bytes).
    Removing ft32f0xx_tim.o(i.TIM_SetClockDivision), (20 bytes).
    Removing ft32f0xx_tim.o(i.TIM_SetCompare2), (4 bytes).
    Removing ft32f0xx_tim.o(i.TIM_SetCompare3), (4 bytes).
    Removing ft32f0xx_tim.o(i.TIM_SetCounter), (4 bytes).
    Removing ft32f0xx_tim.o(i.TIM_SetIC1Prescaler), (20 bytes).
    Removing ft32f0xx_tim.o(i.TIM_SetIC2Prescaler), (24 bytes).
    Removing ft32f0xx_tim.o(i.TIM_SetIC3Prescaler), (20 bytes).
    Removing ft32f0xx_tim.o(i.TIM_SetIC4Prescaler), (24 bytes).
    Removing ft32f0xx_tim.o(i.TIM_TIxExternalClockConfig), (58 bytes).
    Removing ft32f0xx_tim.o(i.TIM_TimeBaseStructInit), (18 bytes).
    Removing ft32f0xx_tim.o(i.TIM_UpdateDisableConfig), (28 bytes).
    Removing ft32f0xx_tim.o(i.TIM_UpdateRequestConfig), (28 bytes).
    Removing system_ft32f0xx.o(.rev16_text), (4 bytes).
    Removing system_ft32f0xx.o(.revsh_text), (4 bytes).

308 unused section(s) (total 11708 bytes) removed from the image.

==============================================================================

Image Symbol Table

    Local Symbols

    Symbol Name                              Value     Ov Type        Size  Object(Section)

    ../clib/angel/boardlib.s                 0x00000000   Number         0  boardinit1.o ABSOLUTE
    ../clib/angel/boardlib.s                 0x00000000   Number         0  boardinit3.o ABSOLUTE
    ../clib/angel/boardlib.s                 0x00000000   Number         0  boardinit2.o ABSOLUTE
    ../clib/angel/boardlib.s                 0x00000000   Number         0  boardshut.o ABSOLUTE
    ../clib/angel/handlers.s                 0x00000000   Number         0  __scatter_copy.o ABSOLUTE
    ../clib/angel/handlers.s                 0x00000000   Number         0  __scatter_zi.o ABSOLUTE
    ../clib/angel/kernel.s                   0x00000000   Number         0  __rtentry2.o ABSOLUTE
    ../clib/angel/kernel.s                   0x00000000   Number         0  rtexit.o ABSOLUTE
    ../clib/angel/kernel.s                   0x00000000   Number         0  __rtentry4.o ABSOLUTE
    ../clib/angel/kernel.s                   0x00000000   Number         0  __rtentry.o ABSOLUTE
    ../clib/angel/kernel.s                   0x00000000   Number         0  rtexit2.o ABSOLUTE
    ../clib/angel/rt.s                       0x00000000   Number         0  rt_raise.o ABSOLUTE
    ../clib/angel/rt.s                       0x00000000   Number         0  rt_div0.o ABSOLUTE
    ../clib/angel/rt.s                       0x00000000   Number         0  aeabi_idiv0_sigfpe.o ABSOLUTE
    ../clib/angel/rt.s                       0x00000000   Number         0  aeabi_idiv0.o ABSOLUTE
    ../clib/angel/scatterp.s                 0x00000000   Number         0  __scatter.o ABSOLUTE
    ../clib/angel/startup.s                  0x00000000   Number         0  __main.o ABSOLUTE
    ../clib/angel/sys.s                      0x00000000   Number         0  tempstk.o ABSOLUTE
    ../clib/angel/sys.s                      0x00000000   Number         0  sys_stackheap_outer.o ABSOLUTE
    ../clib/angel/sys.s                      0x00000000   Number         0  libspace.o ABSOLUTE
    ../clib/angel/sys.s                      0x00000000   Number         0  indicate_semi.o ABSOLUTE
    ../clib/angel/sys.s                      0x00000000   Number         0  use_no_semi.o ABSOLUTE
    ../clib/angel/sysapp.c                   0x00000000   Number         0  sys_command.o ABSOLUTE
    ../clib/angel/sysapp.c                   0x00000000   Number         0  sys_wrch.o ABSOLUTE
    ../clib/angel/sysapp.c                   0x00000000   Number         0  sys_exit.o ABSOLUTE
    ../clib/armsys.c                         0x00000000   Number         0  _get_argv_nomalloc.o ABSOLUTE
    ../clib/armsys.c                         0x00000000   Number         0  no_argv.o ABSOLUTE
    ../clib/armsys.c                         0x00000000   Number         0  argv_veneer.o ABSOLUTE
    ../clib/division.s                       0x00000000   Number         0  aeabi_sdiv.o ABSOLUTE
    ../clib/division.s                       0x00000000   Number         0  aeabi_sdiv_div0.o ABSOLUTE
    ../clib/heapalloc.c                      0x00000000   Number         0  hrguard.o ABSOLUTE
    ../clib/heapaux.c                        0x00000000   Number         0  heapauxi.o ABSOLUTE
    ../clib/libinit.s                        0x00000000   Number         0  libshutdown.o ABSOLUTE
    ../clib/libinit.s                        0x00000000   Number         0  libshutdown2.o ABSOLUTE
    ../clib/libinit.s                        0x00000000   Number         0  libinit.o ABSOLUTE
    ../clib/libinit.s                        0x00000000   Number         0  libinit2.o ABSOLUTE
    ../clib/signal.c                         0x00000000   Number         0  defsig_fpe_outer.o ABSOLUTE
    ../clib/signal.c                         0x00000000   Number         0  defsig_stak_inner.o ABSOLUTE
    ../clib/signal.c                         0x00000000   Number         0  defsig_pvfn_inner.o ABSOLUTE
    ../clib/signal.c                         0x00000000   Number         0  defsig_cppl_inner.o ABSOLUTE
    ../clib/signal.c                         0x00000000   Number         0  defsig_segv_inner.o ABSOLUTE
    ../clib/signal.c                         0x00000000   Number         0  defsig_other.o ABSOLUTE
    ../clib/signal.c                         0x00000000   Number         0  defsig_abrt_inner.o ABSOLUTE
    ../clib/signal.c                         0x00000000   Number         0  defsig_rtred_inner.o ABSOLUTE
    ../clib/signal.c                         0x00000000   Number         0  defsig_rtmem_inner.o ABSOLUTE
    ../clib/signal.c                         0x00000000   Number         0  defsig_general.o ABSOLUTE
    ../clib/signal.c                         0x00000000   Number         0  __raise.o ABSOLUTE
    ../clib/signal.c                         0x00000000   Number         0  defsig_rtmem_outer.o ABSOLUTE
    ../clib/signal.c                         0x00000000   Number         0  defsig_rtmem_formal.o ABSOLUTE
    ../clib/signal.c                         0x00000000   Number         0  defsig_fpe_formal.o ABSOLUTE
    ../clib/signal.c                         0x00000000   Number         0  defsig_fpe_inner.o ABSOLUTE
    ../clib/signal.c                         0x00000000   Number         0  defsig_exit.o ABSOLUTE
    ../clib/signal.s                         0x00000000   Number         0  defsig.o ABSOLUTE
    ../clib/stdlib.c                         0x00000000   Number         0  exit.o ABSOLUTE
    ../fplib/cfplib/cmpret.c                 0x00000000   Number         0  cmpret.o ABSOLUTE
    ../fplib/cfplib/ddiv.c                   0x00000000   Number         0  ddiv.o ABSOLUTE
    ../fplib/cfplib/dmul.c                   0x00000000   Number         0  dmul.o ABSOLUTE
    ../fplib/cfplib/fcmpin.c                 0x00000000   Number         0  fcmpin.o ABSOLUTE
    ../fplib/cfplib/fdiv.c                   0x00000000   Number         0  fdiv.o ABSOLUTE
    ../fplib/cfplib/ffix.c                   0x00000000   Number         0  dfixi.o ABSOLUTE
    ../fplib/cfplib/fflt.c                   0x00000000   Number         0  fflti.o ABSOLUTE
    ../fplib/cfplib/fpinit.c                 0x00000000   Number         0  fpinit.o ABSOLUTE
    ../fplib/cfplib/nan2.c                   0x00000000   Number         0  fnan2.o ABSOLUTE
    ../fplib/cfplib/retnan.c                 0x00000000   Number         0  retnan.o ABSOLUTE
    ../fplib/faddsub6m.s                     0x00000000   Number         0  faddsub.o ABSOLUTE
    ../fplib/fleqf6m.s                       0x00000000   Number         0  flef.o ABSOLUTE
    ../fplib/fmul6m.s                        0x00000000   Number         0  fmul.o ABSOLUTE
    ../fplib/usenofp.s                       0x00000000   Number         0  usenofp.o ABSOLUTE
    D:\Arm\Packs\FMD\FT32F0xx_DFP\1.1.0\Drivers\FT32F0xx_Driver\Src\ft32f0xx_adc.c 0x00000000   Number         0  ft32f0xx_adc.o ABSOLUTE
    D:\Arm\Packs\FMD\FT32F0xx_DFP\1.1.0\Drivers\FT32F0xx_Driver\Src\ft32f0xx_debug.c 0x00000000   Number         0  ft32f0xx_debug.o ABSOLUTE
    D:\Arm\Packs\FMD\FT32F0xx_DFP\1.1.0\Drivers\FT32F0xx_Driver\Src\ft32f0xx_dma.c 0x00000000   Number         0  ft32f0xx_dma.o ABSOLUTE
    D:\Arm\Packs\FMD\FT32F0xx_DFP\1.1.0\Drivers\FT32F0xx_Driver\Src\ft32f0xx_exti.c 0x00000000   Number         0  ft32f0xx_exti.o ABSOLUTE
    D:\Arm\Packs\FMD\FT32F0xx_DFP\1.1.0\Drivers\FT32F0xx_Driver\Src\ft32f0xx_flash.c 0x00000000   Number         0  ft32f0xx_flash.o ABSOLUTE
    D:\Arm\Packs\FMD\FT32F0xx_DFP\1.1.0\Drivers\FT32F0xx_Driver\Src\ft32f0xx_gpio.c 0x00000000   Number         0  ft32f0xx_gpio.o ABSOLUTE
    D:\Arm\Packs\FMD\FT32F0xx_DFP\1.1.0\Drivers\FT32F0xx_Driver\Src\ft32f0xx_iwdg.c 0x00000000   Number         0  ft32f0xx_iwdg.o ABSOLUTE
    D:\Arm\Packs\FMD\FT32F0xx_DFP\1.1.0\Drivers\FT32F0xx_Driver\Src\ft32f0xx_misc.c 0x00000000   Number         0  ft32f0xx_misc.o ABSOLUTE
    D:\Arm\Packs\FMD\FT32F0xx_DFP\1.1.0\Drivers\FT32F0xx_Driver\Src\ft32f0xx_pwr.c 0x00000000   Number         0  ft32f0xx_pwr.o ABSOLUTE
    D:\Arm\Packs\FMD\FT32F0xx_DFP\1.1.0\Drivers\FT32F0xx_Driver\Src\ft32f0xx_rcc.c 0x00000000   Number         0  ft32f0xx_rcc.o ABSOLUTE
    D:\Arm\Packs\FMD\FT32F0xx_DFP\1.1.0\Drivers\FT32F0xx_Driver\Src\ft32f0xx_rtc.c 0x00000000   Number         0  ft32f0xx_rtc.o ABSOLUTE
    D:\Arm\Packs\FMD\FT32F0xx_DFP\1.1.0\Drivers\FT32F0xx_Driver\Src\ft32f0xx_syscfg.c 0x00000000   Number         0  ft32f0xx_syscfg.o ABSOLUTE
    D:\Arm\Packs\FMD\FT32F0xx_DFP\1.1.0\Drivers\FT32F0xx_Driver\Src\ft32f0xx_tim.c 0x00000000   Number         0  ft32f0xx_tim.o ABSOLUTE
    D:\\Arm\\Packs\\FMD\\FT32F0xx_DFP\\1.1.0\\Drivers\\FT32F0xx_Driver\\Src\\ft32f0xx_adc.c 0x00000000   Number         0  ft32f0xx_adc.o ABSOLUTE
    D:\\Arm\\Packs\\FMD\\FT32F0xx_DFP\\1.1.0\\Drivers\\FT32F0xx_Driver\\Src\\ft32f0xx_debug.c 0x00000000   Number         0  ft32f0xx_debug.o ABSOLUTE
    D:\\Arm\\Packs\\FMD\\FT32F0xx_DFP\\1.1.0\\Drivers\\FT32F0xx_Driver\\Src\\ft32f0xx_dma.c 0x00000000   Number         0  ft32f0xx_dma.o ABSOLUTE
    D:\\Arm\\Packs\\FMD\\FT32F0xx_DFP\\1.1.0\\Drivers\\FT32F0xx_Driver\\Src\\ft32f0xx_exti.c 0x00000000   Number         0  ft32f0xx_exti.o ABSOLUTE
    D:\\Arm\\Packs\\FMD\\FT32F0xx_DFP\\1.1.0\\Drivers\\FT32F0xx_Driver\\Src\\ft32f0xx_flash.c 0x00000000   Number         0  ft32f0xx_flash.o ABSOLUTE
    D:\\Arm\\Packs\\FMD\\FT32F0xx_DFP\\1.1.0\\Drivers\\FT32F0xx_Driver\\Src\\ft32f0xx_gpio.c 0x00000000   Number         0  ft32f0xx_gpio.o ABSOLUTE
    D:\\Arm\\Packs\\FMD\\FT32F0xx_DFP\\1.1.0\\Drivers\\FT32F0xx_Driver\\Src\\ft32f0xx_iwdg.c 0x00000000   Number         0  ft32f0xx_iwdg.o ABSOLUTE
    D:\\Arm\\Packs\\FMD\\FT32F0xx_DFP\\1.1.0\\Drivers\\FT32F0xx_Driver\\Src\\ft32f0xx_misc.c 0x00000000   Number         0  ft32f0xx_misc.o ABSOLUTE
    D:\\Arm\\Packs\\FMD\\FT32F0xx_DFP\\1.1.0\\Drivers\\FT32F0xx_Driver\\Src\\ft32f0xx_pwr.c 0x00000000   Number         0  ft32f0xx_pwr.o ABSOLUTE
    D:\\Arm\\Packs\\FMD\\FT32F0xx_DFP\\1.1.0\\Drivers\\FT32F0xx_Driver\\Src\\ft32f0xx_rcc.c 0x00000000   Number         0  ft32f0xx_rcc.o ABSOLUTE
    D:\\Arm\\Packs\\FMD\\FT32F0xx_DFP\\1.1.0\\Drivers\\FT32F0xx_Driver\\Src\\ft32f0xx_rtc.c 0x00000000   Number         0  ft32f0xx_rtc.o ABSOLUTE
    D:\\Arm\\Packs\\FMD\\FT32F0xx_DFP\\1.1.0\\Drivers\\FT32F0xx_Driver\\Src\\ft32f0xx_syscfg.c 0x00000000   Number         0  ft32f0xx_syscfg.o ABSOLUTE
    D:\\Arm\\Packs\\FMD\\FT32F0xx_DFP\\1.1.0\\Drivers\\FT32F0xx_Driver\\Src\\ft32f0xx_tim.c 0x00000000   Number         0  ft32f0xx_tim.o ABSOLUTE
    RTE\Device\FT32F030G8BUx\startup_ft32f030x8.s 0x00000000   Number         0  startup_ft32f030x8.o ABSOLUTE
    RTE\Device\FT32F030G8BUx\system_ft32f0xx.c 0x00000000   Number         0  system_ft32f0xx.o ABSOLUTE
    RTE\\Device\\FT32F030G8BUx\\system_ft32f0xx.c 0x00000000   Number         0  system_ft32f0xx.o ABSOLUTE
    USER\Sourse\ft32f0xx_it.c                0x00000000   Number         0  ft32f0xx_it.o ABSOLUTE
    USER\Sourse\main.c                       0x00000000   Number         0  main.o ABSOLUTE
    USER\\Sourse\\ft32f0xx_it.c              0x00000000   Number         0  ft32f0xx_it.o ABSOLUTE
    USER\\Sourse\\main.c                     0x00000000   Number         0  main.o ABSOLUTE
    dc.s                                     0x00000000   Number         0  dc.o ABSOLUTE
    dev_ad9877.c                             0x00000000   Number         0  dev_ad9877.o ABSOLUTE
    dev_ad9877.c                             0x00000000   Number         0  dev_ad9877.o ABSOLUTE
    dev_adc.c                                0x00000000   Number         0  dev_adc.o ABSOLUTE
    dev_adc.c                                0x00000000   Number         0  dev_adc.o ABSOLUTE
    dev_gpio.c                               0x00000000   Number         0  dev_gpio.o ABSOLUTE
    dev_gpio.c                               0x00000000   Number         0  dev_gpio.o ABSOLUTE
    dev_pwm.c                                0x00000000   Number         0  dev_pwm.o ABSOLUTE
    dev_pwm.c                                0x00000000   Number         0  dev_pwm.o ABSOLUTE
    systick.c                                0x00000000   Number         0  systick.o ABSOLUTE
    systick.c                                0x00000000   Number         0  systick.o ABSOLUTE
    RESET                                    0x08000000   Section      192  startup_ft32f030x8.o(RESET)
    !!!main                                  0x080000c0   Section        8  __main.o(!!!main)
    !!!scatter                               0x080000c8   Section       60  __scatter.o(!!!scatter)
    !!handler_copy                           0x08000104   Section       26  __scatter_copy.o(!!handler_copy)
    !!handler_zi                             0x08000120   Section       28  __scatter_zi.o(!!handler_zi)
    .ARM.Collect$$libinit$$00000000          0x0800013c   Section        2  libinit.o(.ARM.Collect$$libinit$$00000000)
    .ARM.Collect$$libinit$$00000002          0x0800013e   Section        0  libinit2.o(.ARM.Collect$$libinit$$00000002)
    .ARM.Collect$$libinit$$00000004          0x0800013e   Section        0  libinit2.o(.ARM.Collect$$libinit$$00000004)
    .ARM.Collect$$libinit$$0000000A          0x0800013e   Section        0  libinit2.o(.ARM.Collect$$libinit$$0000000A)
    .ARM.Collect$$libinit$$0000000C          0x0800013e   Section        0  libinit2.o(.ARM.Collect$$libinit$$0000000C)
    .ARM.Collect$$libinit$$0000000E          0x0800013e   Section        0  libinit2.o(.ARM.Collect$$libinit$$0000000E)
    .ARM.Collect$$libinit$$00000011          0x0800013e   Section        0  libinit2.o(.ARM.Collect$$libinit$$00000011)
    .ARM.Collect$$libinit$$00000013          0x0800013e   Section        0  libinit2.o(.ARM.Collect$$libinit$$00000013)
    .ARM.Collect$$libinit$$00000015          0x0800013e   Section        0  libinit2.o(.ARM.Collect$$libinit$$00000015)
    .ARM.Collect$$libinit$$00000017          0x0800013e   Section        0  libinit2.o(.ARM.Collect$$libinit$$00000017)
    .ARM.Collect$$libinit$$00000019          0x0800013e   Section        0  libinit2.o(.ARM.Collect$$libinit$$00000019)
    .ARM.Collect$$libinit$$0000001B          0x0800013e   Section        0  libinit2.o(.ARM.Collect$$libinit$$0000001B)
    .ARM.Collect$$libinit$$0000001D          0x0800013e   Section        0  libinit2.o(.ARM.Collect$$libinit$$0000001D)
    .ARM.Collect$$libinit$$0000001F          0x0800013e   Section        0  libinit2.o(.ARM.Collect$$libinit$$0000001F)
    .ARM.Collect$$libinit$$00000021          0x0800013e   Section        0  libinit2.o(.ARM.Collect$$libinit$$00000021)
    .ARM.Collect$$libinit$$00000023          0x0800013e   Section        0  libinit2.o(.ARM.Collect$$libinit$$00000023)
    .ARM.Collect$$libinit$$00000025          0x0800013e   Section        0  libinit2.o(.ARM.Collect$$libinit$$00000025)
    .ARM.Collect$$libinit$$0000002C          0x0800013e   Section        0  libinit2.o(.ARM.Collect$$libinit$$0000002C)
    .ARM.Collect$$libinit$$0000002E          0x0800013e   Section        0  libinit2.o(.ARM.Collect$$libinit$$0000002E)
    .ARM.Collect$$libinit$$00000030          0x0800013e   Section        0  libinit2.o(.ARM.Collect$$libinit$$00000030)
    .ARM.Collect$$libinit$$00000032          0x0800013e   Section        0  libinit2.o(.ARM.Collect$$libinit$$00000032)
    .ARM.Collect$$libinit$$00000033          0x0800013e   Section        2  libinit2.o(.ARM.Collect$$libinit$$00000033)
    .ARM.Collect$$libshutdown$$00000000      0x08000140   Section        2  libshutdown.o(.ARM.Collect$$libshutdown$$00000000)
    .ARM.Collect$$libshutdown$$00000002      0x08000142   Section        0  libshutdown2.o(.ARM.Collect$$libshutdown$$00000002)
    .ARM.Collect$$libshutdown$$00000004      0x08000142   Section        0  libshutdown2.o(.ARM.Collect$$libshutdown$$00000004)
    .ARM.Collect$$libshutdown$$00000007      0x08000142   Section        0  libshutdown2.o(.ARM.Collect$$libshutdown$$00000007)
    .ARM.Collect$$libshutdown$$0000000A      0x08000142   Section        0  libshutdown2.o(.ARM.Collect$$libshutdown$$0000000A)
    .ARM.Collect$$libshutdown$$0000000C      0x08000142   Section        0  libshutdown2.o(.ARM.Collect$$libshutdown$$0000000C)
    .ARM.Collect$$libshutdown$$0000000F      0x08000142   Section        0  libshutdown2.o(.ARM.Collect$$libshutdown$$0000000F)
    .ARM.Collect$$libshutdown$$00000010      0x08000142   Section        2  libshutdown2.o(.ARM.Collect$$libshutdown$$00000010)
    .ARM.Collect$$rtentry$$00000000          0x08000144   Section        0  __rtentry.o(.ARM.Collect$$rtentry$$00000000)
    .ARM.Collect$$rtentry$$00000002          0x08000144   Section        0  __rtentry2.o(.ARM.Collect$$rtentry$$00000002)
    .ARM.Collect$$rtentry$$00000004          0x08000144   Section        6  __rtentry4.o(.ARM.Collect$$rtentry$$00000004)
    .ARM.Collect$$rtentry$$00000009          0x0800014a   Section        0  __rtentry2.o(.ARM.Collect$$rtentry$$00000009)
    .ARM.Collect$$rtentry$$0000000A          0x0800014a   Section        4  __rtentry2.o(.ARM.Collect$$rtentry$$0000000A)
    .ARM.Collect$$rtentry$$0000000C          0x0800014e   Section        0  __rtentry2.o(.ARM.Collect$$rtentry$$0000000C)
    .ARM.Collect$$rtentry$$0000000D          0x0800014e   Section        8  __rtentry2.o(.ARM.Collect$$rtentry$$0000000D)
    .ARM.Collect$$rtexit$$00000000           0x08000156   Section        2  rtexit.o(.ARM.Collect$$rtexit$$00000000)
    .ARM.Collect$$rtexit$$00000002           0x08000158   Section        0  rtexit2.o(.ARM.Collect$$rtexit$$00000002)
    .ARM.Collect$$rtexit$$00000003           0x08000158   Section        4  rtexit2.o(.ARM.Collect$$rtexit$$00000003)
    .ARM.Collect$$rtexit$$00000004           0x0800015c   Section        6  rtexit2.o(.ARM.Collect$$rtexit$$00000004)
    .text                                    0x08000164   Section      116  startup_ft32f030x8.o(.text)
    .text                                    0x080001d8   Section      346  aeabi_sdiv.o(.text)
    .text                                    0x08000332   Section        0  heapauxi.o(.text)
    .text                                    0x08000338   Section        0  ddiv.o(.text)
    .text                                    0x08000780   Section        0  dfixi.o(.text)
    .text                                    0x080007ec   Section        0  dmul.o(.text)
    .text                                    0x08000a34   Section        0  fdiv.o(.text)
    .text                                    0x08000b94   Section        0  fflti.o(.text)
    .text                                    0x08000bf4   Section        0  fcmpin.o(.text)
    .text                                    0x08000c58   Section        0  cmpret.o(.text)
    .text                                    0x08000c88   Section        0  fnan2.o(.text)
    .text                                    0x08000c98   Section       62  sys_stackheap_outer.o(.text)
    .text                                    0x08000cd6   Section        0  exit.o(.text)
    .text                                    0x08000ce6   Section        0  retnan.o(.text)
    .text                                    0x08000d44   Section        8  libspace.o(.text)
    .text                                    0x08000d4c   Section        0  sys_exit.o(.text)
    .text                                    0x08000d58   Section        2  use_no_semi.o(.text)
    .text                                    0x08000d5a   Section        0  indicate_semi.o(.text)
    i.AD9833_Delay                           0x08000d5a   Section        0  dev_ad9877.o(i.AD9833_Delay)
    AD9833_Delay                             0x08000d5b   Thumb Code    14  dev_ad9877.o(i.AD9833_Delay)
    i.AD9833_FSYNC_Set                       0x08000d68   Section        0  dev_ad9877.o(i.AD9833_FSYNC_Set)
    AD9833_FSYNC_Set                         0x08000d69   Thumb Code    16  dev_ad9877.o(i.AD9833_FSYNC_Set)
    i.AD9833_InitIo                          0x08000d78   Section        0  dev_ad9877.o(i.AD9833_InitIo)
    i.AD9833_SCLK_Set                        0x08000d96   Section        0  dev_ad9877.o(i.AD9833_SCLK_Set)
    AD9833_SCLK_Set                          0x08000d97   Thumb Code    16  dev_ad9877.o(i.AD9833_SCLK_Set)
    i.AD9833_SDATA_Set                       0x08000da6   Section        0  dev_ad9877.o(i.AD9833_SDATA_Set)
    AD9833_SDATA_Set                         0x08000da7   Thumb Code    16  dev_ad9877.o(i.AD9833_SDATA_Set)
    i.AD9833_SendData                        0x08000db6   Section        0  dev_ad9877.o(i.AD9833_SendData)
    AD9833_SendData                          0x08000db7   Thumb Code   108  dev_ad9877.o(i.AD9833_SendData)
    i.AD9833_SendFrequency                   0x08000e24   Section        0  dev_ad9877.o(i.AD9833_SendFrequency)
    AD9833_SendFrequency                     0x08000e25   Thumb Code   136  dev_ad9877.o(i.AD9833_SendFrequency)
    i.AD9833_SendPhase                       0x08000eb8   Section        0  dev_ad9877.o(i.AD9833_SendPhase)
    AD9833_SendPhase                         0x08000eb9   Thumb Code    26  dev_ad9877.o(i.AD9833_SendPhase)
    i.AD9833_SendWave                        0x08000ed2   Section        0  dev_ad9877.o(i.AD9833_SendWave)
    AD9833_SendWave                          0x08000ed3   Thumb Code    34  dev_ad9877.o(i.AD9833_SendWave)
    i.AD9833_SetPara                         0x08000ef4   Section        0  dev_ad9877.o(i.AD9833_SetPara)
    i.ADC_ChannelConfig                      0x08000f4e   Section        0  ft32f0xx_adc.o(i.ADC_ChannelConfig)
    i.ADC_Cmd                                0x08000f66   Section        0  ft32f0xx_adc.o(i.ADC_Cmd)
    i.ADC_DMACmd                             0x08000f7e   Section        0  ft32f0xx_adc.o(i.ADC_DMACmd)
    i.ADC_DMARequestModeConfig               0x08000f96   Section        0  ft32f0xx_adc.o(i.ADC_DMARequestModeConfig)
    i.ADC_DMA_Config                         0x08000fa8   Section        0  main.o(i.ADC_DMA_Config)
    i.ADC_DeInit                             0x080010a0   Section        0  ft32f0xx_adc.o(i.ADC_DeInit)
    i.ADC_GetCalibrationFactor               0x080010c0   Section        0  ft32f0xx_adc.o(i.ADC_GetCalibrationFactor)
    i.ADC_GetFlagStatus                      0x080010fc   Section        0  ft32f0xx_adc.o(i.ADC_GetFlagStatus)
    i.ADC_Init                               0x0800112c   Section        0  ft32f0xx_adc.o(i.ADC_Init)
    i.ADC_StartOfConversion                  0x08001158   Section        0  ft32f0xx_adc.o(i.ADC_StartOfConversion)
    i.ADC_StructInit                         0x08001162   Section        0  ft32f0xx_adc.o(i.ADC_StructInit)
    i.DMA_ClearFlag                          0x08001174   Section        0  ft32f0xx_dma.o(i.DMA_ClearFlag)
    i.DMA_Cmd                                0x08001188   Section        0  ft32f0xx_dma.o(i.DMA_Cmd)
    i.DMA_DeInit                             0x080011a4   Section        0  ft32f0xx_dma.o(i.DMA_DeInit)
    i.DMA_GetFlagStatus                      0x08001244   Section        0  ft32f0xx_dma.o(i.DMA_GetFlagStatus)
    i.DMA_Init                               0x0800126c   Section        0  ft32f0xx_dma.o(i.DMA_Init)
    i.Delay                                  0x080012ac   Section        0  systick.o(i.Delay)
    i.DevGpio_ReadInPut                      0x080012c4   Section        0  dev_gpio.o(i.DevGpio_ReadInPut)
    i.DevGpio_SetOutPut                      0x080012e8   Section        0  dev_gpio.o(i.DevGpio_SetOutPut)
    i.Devpwm_SetDuty                         0x0800130c   Section        0  dev_pwm.o(i.Devpwm_SetDuty)
    i.EXTI4_15_IRQHandler                    0x08001320   Section        0  ft32f0xx_it.o(i.EXTI4_15_IRQHandler)
    i.EXTI_ClearITPendingBit                 0x080013a0   Section        0  ft32f0xx_exti.o(i.EXTI_ClearITPendingBit)
    i.EXTI_GetITStatus                       0x080013ac   Section        0  ft32f0xx_exti.o(i.EXTI_GetITStatus)
    i.EXTI_Init                              0x080013c8   Section        0  ft32f0xx_exti.o(i.EXTI_Init)
    i.FT32_EXIT_Init                         0x08001450   Section        0  main.o(i.FT32_EXIT_Init)
    i.FT32_GPIO_Init                         0x080014bc   Section        0  main.o(i.FT32_GPIO_Init)
    i.GPIO_Init                              0x0800152c   Section        0  ft32f0xx_gpio.o(i.GPIO_Init)
    i.GPIO_PinAFConfig                       0x080015bc   Section        0  ft32f0xx_gpio.o(i.GPIO_PinAFConfig)
    i.GPIO_ReadInputDataBit                  0x08001600   Section        0  ft32f0xx_gpio.o(i.GPIO_ReadInputDataBit)
    i.GPIO_WriteBit                          0x08001614   Section        0  ft32f0xx_gpio.o(i.GPIO_WriteBit)
    i.HardFault_Handler                      0x08001620   Section        0  ft32f0xx_it.o(i.HardFault_Handler)
    i.IWDG_Config                            0x08001624   Section        0  main.o(i.IWDG_Config)
    i.IWDG_Enable                            0x08001650   Section        0  ft32f0xx_iwdg.o(i.IWDG_Enable)
    i.IWDG_ReloadCounter                     0x08001660   Section        0  ft32f0xx_iwdg.o(i.IWDG_ReloadCounter)
    i.IWDG_SetPrescaler                      0x08001670   Section        0  ft32f0xx_iwdg.o(i.IWDG_SetPrescaler)
    i.IWDG_SetReload                         0x0800167c   Section        0  ft32f0xx_iwdg.o(i.IWDG_SetReload)
    i.IWDG_WriteAccessCmd                    0x08001688   Section        0  ft32f0xx_iwdg.o(i.IWDG_WriteAccessCmd)
    i.NMI_Handler                            0x08001694   Section        0  ft32f0xx_it.o(i.NMI_Handler)
    i.NVIC_Init                              0x08001698   Section        0  ft32f0xx_misc.o(i.NVIC_Init)
    i.NVIC_SetPriority                       0x08001708   Section        0  systick.o(i.NVIC_SetPriority)
    NVIC_SetPriority                         0x08001709   Thumb Code   110  systick.o(i.NVIC_SetPriority)
    i.PendSV_Handler                         0x08001780   Section        0  ft32f0xx_it.o(i.PendSV_Handler)
    i.RCC_AHBPeriphClockCmd                  0x08001784   Section        0  ft32f0xx_rcc.o(i.RCC_AHBPeriphClockCmd)
    i.RCC_APB1PeriphClockCmd                 0x080017a4   Section        0  ft32f0xx_rcc.o(i.RCC_APB1PeriphClockCmd)
    i.RCC_APB2PeriphClockCmd                 0x080017c4   Section        0  ft32f0xx_rcc.o(i.RCC_APB2PeriphClockCmd)
    i.RCC_APB2PeriphResetCmd                 0x080017e4   Section        0  ft32f0xx_rcc.o(i.RCC_APB2PeriphResetCmd)
    i.RCC_LSICmd                             0x08001804   Section        0  ft32f0xx_rcc.o(i.RCC_LSICmd)
    i.SVC_Handler                            0x08001828   Section        0  ft32f0xx_it.o(i.SVC_Handler)
    i.SYSCFG_EXTILineConfig                  0x0800182c   Section        0  ft32f0xx_syscfg.o(i.SYSCFG_EXTILineConfig)
    i.SetSysClock                            0x0800186c   Section        0  system_ft32f0xx.o(i.SetSysClock)
    SetSysClock                              0x0800186d   Thumb Code     8  system_ft32f0xx.o(i.SetSysClock)
    i.SetSysClockTo48                        0x08001874   Section        0  system_ft32f0xx.o(i.SetSysClockTo48)
    SetSysClockTo48                          0x08001875   Thumb Code   198  system_ft32f0xx.o(i.SetSysClockTo48)
    i.Set_PWM1_Duty                          0x08001944   Section        0  dev_pwm.o(i.Set_PWM1_Duty)
    Set_PWM1_Duty                            0x08001945   Thumb Code    18  dev_pwm.o(i.Set_PWM1_Duty)
    i.Set_PWM2_Duty                          0x0800195c   Section        0  dev_pwm.o(i.Set_PWM2_Duty)
    Set_PWM2_Duty                            0x0800195d   Thumb Code    18  dev_pwm.o(i.Set_PWM2_Duty)
    i.Set_PWM3_Duty                          0x08001974   Section        0  dev_pwm.o(i.Set_PWM3_Duty)
    Set_PWM3_Duty                            0x08001975   Thumb Code    18  dev_pwm.o(i.Set_PWM3_Duty)
    i.SysTick_Handler                        0x0800198c   Section        0  ft32f0xx_it.o(i.SysTick_Handler)
    i.SystemCoreClockUpdate                  0x080019b0   Section        0  system_ft32f0xx.o(i.SystemCoreClockUpdate)
    i.SystemInit                             0x08001a60   Section        0  system_ft32f0xx.o(i.SystemInit)
    i.SystickInit                            0x08001adc   Section        0  systick.o(i.SystickInit)
    i.TIM14_IRQHandler                       0x08001b2c   Section        0  ft32f0xx_it.o(i.TIM14_IRQHandler)
    i.TIM1_BRK_UP_TRG_COM_IRQHandler         0x08001b2e   Section        0  ft32f0xx_it.o(i.TIM1_BRK_UP_TRG_COM_IRQHandler)
    i.TIM_Cmd                                0x08001b30   Section        0  ft32f0xx_tim.o(i.TIM_Cmd)
    i.TIM_CtrlPWMOutputs                     0x08001b4c   Section        0  ft32f0xx_tim.o(i.TIM_CtrlPWMOutputs)
    i.TIM_ITConfig                           0x08001b6e   Section        0  ft32f0xx_tim.o(i.TIM_ITConfig)
    i.TIM_OC1Init                            0x08001b84   Section        0  ft32f0xx_tim.o(i.TIM_OC1Init)
    i.TIM_OC4Init                            0x08001c18   Section        0  ft32f0xx_tim.o(i.TIM_OC4Init)
    i.TIM_SetCompare1                        0x08001c88   Section        0  ft32f0xx_tim.o(i.TIM_SetCompare1)
    i.TIM_SetCompare4                        0x08001c8c   Section        0  ft32f0xx_tim.o(i.TIM_SetCompare4)
    i.TIM_TimeBaseInit                       0x08001c90   Section        0  ft32f0xx_tim.o(i.TIM_TimeBaseInit)
    i.Tim16BaseInit                          0x08001d0c   Section        0  main.o(i.Tim16BaseInit)
    i.Tim1BaseInit                           0x08001d88   Section        0  main.o(i.Tim1BaseInit)
    i.Tim3BaseInit                           0x08001de4   Section        0  main.o(i.Tim3BaseInit)
    i.TimingDelay_Decrement                  0x08001e94   Section        0  systick.o(i.TimingDelay_Decrement)
    i.__ARM_common_switch8                   0x08001eac   Section        0  main.o(i.__ARM_common_switch8)
    i.get_adc_val                            0x08001ec8   Section        0  dev_adc.o(i.get_adc_val)
    i.look1_iflf_binlxpw                     0x08001f84   Section        0  dev_adc.o(i.look1_iflf_binlxpw)
    i.main                                   0x0800206c   Section        0  main.o(i.main)
    x$fpl$fadd                               0x08002160   Section      140  faddsub.o(x$fpl$fadd)
    _fadd1                                   0x0800216d   Thumb Code     0  faddsub.o(x$fpl$fadd)
    x$fpl$fleqf                              0x080021ec   Section       84  flef.o(x$fpl$fleqf)
    x$fpl$fmul                               0x08002240   Section      176  fmul.o(x$fpl$fmul)
    x$fpl$fsub                               0x080022f0   Section      208  faddsub.o(x$fpl$fsub)
    _fsub1                                   0x080022fd   Thumb Code     0  faddsub.o(x$fpl$fsub)
    .constdata                               0x080023c0   Section     1280  dev_adc.o(.constdata)
    x$fpl$usenofp                            0x080023c0   Section        0  usenofp.o(x$fpl$usenofp)
    .constdata                               0x080028c0   Section       12  dev_pwm.o(.constdata)
    set_pwm_duty                             0x080028c0   Data          12  dev_pwm.o(.constdata)
    .constdata                               0x080028cc   Section      128  ddiv.o(.constdata)
    ddiv_reciptbl                            0x080028cc   Data         128  ddiv.o(.constdata)
    .constdata                               0x0800294c   Section       64  fdiv.o(.constdata)
    fdiv_tab                                 0x0800294c   Data          64  fdiv.o(.constdata)
    .data                                    0x20000000   Section       10  ft32f0xx_it.o(.data)
    .data                                    0x2000000c   Section       16  main.o(.data)
    .data                                    0x2000001c   Section        4  systick.o(.data)
    TimingDelay                              0x2000001c   Data           4  systick.o(.data)
    .data                                    0x20000020   Section       88  dev_gpio.o(.data)
    dev_gpio_handle                          0x20000020   Data          88  dev_gpio.o(.data)
    .data                                    0x20000078   Section       20  system_ft32f0xx.o(.data)
    .bss                                     0x2000008c   Section       96  libspace.o(.bss)
    HEAP                                     0x200000f0   Section      512  startup_ft32f030x8.o(HEAP)
    Heap_Mem                                 0x200000f0   Data         512  startup_ft32f030x8.o(HEAP)
    STACK                                    0x200002f0   Section     1024  startup_ft32f030x8.o(STACK)
    Stack_Mem                                0x200002f0   Data        1024  startup_ft32f030x8.o(STACK)
    __initial_sp                             0x200006f0   Data           0  startup_ft32f030x8.o(STACK)

    Global Symbols

    Symbol Name                              Value     Ov Type        Size  Object(Section)

    BuildAttributes$$THM_ISAv3M$S$PE$A:L22$X:L11$S22$IEEE1$IW$USESV6$~STKCKD$USESV7$~SHL$OSPACE$ROPI$EBA8$UX$STANDARDLIB$REQ8$PRES8$EABIv2 0x00000000   Number         0  anon$$obj.o ABSOLUTE
    __ARM_use_no_argv                        0x00000000   Number         0  main.o ABSOLUTE
    __ARM_exceptions_init                     - Undefined Weak Reference
    __alloca_initialize                       - Undefined Weak Reference
    __arm_preinit_                            - Undefined Weak Reference
    __cpp_initialize__aeabi_                  - Undefined Weak Reference
    __cxa_finalize                            - Undefined Weak Reference
    __rt_locale                               - Undefined Weak Reference
    __sigvec_lookup                           - Undefined Weak Reference
    _atexit_init                              - Undefined Weak Reference
    _call_atexit_fns                          - Undefined Weak Reference
    _clock_init                               - Undefined Weak Reference
    _fp_trap_init                             - Undefined Weak Reference
    _fp_trap_shutdown                         - Undefined Weak Reference
    _get_lc_collate                           - Undefined Weak Reference
    _get_lc_ctype                             - Undefined Weak Reference
    _get_lc_monetary                          - Undefined Weak Reference
    _get_lc_numeric                           - Undefined Weak Reference
    _get_lc_time                              - Undefined Weak Reference
    _getenv_init                              - Undefined Weak Reference
    _handle_redirection                       - Undefined Weak Reference
    _init_alloc                               - Undefined Weak Reference
    _init_user_alloc                          - Undefined Weak Reference
    _initio                                   - Undefined Weak Reference
    _rand_init                                - Undefined Weak Reference
    _signal_finish                            - Undefined Weak Reference
    _signal_init                              - Undefined Weak Reference
    _terminate_alloc                          - Undefined Weak Reference
    _terminate_user_alloc                     - Undefined Weak Reference
    _terminateio                              - Undefined Weak Reference
    __Vectors_Size                           0x000000c0   Number         0  startup_ft32f030x8.o ABSOLUTE
    __Vectors                                0x08000000   Data           4  startup_ft32f030x8.o(RESET)
    __Vectors_End                            0x080000c0   Data           0  startup_ft32f030x8.o(RESET)
    __main                                   0x080000c1   Thumb Code     8  __main.o(!!!main)
    __scatterload                            0x080000c9   Thumb Code     0  __scatter.o(!!!scatter)
    __scatterload_rt2                        0x080000c9   Thumb Code    52  __scatter.o(!!!scatter)
    __scatterload_rt2_thumb_only             0x080000c9   Thumb Code     0  __scatter.o(!!!scatter)
    __scatterload_null                       0x080000d9   Thumb Code     0  __scatter.o(!!!scatter)
    __scatterload_copy                       0x08000105   Thumb Code    26  __scatter_copy.o(!!handler_copy)
    __scatterload_zeroinit                   0x08000121   Thumb Code    28  __scatter_zi.o(!!handler_zi)
    __rt_lib_init                            0x0800013d   Thumb Code     0  libinit.o(.ARM.Collect$$libinit$$00000000)
    __rt_lib_init_alloca_1                   0x0800013f   Thumb Code     0  libinit2.o(.ARM.Collect$$libinit$$0000002E)
    __rt_lib_init_argv_1                     0x0800013f   Thumb Code     0  libinit2.o(.ARM.Collect$$libinit$$0000002C)
    __rt_lib_init_atexit_1                   0x0800013f   Thumb Code     0  libinit2.o(.ARM.Collect$$libinit$$0000001B)
    __rt_lib_init_clock_1                    0x0800013f   Thumb Code     0  libinit2.o(.ARM.Collect$$libinit$$00000021)
    __rt_lib_init_cpp_1                      0x0800013f   Thumb Code     0  libinit2.o(.ARM.Collect$$libinit$$00000032)
    __rt_lib_init_exceptions_1               0x0800013f   Thumb Code     0  libinit2.o(.ARM.Collect$$libinit$$00000030)
    __rt_lib_init_fp_1                       0x0800013f   Thumb Code     0  libinit2.o(.ARM.Collect$$libinit$$00000002)
    __rt_lib_init_fp_trap_1                  0x0800013f   Thumb Code     0  libinit2.o(.ARM.Collect$$libinit$$0000001F)
    __rt_lib_init_getenv_1                   0x0800013f   Thumb Code     0  libinit2.o(.ARM.Collect$$libinit$$00000023)
    __rt_lib_init_heap_1                     0x0800013f   Thumb Code     0  libinit2.o(.ARM.Collect$$libinit$$0000000A)
    __rt_lib_init_lc_collate_1               0x0800013f   Thumb Code     0  libinit2.o(.ARM.Collect$$libinit$$00000011)
    __rt_lib_init_lc_ctype_1                 0x0800013f   Thumb Code     0  libinit2.o(.ARM.Collect$$libinit$$00000013)
    __rt_lib_init_lc_monetary_1              0x0800013f   Thumb Code     0  libinit2.o(.ARM.Collect$$libinit$$00000015)
    __rt_lib_init_lc_numeric_1               0x0800013f   Thumb Code     0  libinit2.o(.ARM.Collect$$libinit$$00000017)
    __rt_lib_init_lc_time_1                  0x0800013f   Thumb Code     0  libinit2.o(.ARM.Collect$$libinit$$00000019)
    __rt_lib_init_preinit_1                  0x0800013f   Thumb Code     0  libinit2.o(.ARM.Collect$$libinit$$00000004)
    __rt_lib_init_rand_1                     0x0800013f   Thumb Code     0  libinit2.o(.ARM.Collect$$libinit$$0000000E)
    __rt_lib_init_return                     0x0800013f   Thumb Code     0  libinit2.o(.ARM.Collect$$libinit$$00000033)
    __rt_lib_init_signal_1                   0x0800013f   Thumb Code     0  libinit2.o(.ARM.Collect$$libinit$$0000001D)
    __rt_lib_init_stdio_1                    0x0800013f   Thumb Code     0  libinit2.o(.ARM.Collect$$libinit$$00000025)
    __rt_lib_init_user_alloc_1               0x0800013f   Thumb Code     0  libinit2.o(.ARM.Collect$$libinit$$0000000C)
    __rt_lib_shutdown                        0x08000141   Thumb Code     0  libshutdown.o(.ARM.Collect$$libshutdown$$00000000)
    __rt_lib_shutdown_cpp_1                  0x08000143   Thumb Code     0  libshutdown2.o(.ARM.Collect$$libshutdown$$00000002)
    __rt_lib_shutdown_fp_trap_1              0x08000143   Thumb Code     0  libshutdown2.o(.ARM.Collect$$libshutdown$$00000007)
    __rt_lib_shutdown_heap_1                 0x08000143   Thumb Code     0  libshutdown2.o(.ARM.Collect$$libshutdown$$0000000F)
    __rt_lib_shutdown_return                 0x08000143   Thumb Code     0  libshutdown2.o(.ARM.Collect$$libshutdown$$00000010)
    __rt_lib_shutdown_signal_1               0x08000143   Thumb Code     0  libshutdown2.o(.ARM.Collect$$libshutdown$$0000000A)
    __rt_lib_shutdown_stdio_1                0x08000143   Thumb Code     0  libshutdown2.o(.ARM.Collect$$libshutdown$$00000004)
    __rt_lib_shutdown_user_alloc_1           0x08000143   Thumb Code     0  libshutdown2.o(.ARM.Collect$$libshutdown$$0000000C)
    __rt_entry                               0x08000145   Thumb Code     0  __rtentry.o(.ARM.Collect$$rtentry$$00000000)
    __rt_entry_presh_1                       0x08000145   Thumb Code     0  __rtentry2.o(.ARM.Collect$$rtentry$$00000002)
    __rt_entry_sh                            0x08000145   Thumb Code     0  __rtentry4.o(.ARM.Collect$$rtentry$$00000004)
    __rt_entry_li                            0x0800014b   Thumb Code     0  __rtentry2.o(.ARM.Collect$$rtentry$$0000000A)
    __rt_entry_postsh_1                      0x0800014b   Thumb Code     0  __rtentry2.o(.ARM.Collect$$rtentry$$00000009)
    __rt_entry_main                          0x0800014f   Thumb Code     0  __rtentry2.o(.ARM.Collect$$rtentry$$0000000D)
    __rt_entry_postli_1                      0x0800014f   Thumb Code     0  __rtentry2.o(.ARM.Collect$$rtentry$$0000000C)
    __rt_exit                                0x08000157   Thumb Code     0  rtexit.o(.ARM.Collect$$rtexit$$00000000)
    __rt_exit_ls                             0x08000159   Thumb Code     0  rtexit2.o(.ARM.Collect$$rtexit$$00000003)
    __rt_exit_prels_1                        0x08000159   Thumb Code     0  rtexit2.o(.ARM.Collect$$rtexit$$00000002)
    __rt_exit_exit                           0x0800015d   Thumb Code     0  rtexit2.o(.ARM.Collect$$rtexit$$00000004)
    Reset_Handler                            0x08000165   Thumb Code    38  startup_ft32f030x8.o(.text)
    ADC1_IRQHandler                          0x08000195   Thumb Code     0  startup_ft32f030x8.o(.text)
    DMA1_Channel1_IRQHandler                 0x08000195   Thumb Code     0  startup_ft32f030x8.o(.text)
    DMA1_Channel2_3_IRQHandler               0x08000195   Thumb Code     0  startup_ft32f030x8.o(.text)
    DMA1_Channel4_5_IRQHandler               0x08000195   Thumb Code     0  startup_ft32f030x8.o(.text)
    EXTI0_1_IRQHandler                       0x08000195   Thumb Code     0  startup_ft32f030x8.o(.text)
    EXTI2_3_IRQHandler                       0x08000195   Thumb Code     0  startup_ft32f030x8.o(.text)
    FLASH_IRQHandler                         0x08000195   Thumb Code     0  startup_ft32f030x8.o(.text)
    I2C1_IRQHandler                          0x08000195   Thumb Code     0  startup_ft32f030x8.o(.text)
    I2C2_IRQHandler                          0x08000195   Thumb Code     0  startup_ft32f030x8.o(.text)
    PVD_VDDIO_IRQHandler                     0x08000195   Thumb Code     0  startup_ft32f030x8.o(.text)
    RCC_IRQHandler                           0x08000195   Thumb Code     0  startup_ft32f030x8.o(.text)
    RTC_IRQHandler                           0x08000195   Thumb Code     0  startup_ft32f030x8.o(.text)
    SPI1_IRQHandler                          0x08000195   Thumb Code     0  startup_ft32f030x8.o(.text)
    SPI2_IRQHandler                          0x08000195   Thumb Code     0  startup_ft32f030x8.o(.text)
    TIM15_IRQHandler                         0x08000195   Thumb Code     0  startup_ft32f030x8.o(.text)
    TIM16_IRQHandler                         0x08000195   Thumb Code     0  startup_ft32f030x8.o(.text)
    TIM17_IRQHandler                         0x08000195   Thumb Code     0  startup_ft32f030x8.o(.text)
    TIM1_CC_IRQHandler                       0x08000195   Thumb Code     0  startup_ft32f030x8.o(.text)
    TIM3_IRQHandler                          0x08000195   Thumb Code     0  startup_ft32f030x8.o(.text)
    TIM6_IRQHandler                          0x08000195   Thumb Code     0  startup_ft32f030x8.o(.text)
    USART1_IRQHandler                        0x08000195   Thumb Code     0  startup_ft32f030x8.o(.text)
    USART2_IRQHandler                        0x08000195   Thumb Code     0  startup_ft32f030x8.o(.text)
    USB_IRQHandler                           0x08000195   Thumb Code     0  startup_ft32f030x8.o(.text)
    WWDG_IRQHandler                          0x08000195   Thumb Code     0  startup_ft32f030x8.o(.text)
    __user_initial_stackheap                 0x08000199   Thumb Code     0  startup_ft32f030x8.o(.text)
    __aeabi_uidiv                            0x080001d9   Thumb Code     0  aeabi_sdiv.o(.text)
    __aeabi_uidivmod                         0x080001d9   Thumb Code    20  aeabi_sdiv.o(.text)
    __aeabi_idiv                             0x080001ed   Thumb Code     0  aeabi_sdiv.o(.text)
    __aeabi_idivmod                          0x080001ed   Thumb Code   326  aeabi_sdiv.o(.text)
    __use_two_region_memory                  0x08000333   Thumb Code     2  heapauxi.o(.text)
    __rt_heap_escrow$2region                 0x08000335   Thumb Code     2  heapauxi.o(.text)
    __rt_heap_expand$2region                 0x08000337   Thumb Code     2  heapauxi.o(.text)
    __aeabi_ddiv                             0x08000339   Thumb Code     0  ddiv.o(.text)
    _ddiv                                    0x08000339   Thumb Code  1072  ddiv.o(.text)
    _drdiv                                   0x08000769   Thumb Code    20  ddiv.o(.text)
    __aeabi_d2iz                             0x08000781   Thumb Code     0  dfixi.o(.text)
    _dfix                                    0x08000781   Thumb Code    98  dfixi.o(.text)
    __aeabi_dmul                             0x080007ed   Thumb Code     0  dmul.o(.text)
    _dmul                                    0x080007ed   Thumb Code   558  dmul.o(.text)
    __aeabi_fdiv                             0x08000a35   Thumb Code     0  fdiv.o(.text)
    _fdiv                                    0x08000a35   Thumb Code   334  fdiv.o(.text)
    _frdiv                                   0x08000b83   Thumb Code     8  fdiv.o(.text)
    __aeabi_i2f_normalise                    0x08000b95   Thumb Code    72  fflti.o(.text)
    __aeabi_i2f                              0x08000bdd   Thumb Code    16  fflti.o(.text)
    _fflt                                    0x08000bdd   Thumb Code     0  fflti.o(.text)
    __aeabi_ui2f                             0x08000bed   Thumb Code     6  fflti.o(.text)
    _ffltu                                   0x08000bed   Thumb Code     0  fflti.o(.text)
    __fpl_fcmp_InfNaN                        0x08000bf5   Thumb Code    96  fcmpin.o(.text)
    __fpl_cmpreturn                          0x08000c59   Thumb Code    46  cmpret.o(.text)
    __fpl_fcheck_NaN2                        0x08000c89   Thumb Code    10  fnan2.o(.text)
    __user_setup_stackheap                   0x08000c99   Thumb Code    62  sys_stackheap_outer.o(.text)
    exit                                     0x08000cd7   Thumb Code    16  exit.o(.text)
    __fpl_return_NaN                         0x08000ce7   Thumb Code    94  retnan.o(.text)
    __user_libspace                          0x08000d45   Thumb Code     8  libspace.o(.text)
    __user_perproc_libspace                  0x08000d45   Thumb Code     0  libspace.o(.text)
    __user_perthread_libspace                0x08000d45   Thumb Code     0  libspace.o(.text)
    _sys_exit                                0x08000d4d   Thumb Code     8  sys_exit.o(.text)
    __I$use$semihosting                      0x08000d59   Thumb Code     0  use_no_semi.o(.text)
    __use_no_semihosting_swi                 0x08000d59   Thumb Code     2  use_no_semi.o(.text)
    __semihosting_library_function           0x08000d5b   Thumb Code     0  indicate_semi.o(.text)
    AD9833_InitIo                            0x08000d79   Thumb Code    30  dev_ad9877.o(i.AD9833_InitIo)
    AD9833_SetPara                           0x08000ef5   Thumb Code    90  dev_ad9877.o(i.AD9833_SetPara)
    ADC_ChannelConfig                        0x08000f4f   Thumb Code    24  ft32f0xx_adc.o(i.ADC_ChannelConfig)
    ADC_Cmd                                  0x08000f67   Thumb Code    24  ft32f0xx_adc.o(i.ADC_Cmd)
    ADC_DMACmd                               0x08000f7f   Thumb Code    24  ft32f0xx_adc.o(i.ADC_DMACmd)
    ADC_DMARequestModeConfig                 0x08000f97   Thumb Code    16  ft32f0xx_adc.o(i.ADC_DMARequestModeConfig)
    ADC_DMA_Config                           0x08000fa9   Thumb Code   234  main.o(i.ADC_DMA_Config)
    ADC_DeInit                               0x080010a1   Thumb Code    28  ft32f0xx_adc.o(i.ADC_DeInit)
    ADC_GetCalibrationFactor                 0x080010c1   Thumb Code    60  ft32f0xx_adc.o(i.ADC_GetCalibrationFactor)
    ADC_GetFlagStatus                        0x080010fd   Thumb Code    48  ft32f0xx_adc.o(i.ADC_GetFlagStatus)
    ADC_Init                                 0x0800112d   Thumb Code    40  ft32f0xx_adc.o(i.ADC_Init)
    ADC_StartOfConversion                    0x08001159   Thumb Code    10  ft32f0xx_adc.o(i.ADC_StartOfConversion)
    ADC_StructInit                           0x08001163   Thumb Code    16  ft32f0xx_adc.o(i.ADC_StructInit)
    DMA_ClearFlag                            0x08001175   Thumb Code    16  ft32f0xx_dma.o(i.DMA_ClearFlag)
    DMA_Cmd                                  0x08001189   Thumb Code    24  ft32f0xx_dma.o(i.DMA_Cmd)
    DMA_DeInit                               0x080011a5   Thumb Code   152  ft32f0xx_dma.o(i.DMA_DeInit)
    DMA_GetFlagStatus                        0x08001245   Thumb Code    36  ft32f0xx_dma.o(i.DMA_GetFlagStatus)
    DMA_Init                                 0x0800126d   Thumb Code    58  ft32f0xx_dma.o(i.DMA_Init)
    Delay                                    0x080012ad   Thumb Code    20  systick.o(i.Delay)
    DevGpio_ReadInPut                        0x080012c5   Thumb Code    30  dev_gpio.o(i.DevGpio_ReadInPut)
    DevGpio_SetOutPut                        0x080012e9   Thumb Code    30  dev_gpio.o(i.DevGpio_SetOutPut)
    Devpwm_SetDuty                           0x0800130d   Thumb Code    16  dev_pwm.o(i.Devpwm_SetDuty)
    EXTI4_15_IRQHandler                      0x08001321   Thumb Code   112  ft32f0xx_it.o(i.EXTI4_15_IRQHandler)
    EXTI_ClearITPendingBit                   0x080013a1   Thumb Code     6  ft32f0xx_exti.o(i.EXTI_ClearITPendingBit)
    EXTI_GetITStatus                         0x080013ad   Thumb Code    22  ft32f0xx_exti.o(i.EXTI_GetITStatus)
    EXTI_Init                                0x080013c9   Thumb Code   132  ft32f0xx_exti.o(i.EXTI_Init)
    FT32_EXIT_Init                           0x08001451   Thumb Code   106  main.o(i.FT32_EXIT_Init)
    FT32_GPIO_Init                           0x080014bd   Thumb Code    98  main.o(i.FT32_GPIO_Init)
    GPIO_Init                                0x0800152d   Thumb Code   144  ft32f0xx_gpio.o(i.GPIO_Init)
    GPIO_PinAFConfig                         0x080015bd   Thumb Code    68  ft32f0xx_gpio.o(i.GPIO_PinAFConfig)
    GPIO_ReadInputDataBit                    0x08001601   Thumb Code    20  ft32f0xx_gpio.o(i.GPIO_ReadInputDataBit)
    GPIO_WriteBit                            0x08001615   Thumb Code    12  ft32f0xx_gpio.o(i.GPIO_WriteBit)
    HardFault_Handler                        0x08001621   Thumb Code     4  ft32f0xx_it.o(i.HardFault_Handler)
    IWDG_Config                              0x08001625   Thumb Code    36  main.o(i.IWDG_Config)
    IWDG_Enable                              0x08001651   Thumb Code     8  ft32f0xx_iwdg.o(i.IWDG_Enable)
    IWDG_ReloadCounter                       0x08001661   Thumb Code     8  ft32f0xx_iwdg.o(i.IWDG_ReloadCounter)
    IWDG_SetPrescaler                        0x08001671   Thumb Code     6  ft32f0xx_iwdg.o(i.IWDG_SetPrescaler)
    IWDG_SetReload                           0x0800167d   Thumb Code     6  ft32f0xx_iwdg.o(i.IWDG_SetReload)
    IWDG_WriteAccessCmd                      0x08001689   Thumb Code     6  ft32f0xx_iwdg.o(i.IWDG_WriteAccessCmd)
    NMI_Handler                              0x08001695   Thumb Code     2  ft32f0xx_it.o(i.NMI_Handler)
    NVIC_Init                                0x08001699   Thumb Code   106  ft32f0xx_misc.o(i.NVIC_Init)
    PendSV_Handler                           0x08001781   Thumb Code     2  ft32f0xx_it.o(i.PendSV_Handler)
    RCC_AHBPeriphClockCmd                    0x08001785   Thumb Code    28  ft32f0xx_rcc.o(i.RCC_AHBPeriphClockCmd)
    RCC_APB1PeriphClockCmd                   0x080017a5   Thumb Code    28  ft32f0xx_rcc.o(i.RCC_APB1PeriphClockCmd)
    RCC_APB2PeriphClockCmd                   0x080017c5   Thumb Code    28  ft32f0xx_rcc.o(i.RCC_APB2PeriphClockCmd)
    RCC_APB2PeriphResetCmd                   0x080017e5   Thumb Code    28  ft32f0xx_rcc.o(i.RCC_APB2PeriphResetCmd)
    RCC_LSICmd                               0x08001805   Thumb Code    32  ft32f0xx_rcc.o(i.RCC_LSICmd)
    SVC_Handler                              0x08001829   Thumb Code     2  ft32f0xx_it.o(i.SVC_Handler)
    SYSCFG_EXTILineConfig                    0x0800182d   Thumb Code    60  ft32f0xx_syscfg.o(i.SYSCFG_EXTILineConfig)
    SysTick_Handler                          0x0800198d   Thumb Code    28  ft32f0xx_it.o(i.SysTick_Handler)
    SystemCoreClockUpdate                    0x080019b1   Thumb Code   154  system_ft32f0xx.o(i.SystemCoreClockUpdate)
    SystemInit                               0x08001a61   Thumb Code   110  system_ft32f0xx.o(i.SystemInit)
    SystickInit                              0x08001add   Thumb Code    68  systick.o(i.SystickInit)
    TIM14_IRQHandler                         0x08001b2d   Thumb Code     2  ft32f0xx_it.o(i.TIM14_IRQHandler)
    TIM1_BRK_UP_TRG_COM_IRQHandler           0x08001b2f   Thumb Code     2  ft32f0xx_it.o(i.TIM1_BRK_UP_TRG_COM_IRQHandler)
    TIM_Cmd                                  0x08001b31   Thumb Code    24  ft32f0xx_tim.o(i.TIM_Cmd)
    TIM_CtrlPWMOutputs                       0x08001b4d   Thumb Code    34  ft32f0xx_tim.o(i.TIM_CtrlPWMOutputs)
    TIM_ITConfig                             0x08001b6f   Thumb Code    20  ft32f0xx_tim.o(i.TIM_ITConfig)
    TIM_OC1Init                              0x08001b85   Thumb Code   122  ft32f0xx_tim.o(i.TIM_OC1Init)
    TIM_OC4Init                              0x08001c19   Thumb Code    88  ft32f0xx_tim.o(i.TIM_OC4Init)
    TIM_SetCompare1                          0x08001c89   Thumb Code     4  ft32f0xx_tim.o(i.TIM_SetCompare1)
    TIM_SetCompare4                          0x08001c8d   Thumb Code     4  ft32f0xx_tim.o(i.TIM_SetCompare4)
    TIM_TimeBaseInit                         0x08001c91   Thumb Code    90  ft32f0xx_tim.o(i.TIM_TimeBaseInit)
    Tim16BaseInit                            0x08001d0d   Thumb Code   120  main.o(i.Tim16BaseInit)
    Tim1BaseInit                             0x08001d89   Thumb Code    82  main.o(i.Tim1BaseInit)
    Tim3BaseInit                             0x08001de5   Thumb Code   166  main.o(i.Tim3BaseInit)
    TimingDelay_Decrement                    0x08001e95   Thumb Code    20  systick.o(i.TimingDelay_Decrement)
    __ARM_common_switch8                     0x08001ead   Thumb Code    28  main.o(i.__ARM_common_switch8)
    get_adc_val                              0x08001ec9   Thumb Code   154  dev_adc.o(i.get_adc_val)
    look1_iflf_binlxpw                       0x08001f85   Thumb Code   232  dev_adc.o(i.look1_iflf_binlxpw)
    main                                     0x0800206d   Thumb Code   218  main.o(i.main)
    __aeabi_fadd                             0x08002161   Thumb Code     0  faddsub.o(x$fpl$fadd)
    _fadd                                    0x08002161   Thumb Code   134  faddsub.o(x$fpl$fadd)
    __aeabi_cfcmple                          0x080021ed   Thumb Code     0  flef.o(x$fpl$fleqf)
    _fcmple                                  0x080021ed   Thumb Code    78  flef.o(x$fpl$fleqf)
    __aeabi_fmul                             0x08002241   Thumb Code     0  fmul.o(x$fpl$fmul)
    _fmul                                    0x08002241   Thumb Code   172  fmul.o(x$fpl$fmul)
    __aeabi_fsub                             0x080022f1   Thumb Code     0  faddsub.o(x$fpl$fsub)
    _fsub                                    0x080022f1   Thumb Code   204  faddsub.o(x$fpl$fsub)
    INP_HWTemp1_R                            0x080023c0   Data         640  dev_adc.o(.constdata)
    __I$use$fp                               0x080023c0   Number         0  usenofp.o(x$fpl$usenofp)
    OUT_HWTemp1_T                            0x08002640   Data         640  dev_adc.o(.constdata)
    Region$$Table$$Base                      0x0800298c   Number         0  anon$$obj.o(Region$$Table)
    Region$$Table$$Limit                     0x080029ac   Number         0  anon$$obj.o(Region$$Table)
    KEY1_Count                               0x20000000   Data           4  ft32f0xx_it.o(.data)
    KEY2_Count                               0x20000004   Data           4  ft32f0xx_it.o(.data)
    KEY1_Flg                                 0x20000008   Data           1  ft32f0xx_it.o(.data)
    KEY2_Flg                                 0x20000009   Data           1  ft32f0xx_it.o(.data)
    step                                     0x2000000c   Data           1  main.o(.data)
    ch                                       0x2000000d   Data           1  main.o(.data)
    Bat_Stdby                                0x2000000e   Data           1  main.o(.data)
    Bat_Charge                               0x2000000f   Data           1  main.o(.data)
    DMA_DualConvertedValue                   0x20000010   Data           8  main.o(.data)
    lsi_freq                                 0x20000018   Data           4  main.o(.data)
    SystemCoreClock                          0x20000078   Data           4  system_ft32f0xx.o(.data)
    AHBPrescTable                            0x2000007c   Data          16  system_ft32f0xx.o(.data)
    __libspace_start                         0x2000008c   Data          96  libspace.o(.bss)
    __temporary_stack_top$libspace           0x200000ec   Data           0  libspace.o(.bss)



==============================================================================

Memory Map of the image

  Image Entry point : 0x080000c1

  Load Region LR_IROM1 (Base: 0x08000000, Size: 0x00002a38, Max: 0x00010000, ABSOLUTE)

    Execution Region ER_IROM1 (Exec base: 0x08000000, Load base: 0x08000000, Size: 0x000029ac, Max: 0x00010000, ABSOLUTE)

    Exec Addr    Load Addr    Size         Type   Attr      Idx    E Section Name        Object

    0x08000000   0x08000000   0x000000c0   Data   RO         2551    RESET               startup_ft32f030x8.o
    0x080000c0   0x080000c0   0x00000008   Code   RO         2613  * !!!main             c_p.l(__main.o)
    0x080000c8   0x080000c8   0x0000003c   Code   RO         2813    !!!scatter          c_p.l(__scatter.o)
    0x08000104   0x08000104   0x0000001a   Code   RO         2815    !!handler_copy      c_p.l(__scatter_copy.o)
    0x0800011e   0x0800011e   0x00000002   PAD
    0x08000120   0x08000120   0x0000001c   Code   RO         2817    !!handler_zi        c_p.l(__scatter_zi.o)
    0x0800013c   0x0800013c   0x00000002   Code   RO         2680    .ARM.Collect$$libinit$$00000000  c_p.l(libinit.o)
    0x0800013e   0x0800013e   0x00000000   Code   RO         2696    .ARM.Collect$$libinit$$00000002  c_p.l(libinit2.o)
    0x0800013e   0x0800013e   0x00000000   Code   RO         2698    .ARM.Collect$$libinit$$00000004  c_p.l(libinit2.o)
    0x0800013e   0x0800013e   0x00000000   Code   RO         2701    .ARM.Collect$$libinit$$0000000A  c_p.l(libinit2.o)
    0x0800013e   0x0800013e   0x00000000   Code   RO         2703    .ARM.Collect$$libinit$$0000000C  c_p.l(libinit2.o)
    0x0800013e   0x0800013e   0x00000000   Code   RO         2705    .ARM.Collect$$libinit$$0000000E  c_p.l(libinit2.o)
    0x0800013e   0x0800013e   0x00000000   Code   RO         2708    .ARM.Collect$$libinit$$00000011  c_p.l(libinit2.o)
    0x0800013e   0x0800013e   0x00000000   Code   RO         2710    .ARM.Collect$$libinit$$00000013  c_p.l(libinit2.o)
    0x0800013e   0x0800013e   0x00000000   Code   RO         2712    .ARM.Collect$$libinit$$00000015  c_p.l(libinit2.o)
    0x0800013e   0x0800013e   0x00000000   Code   RO         2714    .ARM.Collect$$libinit$$00000017  c_p.l(libinit2.o)
    0x0800013e   0x0800013e   0x00000000   Code   RO         2716    .ARM.Collect$$libinit$$00000019  c_p.l(libinit2.o)
    0x0800013e   0x0800013e   0x00000000   Code   RO         2718    .ARM.Collect$$libinit$$0000001B  c_p.l(libinit2.o)
    0x0800013e   0x0800013e   0x00000000   Code   RO         2720    .ARM.Collect$$libinit$$0000001D  c_p.l(libinit2.o)
    0x0800013e   0x0800013e   0x00000000   Code   RO         2722    .ARM.Collect$$libinit$$0000001F  c_p.l(libinit2.o)
    0x0800013e   0x0800013e   0x00000000   Code   RO         2724    .ARM.Collect$$libinit$$00000021  c_p.l(libinit2.o)
    0x0800013e   0x0800013e   0x00000000   Code   RO         2726    .ARM.Collect$$libinit$$00000023  c_p.l(libinit2.o)
    0x0800013e   0x0800013e   0x00000000   Code   RO         2728    .ARM.Collect$$libinit$$00000025  c_p.l(libinit2.o)
    0x0800013e   0x0800013e   0x00000000   Code   RO         2732    .ARM.Collect$$libinit$$0000002C  c_p.l(libinit2.o)
    0x0800013e   0x0800013e   0x00000000   Code   RO         2734    .ARM.Collect$$libinit$$0000002E  c_p.l(libinit2.o)
    0x0800013e   0x0800013e   0x00000000   Code   RO         2736    .ARM.Collect$$libinit$$00000030  c_p.l(libinit2.o)
    0x0800013e   0x0800013e   0x00000000   Code   RO         2738    .ARM.Collect$$libinit$$00000032  c_p.l(libinit2.o)
    0x0800013e   0x0800013e   0x00000002   Code   RO         2739    .ARM.Collect$$libinit$$00000033  c_p.l(libinit2.o)
    0x08000140   0x08000140   0x00000002   Code   RO         2770    .ARM.Collect$$libshutdown$$00000000  c_p.l(libshutdown.o)
    0x08000142   0x08000142   0x00000000   Code   RO         2796    .ARM.Collect$$libshutdown$$00000002  c_p.l(libshutdown2.o)
    0x08000142   0x08000142   0x00000000   Code   RO         2798    .ARM.Collect$$libshutdown$$00000004  c_p.l(libshutdown2.o)
    0x08000142   0x08000142   0x00000000   Code   RO         2801    .ARM.Collect$$libshutdown$$00000007  c_p.l(libshutdown2.o)
    0x08000142   0x08000142   0x00000000   Code   RO         2804    .ARM.Collect$$libshutdown$$0000000A  c_p.l(libshutdown2.o)
    0x08000142   0x08000142   0x00000000   Code   RO         2806    .ARM.Collect$$libshutdown$$0000000C  c_p.l(libshutdown2.o)
    0x08000142   0x08000142   0x00000000   Code   RO         2809    .ARM.Collect$$libshutdown$$0000000F  c_p.l(libshutdown2.o)
    0x08000142   0x08000142   0x00000002   Code   RO         2810    .ARM.Collect$$libshutdown$$00000010  c_p.l(libshutdown2.o)
    0x08000144   0x08000144   0x00000000   Code   RO         2637    .ARM.Collect$$rtentry$$00000000  c_p.l(__rtentry.o)
    0x08000144   0x08000144   0x00000000   Code   RO         2646    .ARM.Collect$$rtentry$$00000002  c_p.l(__rtentry2.o)
    0x08000144   0x08000144   0x00000006   Code   RO         2658    .ARM.Collect$$rtentry$$00000004  c_p.l(__rtentry4.o)
    0x0800014a   0x0800014a   0x00000000   Code   RO         2648    .ARM.Collect$$rtentry$$00000009  c_p.l(__rtentry2.o)
    0x0800014a   0x0800014a   0x00000004   Code   RO         2649    .ARM.Collect$$rtentry$$0000000A  c_p.l(__rtentry2.o)
    0x0800014e   0x0800014e   0x00000000   Code   RO         2651    .ARM.Collect$$rtentry$$0000000C  c_p.l(__rtentry2.o)
    0x0800014e   0x0800014e   0x00000008   Code   RO         2652    .ARM.Collect$$rtentry$$0000000D  c_p.l(__rtentry2.o)
    0x08000156   0x08000156   0x00000002   Code   RO         2687    .ARM.Collect$$rtexit$$00000000  c_p.l(rtexit.o)
    0x08000158   0x08000158   0x00000000   Code   RO         2743    .ARM.Collect$$rtexit$$00000002  c_p.l(rtexit2.o)
    0x08000158   0x08000158   0x00000004   Code   RO         2744    .ARM.Collect$$rtexit$$00000003  c_p.l(rtexit2.o)
    0x0800015c   0x0800015c   0x00000006   Code   RO         2745    .ARM.Collect$$rtexit$$00000004  c_p.l(rtexit2.o)
    0x08000162   0x08000162   0x00000002   PAD
    0x08000164   0x08000164   0x00000074   Code   RO         2552    .text               startup_ft32f030x8.o
    0x080001d8   0x080001d8   0x0000015a   Code   RO         2607    .text               c_p.l(aeabi_sdiv.o)
    0x08000332   0x08000332   0x00000006   Code   RO         2611    .text               c_p.l(heapauxi.o)
    0x08000338   0x08000338   0x00000448   Code   RO         2615    .text               fz_ps.l(ddiv.o)
    0x08000780   0x08000780   0x0000006c   Code   RO         2618    .text               fz_ps.l(dfixi.o)
    0x080007ec   0x080007ec   0x00000248   Code   RO         2620    .text               fz_ps.l(dmul.o)
    0x08000a34   0x08000a34   0x00000160   Code   RO         2628    .text               fz_ps.l(fdiv.o)
    0x08000b94   0x08000b94   0x0000005e   Code   RO         2631    .text               fz_ps.l(fflti.o)
    0x08000bf2   0x08000bf2   0x00000002   PAD
    0x08000bf4   0x08000bf4   0x00000064   Code   RO         2642    .text               fz_ps.l(fcmpin.o)
    0x08000c58   0x08000c58   0x0000002e   Code   RO         2662    .text               fz_ps.l(cmpret.o)
    0x08000c86   0x08000c86   0x00000002   PAD
    0x08000c88   0x08000c88   0x00000010   Code   RO         2664    .text               fz_ps.l(fnan2.o)
    0x08000c98   0x08000c98   0x0000003e   Code   RO         2666    .text               c_p.l(sys_stackheap_outer.o)
    0x08000cd6   0x08000cd6   0x00000010   Code   RO         2669    .text               c_p.l(exit.o)
    0x08000ce6   0x08000ce6   0x0000005e   Code   RO         2681    .text               fz_ps.l(retnan.o)
    0x08000d44   0x08000d44   0x00000008   Code   RO         2683    .text               c_p.l(libspace.o)
    0x08000d4c   0x08000d4c   0x0000000c   Code   RO         2740    .text               c_p.l(sys_exit.o)
    0x08000d58   0x08000d58   0x00000002   Code   RO         2759    .text               c_p.l(use_no_semi.o)
    0x08000d5a   0x08000d5a   0x00000000   Code   RO         2761    .text               c_p.l(indicate_semi.o)
    0x08000d5a   0x08000d5a   0x0000000e   Code   RO          327    i.AD9833_Delay      dev_ad9877.o
    0x08000d68   0x08000d68   0x00000010   Code   RO          328    i.AD9833_FSYNC_Set  dev_ad9877.o
    0x08000d78   0x08000d78   0x0000001e   Code   RO          329    i.AD9833_InitIo     dev_ad9877.o
    0x08000d96   0x08000d96   0x00000010   Code   RO          330    i.AD9833_SCLK_Set   dev_ad9877.o
    0x08000da6   0x08000da6   0x00000010   Code   RO          331    i.AD9833_SDATA_Set  dev_ad9877.o
    0x08000db6   0x08000db6   0x0000006c   Code   RO          332    i.AD9833_SendData   dev_ad9877.o
    0x08000e22   0x08000e22   0x00000002   PAD
    0x08000e24   0x08000e24   0x00000094   Code   RO          333    i.AD9833_SendFrequency  dev_ad9877.o
    0x08000eb8   0x08000eb8   0x0000001a   Code   RO          334    i.AD9833_SendPhase  dev_ad9877.o
    0x08000ed2   0x08000ed2   0x00000022   Code   RO          335    i.AD9833_SendWave   dev_ad9877.o
    0x08000ef4   0x08000ef4   0x0000005a   Code   RO          336    i.AD9833_SetPara    dev_ad9877.o
    0x08000f4e   0x08000f4e   0x00000018   Code   RO          484    i.ADC_ChannelConfig  ft32f0xx_adc.o
    0x08000f66   0x08000f66   0x00000018   Code   RO          488    i.ADC_Cmd           ft32f0xx_adc.o
    0x08000f7e   0x08000f7e   0x00000018   Code   RO          490    i.ADC_DMACmd        ft32f0xx_adc.o
    0x08000f96   0x08000f96   0x00000010   Code   RO          491    i.ADC_DMARequestModeConfig  ft32f0xx_adc.o
    0x08000fa6   0x08000fa6   0x00000002   PAD
    0x08000fa8   0x08000fa8   0x000000f8   Code   RO          148    i.ADC_DMA_Config    main.o
    0x080010a0   0x080010a0   0x00000020   Code   RO          492    i.ADC_DeInit        ft32f0xx_adc.o
    0x080010c0   0x080010c0   0x0000003c   Code   RO          494    i.ADC_GetCalibrationFactor  ft32f0xx_adc.o
    0x080010fc   0x080010fc   0x00000030   Code   RO          496    i.ADC_GetFlagStatus  ft32f0xx_adc.o
    0x0800112c   0x0800112c   0x0000002c   Code   RO          499    i.ADC_Init          ft32f0xx_adc.o
    0x08001158   0x08001158   0x0000000a   Code   RO          504    i.ADC_StartOfConversion  ft32f0xx_adc.o
    0x08001162   0x08001162   0x00000010   Code   RO          506    i.ADC_StructInit    ft32f0xx_adc.o
    0x08001172   0x08001172   0x00000002   PAD
    0x08001174   0x08001174   0x00000014   Code   RO          749    i.DMA_ClearFlag     ft32f0xx_dma.o
    0x08001188   0x08001188   0x0000001c   Code   RO          751    i.DMA_Cmd           ft32f0xx_dma.o
    0x080011a4   0x080011a4   0x000000a0   Code   RO          752    i.DMA_DeInit        ft32f0xx_dma.o
    0x08001244   0x08001244   0x00000028   Code   RO          754    i.DMA_GetFlagStatus  ft32f0xx_dma.o
    0x0800126c   0x0800126c   0x00000040   Code   RO          757    i.DMA_Init          ft32f0xx_dma.o
    0x080012ac   0x080012ac   0x00000018   Code   RO          241    i.Delay             systick.o
    0x080012c4   0x080012c4   0x00000024   Code   RO          403    i.DevGpio_ReadInPut  dev_gpio.o
    0x080012e8   0x080012e8   0x00000024   Code   RO          404    i.DevGpio_SetOutPut  dev_gpio.o
    0x0800130c   0x0800130c   0x00000014   Code   RO          435    i.Devpwm_SetDuty    dev_pwm.o
    0x08001320   0x08001320   0x00000080   Code   RO            3    i.EXTI4_15_IRQHandler  ft32f0xx_it.o
    0x080013a0   0x080013a0   0x0000000c   Code   RO          834    i.EXTI_ClearITPendingBit  ft32f0xx_exti.o
    0x080013ac   0x080013ac   0x0000001c   Code   RO          838    i.EXTI_GetITStatus  ft32f0xx_exti.o
    0x080013c8   0x080013c8   0x00000088   Code   RO          839    i.EXTI_Init         ft32f0xx_exti.o
    0x08001450   0x08001450   0x0000006a   Code   RO          149    i.FT32_EXIT_Init    main.o
    0x080014ba   0x080014ba   0x00000002   PAD
    0x080014bc   0x080014bc   0x00000070   Code   RO          150    i.FT32_GPIO_Init    main.o
    0x0800152c   0x0800152c   0x00000090   Code   RO         1086    i.GPIO_Init         ft32f0xx_gpio.o
    0x080015bc   0x080015bc   0x00000044   Code   RO         1088    i.GPIO_PinAFConfig  ft32f0xx_gpio.o
    0x08001600   0x08001600   0x00000014   Code   RO         1091    i.GPIO_ReadInputDataBit  ft32f0xx_gpio.o
    0x08001614   0x08001614   0x0000000c   Code   RO         1098    i.GPIO_WriteBit     ft32f0xx_gpio.o
    0x08001620   0x08001620   0x00000004   Code   RO            4    i.HardFault_Handler  ft32f0xx_it.o
    0x08001624   0x08001624   0x0000002c   Code   RO          151    i.IWDG_Config       main.o
    0x08001650   0x08001650   0x00000010   Code   RO         1187    i.IWDG_Enable       ft32f0xx_iwdg.o
    0x08001660   0x08001660   0x00000010   Code   RO         1189    i.IWDG_ReloadCounter  ft32f0xx_iwdg.o
    0x08001670   0x08001670   0x0000000c   Code   RO         1190    i.IWDG_SetPrescaler  ft32f0xx_iwdg.o
    0x0800167c   0x0800167c   0x0000000c   Code   RO         1191    i.IWDG_SetReload    ft32f0xx_iwdg.o
    0x08001688   0x08001688   0x0000000c   Code   RO         1193    i.IWDG_WriteAccessCmd  ft32f0xx_iwdg.o
    0x08001694   0x08001694   0x00000002   Code   RO            5    i.NMI_Handler       ft32f0xx_it.o
    0x08001696   0x08001696   0x00000002   PAD
    0x08001698   0x08001698   0x00000070   Code   RO         1247    i.NVIC_Init         ft32f0xx_misc.o
    0x08001708   0x08001708   0x00000078   Code   RO          242    i.NVIC_SetPriority  systick.o
    0x08001780   0x08001780   0x00000002   Code   RO            6    i.PendSV_Handler    ft32f0xx_it.o
    0x08001782   0x08001782   0x00000002   PAD
    0x08001784   0x08001784   0x00000020   Code   RO         1362    i.RCC_AHBPeriphClockCmd  ft32f0xx_rcc.o
    0x080017a4   0x080017a4   0x00000020   Code   RO         1364    i.RCC_APB1PeriphClockCmd  ft32f0xx_rcc.o
    0x080017c4   0x080017c4   0x00000020   Code   RO         1366    i.RCC_APB2PeriphClockCmd  ft32f0xx_rcc.o
    0x080017e4   0x080017e4   0x00000020   Code   RO         1367    i.RCC_APB2PeriphResetCmd  ft32f0xx_rcc.o
    0x08001804   0x08001804   0x00000024   Code   RO         1389    i.RCC_LSICmd        ft32f0xx_rcc.o
    0x08001828   0x08001828   0x00000002   Code   RO            7    i.SVC_Handler       ft32f0xx_it.o
    0x0800182a   0x0800182a   0x00000002   PAD
    0x0800182c   0x0800182c   0x00000040   Code   RO         1922    i.SYSCFG_EXTILineConfig  ft32f0xx_syscfg.o
    0x0800186c   0x0800186c   0x00000008   Code   RO         2558    i.SetSysClock       system_ft32f0xx.o
    0x08001874   0x08001874   0x000000d0   Code   RO         2559    i.SetSysClockTo48   system_ft32f0xx.o
    0x08001944   0x08001944   0x00000018   Code   RO          436    i.Set_PWM1_Duty     dev_pwm.o
    0x0800195c   0x0800195c   0x00000018   Code   RO          437    i.Set_PWM2_Duty     dev_pwm.o
    0x08001974   0x08001974   0x00000018   Code   RO          438    i.Set_PWM3_Duty     dev_pwm.o
    0x0800198c   0x0800198c   0x00000024   Code   RO            8    i.SysTick_Handler   ft32f0xx_it.o
    0x080019b0   0x080019b0   0x000000b0   Code   RO         2560    i.SystemCoreClockUpdate  system_ft32f0xx.o
    0x08001a60   0x08001a60   0x0000007c   Code   RO         2561    i.SystemInit        system_ft32f0xx.o
    0x08001adc   0x08001adc   0x00000050   Code   RO          243    i.SystickInit       systick.o
    0x08001b2c   0x08001b2c   0x00000002   Code   RO            9    i.TIM14_IRQHandler  ft32f0xx_it.o
    0x08001b2e   0x08001b2e   0x00000002   Code   RO           10    i.TIM1_BRK_UP_TRG_COM_IRQHandler  ft32f0xx_it.o
    0x08001b30   0x08001b30   0x0000001c   Code   RO         1995    i.TIM_Cmd           ft32f0xx_tim.o
    0x08001b4c   0x08001b4c   0x00000022   Code   RO         1997    i.TIM_CtrlPWMOutputs  ft32f0xx_tim.o
    0x08001b6e   0x08001b6e   0x00000014   Code   RO         2020    i.TIM_ITConfig      ft32f0xx_tim.o
    0x08001b82   0x08001b82   0x00000002   PAD
    0x08001b84   0x08001b84   0x00000094   Code   RO         2024    i.TIM_OC1Init       ft32f0xx_tim.o
    0x08001c18   0x08001c18   0x00000070   Code   RO         2039    i.TIM_OC4Init       ft32f0xx_tim.o
    0x08001c88   0x08001c88   0x00000004   Code   RO         2058    i.TIM_SetCompare1   ft32f0xx_tim.o
    0x08001c8c   0x08001c8c   0x00000004   Code   RO         2061    i.TIM_SetCompare4   ft32f0xx_tim.o
    0x08001c90   0x08001c90   0x0000007c   Code   RO         2068    i.TIM_TimeBaseInit  ft32f0xx_tim.o
    0x08001d0c   0x08001d0c   0x0000007c   Code   RO          152    i.Tim16BaseInit     main.o
    0x08001d88   0x08001d88   0x0000005c   Code   RO          153    i.Tim1BaseInit      main.o
    0x08001de4   0x08001de4   0x000000b0   Code   RO          154    i.Tim3BaseInit      main.o
    0x08001e94   0x08001e94   0x00000018   Code   RO          244    i.TimingDelay_Decrement  systick.o
    0x08001eac   0x08001eac   0x0000001c   Code   RO          208    i.__ARM_common_switch8  main.o
    0x08001ec8   0x08001ec8   0x000000bc   Code   RO          290    i.get_adc_val       dev_adc.o
    0x08001f84   0x08001f84   0x000000e8   Code   RO          291    i.look1_iflf_binlxpw  dev_adc.o
    0x0800206c   0x0800206c   0x000000f4   Code   RO          155    i.main              main.o
    0x08002160   0x08002160   0x0000008c   Code   RO         2622    x$fpl$fadd          fz_ps.l(faddsub.o)
    0x080021ec   0x080021ec   0x00000054   Code   RO         2633    x$fpl$fleqf         fz_ps.l(flef.o)
    0x08002240   0x08002240   0x000000b0   Code   RO         2635    x$fpl$fmul          fz_ps.l(fmul.o)
    0x080022f0   0x080022f0   0x000000d0   Code   RO         2624    x$fpl$fsub          fz_ps.l(faddsub.o)
    0x080023c0   0x080023c0   0x00000000   Code   RO         2644    x$fpl$usenofp       fz_ps.l(usenofp.o)
    0x080023c0   0x080023c0   0x00000500   Data   RO          292    .constdata          dev_adc.o
    0x080028c0   0x080028c0   0x0000000c   Data   RO          439    .constdata          dev_pwm.o
    0x080028cc   0x080028cc   0x00000080   Data   RO         2616    .constdata          fz_ps.l(ddiv.o)
    0x0800294c   0x0800294c   0x00000040   Data   RO         2629    .constdata          fz_ps.l(fdiv.o)
    0x0800298c   0x0800298c   0x00000020   Data   RO         2811    Region$$Table       anon$$obj.o


    Execution Region RW_IRAM1 (Exec base: 0x20000000, Load base: 0x080029ac, Size: 0x000006f0, Max: 0x00002000, ABSOLUTE)

    Exec Addr    Load Addr    Size         Type   Attr      Idx    E Section Name        Object

    0x20000000   0x080029ac   0x0000000a   Data   RW           11    .data               ft32f0xx_it.o
    0x2000000a   0x080029b6   0x00000002   PAD
    0x2000000c   0x080029b8   0x00000010   Data   RW          156    .data               main.o
    0x2000001c   0x080029c8   0x00000004   Data   RW          245    .data               systick.o
    0x20000020   0x080029cc   0x00000058   Data   RW          405    .data               dev_gpio.o
    0x20000078   0x08002a24   0x00000014   Data   RW         2562    .data               system_ft32f0xx.o
    0x2000008c        -       0x00000060   Zero   RW         2684    .bss                c_p.l(libspace.o)
    0x200000ec   0x08002a38   0x00000004   PAD
    0x200000f0        -       0x00000200   Zero   RW         2550    HEAP                startup_ft32f030x8.o
    0x200002f0        -       0x00000400   Zero   RW         2549    STACK               startup_ft32f030x8.o


==============================================================================

Image component sizes


      Code (inc. data)   RO Data    RW Data    ZI Data      Debug   Object Name

       498         12          0          0          0       5329   dev_ad9877.o
       420         34       1280          0          0       2254   dev_adc.o
        72         12          0         88          0       1908   dev_gpio.o
        92         22         12          0          0       2285   dev_pwm.o
       298          8          0          0          0       6502   ft32f0xx_adc.o
       312         26          0          0          0       4650   ft32f0xx_dma.o
       176         16          0          0          0       2272   ft32f0xx_exti.o
       244          0          0          0          0       3171   ft32f0xx_gpio.o
       178         24          0         10          0     166939   ft32f0xx_it.o
        68         34          0          0          0       2502   ft32f0xx_iwdg.o
       112          6          0          0          0       1096   ft32f0xx_misc.o
       164         20          0          0          0       2832   ft32f0xx_rcc.o
        64          4          0          0          0        640   ft32f0xx_syscfg.o
       474         88          0          0          0       5553   ft32f0xx_tim.o
      1174         96          0         16          0       5551   main.o
       116         56        192          0       1536        652   startup_ft32f030x8.o
       516         46          0         20          0       2881   system_ft32f0xx.o
       248         30          0          4          0       8022   systick.o

    ----------------------------------------------------------------------
      5242        534       1516        140       1536     225039   Object Totals
         0          0         32          0          0          0   (incl. Generated)
        16          0          0          2          0          0   (incl. Padding)

    ----------------------------------------------------------------------

      Code (inc. data)   RO Data    RW Data    ZI Data      Debug   Library Member Name

         8          0          0          0          0         68   __main.o
         0          0          0          0          0          0   __rtentry.o
        12          0          0          0          0          0   __rtentry2.o
         6          0          0          0          0          0   __rtentry4.o
        60          8          0          0          0          0   __scatter.o
        26          0          0          0          0          0   __scatter_copy.o
        28          0          0          0          0          0   __scatter_zi.o
       346          0          0          0          0         92   aeabi_sdiv.o
        16          0          0          0          0         68   exit.o
         6          0          0          0          0        136   heapauxi.o
         0          0          0          0          0          0   indicate_semi.o
         2          0          0          0          0          0   libinit.o
         2          0          0          0          0          0   libinit2.o
         2          0          0          0          0          0   libshutdown.o
         2          0          0          0          0          0   libshutdown2.o
         8          4          0          0         96         68   libspace.o
         2          0          0          0          0          0   rtexit.o
        10          0          0          0          0          0   rtexit2.o
        12          4          0          0          0         60   sys_exit.o
        62          0          0          0          0         80   sys_stackheap_outer.o
         2          0          0          0          0         68   use_no_semi.o
        46          0          0          0          0         60   cmpret.o
      1096         26        128          0          0        112   ddiv.o
       108         10          0          0          0         72   dfixi.o
       584         26          0          0          0         84   dmul.o
       348          8          0          0          0        160   faddsub.o
       100          4          0          0          0         68   fcmpin.o
       352         10         64          0          0         92   fdiv.o
        94          0          0          0          0         92   fflti.o
        84          4          0          0          0         76   flef.o
       176          4          0          0          0         80   fmul.o
        16          6          0          0          0         68   fnan2.o
        94          0          0          0          0         68   retnan.o
         0          0          0          0          0          0   usenofp.o

    ----------------------------------------------------------------------
      3718        114        192          0        100       1672   Library Totals
         8          0          0          0          4          0   (incl. Padding)

    ----------------------------------------------------------------------

      Code (inc. data)   RO Data    RW Data    ZI Data      Debug   Library Name

       612         16          0          0         96        640   c_p.l
      3098         98        192          0          0       1032   fz_ps.l

    ----------------------------------------------------------------------
      3718        114        192          0        100       1672   Library Totals

    ----------------------------------------------------------------------

==============================================================================


      Code (inc. data)   RO Data    RW Data    ZI Data      Debug   

      8960        648       1708        140       1636     222399   Grand Totals
      8960        648       1708        140       1636     222399   ELF Image Totals
      8960        648       1708        140          0          0   ROM Totals

==============================================================================

    Total RO  Size (Code + RO Data)                10668 (  10.42kB)
    Total RW  Size (RW Data + ZI Data)              1776 (   1.73kB)
    Total ROM Size (Code + RO Data + RW Data)      10808 (  10.55kB)

==============================================================================

