Component: ARM Compiler 6.12 Tool: armlink [5d624300]

==============================================================================

Section Cross References

    ft32f0xx_it.o(.ARM.exidx.text.NMI_Handler) refers to ft32f0xx_it.o(.text.NMI_Handler) for [Anonymous Symbol]
    ft32f0xx_it.o(.ARM.exidx.text.HardFault_Handler) refers to ft32f0xx_it.o(.text.HardFault_Handler) for [Anonymous Symbol]
    ft32f0xx_it.o(.ARM.exidx.text.TIM14_IRQHandler) refers to ft32f0xx_it.o(.text.TIM14_IRQHandler) for [Anonymous Symbol]
    ft32f0xx_it.o(.text.TIM1_BRK_UP_TRG_COM_IRQHandler) refers to ft32f0xx_tim.o(.text.TIM_GetITStatus) for TIM_GetITStatus
    ft32f0xx_it.o(.text.TIM1_BRK_UP_TRG_COM_IRQHandler) refers to ft32f0xx_tim.o(.text.TIM_ClearITPendingBit) for TIM_ClearITPendingBit
    ft32f0xx_it.o(.ARM.exidx.text.TIM1_BRK_UP_TRG_COM_IRQHandler) refers to ft32f0xx_it.o(.text.TIM1_BRK_UP_TRG_COM_IRQHandler) for [Anonymous Symbol]
    ft32f0xx_it.o(.text.EXTI4_15_IRQHandler) refers to ft32f0xx_exti.o(.text.EXTI_GetITStatus) for EXTI_GetITStatus
    ft32f0xx_it.o(.text.EXTI4_15_IRQHandler) refers to ft32f0xx_exti.o(.text.EXTI_ClearITPendingBit) for EXTI_ClearITPendingBit
    ft32f0xx_it.o(.text.EXTI4_15_IRQHandler) refers to ft32f0xx_it.o(.bss..L_MergedGlobals) for [Anonymous Symbol]
    ft32f0xx_it.o(.ARM.exidx.text.EXTI4_15_IRQHandler) refers to ft32f0xx_it.o(.text.EXTI4_15_IRQHandler) for [Anonymous Symbol]
    main.o(.text.main) refers to main.o(.text.FT32_GPIO_Init) for FT32_GPIO_Init
    main.o(.text.main) refers to main.o(.text.FT32_EXIT_Init) for FT32_EXIT_Init
    main.o(.text.main) refers to main.o(.text.ADC_DMA_Config) for ADC_DMA_Config
    main.o(.text.main) refers to main.o(.text.Tim1BaseInit) for Tim1BaseInit
    main.o(.text.main) refers to main.o(.text.Tim3BaseInit) for Tim3BaseInit
    main.o(.text.main) refers to main.o(.text.Tim16BaseInit) for Tim16BaseInit
    main.o(.text.main) refers to ft32f0xx_rcc.o(.text.RCC_LSICmd) for RCC_LSICmd
    main.o(.text.main) refers to main.o(.text.IWDG_Config) for IWDG_Config
    main.o(.text.main) refers to systick.o(.text.SystickInit) for SystickInit
    main.o(.text.main) refers to dev_ad9877.o(.text.AD9833_InitIo) for AD9833_InitIo
    main.o(.text.main) refers to tasks.o(.text.xTaskCreate) for xTaskCreate
    main.o(.text.main) refers to tasks.o(.text.vTaskStartScheduler) for vTaskStartScheduler
    main.o(.text.main) refers to dev_adc.o(.text.get_adc_val) for get_adc_val
    main.o(.text.main) refers to dev_ad9877.o(.text.AD9833_SetPara) for AD9833_SetPara
    main.o(.text.main) refers to dev_pwm.o(.text.Devpwm_SetDuty) for Devpwm_SetDuty
    main.o(.text.main) refers to dev_gpio.o(.text.DevGpio_ReadInPut) for DevGpio_ReadInPut
    main.o(.text.main) refers to dev_gpio.o(.text.DevGpio_SetOutPut) for DevGpio_SetOutPut
    main.o(.text.main) refers to systick.o(.text.Delay) for Delay
    main.o(.text.main) refers to main.o(.text.test1) for test1
    main.o(.text.main) refers to main.o(.bss..L_MergedGlobals) for [Anonymous Symbol]
    main.o(.text.main) refers to ft32f0xx_it.o(.bss..L_MergedGlobals) for KEY1_Flg
    main.o(.ARM.exidx.text.main) refers to main.o(.text.main) for [Anonymous Symbol]
    main.o(.text.FT32_GPIO_Init) refers to ft32f0xx_rcc.o(.text.RCC_AHBPeriphClockCmd) for RCC_AHBPeriphClockCmd
    main.o(.text.FT32_GPIO_Init) refers to ft32f0xx_gpio.o(.text.GPIO_Init) for GPIO_Init
    main.o(.ARM.exidx.text.FT32_GPIO_Init) refers to main.o(.text.FT32_GPIO_Init) for [Anonymous Symbol]
    main.o(.text.FT32_EXIT_Init) refers to ft32f0xx_rcc.o(.text.RCC_AHBPeriphClockCmd) for RCC_AHBPeriphClockCmd
    main.o(.text.FT32_EXIT_Init) refers to ft32f0xx_rcc.o(.text.RCC_APB2PeriphClockCmd) for RCC_APB2PeriphClockCmd
    main.o(.text.FT32_EXIT_Init) refers to ft32f0xx_gpio.o(.text.GPIO_Init) for GPIO_Init
    main.o(.text.FT32_EXIT_Init) refers to ft32f0xx_syscfg.o(.text.SYSCFG_EXTILineConfig) for SYSCFG_EXTILineConfig
    main.o(.text.FT32_EXIT_Init) refers to ft32f0xx_exti.o(.text.EXTI_Init) for EXTI_Init
    main.o(.text.FT32_EXIT_Init) refers to ft32f0xx_misc.o(.text.NVIC_Init) for NVIC_Init
    main.o(.ARM.exidx.text.FT32_EXIT_Init) refers to main.o(.text.FT32_EXIT_Init) for [Anonymous Symbol]
    main.o(.text.ADC_DMA_Config) refers to ft32f0xx_adc.o(.text.ADC_DeInit) for ADC_DeInit
    main.o(.text.ADC_DMA_Config) refers to ft32f0xx_rcc.o(.text.RCC_AHBPeriphClockCmd) for RCC_AHBPeriphClockCmd
    main.o(.text.ADC_DMA_Config) refers to ft32f0xx_rcc.o(.text.RCC_APB2PeriphClockCmd) for RCC_APB2PeriphClockCmd
    main.o(.text.ADC_DMA_Config) refers to ft32f0xx_gpio.o(.text.GPIO_Init) for GPIO_Init
    main.o(.text.ADC_DMA_Config) refers to ft32f0xx_adc.o(.text.ADC_StructInit) for ADC_StructInit
    main.o(.text.ADC_DMA_Config) refers to ft32f0xx_adc.o(.text.ADC_Init) for ADC_Init
    main.o(.text.ADC_DMA_Config) refers to ft32f0xx_adc.o(.text.ADC_ChannelConfig) for ADC_ChannelConfig
[...]
    ft32f0xx_gpio.c                          0x00000000   Number         0  ft32f0xx_gpio.o ABSOLUTE
    ft32f0xx_it.c                            0x00000000   Number         0  ft32f0xx_it.o ABSOLUTE
    ft32f0xx_iwdg.c                          0x00000000   Number         0  ft32f0xx_iwdg.o ABSOLUTE
    ft32f0xx_misc.c                          0x00000000   Number         0  ft32f0xx_misc.o ABSOLUTE
    ft32f0xx_pwr.c                           0x00000000   Number         0  ft32f0xx_pwr.o ABSOLUTE
    ft32f0xx_rcc.c                           0x00000000   Number         0  ft32f0xx_rcc.o ABSOLUTE
    ft32f0xx_rtc.c                           0x00000000   Number         0  ft32f0xx_rtc.o ABSOLUTE
    ft32f0xx_syscfg.c                        0x00000000   Number         0  ft32f0xx_syscfg.o ABSOLUTE
    ft32f0xx_tim.c                           0x00000000   Number         0  ft32f0xx_tim.o ABSOLUTE
    heap_4.c                                 0x00000000   Number         0  heap_4.o ABSOLUTE
    list.c                                   0x00000000   Number         0  list.o ABSOLUTE
    main.c                                   0x00000000   Number         0  main.o ABSOLUTE
    port.c                                   0x00000000   Number         0  port.o ABSOLUTE
    queue.c                                  0x00000000   Number         0  queue.o ABSOLUTE
    system_ft32f0xx.c                        0x00000000   Number         0  system_ft32f0xx.o ABSOLUTE
    systick.c                                0x00000000   Number         0  systick.o ABSOLUTE
    tasks.c                                  0x00000000   Number         0  tasks.o ABSOLUTE
    timers.c                                 0x00000000   Number         0  timers.o ABSOLUTE
    RESET                                    0x08000000   Section      192  startup_ft32f030x8.o(RESET)
    !!!main                                  0x080000c0   Section        8  __main.o(!!!main)
    !!!scatter                               0x080000c8   Section       60  __scatter.o(!!!scatter)
    !!handler_copy                           0x08000104   Section       26  __scatter_copy.o(!!handler_copy)
    !!handler_zi                             0x08000120   Section       28  __scatter_zi.o(!!handler_zi)
    .ARM.Collect$$libinit$$00000000          0x0800013c   Section        2  libinit.o(.ARM.Collect$$libinit$$00000000)
    .ARM.Collect$$libinit$$00000002          0x0800013e   Section        0  libinit2.o(.ARM.Collect$$libinit$$00000002)
    .ARM.Collect$$libinit$$00000004          0x0800013e   Section        0  libinit2.o(.ARM.Collect$$libinit$$00000004)
    .ARM.Collect$$libinit$$0000000A          0x0800013e   Section        0  libinit2.o(.ARM.Collect$$libinit$$0000000A)
    .ARM.Collect$$libinit$$0000000C          0x0800013e   Section        0  libinit2.o(.ARM.Collect$$libinit$$0000000C)
    .ARM.Collect$$libinit$$0000000E          0x0800013e   Section        0  libinit2.o(.ARM.Collect$$libinit$$0000000E)
    .ARM.Collect$$libinit$$00000011          0x0800013e   Section        0  libinit2.o(.ARM.Collect$$libinit$$00000011)
    .ARM.Collect$$libinit$$00000013          0x0800013e   Section        0  libinit2.o(.ARM.Collect$$libinit$$00000013)
    .ARM.Collect$$libinit$$00000015          0x0800013e   Section        0  libinit2.o(.ARM.Collect$$libinit$$00000015)
    .ARM.Collect$$libinit$$00000017          0x0800013e   Section        0  libinit2.o(.ARM.Collect$$libinit$$00000017)
    .ARM.Collect$$libinit$$00000019          0x0800013e   Section        0  libinit2.o(.ARM.Collect$$libinit$$00000019)
    .ARM.Collect$$libinit$$0000001B          0x0800013e   Section        0  libinit2.o(.ARM.Collect$$libinit$$0000001B)
    .ARM.Collect$$libinit$$0000001D          0x0800013e   Section        0  libinit2.o(.ARM.Collect$$libinit$$0000001D)
    .ARM.Collect$$libinit$$0000001F          0x0800013e   Section        0  libinit2.o(.ARM.Collect$$libinit$$0000001F)
    .ARM.Collect$$libinit$$00000021          0x0800013e   Section        0  libinit2.o(.ARM.Collect$$libinit$$00000021)
    .ARM.Collect$$libinit$$00000023          0x0800013e   Section        0  libinit2.o(.ARM.Collect$$libinit$$00000023)
    .ARM.Collect$$libinit$$00000025          0x0800013e   Section        0  libinit2.o(.ARM.Collect$$libinit$$00000025)
    .ARM.Collect$$libinit$$0000002C          0x0800013e   Section        0  libinit2.o(.ARM.Collect$$libinit$$0000002C)
    .ARM.Collect$$libinit$$0000002E          0x0800013e   Section        0  libinit2.o(.ARM.Collect$$libinit$$0000002E)
    .ARM.Collect$$libinit$$00000030          0x0800013e   Section        0  libinit2.o(.ARM.Collect$$libinit$$00000030)
    .ARM.Collect$$libinit$$00000032          0x0800013e   Section        0  libinit2.o(.ARM.Collect$$libinit$$00000032)
    .ARM.Collect$$libinit$$00000033          0x0800013e   Section        2  libinit2.o(.ARM.Collect$$libinit$$00000033)
    .ARM.Collect$$libshutdown$$00000000      0x08000140   Section        2  libshutdown.o(.ARM.Collect$$libshutdown$$00000000)
    .ARM.Collect$$libshutdown$$00000002      0x08000142   Section        0  libshutdown2.o(.ARM.Collect$$libshutdown$$00000002)
    .ARM.Collect$$libshutdown$$00000004      0x08000142   Section        0  libshutdown2.o(.ARM.Collect$$libshutdown$$00000004)
    .ARM.Collect$$libshutdown$$00000007      0x08000142   Section        0  libshutdown2.o(.ARM.Collect$$libshutdown$$00000007)
    .ARM.Collect$$libshutdown$$0000000A      0x08000142   Section        0  libshutdown2.o(.ARM.Collect$$libshutdown$$0000000A)
    .ARM.Collect$$libshutdown$$0000000C      0x08000142   Section        0  libshutdown2.o(.ARM.Collect$$libshutdown$$0000000C)
    .ARM.Collect$$libshutdown$$0000000F      0x08000142   Section        0  libshutdown2.o(.ARM.Collect$$libshutdown$$0000000F)
    .ARM.Collect$$libshutdown$$00000010      0x08000142   Section        2  libshutdown2.o(.ARM.Collect$$libshutdown$$00000010)
    .ARM.Collect$$rtentry$$00000000          0x08000144   Section        0  __rtentry.o(.ARM.Collect$$rtentry$$00000000)
    .ARM.Collect$$rtentry$$00000002          0x08000144   Section        0  __rtentry2.o(.ARM.Collect$$rtentry$$00000002)
    .ARM.Collect$$rtentry$$00000004          0x08000144   Section        6  __rtentry4.o(.ARM.Collect$$rtentry$$00000004)
    .ARM.Collect$$rtentry$$00000009          0x0800014a   Section        0  __rtentry2.o(.ARM.Collect$$rtentry$$00000009)
    .ARM.Collect$$rtentry$$0000000A          0x0800014a   Section        4  __rtentry2.o(.ARM.Collect$$rtentry$$0000000A)
    .ARM.Collect$$rtentry$$0000000C          0x0800014e   Section        0  __rtentry2.o(.ARM.Collect$$rtentry$$0000000C)
    .ARM.Collect$$rtentry$$0000000D          0x0800014e   Section        8  __rtentry2.o(.ARM.Collect$$rtentry$$0000000D)
    .ARM.Collect$$rtexit$$00000000           0x08000156   Section        2  rtexit.o(.ARM.Collect$$rtexit$$00000000)
    .ARM.Collect$$rtexit$$00000002           0x08000158   Section        0  rtexit2.o(.ARM.Collect$$rtexit$$00000002)
    .ARM.Collect$$rtexit$$00000003           0x08000158   Section        4  rtexit2.o(.ARM.Collect$$rtexit$$00000003)
    .ARM.Collect$$rtexit$$00000004           0x0800015c   Section        6  rtexit2.o(.ARM.Collect$$rtexit$$00000004)
    .emb_text                                0x08000164   Section       56  rt_memcpy.o(.emb_text)
    .text                                    0x0800019c   Section      116  startup_ft32f030x8.o(.text)
    .text                                    0x08000210   Section        0  rt_memcpy.o(.text)
    .text                                    0x08000292   Section        0  aeabi_memset4.o(.text)
    .text                                    0x080002a4   Section        0  rt_memclr.o(.text)
    .text                                    0x080002e4   Section      346  aeabi_sdiv.o(.text)
    .text                                    0x0800043e   Section        0  heapauxi.o(.text)
    .text                                    0x08000444   Section        0  ddiv.o(.text)
    .text                                    0x0800088c   Section        0  dfixi.o(.text)
    .text                                    0x080008f8   Section        0  dmul.o(.text)
    .text                                    0x08000b40   Section       62  sys_stackheap_outer.o(.text)
    .text                                    0x08000b7e   Section        0  exit.o(.text)
    .text                                    0x08000b90   Section        8  libspace.o(.text)
    .text                                    0x08000b98   Section        0  sys_exit.o(.text)
    .text                                    0x08000ba4   Section        2  use_no_semi.o(.text)
    .text                                    0x08000ba6   Section        0  indicate_semi.o(.text)
    [Anonymous Symbol]                       0x08000ba8   Section        0  dev_ad9877.o(.text.AD9833_InitIo)
    AD9833_SendData                          0x08000bc5   Thumb Code    84  dev_ad9877.o(.text.AD9833_SendData)
    [Anonymous Symbol]                       0x08000bc4   Section        0  dev_ad9877.o(.text.AD9833_SendData)
    __arm_cp.1_0                             0x08000c14   Number         4  dev_ad9877.o(.text.AD9833_SendData)
    [Anonymous Symbol]                       0x08000c18   Section        0  dev_ad9877.o(.text.AD9833_SetPara)
    __arm_cp.0_0                             0x08000c9c   Number         4  dev_ad9877.o(.text.AD9833_SetPara)
    __arm_cp.0_1                             0x08000ca0   Number         4  dev_ad9877.o(.text.AD9833_SetPara)
    __arm_cp.0_2                             0x08000ca4   Number         4  dev_ad9877.o(.text.AD9833_SetPara)
    __arm_cp.0_3                             0x08000ca8   Number         4  dev_ad9877.o(.text.AD9833_SetPara)
    __arm_cp.0_4                             0x08000cac   Number         4  dev_ad9877.o(.text.AD9833_SetPara)
    [Anonymous Symbol]                       0x08000cb0   Section        0  ft32f0xx_adc.o(.text.ADC_ChannelConfig)
    [Anonymous Symbol]                       0x08000cba   Section        0  ft32f0xx_adc.o(.text.ADC_Cmd)
    [Anonymous Symbol]                       0x08000ccc   Section        0  ft32f0xx_adc.o(.text.ADC_DMACmd)
    [Anonymous Symbol]                       0x08000cde   Section        0  ft32f0xx_adc.o(.text.ADC_DMARequestModeConfig)
    [Anonymous Symbol]                       0x08000cf0   Section        0  main.o(.text.ADC_DMA_Config)
    __arm_cp.3_2                             0x08000dd8   Number         4  main.o(.text.ADC_DMA_Config)
    [Anonymous Symbol]                       0x08000ddc   Section        0  ft32f0xx_adc.o(.text.ADC_DeInit)
    __arm_cp.0_0                             0x08000dfc   Number         4  ft32f0xx_adc.o(.text.ADC_DeInit)
    [Anonymous Symbol]                       0x08000e00   Section        0  ft32f0xx_adc.o(.text.ADC_GetCalibrationFactor)
    __arm_cp.19_0                            0x08000e28   Number         4  ft32f0xx_adc.o(.text.ADC_GetCalibrationFactor)
    [Anonymous Symbol]                       0x08000e2c   Section        0  ft32f0xx_adc.o(.text.ADC_GetFlagStatus)
    [Anonymous Symbol]                       0x08000e48   Section        0  ft32f0xx_adc.o(.text.ADC_Init)
    __arm_cp.1_0                             0x08000e6c   Number         4  ft32f0xx_adc.o(.text.ADC_Init)
    [Anonymous Symbol]                       0x08000e70   Section        0  ft32f0xx_adc.o(.text.ADC_StartOfConversion)
    [Anonymous Symbol]                       0x08000e7a   Section        0  ft32f0xx_adc.o(.text.ADC_StructInit)
    [Anonymous Symbol]                       0x08000e8c   Section        0  ft32f0xx_dma.o(.text.DMA_ClearFlag)
    [Anonymous Symbol]                       0x08000e98   Section        0  ft32f0xx_dma.o(.text.DMA_Cmd)
    [Anonymous Symbol]                       0x08000eac   Section        0  ft32f0xx_dma.o(.text.DMA_DeInit)
    __arm_cp.0_0                             0x08000f00   Number         4  ft32f0xx_dma.o(.text.DMA_DeInit)
    __arm_cp.0_1                             0x08000f04   Number         4  ft32f0xx_dma.o(.text.DMA_DeInit)
    __arm_cp.0_2                             0x08000f08   Number         4  ft32f0xx_dma.o(.text.DMA_DeInit)
    __arm_cp.0_3                             0x08000f0c   Number         4  ft32f0xx_dma.o(.text.DMA_DeInit)
    __arm_cp.0_4                             0x08000f10   Number         4  ft32f0xx_dma.o(.text.DMA_DeInit)
    __arm_cp.0_5                             0x08000f14   Number         4  ft32f0xx_dma.o(.text.DMA_DeInit)
    __arm_cp.0_6                             0x08000f18   Number         4  ft32f0xx_dma.o(.text.DMA_DeInit)
    [Anonymous Symbol]                       0x08000f1c   Section        0  ft32f0xx_dma.o(.text.DMA_GetFlagStatus)
    __arm_cp.7_0                             0x08000f34   Number         4  ft32f0xx_dma.o(.text.DMA_GetFlagStatus)
    [Anonymous Symbol]                       0x08000f38   Section        0  ft32f0xx_dma.o(.text.DMA_Init)
    __arm_cp.1_0                             0x08000f70   Number         4  ft32f0xx_dma.o(.text.DMA_Init)
    [Anonymous Symbol]                       0x08000f74   Section        0  systick.o(.text.Delay)
    __arm_cp.1_0                             0x08000f88   Number         4  systick.o(.text.Delay)
    [Anonymous Symbol]                       0x08000f8c   Section        0  dev_gpio.o(.text.DevGpio_ReadInPut)
    [Anonymous Symbol]                       0x08000fa0   Section        0  dev_gpio.o(.text.DevGpio_SetOutPut)
    __arm_cp.0_0                             0x08000fb4   Number         4  dev_gpio.o(.text.DevGpio_SetOutPut)
    [Anonymous Symbol]                       0x08000fb8   Section        0  dev_pwm.o(.text.Devpwm_SetDuty)
    __arm_cp.0_0                             0x08000fc4   Number         4  dev_pwm.o(.text.Devpwm_SetDuty)
    [Anonymous Symbol]                       0x08000fc8   Section        0  ft32f0xx_it.o(.text.EXTI4_15_IRQHandler)
    __arm_cp.4_0                             0x08001020   Number         4  ft32f0xx_it.o(.text.EXTI4_15_IRQHandler)
    [Anonymous Symbol]                       0x08001024   Section        0  ft32f0xx_exti.o(.text.EXTI_ClearITPendingBit)
    [Anonymous Symbol]                       0x0800102c   Section        0  ft32f0xx_exti.o(.text.EXTI_GetITStatus)
    __arm_cp.6_0                             0x0800103c   Number         4  ft32f0xx_exti.o(.text.EXTI_GetITStatus)
    [Anonymous Symbol]                       0x08001040   Section        0  ft32f0xx_exti.o(.text.EXTI_Init)
    __arm_cp.1_0                             0x0800109c   Number         4  ft32f0xx_exti.o(.text.EXTI_Init)
    [Anonymous Symbol]                       0x080010a0   Section        0  main.o(.text.FT32_EXIT_Init)
    [Anonymous Symbol]                       0x080010fc   Section        0  main.o(.text.FT32_GPIO_Init)
    __arm_cp.1_0                             0x08001140   Number         4  main.o(.text.FT32_GPIO_Init)
    __arm_cp.1_1                             0x08001144   Number         4  main.o(.text.FT32_GPIO_Init)
    __arm_cp.1_2                             0x08001148   Number         4  main.o(.text.FT32_GPIO_Init)
    __arm_cp.1_3                             0x0800114c   Number         4  main.o(.text.FT32_GPIO_Init)
    [Anonymous Symbol]                       0x08001150   Section        0  ft32f0xx_gpio.o(.text.GPIO_Init)
    [Anonymous Symbol]                       0x080011ca   Section        0  ft32f0xx_gpio.o(.text.GPIO_PinAFConfig)
    [Anonymous Symbol]                       0x080011ea   Section        0  ft32f0xx_gpio.o(.text.GPIO_ReadInputDataBit)
    [Anonymous Symbol]                       0x080011f6   Section        0  ft32f0xx_gpio.o(.text.GPIO_WriteBit)
    [Anonymous Symbol]                       0x08001202   Section        0  ft32f0xx_it.o(.text.HardFault_Handler)
    [Anonymous Symbol]                       0x08001204   Section        0  main.o(.text.IWDG_Config)
    __arm_cp.7_0                             0x08001228   Number         4  main.o(.text.IWDG_Config)
    __arm_cp.7_1                             0x0800122c   Number         4  main.o(.text.IWDG_Config)
    [Anonymous Symbol]                       0x08001230   Section        0  ft32f0xx_iwdg.o(.text.IWDG_Enable)
    __arm_cp.5_1                             0x08001238   Number         4  ft32f0xx_iwdg.o(.text.IWDG_Enable)
    [Anonymous Symbol]                       0x0800123c   Section        0  ft32f0xx_iwdg.o(.text.IWDG_ReloadCounter)
    __arm_cp.3_1                             0x08001244   Number         4  ft32f0xx_iwdg.o(.text.IWDG_ReloadCounter)
    [Anonymous Symbol]                       0x08001248   Section        0  ft32f0xx_iwdg.o(.text.IWDG_SetPrescaler)
    __arm_cp.1_0                             0x08001250   Number         4  ft32f0xx_iwdg.o(.text.IWDG_SetPrescaler)
    [Anonymous Symbol]                       0x08001254   Section        0  ft32f0xx_iwdg.o(.text.IWDG_SetReload)
    __arm_cp.2_0                             0x0800125c   Number         4  ft32f0xx_iwdg.o(.text.IWDG_SetReload)
    [Anonymous Symbol]                       0x08001260   Section        0  ft32f0xx_iwdg.o(.text.IWDG_WriteAccessCmd)
    __arm_cp.0_0                             0x08001268   Number         4  ft32f0xx_iwdg.o(.text.IWDG_WriteAccessCmd)
    [Anonymous Symbol]                       0x0800126c   Section        0  ft32f0xx_it.o(.text.NMI_Handler)
    [Anonymous Symbol]                       0x08001270   Section        0  ft32f0xx_misc.o(.text.NVIC_Init)
    __arm_cp.0_0                             0x080012b8   Number         4  ft32f0xx_misc.o(.text.NVIC_Init)
    __arm_cp.0_1                             0x080012bc   Number         4  ft32f0xx_misc.o(.text.NVIC_Init)
    __arm_cp.0_2                             0x080012c0   Number         4  ft32f0xx_misc.o(.text.NVIC_Init)
    [Anonymous Symbol]                       0x080012d0   Section        0  port.o(.text.PendSV_Handler)
    pxCurrentTCBConst                        0x08001310   Number         0  port.o(.text.PendSV_Handler)
    [Anonymous Symbol]                       0x08001314   Section        0  ft32f0xx_rcc.o(.text.RCC_AHBPeriphClockCmd)
    __arm_cp.30_0                            0x08001328   Number         4  ft32f0xx_rcc.o(.text.RCC_AHBPeriphClockCmd)
    [Anonymous Symbol]                       0x0800132c   Section        0  ft32f0xx_rcc.o(.text.RCC_APB1PeriphClockCmd)
    __arm_cp.32_0                            0x08001340   Number         4  ft32f0xx_rcc.o(.text.RCC_APB1PeriphClockCmd)
    [Anonymous Symbol]                       0x08001344   Section        0  ft32f0xx_rcc.o(.text.RCC_APB2PeriphClockCmd)
    __arm_cp.31_0                            0x08001358   Number         4  ft32f0xx_rcc.o(.text.RCC_APB2PeriphClockCmd)
    [Anonymous Symbol]                       0x0800135c   Section        0  ft32f0xx_rcc.o(.text.RCC_APB2PeriphResetCmd)
    __arm_cp.34_0                            0x08001370   Number         4  ft32f0xx_rcc.o(.text.RCC_APB2PeriphResetCmd)
    [Anonymous Symbol]                       0x08001374   Section        0  ft32f0xx_rcc.o(.text.RCC_LSICmd)
    __arm_cp.11_0                            0x08001388   Number         4  ft32f0xx_rcc.o(.text.RCC_LSICmd)
    [Anonymous Symbol]                       0x0800138c   Section        0  port.o(.text.SVC_Handler)
    [Anonymous Symbol]                       0x08001390   Section        0  ft32f0xx_syscfg.o(.text.SYSCFG_EXTILineConfig)
    __arm_cp.5_0                             0x080013b0   Number         4  ft32f0xx_syscfg.o(.text.SYSCFG_EXTILineConfig)
    [Anonymous Symbol]                       0x080013b4   Section        0  taskmanager.o(.text.SendShortMessageFromISR)
    [Anonymous Symbol]                       0x080013d4   Section        0  port.o(.text.SysTick_Handler)
    __arm_cp.13_0                            0x080013f4   Number         4  port.o(.text.SysTick_Handler)
    [Anonymous Symbol]                       0x080013f8   Section        0  system_ft32f0xx.o(.text.SystemCoreClockUpdate)
    __arm_cp.1_0                             0x08001444   Number         4  system_ft32f0xx.o(.text.SystemCoreClockUpdate)
    __arm_cp.1_1                             0x08001448   Number         4  system_ft32f0xx.o(.text.SystemCoreClockUpdate)
    __arm_cp.1_2                             0x0800144c   Number         4  system_ft32f0xx.o(.text.SystemCoreClockUpdate)
    __arm_cp.1_4                             0x08001450   Number         4  system_ft32f0xx.o(.text.SystemCoreClockUpdate)
    [Anonymous Symbol]                       0x08001454   Section        0  system_ft32f0xx.o(.text.SystemInit)
    __arm_cp.0_0                             0x08001524   Number         4  system_ft32f0xx.o(.text.SystemInit)
    __arm_cp.0_1                             0x08001528   Number         4  system_ft32f0xx.o(.text.SystemInit)
    __arm_cp.0_2                             0x0800152c   Number         4  system_ft32f0xx.o(.text.SystemInit)
    __arm_cp.0_3                             0x08001530   Number         4  system_ft32f0xx.o(.text.SystemInit)
    [Anonymous Symbol]                       0x08001534   Section        0  systick.o(.text.SystickInit)
    __arm_cp.0_0                             0x0800156c   Number         4  systick.o(.text.SystickInit)
    __arm_cp.0_1                             0x08001570   Number         4  systick.o(.text.SystickInit)
    __arm_cp.0_2                             0x08001574   Number         4  systick.o(.text.SystickInit)
    __arm_cp.0_3                             0x08001578   Number         4  systick.o(.text.SystickInit)
    [Anonymous Symbol]                       0x0800157c   Section        0  ft32f0xx_it.o(.text.TIM14_IRQHandler)
    [Anonymous Symbol]                       0x08001580   Section        0  ft32f0xx_it.o(.text.TIM1_BRK_UP_TRG_COM_IRQHandler)
    [Anonymous Symbol]                       0x0800159c   Section        0  ft32f0xx_tim.o(.text.TIM_ClearITPendingBit)
    [Anonymous Symbol]                       0x080015a2   Section        0  ft32f0xx_tim.o(.text.TIM_Cmd)
    [Anonymous Symbol]                       0x080015b4   Section        0  ft32f0xx_tim.o(.text.TIM_CtrlPWMOutputs)
    __arm_cp.17_0                            0x080015cc   Number         4  ft32f0xx_tim.o(.text.TIM_CtrlPWMOutputs)
    [Anonymous Symbol]                       0x080015d0   Section        0  ft32f0xx_tim.o(.text.TIM_GetITStatus)
    [Anonymous Symbol]                       0x080015f0   Section        0  ft32f0xx_tim.o(.text.TIM_ITConfig)
    [Anonymous Symbol]                       0x08001604   Section        0  ft32f0xx_tim.o(.text.TIM_OC1Init)
    __arm_cp.18_1                            0x08001664   Number         4  ft32f0xx_tim.o(.text.TIM_OC1Init)
    [Anonymous Symbol]                       0x08001668   Section        0  ft32f0xx_tim.o(.text.TIM_OC4Init)
    __arm_cp.21_0                            0x080016b8   Number         4  ft32f0xx_tim.o(.text.TIM_OC4Init)
    __arm_cp.21_2                            0x080016bc   Number         4  ft32f0xx_tim.o(.text.TIM_OC4Init)
    [Anonymous Symbol]                       0x080016c0   Section        0  ft32f0xx_tim.o(.text.TIM_SetCompare1)
    [Anonymous Symbol]                       0x080016c4   Section        0  ft32f0xx_tim.o(.text.TIM_TimeBaseInit)
    __arm_cp.1_2                             0x08001724   Number         4  ft32f0xx_tim.o(.text.TIM_TimeBaseInit)
    __arm_cp.1_3                             0x08001728   Number         4  ft32f0xx_tim.o(.text.TIM_TimeBaseInit)
    [Anonymous Symbol]                       0x0800172c   Section        0  main.o(.text.Tim16BaseInit)
    __arm_cp.6_1                             0x08001788   Number         4  main.o(.text.Tim16BaseInit)
    [Anonymous Symbol]                       0x0800178c   Section        0  main.o(.text.Tim1BaseInit)
    __arm_cp.4_0                             0x080017d8   Number         4  main.o(.text.Tim1BaseInit)
    __arm_cp.4_1                             0x080017dc   Number         4  main.o(.text.Tim1BaseInit)
    [Anonymous Symbol]                       0x080017e0   Section        0  main.o(.text.Tim3BaseInit)
    __arm_cp.5_0                             0x08001870   Number         4  main.o(.text.Tim3BaseInit)
    __arm_cp.5_1                             0x08001874   Number         4  main.o(.text.Tim3BaseInit)
    __arm_cp.5_2                             0x08001878   Number         4  main.o(.text.Tim3BaseInit)
    __arm_cp.5_3                             0x0800187c   Number         4  main.o(.text.Tim3BaseInit)
    [Anonymous Symbol]                       0x08001880   Section        0  dev_adc.o(.text.get_adc_val)
    [Anonymous Symbol]                       0x08001894   Section        0  main.o(.text.main)
    __arm_cp.0_0                             0x08001970   Number         4  main.o(.text.main)
    __arm_cp.0_2                             0x0800197c   Number         4  main.o(.text.main)
    __arm_cp.0_3                             0x08001980   Number         4  main.o(.text.main)
    __arm_cp.0_4                             0x08001984   Number         4  main.o(.text.main)
    prvAddCurrentTaskToDelayedList           0x08001989   Thumb Code    64  tasks.o(.text.prvAddCurrentTaskToDelayedList)
    [Anonymous Symbol]                       0x08001988   Section        0  tasks.o(.text.prvAddCurrentTaskToDelayedList)
    prvCopyDataToQueue                       0x080019c5   Thumb Code   120  queue.o(.text.prvCopyDataToQueue)
    [Anonymous Symbol]                       0x080019c4   Section        0  queue.o(.text.prvCopyDataToQueue)
    prvDeleteTCB                             0x08001a3d   Thumb Code    18  tasks.o(.text.prvDeleteTCB)
    [Anonymous Symbol]                       0x08001a3c   Section        0  tasks.o(.text.prvDeleteTCB)
    prvIdleTask                              0x08001a51   Thumb Code    68  tasks.o(.text.prvIdleTask)
    [Anonymous Symbol]                       0x08001a50   Section        0  tasks.o(.text.prvIdleTask)
    __arm_cp.13_1                            0x08001a8c   Number         4  tasks.o(.text.prvIdleTask)
    prvInsertBlockIntoFreeList               0x08001a91   Thumb Code    68  heap_4.o(.text.prvInsertBlockIntoFreeList)
    [Anonymous Symbol]                       0x08001a90   Section        0  heap_4.o(.text.prvInsertBlockIntoFreeList)
    prvResetNextTaskUnblockTime              0x08001ad1   Thumb Code    32  tasks.o(.text.prvResetNextTaskUnblockTime)
    [Anonymous Symbol]                       0x08001ad0   Section        0  tasks.o(.text.prvResetNextTaskUnblockTime)
    __arm_cp.3_0                             0x08001aec   Number         4  tasks.o(.text.prvResetNextTaskUnblockTime)
    prvTaskExitError                         0x08001af1   Thumb Code    18  port.o(.text.prvTaskExitError)
    [Anonymous Symbol]                       0x08001af0   Section        0  port.o(.text.prvTaskExitError)
    [Anonymous Symbol]                       0x08001b04   Section        0  heap_4.o(.text.pvPortMalloc)
    __arm_cp.0_1                             0x08001c00   Number         4  heap_4.o(.text.pvPortMalloc)
    [Anonymous Symbol]                       0x08001c04   Section        0  port.o(.text.pxPortInitialiseStack)
    __arm_cp.0_0                             0x08001c20   Number         4  port.o(.text.pxPortInitialiseStack)
    [Anonymous Symbol]                       0x08001c24   Section        0  main.o(.text.test1)
    [Anonymous Symbol]                       0x08001c2c   Section        0  port.o(.text.ulSetInterruptMaskFromISR)
    [Anonymous Symbol]                       0x08001c34   Section        0  list.o(.text.uxListRemove)
    [Anonymous Symbol]                       0x08001c56   Section        0  taskmanager.o(.text.vApplicationMallocFailedHook)
    [Anonymous Symbol]                       0x08001c5a   Section        0  taskmanager.o(.text.vApplicationStackOverflowHook)
    [Anonymous Symbol]                       0x08001c60   Section        0  taskmanager.o(.text.vApplicationTickHook)
    __arm_cp.3_0                             0x08001c94   Number         4  taskmanager.o(.text.vApplicationTickHook)
    __arm_cp.3_1                             0x08001c98   Number         4  taskmanager.o(.text.vApplicationTickHook)
    __arm_cp.3_2                             0x08001c9c   Number         4  taskmanager.o(.text.vApplicationTickHook)
    [Anonymous Symbol]                       0x08001ca0   Section        0  port.o(.text.vClearInterruptMaskFromISR)
    [Anonymous Symbol]                       0x08001ca6   Section        0  list.o(.text.vListInitialise)
    [Anonymous Symbol]                       0x08001cba   Section        0  list.o(.text.vListInitialiseItem)
    [Anonymous Symbol]                       0x08001cc0   Section        0  list.o(.text.vListInsert)
    [Anonymous Symbol]                       0x08001cee   Section        0  list.o(.text.vListInsertEnd)
    [Anonymous Symbol]                       0x08001d08   Section        0  port.o(.text.vPortEnterCritical)
    [Anonymous Symbol]                       0x08001d1c   Section        0  port.o(.text.vPortExitCritical)
    [Anonymous Symbol]                       0x08001d2c   Section        0  heap_4.o(.text.vPortFree)
    __arm_cp.2_0                             0x08001d7c   Number         4  heap_4.o(.text.vPortFree)
    [Anonymous Symbol]                       0x08001d80   Section        0  port.o(.text.vPortSetupTimerInterrupt)
    __arm_cp.4_0                             0x08001da0   Number         4  port.o(.text.vPortSetupTimerInterrupt)
    __arm_cp.4_1                             0x08001da4   Number         4  port.o(.text.vPortSetupTimerInterrupt)
    vPortStartFirstTask                      0x08001db1   Thumb Code    52  port.o(.text.vPortStartFirstTask)
    [Anonymous Symbol]                       0x08001db0   Section        0  port.o(.text.vPortStartFirstTask)
    pxCurrentTCBConst2                       0x08001de0   Number         0  port.o(.text.vPortStartFirstTask)
    [Anonymous Symbol]                       0x08001de4   Section        0  port.o(.text.vPortYield)
    __arm_cp.7_0                             0x08001df8   Number         4  port.o(.text.vPortYield)
    [Anonymous Symbol]                       0x08001dfc   Section        0  tasks.o(.text.vTaskDelay)
    __arm_cp.4_0                             0x08001e20   Number         4  tasks.o(.text.vTaskDelay)
    [Anonymous Symbol]                       0x08001e24   Section        0  tasks.o(.text.vTaskStartScheduler)
    __arm_cp.12_0                            0x08001e58   Number         4  tasks.o(.text.vTaskStartScheduler)
    __arm_cp.12_1                            0x08001e5c   Number         4  tasks.o(.text.vTaskStartScheduler)
    [Anonymous Symbol]                       0x08001e68   Section        0  tasks.o(.text.vTaskSuspendAll)
    __arm_cp.5_0                             0x08001e74   Number         4  tasks.o(.text.vTaskSuspendAll)
    [Anonymous Symbol]                       0x08001e78   Section        0  tasks.o(.text.vTaskSwitchContext)
    __arm_cp.23_1                            0x08001ef0   Number         4  tasks.o(.text.vTaskSwitchContext)
    [Anonymous Symbol]                       0x08001ef4   Section        0  port.o(.text.xPortStartScheduler)
    __arm_cp.3_0                             0x08001f24   Number         4  port.o(.text.xPortStartScheduler)
    __arm_cp.3_1                             0x08001f28   Number         4  port.o(.text.xPortStartScheduler)
    [Anonymous Symbol]                       0x08001f2c   Section        0  queue.o(.text.xQueueGenericSendFromISR)
    [Anonymous Symbol]                       0x08001f98   Section        0  tasks.o(.text.xTaskCreate)
    __arm_cp.0_2                             0x08002104   Number         4  tasks.o(.text.xTaskCreate)
    [Anonymous Symbol]                       0x08002108   Section        0  tasks.o(.text.xTaskIncrementTick)
    __arm_cp.15_0                            0x080021d4   Number         4  tasks.o(.text.xTaskIncrementTick)
    [Anonymous Symbol]                       0x080021d8   Section        0  tasks.o(.text.xTaskPriorityDisinherit)
    __arm_cp.37_0                            0x08002224   Number         4  tasks.o(.text.xTaskPriorityDisinherit)
    [Anonymous Symbol]                       0x08002228   Section        0  tasks.o(.text.xTaskRemoveFromEventList)
    __arm_cp.26_1                            0x0800227c   Number         4  tasks.o(.text.xTaskRemoveFromEventList)
    [Anonymous Symbol]                       0x08002280   Section        0  tasks.o(.text.xTaskResumeAll)
    __arm_cp.7_0                             0x08002320   Number         4  tasks.o(.text.xTaskResumeAll)
    __arm_cp.7_1                             0x08002324   Number         4  tasks.o(.text.xTaskResumeAll)
    ddiv_reciptbl                            0x08002328   Data         128  ddiv.o(.constdata)
    .constdata                               0x08002328   Section      128  ddiv.o(.constdata)
    x$fpl$usenofp                            0x08002328   Section        0  usenofp.o(x$fpl$usenofp)
    dev_gpio_handle                          0x080023b8   Data          88  dev_gpio.o(.rodata.dev_gpio_handle)
    [Anonymous Symbol]                       0x080023b8   Section        0  dev_gpio.o(.rodata.dev_gpio_handle)
    uxCriticalNesting                        0x20000008   Data           4  port.o(.data.uxCriticalNesting)
    [Anonymous Symbol]                       0x20000008   Section        0  port.o(.data.uxCriticalNesting)
    .bss                                     0x20000010   Section       96  libspace.o(.bss)
    [Anonymous Symbol]                       0x20000070   Section        0  ft32f0xx_it.o(.bss..L_MergedGlobals)
    [Anonymous Symbol]                       0x2000007c   Section        0  main.o(.bss..L_MergedGlobals)
    [Anonymous Symbol]                       0x20000080   Section        0  tasks.o(.bss..L_MergedGlobals)
    uxTaskNumber                             0x20000084   Data           4  tasks.o(.bss..L_MergedGlobals)
    uxDeletedTasksWaitingCleanUp             0x20000088   Data           4  tasks.o(.bss..L_MergedGlobals)
    uxCurrentNumberOfTasks                   0x2000008c   Data           4  tasks.o(.bss..L_MergedGlobals)
    xSchedulerRunning                        0x20000090   Data           4  tasks.o(.bss..L_MergedGlobals)
    pxDelayedTaskList                        0x20000094   Data           4  tasks.o(.bss..L_MergedGlobals)
    pxOverflowDelayedTaskList                0x20000098   Data           4  tasks.o(.bss..L_MergedGlobals)
    uxTopReadyPriority                       0x2000009c   Data           4  tasks.o(.bss..L_MergedGlobals)
    xIdleTaskHandle                          0x200000a0   Data           4  tasks.o(.bss..L_MergedGlobals)
    xNextTaskUnblockTime                     0x200000a4   Data           4  tasks.o(.bss..L_MergedGlobals)
    xTickCount                               0x200000a8   Data           4  tasks.o(.bss..L_MergedGlobals)
    uxSchedulerSuspended                     0x200000ac   Data           4  tasks.o(.bss..L_MergedGlobals)
    xYieldPending                            0x200000b0   Data           4  tasks.o(.bss..L_MergedGlobals)
    xPendedTicks                             0x200000b4   Data           4  tasks.o(.bss..L_MergedGlobals)
    xNumOfOverflows                          0x200000b8   Data           4  tasks.o(.bss..L_MergedGlobals)
    xTasksWaitingTermination                 0x200000bc   Data          20  tasks.o(.bss..L_MergedGlobals)
    xPendingReadyList                        0x200000d0   Data          20  tasks.o(.bss..L_MergedGlobals)
    xDelayedTaskList1                        0x200000e4   Data          20  tasks.o(.bss..L_MergedGlobals)
    xBlockAllocatedBit                       0x200000f8   Data           1  heap_4.o(.bss..L_MergedGlobals)
    [Anonymous Symbol]                       0x200000f8   Section        0  heap_4.o(.bss..L_MergedGlobals)
    pxEnd                                    0x200000fc   Data           4  heap_4.o(.bss..L_MergedGlobals)
    xFreeBytesRemaining                      0x20000100   Data           4  heap_4.o(.bss..L_MergedGlobals)
    xMinimumEverFreeBytesRemaining           0x20000104   Data           4  heap_4.o(.bss..L_MergedGlobals)
    xNumberOfSuccessfulAllocations           0x20000108   Data           4  heap_4.o(.bss..L_MergedGlobals)
    xNumberOfSuccessfulFrees                 0x2000010c   Data           4  heap_4.o(.bss..L_MergedGlobals)
    xStart                                   0x20000110   Data           8  heap_4.o(.bss..L_MergedGlobals)
    xDelayedTaskList2                        0x20000118   Data          20  tasks.o(.bss..L_MergedGlobals.1)
    [Anonymous Symbol]                       0x20000118   Section        0  tasks.o(.bss..L_MergedGlobals.1)
    pxReadyTasksLists                        0x2000012c   Data         100  tasks.o(.bss..L_MergedGlobals.1)
    TimingDelay                              0x20000198   Data           4  systick.o(.bss.TimingDelay)
    [Anonymous Symbol]                       0x20000198   Section        0  systick.o(.bss.TimingDelay)
    ucHeap                                   0x2000019c   Data        3072  heap_4.o(.bss.ucHeap)
    [Anonymous Symbol]                       0x2000019c   Section        0  heap_4.o(.bss.ucHeap)
    ulSystemTimeTickCount                    0x20000d9c   Data           4  taskmanager.o(.bss.ulSystemTimeTickCount)
    [Anonymous Symbol]                       0x20000d9c   Section        0  taskmanager.o(.bss.ulSystemTimeTickCount)
    Heap_Mem                                 0x20000da8   Data         512  startup_ft32f030x8.o(HEAP)
    HEAP                                     0x20000da8   Section      512  startup_ft32f030x8.o(HEAP)
    Stack_Mem                                0x20000fa8   Data        1024  startup_ft32f030x8.o(STACK)
    STACK                                    0x20000fa8   Section     1024  startup_ft32f030x8.o(STACK)
    __initial_sp                             0x200013a8   Data           0  startup_ft32f030x8.o(STACK)

    Global Symbols

    Symbol Name                              Value     Ov Type        Size  Object(Section)

    BuildAttributes$$THM_ISAv3M$S$PE$A:L22$X:L11$S22$IEEE1$IW$~IW$USESV6$~STKCKD$USESV7$~SHL$OSPACE$ROPI$EBA8$UX$STANDARDLIB$REQ8$PRES8$EABIv2 0x00000000   Number         0  anon$$obj.o ABSOLUTE
    __ARM_exceptions_init                     - Undefined Weak Reference
    __alloca_initialize                       - Undefined Weak Reference
    __arm_preinit_                            - Undefined Weak Reference
    __cpp_initialize__aeabi_                  - Undefined Weak Reference
    __cxa_finalize                            - Undefined Weak Reference
    __rt_locale                               - Undefined Weak Reference
    __sigvec_lookup                           - Undefined Weak Reference
    _atexit_init                              - Undefined Weak Reference
    _call_atexit_fns                          - Undefined Weak Reference
    _clock_init                               - Undefined Weak Reference
    _fp_trap_init                             - Undefined Weak Reference
    _fp_trap_shutdown                         - Undefined Weak Reference
    _get_lc_collate                           - Undefined Weak Reference
    _get_lc_ctype                             - Undefined Weak Reference
    _get_lc_monetary                          - Undefined Weak Reference
    _get_lc_numeric                           - Undefined Weak Reference
    _get_lc_time                              - Undefined Weak Reference
    _getenv_init                              - Undefined Weak Reference
    _handle_redirection                       - Undefined Weak Reference
    _init_alloc                               - Undefined Weak Reference
    _init_user_alloc                          - Undefined Weak Reference
    _initio                                   - Undefined Weak Reference
    _rand_init                                - Undefined Weak Reference
    _signal_finish                            - Undefined Weak Reference
    _signal_init                              - Undefined Weak Reference
    _terminate_alloc                          - Undefined Weak Reference
    _terminate_user_alloc                     - Undefined Weak Reference
    _terminateio                              - Undefined Weak Reference
    __Vectors_Size                           0x000000c0   Number         0  startup_ft32f030x8.o ABSOLUTE
    __Vectors                                0x08000000   Data           4  startup_ft32f030x8.o(RESET)
    __Vectors_End                            0x080000c0   Data           0  startup_ft32f030x8.o(RESET)
    __main                                   0x080000c1   Thumb Code     8  __main.o(!!!main)
    __scatterload                            0x080000c9   Thumb Code     0  __scatter.o(!!!scatter)
    __scatterload_rt2                        0x080000c9   Thumb Code    52  __scatter.o(!!!scatter)
    __scatterload_rt2_thumb_only             0x080000c9   Thumb Code     0  __scatter.o(!!!scatter)
    __scatterload_null                       0x080000d9   Thumb Code     0  __scatter.o(!!!scatter)
    __scatterload_copy                       0x08000105   Thumb Code    26  __scatter_copy.o(!!handler_copy)
    __scatterload_zeroinit                   0x08000121   Thumb Code    28  __scatter_zi.o(!!handler_zi)
    __rt_lib_init                            0x0800013d   Thumb Code     0  libinit.o(.ARM.Collect$$libinit$$00000000)
    __rt_lib_init_alloca_1                   0x0800013f   Thumb Code     0  libinit2.o(.ARM.Collect$$libinit$$0000002E)
    __rt_lib_init_argv_1                     0x0800013f   Thumb Code     0  libinit2.o(.ARM.Collect$$libinit$$0000002C)
    __rt_lib_init_atexit_1                   0x0800013f   Thumb Code     0  libinit2.o(.ARM.Collect$$libinit$$0000001B)
    __rt_lib_init_clock_1                    0x0800013f   Thumb Code     0  libinit2.o(.ARM.Collect$$libinit$$00000021)
    __rt_lib_init_cpp_1                      0x0800013f   Thumb Code     0  libinit2.o(.ARM.Collect$$libinit$$00000032)
    __rt_lib_init_exceptions_1               0x0800013f   Thumb Code     0  libinit2.o(.ARM.Collect$$libinit$$00000030)
    __rt_lib_init_fp_1                       0x0800013f   Thumb Code     0  libinit2.o(.ARM.Collect$$libinit$$00000002)
    __rt_lib_init_fp_trap_1                  0x0800013f   Thumb Code     0  libinit2.o(.ARM.Collect$$libinit$$0000001F)
    __rt_lib_init_getenv_1                   0x0800013f   Thumb Code     0  libinit2.o(.ARM.Collect$$libinit$$00000023)
    __rt_lib_init_heap_1                     0x0800013f   Thumb Code     0  libinit2.o(.ARM.Collect$$libinit$$0000000A)
    __rt_lib_init_lc_collate_1               0x0800013f   Thumb Code     0  libinit2.o(.ARM.Collect$$libinit$$00000011)
    __rt_lib_init_lc_ctype_1                 0x0800013f   Thumb Code     0  libinit2.o(.ARM.Collect$$libinit$$00000013)
    __rt_lib_init_lc_monetary_1              0x0800013f   Thumb Code     0  libinit2.o(.ARM.Collect$$libinit$$00000015)
    __rt_lib_init_lc_numeric_1               0x0800013f   Thumb Code     0  libinit2.o(.ARM.Collect$$libinit$$00000017)
    __rt_lib_init_lc_time_1                  0x0800013f   Thumb Code     0  libinit2.o(.ARM.Collect$$libinit$$00000019)
    __rt_lib_init_preinit_1                  0x0800013f   Thumb Code     0  libinit2.o(.ARM.Collect$$libinit$$00000004)
    __rt_lib_init_rand_1                     0x0800013f   Thumb Code     0  libinit2.o(.ARM.Collect$$libinit$$0000000E)
    __rt_lib_init_return                     0x0800013f   Thumb Code     0  libinit2.o(.ARM.Collect$$libinit$$00000033)
    __rt_lib_init_signal_1                   0x0800013f   Thumb Code     0  libinit2.o(.ARM.Collect$$libinit$$0000001D)
    __rt_lib_init_stdio_1                    0x0800013f   Thumb Code     0  libinit2.o(.ARM.Collect$$libinit$$00000025)
    __rt_lib_init_user_alloc_1               0x0800013f   Thumb Code     0  libinit2.o(.ARM.Collect$$libinit$$0000000C)
    __rt_lib_shutdown                        0x08000141   Thumb Code     0  libshutdown.o(.ARM.Collect$$libshutdown$$00000000)
    __rt_lib_shutdown_cpp_1                  0x08000143   Thumb Code     0  libshutdown2.o(.ARM.Collect$$libshutdown$$00000002)
    __rt_lib_shutdown_fp_trap_1              0x08000143   Thumb Code     0  libshutdown2.o(.ARM.Collect$$libshutdown$$00000007)
    __rt_lib_shutdown_heap_1                 0x08000143   Thumb Code     0  libshutdown2.o(.ARM.Collect$$libshutdown$$0000000F)
    __rt_lib_shutdown_return                 0x08000143   Thumb Code     0  libshutdown2.o(.ARM.Collect$$libshutdown$$00000010)
    __rt_lib_shutdown_signal_1               0x08000143   Thumb Code     0  libshutdown2.o(.ARM.Collect$$libshutdown$$0000000A)
    __rt_lib_shutdown_stdio_1                0x08000143   Thumb Code     0  libshutdown2.o(.ARM.Collect$$libshutdown$$00000004)
    __rt_lib_shutdown_user_alloc_1           0x08000143   Thumb Code     0  libshutdown2.o(.ARM.Collect$$libshutdown$$0000000C)
    __rt_entry                               0x08000145   Thumb Code     0  __rtentry.o(.ARM.Collect$$rtentry$$00000000)
    __rt_entry_presh_1                       0x08000145   Thumb Code     0  __rtentry2.o(.ARM.Collect$$rtentry$$00000002)
    __rt_entry_sh                            0x08000145   Thumb Code     0  __rtentry4.o(.ARM.Collect$$rtentry$$00000004)
    __rt_entry_li                            0x0800014b   Thumb Code     0  __rtentry2.o(.ARM.Collect$$rtentry$$0000000A)
    __rt_entry_postsh_1                      0x0800014b   Thumb Code     0  __rtentry2.o(.ARM.Collect$$rtentry$$00000009)
    __rt_entry_main                          0x0800014f   Thumb Code     0  __rtentry2.o(.ARM.Collect$$rtentry$$0000000D)
    __rt_entry_postli_1                      0x0800014f   Thumb Code     0  __rtentry2.o(.ARM.Collect$$rtentry$$0000000C)
    __rt_exit                                0x08000157   Thumb Code     0  rtexit.o(.ARM.Collect$$rtexit$$00000000)
    __rt_exit_ls                             0x08000159   Thumb Code     0  rtexit2.o(.ARM.Collect$$rtexit$$00000003)
    __rt_exit_prels_1                        0x08000159   Thumb Code     0  rtexit2.o(.ARM.Collect$$rtexit$$00000002)
    __rt_exit_exit                           0x0800015d   Thumb Code     0  rtexit2.o(.ARM.Collect$$rtexit$$00000004)
    __aeabi_memcpy4                          0x08000165   Thumb Code    56  rt_memcpy.o(.emb_text)
    __aeabi_memcpy8                          0x08000165   Thumb Code     0  rt_memcpy.o(.emb_text)
    Reset_Handler                            0x0800019d   Thumb Code    38  startup_ft32f030x8.o(.text)
    ADC1_IRQHandler                          0x080001cd   Thumb Code     0  startup_ft32f030x8.o(.text)
    DMA1_Channel1_IRQHandler                 0x080001cd   Thumb Code     0  startup_ft32f030x8.o(.text)
    DMA1_Channel2_3_IRQHandler               0x080001cd   Thumb Code     0  startup_ft32f030x8.o(.text)
    DMA1_Channel4_5_IRQHandler               0x080001cd   Thumb Code     0  startup_ft32f030x8.o(.text)
    EXTI0_1_IRQHandler                       0x080001cd   Thumb Code     0  startup_ft32f030x8.o(.text)
    EXTI2_3_IRQHandler                       0x080001cd   Thumb Code     0  startup_ft32f030x8.o(.text)
    FLASH_IRQHandler                         0x080001cd   Thumb Code     0  startup_ft32f030x8.o(.text)
    I2C1_IRQHandler                          0x080001cd   Thumb Code     0  startup_ft32f030x8.o(.text)
    I2C2_IRQHandler                          0x080001cd   Thumb Code     0  startup_ft32f030x8.o(.text)
    PVD_VDDIO_IRQHandler                     0x080001cd   Thumb Code     0  startup_ft32f030x8.o(.text)
    RCC_IRQHandler                           0x080001cd   Thumb Code     0  startup_ft32f030x8.o(.text)
    RTC_IRQHandler                           0x080001cd   Thumb Code     0  startup_ft32f030x8.o(.text)
    SPI1_IRQHandler                          0x080001cd   Thumb Code     0  startup_ft32f030x8.o(.text)
    SPI2_IRQHandler                          0x080001cd   Thumb Code     0  startup_ft32f030x8.o(.text)
    TIM15_IRQHandler                         0x080001cd   Thumb Code     0  startup_ft32f030x8.o(.text)
    TIM16_IRQHandler                         0x080001cd   Thumb Code     0  startup_ft32f030x8.o(.text)
    TIM17_IRQHandler                         0x080001cd   Thumb Code     0  startup_ft32f030x8.o(.text)
    TIM1_CC_IRQHandler                       0x080001cd   Thumb Code     0  startup_ft32f030x8.o(.text)
    TIM3_IRQHandler                          0x080001cd   Thumb Code     0  startup_ft32f030x8.o(.text)
    TIM6_IRQHandler                          0x080001cd   Thumb Code     0  startup_ft32f030x8.o(.text)
    USART1_IRQHandler                        0x080001cd   Thumb Code     0  startup_ft32f030x8.o(.text)
    USART2_IRQHandler                        0x080001cd   Thumb Code     0  startup_ft32f030x8.o(.text)
    USB_IRQHandler                           0x080001cd   Thumb Code     0  startup_ft32f030x8.o(.text)
    WWDG_IRQHandler                          0x080001cd   Thumb Code     0  startup_ft32f030x8.o(.text)
    __user_initial_stackheap                 0x080001d1   Thumb Code     0  startup_ft32f030x8.o(.text)
    __aeabi_memcpy                           0x08000211   Thumb Code   130  rt_memcpy.o(.text)
    __rt_memcpy                              0x08000211   Thumb Code     0  rt_memcpy.o(.text)
    __aeabi_memset4                          0x08000293   Thumb Code    18  aeabi_memset4.o(.text)
    __aeabi_memset8                          0x08000293   Thumb Code     0  aeabi_memset4.o(.text)
    _memset_w                                0x080002a5   Thumb Code    26  rt_memclr.o(.text)
    _memset                                  0x080002bf   Thumb Code    30  rt_memclr.o(.text)
    __aeabi_memclr                           0x080002dd   Thumb Code     4  rt_memclr.o(.text)
    __rt_memclr                              0x080002dd   Thumb Code     0  rt_memclr.o(.text)
    __aeabi_memclr4                          0x080002e1   Thumb Code     0  rt_memclr.o(.text)
    __aeabi_memclr8                          0x080002e1   Thumb Code     0  rt_memclr.o(.text)
    __rt_memclr_w                            0x080002e1   Thumb Code     4  rt_memclr.o(.text)
    __aeabi_uidiv                            0x080002e5   Thumb Code     0  aeabi_sdiv.o(.text)
    __aeabi_uidivmod                         0x080002e5   Thumb Code    20  aeabi_sdiv.o(.text)
    __aeabi_idiv                             0x080002f9   Thumb Code     0  aeabi_sdiv.o(.text)
    __aeabi_idivmod                          0x080002f9   Thumb Code   326  aeabi_sdiv.o(.text)
    __use_two_region_memory                  0x0800043f   Thumb Code     2  heapauxi.o(.text)
    __rt_heap_escrow$2region                 0x08000441   Thumb Code     2  heapauxi.o(.text)
    __rt_heap_expand$2region                 0x08000443   Thumb Code     2  heapauxi.o(.text)
    __aeabi_ddiv                             0x08000445   Thumb Code     0  ddiv.o(.text)
    _ddiv                                    0x08000445   Thumb Code  1072  ddiv.o(.text)
    _drdiv                                   0x08000875   Thumb Code    20  ddiv.o(.text)
    __aeabi_d2iz                             0x0800088d   Thumb Code     0  dfixi.o(.text)
    _dfix                                    0x0800088d   Thumb Code    98  dfixi.o(.text)
    __aeabi_dmul                             0x080008f9   Thumb Code     0  dmul.o(.text)
    _dmul                                    0x080008f9   Thumb Code   558  dmul.o(.text)
    __user_setup_stackheap                   0x08000b41   Thumb Code    62  sys_stackheap_outer.o(.text)
    exit                                     0x08000b7f   Thumb Code    16  exit.o(.text)
    __user_libspace                          0x08000b91   Thumb Code     8  libspace.o(.text)
    __user_perproc_libspace                  0x08000b91   Thumb Code     0  libspace.o(.text)
    __user_perthread_libspace                0x08000b91   Thumb Code     0  libspace.o(.text)
    _sys_exit                                0x08000b99   Thumb Code     8  sys_exit.o(.text)
    __I$use$semihosting                      0x08000ba5   Thumb Code     0  use_no_semi.o(.text)
    __use_no_semihosting_swi                 0x08000ba5   Thumb Code     2  use_no_semi.o(.text)
    __semihosting_library_function           0x08000ba7   Thumb Code     0  indicate_semi.o(.text)
    AD9833_InitIo                            0x08000ba9   Thumb Code    32  dev_ad9877.o(.text.AD9833_InitIo)
    AD9833_SetPara                           0x08000c19   Thumb Code   152  dev_ad9877.o(.text.AD9833_SetPara)
    ADC_ChannelConfig                        0x08000cb1   Thumb Code    10  ft32f0xx_adc.o(.text.ADC_ChannelConfig)
    ADC_Cmd                                  0x08000cbb   Thumb Code    18  ft32f0xx_adc.o(.text.ADC_Cmd)
    ADC_DMACmd                               0x08000ccd   Thumb Code    18  ft32f0xx_adc.o(.text.ADC_DMACmd)
    ADC_DMARequestModeConfig                 0x08000cdf   Thumb Code    16  ft32f0xx_adc.o(.text.ADC_DMARequestModeConfig)
    ADC_DMA_Config                           0x08000cf1   Thumb Code   244  main.o(.text.ADC_DMA_Config)
    ADC_DeInit                               0x08000ddd   Thumb Code    36  ft32f0xx_adc.o(.text.ADC_DeInit)
    ADC_GetCalibrationFactor                 0x08000e01   Thumb Code    44  ft32f0xx_adc.o(.text.ADC_GetCalibrationFactor)
    ADC_GetFlagStatus                        0x08000e2d   Thumb Code    26  ft32f0xx_adc.o(.text.ADC_GetFlagStatus)
    ADC_Init                                 0x08000e49   Thumb Code    40  ft32f0xx_adc.o(.text.ADC_Init)
    ADC_StartOfConversion                    0x08000e71   Thumb Code    10  ft32f0xx_adc.o(.text.ADC_StartOfConversion)
    ADC_StructInit                           0x08000e7b   Thumb Code    16  ft32f0xx_adc.o(.text.ADC_StructInit)
    DMA_ClearFlag                            0x08000e8d   Thumb Code    16  ft32f0xx_dma.o(.text.DMA_ClearFlag)
    DMA_Cmd                                  0x08000e99   Thumb Code    24  ft32f0xx_dma.o(.text.DMA_Cmd)
    DMA_DeInit                               0x08000ead   Thumb Code   112  ft32f0xx_dma.o(.text.DMA_DeInit)
    DMA_GetFlagStatus                        0x08000f1d   Thumb Code    28  ft32f0xx_dma.o(.text.DMA_GetFlagStatus)
    DMA_Init                                 0x08000f39   Thumb Code    60  ft32f0xx_dma.o(.text.DMA_Init)
    Delay                                    0x08000f75   Thumb Code    24  systick.o(.text.Delay)
    DevGpio_ReadInPut                        0x08000f8d   Thumb Code    24  dev_gpio.o(.text.DevGpio_ReadInPut)
    DevGpio_SetOutPut                        0x08000fa1   Thumb Code    24  dev_gpio.o(.text.DevGpio_SetOutPut)
    Devpwm_SetDuty                           0x08000fb9   Thumb Code    16  dev_pwm.o(.text.Devpwm_SetDuty)
    EXTI4_15_IRQHandler                      0x08000fc9   Thumb Code    92  ft32f0xx_it.o(.text.EXTI4_15_IRQHandler)
    EXTI_ClearITPendingBit                   0x08001025   Thumb Code    12  ft32f0xx_exti.o(.text.EXTI_ClearITPendingBit)
    EXTI_GetITStatus                         0x0800102d   Thumb Code    20  ft32f0xx_exti.o(.text.EXTI_GetITStatus)
    EXTI_Init                                0x08001041   Thumb Code    96  ft32f0xx_exti.o(.text.EXTI_Init)
    FT32_EXIT_Init                           0x080010a1   Thumb Code    90  main.o(.text.FT32_EXIT_Init)
    FT32_GPIO_Init                           0x080010fd   Thumb Code    84  main.o(.text.FT32_GPIO_Init)
    GPIO_Init                                0x08001151   Thumb Code   122  ft32f0xx_gpio.o(.text.GPIO_Init)
    GPIO_PinAFConfig                         0x080011cb   Thumb Code    32  ft32f0xx_gpio.o(.text.GPIO_PinAFConfig)
    GPIO_ReadInputDataBit                    0x080011eb   Thumb Code    12  ft32f0xx_gpio.o(.text.GPIO_ReadInputDataBit)
    GPIO_WriteBit                            0x080011f7   Thumb Code    12  ft32f0xx_gpio.o(.text.GPIO_WriteBit)
    HardFault_Handler                        0x08001203   Thumb Code     2  ft32f0xx_it.o(.text.HardFault_Handler)
    IWDG_Config                              0x08001205   Thumb Code    44  main.o(.text.IWDG_Config)
    IWDG_Enable                              0x08001231   Thumb Code    16  ft32f0xx_iwdg.o(.text.IWDG_Enable)
    IWDG_ReloadCounter                       0x0800123d   Thumb Code    16  ft32f0xx_iwdg.o(.text.IWDG_ReloadCounter)
    IWDG_SetPrescaler                        0x08001249   Thumb Code    12  ft32f0xx_iwdg.o(.text.IWDG_SetPrescaler)
    IWDG_SetReload                           0x08001255   Thumb Code    12  ft32f0xx_iwdg.o(.text.IWDG_SetReload)
    IWDG_WriteAccessCmd                      0x08001261   Thumb Code    12  ft32f0xx_iwdg.o(.text.IWDG_WriteAccessCmd)
    NMI_Handler                              0x0800126d   Thumb Code     2  ft32f0xx_it.o(.text.NMI_Handler)
    NVIC_Init                                0x08001271   Thumb Code    84  ft32f0xx_misc.o(.text.NVIC_Init)
    PendSV_Handler                           0x080012d1   Thumb Code    68  port.o(.text.PendSV_Handler)
    RCC_AHBPeriphClockCmd                    0x08001315   Thumb Code    24  ft32f0xx_rcc.o(.text.RCC_AHBPeriphClockCmd)
    RCC_APB1PeriphClockCmd                   0x0800132d   Thumb Code    24  ft32f0xx_rcc.o(.text.RCC_APB1PeriphClockCmd)
    RCC_APB2PeriphClockCmd                   0x08001345   Thumb Code    24  ft32f0xx_rcc.o(.text.RCC_APB2PeriphClockCmd)
    RCC_APB2PeriphResetCmd                   0x0800135d   Thumb Code    24  ft32f0xx_rcc.o(.text.RCC_APB2PeriphResetCmd)
    RCC_LSICmd                               0x08001375   Thumb Code    24  ft32f0xx_rcc.o(.text.RCC_LSICmd)
    SVC_Handler                              0x0800138d   Thumb Code     2  port.o(.text.SVC_Handler)
    SYSCFG_EXTILineConfig                    0x08001391   Thumb Code    36  ft32f0xx_syscfg.o(.text.SYSCFG_EXTILineConfig)
    SendShortMessageFromISR                  0x080013b5   Thumb Code    36  taskmanager.o(.text.SendShortMessageFromISR)
    SysTick_Handler                          0x080013d5   Thumb Code    36  port.o(.text.SysTick_Handler)
    SystemCoreClockUpdate                    0x080013f9   Thumb Code    96  system_ft32f0xx.o(.text.SystemCoreClockUpdate)
    SystemInit                               0x08001455   Thumb Code   224  system_ft32f0xx.o(.text.SystemInit)
    SystickInit                              0x08001535   Thumb Code    72  systick.o(.text.SystickInit)
    TIM14_IRQHandler                         0x0800157d   Thumb Code     2  ft32f0xx_it.o(.text.TIM14_IRQHandler)
    TIM1_BRK_UP_TRG_COM_IRQHandler           0x08001581   Thumb Code    32  ft32f0xx_it.o(.text.TIM1_BRK_UP_TRG_COM_IRQHandler)
    TIM_ClearITPendingBit                    0x0800159d   Thumb Code     6  ft32f0xx_tim.o(.text.TIM_ClearITPendingBit)
    TIM_Cmd                                  0x080015a3   Thumb Code    18  ft32f0xx_tim.o(.text.TIM_Cmd)
    TIM_CtrlPWMOutputs                       0x080015b5   Thumb Code    28  ft32f0xx_tim.o(.text.TIM_CtrlPWMOutputs)
    TIM_GetITStatus                          0x080015d1   Thumb Code    32  ft32f0xx_tim.o(.text.TIM_GetITStatus)
    TIM_ITConfig                             0x080015f1   Thumb Code    18  ft32f0xx_tim.o(.text.TIM_ITConfig)
    TIM_OC1Init                              0x08001605   Thumb Code   104  ft32f0xx_tim.o(.text.TIM_OC1Init)
    TIM_OC4Init                              0x08001669   Thumb Code    92  ft32f0xx_tim.o(.text.TIM_OC4Init)
    TIM_SetCompare1                          0x080016c1   Thumb Code     4  ft32f0xx_tim.o(.text.TIM_SetCompare1)
    TIM_TimeBaseInit                         0x080016c5   Thumb Code   112  ft32f0xx_tim.o(.text.TIM_TimeBaseInit)
    Tim16BaseInit                            0x0800172d   Thumb Code   104  main.o(.text.Tim16BaseInit)
    Tim1BaseInit                             0x0800178d   Thumb Code    84  main.o(.text.Tim1BaseInit)
    Tim3BaseInit                             0x080017e1   Thumb Code   160  main.o(.text.Tim3BaseInit)
    get_adc_val                              0x08001881   Thumb Code    20  dev_adc.o(.text.get_adc_val)
    main                                     0x08001895   Thumb Code   244  main.o(.text.main)
    pvPortMalloc                             0x08001b05   Thumb Code   260  heap_4.o(.text.pvPortMalloc)
    pxPortInitialiseStack                    0x08001c05   Thumb Code    32  port.o(.text.pxPortInitialiseStack)
    test1                                    0x08001c25   Thumb Code     8  main.o(.text.test1)
    ulSetInterruptMaskFromISR                0x08001c2d   Thumb Code     8  port.o(.text.ulSetInterruptMaskFromISR)
    uxListRemove                             0x08001c35   Thumb Code    34  list.o(.text.uxListRemove)
    vApplicationMallocFailedHook             0x08001c57   Thumb Code     4  taskmanager.o(.text.vApplicationMallocFailedHook)
    vApplicationStackOverflowHook            0x08001c5b   Thumb Code     4  taskmanager.o(.text.vApplicationStackOverflowHook)
    vApplicationTickHook                     0x08001c61   Thumb Code    64  taskmanager.o(.text.vApplicationTickHook)
    vClearInterruptMaskFromISR               0x08001ca1   Thumb Code     6  port.o(.text.vClearInterruptMaskFromISR)
    vListInitialise                          0x08001ca7   Thumb Code    20  list.o(.text.vListInitialise)
    vListInitialiseItem                      0x08001cbb   Thumb Code     6  list.o(.text.vListInitialiseItem)
    vListInsert                              0x08001cc1   Thumb Code    46  list.o(.text.vListInsert)
    vListInsertEnd                           0x08001cef   Thumb Code    24  list.o(.text.vListInsertEnd)
    vPortEnterCritical                       0x08001d09   Thumb Code    24  port.o(.text.vPortEnterCritical)
    vPortExitCritical                        0x08001d1d   Thumb Code    20  port.o(.text.vPortExitCritical)
    vPortFree                                0x08001d2d   Thumb Code    84  heap_4.o(.text.vPortFree)
    vPortSetupTimerInterrupt                 0x08001d81   Thumb Code    40  port.o(.text.vPortSetupTimerInterrupt)
    vPortYield                               0x08001de5   Thumb Code    24  port.o(.text.vPortYield)
    vTaskDelay                               0x08001dfd   Thumb Code    40  tasks.o(.text.vTaskDelay)
    vTaskStartScheduler                      0x08001e25   Thumb Code    68  tasks.o(.text.vTaskStartScheduler)
    vTaskSuspendAll                          0x08001e69   Thumb Code    16  tasks.o(.text.vTaskSuspendAll)
    vTaskSwitchContext                       0x08001e79   Thumb Code   132  tasks.o(.text.vTaskSwitchContext)
    xPortStartScheduler                      0x08001ef5   Thumb Code    56  port.o(.text.xPortStartScheduler)
    xQueueGenericSendFromISR                 0x08001f2d   Thumb Code   108  queue.o(.text.xQueueGenericSendFromISR)
    xTaskCreate                              0x08001f99   Thumb Code   376  tasks.o(.text.xTaskCreate)
    xTaskIncrementTick                       0x08002109   Thumb Code   212  tasks.o(.text.xTaskIncrementTick)
    xTaskPriorityDisinherit                  0x080021d9   Thumb Code    84  tasks.o(.text.xTaskPriorityDisinherit)
    xTaskRemoveFromEventList                 0x08002229   Thumb Code    92  tasks.o(.text.xTaskRemoveFromEventList)
    xTaskResumeAll                           0x08002281   Thumb Code   168  tasks.o(.text.xTaskResumeAll)
    __I$use$fp                               0x08002328   Number         0  usenofp.o(x$fpl$usenofp)
    AHBPrescTable                            0x080023a8   Data          16  system_ft32f0xx.o(.rodata.AHBPrescTable)
    Region$$Table$$Base                      0x08002410   Number         0  anon$$obj.o(Region$$Table)
    Region$$Table$$Limit                     0x08002430   Number         0  anon$$obj.o(Region$$Table)
    SystemCoreClock                          0x20000000   Data           4  system_ft32f0xx.o(.data.SystemCoreClock)
    lsi_freq                                 0x20000004   Data           4  main.o(.data.lsi_freq)
    __libspace_start                         0x20000010   Data          96  libspace.o(.bss)
    KEY1_Flg                                 0x20000070   Data           1  ft32f0xx_it.o(.bss..L_MergedGlobals)
    __temporary_stack_top$libspace           0x20000070   Data           0  libspace.o(.bss)
    KEY2_Flg                                 0x20000071   Data           1  ft32f0xx_it.o(.bss..L_MergedGlobals)
    KEY1_Count                               0x20000074   Data           4  ft32f0xx_it.o(.bss..L_MergedGlobals)
    KEY2_Count                               0x20000078   Data           4  ft32f0xx_it.o(.bss..L_MergedGlobals)
    step                                     0x2000007c   Data           1  main.o(.bss..L_MergedGlobals)
    ch                                       0x2000007d   Data           1  main.o(.bss..L_MergedGlobals)
    Bat_Stdby                                0x2000007e   Data           1  main.o(.bss..L_MergedGlobals)
    Bat_Charge                               0x2000007f   Data           1  main.o(.bss..L_MergedGlobals)
    pxCurrentTCB                             0x20000080   Data           4  tasks.o(.bss..L_MergedGlobals)
    DMA_DualConvertedValue                   0x20000190   Data           8  main.o(.bss.DMA_DualConvertedValue)
    xHighProTaskQueue                        0x20000da0   Data           4  highprotask.o(.bss.xHighProTaskQueue)
    xLowProTaskQueue                         0x20000da4   Data           4  lowprotask.o(.bss.xLowProTaskQueue)



==============================================================================

Memory Map of the image

  Image Entry point : 0x080000c1

  Load Region LR_IROM1 (Base: 0x08000000, Size: 0x00002440, Max: 0x00010000, ABSOLUTE)

    Execution Region ER_IROM1 (Exec base: 0x08000000, Load base: 0x08000000, Size: 0x00002430, Max: 0x00010000, ABSOLUTE)

    Exec Addr    Load Addr    Size         Type   Attr      Idx    E Section Name        Object

    0x08000000   0x08000000   0x000000c0   Data   RO         1180    RESET               startup_ft32f030x8.o
    0x080000c0   0x080000c0   0x00000008   Code   RO         1218  * !!!main             c_p.l(__main.o)
    0x080000c8   0x080000c8   0x0000003c   Code   RO         1438    !!!scatter          c_p.l(__scatter.o)
    0x08000104   0x08000104   0x0000001a   Code   RO         1440    !!handler_copy      c_p.l(__scatter_copy.o)
    0x0800011e   0x0800011e   0x00000002   PAD
    0x08000120   0x08000120   0x0000001c   Code   RO         1442    !!handler_zi        c_p.l(__scatter_zi.o)
    0x0800013c   0x0800013c   0x00000002   Code   RO         1295    .ARM.Collect$$libinit$$00000000  c_p.l(libinit.o)
    0x0800013e   0x0800013e   0x00000000   Code   RO         1313    .ARM.Collect$$libinit$$00000002  c_p.l(libinit2.o)
    0x0800013e   0x0800013e   0x00000000   Code   RO         1315    .ARM.Collect$$libinit$$00000004  c_p.l(libinit2.o)
    0x0800013e   0x0800013e   0x00000000   Code   RO         1318    .ARM.Collect$$libinit$$0000000A  c_p.l(libinit2.o)
    0x0800013e   0x0800013e   0x00000000   Code   RO         1320    .ARM.Collect$$libinit$$0000000C  c_p.l(libinit2.o)
    0x0800013e   0x0800013e   0x00000000   Code   RO         1322    .ARM.Collect$$libinit$$0000000E  c_p.l(libinit2.o)
    0x0800013e   0x0800013e   0x00000000   Code   RO         1325    .ARM.Collect$$libinit$$00000011  c_p.l(libinit2.o)
    0x0800013e   0x0800013e   0x00000000   Code   RO         1327    .ARM.Collect$$libinit$$00000013  c_p.l(libinit2.o)
    0x0800013e   0x0800013e   0x00000000   Code   RO         1329    .ARM.Collect$$libinit$$00000015  c_p.l(libinit2.o)
    0x0800013e   0x0800013e   0x00000000   Code   RO         1331    .ARM.Collect$$libinit$$00000017  c_p.l(libinit2.o)
    0x0800013e   0x0800013e   0x00000000   Code   RO         1333    .ARM.Collect$$libinit$$00000019  c_p.l(libinit2.o)
    0x0800013e   0x0800013e   0x00000000   Code   RO         1335    .ARM.Collect$$libinit$$0000001B  c_p.l(libinit2.o)
    0x0800013e   0x0800013e   0x00000000   Code   RO         1337    .ARM.Collect$$libinit$$0000001D  c_p.l(libinit2.o)
    0x0800013e   0x0800013e   0x00000000   Code   RO         1339    .ARM.Collect$$libinit$$0000001F  c_p.l(libinit2.o)
    0x0800013e   0x0800013e   0x00000000   Code   RO         1341    .ARM.Collect$$libinit$$00000021  c_p.l(libinit2.o)
    0x0800013e   0x0800013e   0x00000000   Code   RO         1343    .ARM.Collect$$libinit$$00000023  c_p.l(libinit2.o)
    0x0800013e   0x0800013e   0x00000000   Code   RO         1345    .ARM.Collect$$libinit$$00000025  c_p.l(libinit2.o)
    0x0800013e   0x0800013e   0x00000000   Code   RO         1349    .ARM.Collect$$libinit$$0000002C  c_p.l(libinit2.o)
    0x0800013e   0x0800013e   0x00000000   Code   RO         1351    .ARM.Collect$$libinit$$0000002E  c_p.l(libinit2.o)
    0x0800013e   0x0800013e   0x00000000   Code   RO         1353    .ARM.Collect$$libinit$$00000030  c_p.l(libinit2.o)
    0x0800013e   0x0800013e   0x00000000   Code   RO         1355    .ARM.Collect$$libinit$$00000032  c_p.l(libinit2.o)
    0x0800013e   0x0800013e   0x00000002   Code   RO         1356    .ARM.Collect$$libinit$$00000033  c_p.l(libinit2.o)
    0x08000140   0x08000140   0x00000002   Code   RO         1393    .ARM.Collect$$libshutdown$$00000000  c_p.l(libshutdown.o)
    0x08000142   0x08000142   0x00000000   Code   RO         1421    .ARM.Collect$$libshutdown$$00000002  c_p.l(libshutdown2.o)
    0x08000142   0x08000142   0x00000000   Code   RO         1423    .ARM.Collect$$libshutdown$$00000004  c_p.l(libshutdown2.o)
    0x08000142   0x08000142   0x00000000   Code   RO         1426    .ARM.Collect$$libshutdown$$00000007  c_p.l(libshutdown2.o)
    0x08000142   0x08000142   0x00000000   Code   RO         1429    .ARM.Collect$$libshutdown$$0000000A  c_p.l(libshutdown2.o)
    0x08000142   0x08000142   0x00000000   Code   RO         1431    .ARM.Collect$$libshutdown$$0000000C  c_p.l(libshutdown2.o)
    0x08000142   0x08000142   0x00000000   Code   RO         1434    .ARM.Collect$$libshutdown$$0000000F  c_p.l(libshutdown2.o)
    0x08000142   0x08000142   0x00000002   Code   RO         1435    .ARM.Collect$$libshutdown$$00000010  c_p.l(libshutdown2.o)
    0x08000144   0x08000144   0x00000000   Code   RO         1250    .ARM.Collect$$rtentry$$00000000  c_p.l(__rtentry.o)
    0x08000144   0x08000144   0x00000000   Code   RO         1263    .ARM.Collect$$rtentry$$00000002  c_p.l(__rtentry2.o)
    0x08000144   0x08000144   0x00000006   Code   RO         1275    .ARM.Collect$$rtentry$$00000004  c_p.l(__rtentry4.o)
    0x0800014a   0x0800014a   0x00000000   Code   RO         1265    .ARM.Collect$$rtentry$$00000009  c_p.l(__rtentry2.o)
    0x0800014a   0x0800014a   0x00000004   Code   RO         1266    .ARM.Collect$$rtentry$$0000000A  c_p.l(__rtentry2.o)
    0x0800014e   0x0800014e   0x00000000   Code   RO         1268    .ARM.Collect$$rtentry$$0000000C  c_p.l(__rtentry2.o)
    0x0800014e   0x0800014e   0x00000008   Code   RO         1269    .ARM.Collect$$rtentry$$0000000D  c_p.l(__rtentry2.o)
    0x08000156   0x08000156   0x00000002   Code   RO         1304    .ARM.Collect$$rtexit$$00000000  c_p.l(rtexit.o)
    0x08000158   0x08000158   0x00000000   Code   RO         1364    .ARM.Collect$$rtexit$$00000002  c_p.l(rtexit2.o)
    0x08000158   0x08000158   0x00000004   Code   RO         1365    .ARM.Collect$$rtexit$$00000003  c_p.l(rtexit2.o)
    0x0800015c   0x0800015c   0x00000006   Code   RO         1366    .ARM.Collect$$rtexit$$00000004  c_p.l(rtexit2.o)
    0x08000162   0x08000162   0x00000002   PAD
    0x08000164   0x08000164   0x00000038   Code   RO         1204    .emb_text           c_p.l(rt_memcpy.o)
    0x0800019c   0x0800019c   0x00000074   Code   RO         1181    .text               startup_ft32f030x8.o
    0x08000210   0x08000210   0x00000082   Code   RO         1205    .text               c_p.l(rt_memcpy.o)
    0x08000292   0x08000292   0x00000012   Code   RO         1208    .text               c_p.l(aeabi_memset4.o)
    0x080002a4   0x080002a4   0x00000040   Code   RO         1210    .text               c_p.l(rt_memclr.o)
    0x080002e4   0x080002e4   0x0000015a   Code   RO         1212    .text               c_p.l(aeabi_sdiv.o)
    0x0800043e   0x0800043e   0x00000006   Code   RO         1216    .text               c_p.l(heapauxi.o)
    0x08000444   0x08000444   0x00000448   Code   RO         1220    .text               fz_ps.l(ddiv.o)
    0x0800088c   0x0800088c   0x0000006c   Code   RO         1223    .text               fz_ps.l(dfixi.o)
    0x080008f8   0x080008f8   0x00000248   Code   RO         1225    .text               fz_ps.l(dmul.o)
    0x08000b40   0x08000b40   0x0000003e   Code   RO         1281    .text               c_p.l(sys_stackheap_outer.o)
    0x08000b7e   0x08000b7e   0x00000010   Code   RO         1284    .text               c_p.l(exit.o)
    0x08000b8e   0x08000b8e   0x00000002   PAD
    0x08000b90   0x08000b90   0x00000008   Code   RO         1300    .text               c_p.l(libspace.o)
    0x08000b98   0x08000b98   0x0000000c   Code   RO         1359    .text               c_p.l(sys_exit.o)
    0x08000ba4   0x08000ba4   0x00000002   Code   RO         1382    .text               c_p.l(use_no_semi.o)
    0x08000ba6   0x08000ba6   0x00000000   Code   RO         1384    .text               c_p.l(indicate_semi.o)
    0x08000ba6   0x08000ba6   0x00000002   PAD
    0x08000ba8   0x08000ba8   0x0000001c   Code   RO           87    .text.AD9833_InitIo  dev_ad9877.o
    0x08000bc4   0x08000bc4   0x00000054   Code   RO           85    .text.AD9833_SendData  dev_ad9877.o
    0x08000c18   0x08000c18   0x00000098   Code   RO           83    .text.AD9833_SetPara  dev_ad9877.o
    0x08000cb0   0x08000cb0   0x0000000a   Code   RO          483    .text.ADC_ChannelConfig  ft32f0xx_adc.o
    0x08000cba   0x08000cba   0x00000012   Code   RO          459    .text.ADC_Cmd       ft32f0xx_adc.o
    0x08000ccc   0x08000ccc   0x00000012   Code   RO          499    .text.ADC_DMACmd    ft32f0xx_adc.o
    0x08000cde   0x08000cde   0x00000010   Code   RO          501    .text.ADC_DMARequestModeConfig  ft32f0xx_adc.o
    0x08000cee   0x08000cee   0x00000002   PAD
    0x08000cf0   0x08000cf0   0x000000ec   Code   RO           27    .text.ADC_DMA_Config  main.o
    0x08000ddc   0x08000ddc   0x00000024   Code   RO          453    .text.ADC_DeInit    ft32f0xx_adc.o
    0x08000e00   0x08000e00   0x0000002c   Code   RO          491    .text.ADC_GetCalibrationFactor  ft32f0xx_adc.o
    0x08000e2c   0x08000e2c   0x0000001a   Code   RO          505    .text.ADC_GetFlagStatus  ft32f0xx_adc.o
    0x08000e46   0x08000e46   0x00000002   PAD
    0x08000e48   0x08000e48   0x00000028   Code   RO          455    .text.ADC_Init      ft32f0xx_adc.o
    0x08000e70   0x08000e70   0x0000000a   Code   RO          495    .text.ADC_StartOfConversion  ft32f0xx_adc.o
    0x08000e7a   0x08000e7a   0x00000010   Code   RO          457    .text.ADC_StructInit  ft32f0xx_adc.o
    0x08000e8a   0x08000e8a   0x00000002   PAD
    0x08000e8c   0x08000e8c   0x0000000c   Code   RO          565    .text.DMA_ClearFlag  ft32f0xx_dma.o
    0x08000e98   0x08000e98   0x00000014   Code   RO          555    .text.DMA_Cmd       ft32f0xx_dma.o
    0x08000eac   0x08000eac   0x00000070   Code   RO          549    .text.DMA_DeInit    ft32f0xx_dma.o
    0x08000f1c   0x08000f1c   0x0000001c   Code   RO          563    .text.DMA_GetFlagStatus  ft32f0xx_dma.o
    0x08000f38   0x08000f38   0x0000003c   Code   RO          551    .text.DMA_Init      ft32f0xx_dma.o
    0x08000f74   0x08000f74   0x00000018   Code   RO           54    .text.Delay         systick.o
    0x08000f8c   0x08000f8c   0x00000014   Code   RO          100    .text.DevGpio_ReadInPut  dev_gpio.o
    0x08000fa0   0x08000fa0   0x00000018   Code   RO           98    .text.DevGpio_SetOutPut  dev_gpio.o
    0x08000fb8   0x08000fb8   0x00000010   Code   RO          112    .text.Devpwm_SetDuty  dev_pwm.o
    0x08000fc8   0x08000fc8   0x0000005c   Code   RO           10    .text.EXTI4_15_IRQHandler  ft32f0xx_it.o
    0x08001024   0x08001024   0x00000008   Code   RO          594    .text.EXTI_ClearITPendingBit  ft32f0xx_exti.o
    0x0800102c   0x0800102c   0x00000014   Code   RO          592    .text.EXTI_GetITStatus  ft32f0xx_exti.o
    0x08001040   0x08001040   0x00000060   Code   RO          582    .text.EXTI_Init     ft32f0xx_exti.o
    0x080010a0   0x080010a0   0x0000005a   Code   RO           25    .text.FT32_EXIT_Init  main.o
    0x080010fa   0x080010fa   0x00000002   PAD
    0x080010fc   0x080010fc   0x00000054   Code   RO           23    .text.FT32_GPIO_Init  main.o
    0x08001150   0x08001150   0x0000007a   Code   RO          672    .text.GPIO_Init     ft32f0xx_gpio.o
    0x080011ca   0x080011ca   0x00000020   Code   RO          694    .text.GPIO_PinAFConfig  ft32f0xx_gpio.o
    0x080011ea   0x080011ea   0x0000000c   Code   RO          678    .text.GPIO_ReadInputDataBit  ft32f0xx_gpio.o
    0x080011f6   0x080011f6   0x0000000c   Code   RO          690    .text.GPIO_WriteBit  ft32f0xx_gpio.o
    0x08001202   0x08001202   0x00000002   Code   RO            4    .text.HardFault_Handler  ft32f0xx_it.o
    0x08001204   0x08001204   0x0000002c   Code   RO           35    .text.IWDG_Config   main.o
    0x08001230   0x08001230   0x0000000c   Code   RO          717    .text.IWDG_Enable   ft32f0xx_iwdg.o
    0x0800123c   0x0800123c   0x0000000c   Code   RO          713    .text.IWDG_ReloadCounter  ft32f0xx_iwdg.o
    0x08001248   0x08001248   0x0000000c   Code   RO          709    .text.IWDG_SetPrescaler  ft32f0xx_iwdg.o
    0x08001254   0x08001254   0x0000000c   Code   RO          711    .text.IWDG_SetReload  ft32f0xx_iwdg.o
    0x08001260   0x08001260   0x0000000c   Code   RO          707    .text.IWDG_WriteAccessCmd  ft32f0xx_iwdg.o
    0x0800126c   0x0800126c   0x00000002   Code   RO            2    .text.NMI_Handler   ft32f0xx_it.o
    0x0800126e   0x0800126e   0x00000002   PAD
    0x08001270   0x08001270   0x00000054   Code   RO          730    .text.NVIC_Init     ft32f0xx_misc.o
    0x080012c4   0x080012c4   0x0000000c   PAD
    0x080012d0   0x080012d0   0x00000044   Code   RO          343    .text.PendSV_Handler  port.o
    0x08001314   0x08001314   0x00000018   Code   RO          834    .text.RCC_AHBPeriphClockCmd  ft32f0xx_rcc.o
    0x0800132c   0x0800132c   0x00000018   Code   RO          838    .text.RCC_APB1PeriphClockCmd  ft32f0xx_rcc.o
    0x08001344   0x08001344   0x00000018   Code   RO          836    .text.RCC_APB2PeriphClockCmd  ft32f0xx_rcc.o
    0x0800135c   0x0800135c   0x00000018   Code   RO          842    .text.RCC_APB2PeriphResetCmd  ft32f0xx_rcc.o
    0x08001374   0x08001374   0x00000018   Code   RO          796    .text.RCC_LSICmd    ft32f0xx_rcc.o
    0x0800138c   0x0800138c   0x00000002   Code   RO          323    .text.SVC_Handler   port.o
    0x0800138e   0x0800138e   0x00000002   PAD
    0x08001390   0x08001390   0x00000024   Code   RO          975    .text.SYSCFG_EXTILineConfig  ft32f0xx_syscfg.o
    0x080013b4   0x080013b4   0x00000020   Code   RO          433    .text.SendShortMessageFromISR  taskmanager.o
    0x080013d4   0x080013d4   0x00000024   Code   RO          345    .text.SysTick_Handler  port.o
    0x080013f8   0x080013f8   0x0000005c   Code   RO         1190    .text.SystemCoreClockUpdate  system_ft32f0xx.o
    0x08001454   0x08001454   0x000000e0   Code   RO         1188    .text.SystemInit    system_ft32f0xx.o
    0x08001534   0x08001534   0x00000048   Code   RO           52    .text.SystickInit   systick.o
    0x0800157c   0x0800157c   0x00000002   Code   RO            6    .text.TIM14_IRQHandler  ft32f0xx_it.o
    0x0800157e   0x0800157e   0x00000002   PAD
    0x08001580   0x08001580   0x0000001c   Code   RO            8    .text.TIM1_BRK_UP_TRG_COM_IRQHandler  ft32f0xx_it.o
    0x0800159c   0x0800159c   0x00000006   Code   RO         1136    .text.TIM_ClearITPendingBit  ft32f0xx_tim.o
    0x080015a2   0x080015a2   0x00000012   Code   RO         1016    .text.TIM_Cmd       ft32f0xx_tim.o
    0x080015b4   0x080015b4   0x0000001c   Code   RO         1022    .text.TIM_CtrlPWMOutputs  ft32f0xx_tim.o
    0x080015d0   0x080015d0   0x00000020   Code   RO         1134    .text.TIM_GetITStatus  ft32f0xx_tim.o
    0x080015f0   0x080015f0   0x00000012   Code   RO         1126    .text.TIM_ITConfig  ft32f0xx_tim.o
    0x08001602   0x08001602   0x00000002   PAD
    0x08001604   0x08001604   0x00000064   Code   RO         1024    .text.TIM_OC1Init   ft32f0xx_tim.o
    0x08001668   0x08001668   0x00000058   Code   RO         1030    .text.TIM_OC4Init   ft32f0xx_tim.o
    0x080016c0   0x080016c0   0x00000004   Code   RO         1036    .text.TIM_SetCompare1  ft32f0xx_tim.o
    0x080016c4   0x080016c4   0x00000068   Code   RO          990    .text.TIM_TimeBaseInit  ft32f0xx_tim.o
    0x0800172c   0x0800172c   0x00000060   Code   RO           33    .text.Tim16BaseInit  main.o
    0x0800178c   0x0800178c   0x00000054   Code   RO           29    .text.Tim1BaseInit  main.o
    0x080017e0   0x080017e0   0x000000a0   Code   RO           31    .text.Tim3BaseInit  main.o
    0x08001880   0x08001880   0x00000014   Code   RO           70    .text.get_adc_val   dev_adc.o
    0x08001894   0x08001894   0x000000f4   Code   RO           21    .text.main          main.o
    0x08001988   0x08001988   0x0000003c   Code   RO          223    .text.prvAddCurrentTaskToDelayedList  tasks.o
    0x080019c4   0x080019c4   0x00000078   Code   RO          157    .text.prvCopyDataToQueue  queue.o
    0x08001a3c   0x08001a3c   0x00000012   Code   RO          215    .text.prvDeleteTCB  tasks.o
    0x08001a4e   0x08001a4e   0x00000002   PAD
    0x08001a50   0x08001a50   0x00000040   Code   RO          237    .text.prvIdleTask   tasks.o
    0x08001a90   0x08001a90   0x00000040   Code   RO          359    .text.prvInsertBlockIntoFreeList  heap_4.o
    0x08001ad0   0x08001ad0   0x00000020   Code   RO          217    .text.prvResetNextTaskUnblockTime  tasks.o
    0x08001af0   0x08001af0   0x00000012   Code   RO          321    .text.prvTaskExitError  port.o
    0x08001b02   0x08001b02   0x00000002   PAD
    0x08001b04   0x08001b04   0x00000100   Code   RO          357    .text.pvPortMalloc  heap_4.o
    0x08001c04   0x08001c04   0x00000020   Code   RO          319    .text.pxPortInitialiseStack  port.o
    0x08001c24   0x08001c24   0x00000008   Code   RO           37    .text.test1         main.o
    0x08001c2c   0x08001c2c   0x00000008   Code   RO          339    .text.ulSetInterruptMaskFromISR  port.o
    0x08001c34   0x08001c34   0x00000022   Code   RO          130    .text.uxListRemove  list.o
    0x08001c56   0x08001c56   0x00000004   Code   RO          439    .text.vApplicationMallocFailedHook  taskmanager.o
    0x08001c5a   0x08001c5a   0x00000004   Code   RO          441    .text.vApplicationStackOverflowHook  taskmanager.o
    0x08001c5e   0x08001c5e   0x00000002   PAD
    0x08001c60   0x08001c60   0x00000040   Code   RO          437    .text.vApplicationTickHook  taskmanager.o
    0x08001ca0   0x08001ca0   0x00000006   Code   RO          341    .text.vClearInterruptMaskFromISR  port.o
    0x08001ca6   0x08001ca6   0x00000014   Code   RO          122    .text.vListInitialise  list.o
    0x08001cba   0x08001cba   0x00000006   Code   RO          124    .text.vListInitialiseItem  list.o
    0x08001cc0   0x08001cc0   0x0000002e   Code   RO          128    .text.vListInsert   list.o
    0x08001cee   0x08001cee   0x00000018   Code   RO          126    .text.vListInsertEnd  list.o
    0x08001d06   0x08001d06   0x00000002   PAD
    0x08001d08   0x08001d08   0x00000014   Code   RO          335    .text.vPortEnterCritical  port.o
    0x08001d1c   0x08001d1c   0x00000010   Code   RO          337    .text.vPortExitCritical  port.o
    0x08001d2c   0x08001d2c   0x00000054   Code   RO          361    .text.vPortFree     heap_4.o
    0x08001d80   0x08001d80   0x00000028   Code   RO          327    .text.vPortSetupTimerInterrupt  port.o
    0x08001da8   0x08001da8   0x00000008   PAD
    0x08001db0   0x08001db0   0x00000034   Code   RO          329    .text.vPortStartFirstTask  port.o
    0x08001de4   0x08001de4   0x00000018   Code   RO          333    .text.vPortYield    port.o
    0x08001dfc   0x08001dfc   0x00000028   Code   RO          219    .text.vTaskDelay    tasks.o
    0x08001e24   0x08001e24   0x00000044   Code   RO          235    .text.vTaskStartScheduler  tasks.o
    0x08001e68   0x08001e68   0x00000010   Code   RO          221    .text.vTaskSuspendAll  tasks.o
    0x08001e78   0x08001e78   0x0000007c   Code   RO          257    .text.vTaskSwitchContext  tasks.o
    0x08001ef4   0x08001ef4   0x00000038   Code   RO          325    .text.xPortStartScheduler  port.o
    0x08001f2c   0x08001f2c   0x0000006c   Code   RO          161    .text.xQueueGenericSendFromISR  queue.o
    0x08001f98   0x08001f98   0x00000170   Code   RO          211    .text.xTaskCreate   tasks.o
    0x08002108   0x08002108   0x000000d0   Code   RO          241    .text.xTaskIncrementTick  tasks.o
    0x080021d8   0x080021d8   0x00000050   Code   RO          285    .text.xTaskPriorityDisinherit  tasks.o
    0x08002228   0x08002228   0x00000058   Code   RO          263    .text.xTaskRemoveFromEventList  tasks.o
    0x08002280   0x08002280   0x000000a8   Code   RO          225    .text.xTaskResumeAll  tasks.o
    0x08002328   0x08002328   0x00000000   Code   RO         1261    x$fpl$usenofp       fz_ps.l(usenofp.o)
    0x08002328   0x08002328   0x00000080   Data   RO         1221    .constdata          fz_ps.l(ddiv.o)
    0x080023a8   0x080023a8   0x00000010   Data   RO         1193    .rodata.AHBPrescTable  system_ft32f0xx.o
    0x080023b8   0x080023b8   0x00000058   Data   RO          102    .rodata.dev_gpio_handle  dev_gpio.o
    0x08002410   0x08002410   0x00000020   Data   RO         1437    Region$$Table       anon$$obj.o


    Execution Region RW_IRAM1 (Exec base: 0x20000000, Load base: 0x08002430, Size: 0x000013a8, Max: 0x00002000, ABSOLUTE)

    Exec Addr    Load Addr    Size         Type   Attr      Idx    E Section Name        Object

    0x20000000   0x08002430   0x00000004   Data   RW         1192    .data.SystemCoreClock  system_ft32f0xx.o
    0x20000004   0x08002434   0x00000004   Data   RW           40    .data.lsi_freq      main.o
    0x20000008   0x08002438   0x00000004   Data   RW          347    .data.uxCriticalNesting  port.o
    0x2000000c   0x0800243c   0x00000004   PAD
    0x20000010        -       0x00000060   Zero   RW         1301    .bss                c_p.l(libspace.o)
    0x20000070        -       0x0000000c   Zero   RW           12    .bss..L_MergedGlobals  ft32f0xx_it.o
    0x2000007c        -       0x00000004   Zero   RW           42    .bss..L_MergedGlobals  main.o
    0x20000080        -       0x00000078   Zero   RW          307    .bss..L_MergedGlobals  tasks.o
    0x200000f8        -       0x00000020   Zero   RW          372    .bss..L_MergedGlobals  heap_4.o
    0x20000118        -       0x00000078   Zero   RW          308    .bss..L_MergedGlobals.1  tasks.o
    0x20000190        -       0x00000008   Zero   RW           39    .bss.DMA_DualConvertedValue  main.o
    0x20000198        -       0x00000004   Zero   RW           58    .bss.TimingDelay    systick.o
    0x2000019c        -       0x00000c00   Zero   RW          371    .bss.ucHeap         heap_4.o
    0x20000d9c        -       0x00000004   Zero   RW          443    .bss.ulSystemTimeTickCount  taskmanager.o
    0x20000da0        -       0x00000004   Zero   RW          386    .bss.xHighProTaskQueue  highprotask.o
    0x20000da4        -       0x00000004   Zero   RW          423    .bss.xLowProTaskQueue  lowprotask.o
    0x20000da8        -       0x00000200   Zero   RW         1179    HEAP                startup_ft32f030x8.o
    0x20000fa8        -       0x00000400   Zero   RW         1178    STACK               startup_ft32f030x8.o


==============================================================================

Image component sizes


      Code (inc. data)   RO Data    RW Data    ZI Data      Debug   Object Name

       264         24          0          0          0       3412   dev_ad9877.o
        20          0          0          0          0       1799   dev_adc.o
        44          4         88          0          0       1832   dev_gpio.o
        16          4          0          0          0       2021   dev_pwm.o
       234         12          0          0          0       7223   ft32f0xx_adc.o
       232         36          0          0          0       3728   ft32f0xx_dma.o
       124          8          0          0          0       2743   ft32f0xx_exti.o
       178          0          0          0          0       4581   ft32f0xx_gpio.o
       126          4          0          0         12       2117   ft32f0xx_it.o
        60         20          0          0          0       1864   ft32f0xx_iwdg.o
        84         12          0          0          0       2402   ft32f0xx_misc.o
       120         20          0          0          0       9450   ft32f0xx_rcc.o
        36          4          0          0          0       2245   ft32f0xx_syscfg.o
       398         24          0          0          0      23930   ft32f0xx_tim.o
       404          8          0          0       3104       4047   heap_4.o
         0          0          0          0          4        783   highprotask.o
       130          0          0          0          0       1963   list.o
         0          0          0          0          4        469   lowprotask.o
      1046         86          0          4         12       7824   main.o
       378         36          0          4          0       2473   port.o
       228          0          0          0          0      14439   queue.o
       116         56        192          0       1536        668   startup_ft32f030x8.o
       316         32         16          4          0       2349   system_ft32f0xx.o
        96         20          0          0          4       2676   systick.o
       104         12          0          0          4       2306   taskmanager.o
      1334         60          0          0        240      20236   tasks.o

    ----------------------------------------------------------------------
      6132        502        328         12       4924     129580   Object Totals
         0          0         32          0          0          0   (incl. Generated)
        44         20          0          0          4          0   (incl. Padding)

    ----------------------------------------------------------------------

      Code (inc. data)   RO Data    RW Data    ZI Data      Debug   Library Member Name

         8          0          0          0          0         68   __main.o
         0          0          0          0          0          0   __rtentry.o
        12          0          0          0          0          0   __rtentry2.o
         6          0          0          0          0          0   __rtentry4.o
        60          8          0          0          0          0   __scatter.o
        26          0          0          0          0          0   __scatter_copy.o
        28          0          0          0          0          0   __scatter_zi.o
        18          0          0          0          0         68   aeabi_memset4.o
       346          0          0          0          0         92   aeabi_sdiv.o
        16          0          0          0          0         68   exit.o
         6          0          0          0          0        136   heapauxi.o
         0          0          0          0          0          0   indicate_semi.o
         2          0          0          0          0          0   libinit.o
         2          0          0          0          0          0   libinit2.o
         2          0          0          0          0          0   libshutdown.o
         2          0          0          0          0          0   libshutdown2.o
         8          4          0          0         96         68   libspace.o
        64          0          0          0          0        108   rt_memclr.o
       186          0          0          0          0        144   rt_memcpy.o
         2          0          0          0          0          0   rtexit.o
        10          0          0          0          0          0   rtexit2.o
        12          4          0          0          0         60   sys_exit.o
        62          0          0          0          0         80   sys_stackheap_outer.o
         2          0          0          0          0         68   use_no_semi.o
      1096         26        128          0          0        112   ddiv.o
       108         10          0          0          0         72   dfixi.o
       584         26          0          0          0         84   dmul.o
         0          0          0          0          0          0   usenofp.o

    ----------------------------------------------------------------------
      2676         78        128          0         96       1228   Library Totals
         8          0          0          0          0          0   (incl. Padding)

    ----------------------------------------------------------------------

      Code (inc. data)   RO Data    RW Data    ZI Data      Debug   Library Name

       880         16          0          0         96        960   c_p.l
      1788         62        128          0          0        268   fz_ps.l

    ----------------------------------------------------------------------
      2676         78        128          0         96       1228   Library Totals

    ----------------------------------------------------------------------

==============================================================================


      Code (inc. data)   RO Data    RW Data    ZI Data      Debug   

      8808        580        456         12       5020     129996   Grand Totals
      8808        580        456         12       5020     129996   ELF Image Totals
      8808        580        456         12          0          0   ROM Totals

==============================================================================

    Total RO  Size (Code + RO Data)                 9264 (   9.05kB)
    Total RW  Size (RW Data + ZI Data)              5032 (   4.91kB)
    Total ROM Size (Code + RO Data + RW Data)       9276 (   9.06kB)

==============================================================================

